#
# There is insufficient memory for the Java Runtime Environment to continue.
# Native memory allocation (malloc) failed to allocate 255056 bytes. Error detail: Chunk::new
# Possible reasons:
#   The system is out of physical RAM or swap space
#   This process is running with CompressedOops enabled, and the Java Heap may be blocking the growth of the native heap
# Possible solutions:
#   Reduce memory load on the system
#   Increase physical memory or swap space
#   Check if swap backing store is full
#   Decrease Java heap size (-Xmx/-Xms)
#   Decrease number of Java threads
#   Decrease Java thread stack sizes (-Xss)
#   Set larger code cache with -XX:ReservedCodeCacheSize=
#   JVM is running with Unscaled Compressed Oops mode in which the Java heap is
#     placed in the first 4GB address space. The Java Heap base address is the
#     maximum limit for the native heap growth. Please use -XX:HeapBaseMinAddress
#     to set the Java Heap base and to place the Java Heap above 4GB virtual address.
# This output file may be truncated or incomplete.
#
#  Out of Memory Error (arena.cpp:168), pid=13940, tid=16528
#
# JRE version: OpenJDK Runtime Environment Temurin-21.0.11+10 (21.0.11+10) (build 21.0.11+10-LTS)
# Java VM: OpenJDK 64-Bit Server VM Temurin-21.0.11+10 (21.0.11+10-LTS, mixed mode, sharing, tiered, compressed oops, compressed class ptrs, parallel gc, windows-amd64)
# No core dump will be written. Minidumps are not enabled by default on client versions of Windows
#

---------------  S U M M A R Y ------------

Command Line: --add-modules=ALL-SYSTEM --add-opens=java.base/java.util=ALL-UNNAMED --add-opens=java.base/java.lang=ALL-UNNAMED --add-opens=java.base/sun.nio.fs=ALL-UNNAMED -Declipse.application=org.eclipse.jdt.ls.core.id1 -Dosgi.bundles.defaultStartLevel=4 -Declipse.product=org.eclipse.jdt.ls.core.product -Djava.import.generatesMetadataFilesAtProjectRoot=false -DDetectVMInstallationsJob.disabled=true -Dfile.encoding=utf8 -XX:+UseParallelGC -XX:GCTimeRatio=4 -XX:AdaptiveSizePolicyWeight=90 -Dsun.zip.disableMemoryMapping=true -Xmx2G -Xms100m -Xlog:disable -javaagent:c:\Users\boini\.vscode\extensions\redhat.java-1.55.0-win32-x64\lombok\lombok-1.18.39-4050.jar c:\Users\boini\.vscode\extensions\redhat.java-1.55.0-win32-x64\server\plugins\org.eclipse.equinox.launcher_1.7.200.v20260619-2039.jar -configuration c:\Users\boini\AppData\Roaming\Code\User\globalStorage\redhat.java\1.55.0\config_ss_win -data c:\Users\boini\AppData\Roaming\Code\User\workspaceStorage\e6bb11de103c9e1a934892c7d0c01b98\redhat.java\ss_ws --pipe=\\.\pipe\lsp-f932523d0a4bb06dabbb7b78a1098a07-sock

Host: 12th Gen Intel(R) Core(TM) i5-1235U, 12 cores, 7G,  Windows 11 , 64 bit Build 22621 (10.0.22621.5415)
Time: Mon Jul 27 22:49:13 2026 India Standard Time elapsed time: 0.619680 seconds (0d 0h 0m 0s)

---------------  T H R E A D  ---------------

Current thread (0x0000021c543bec20):  JavaThread "C2 CompilerThread1" daemon [_thread_in_native, id=16528, stack(0x000000293c600000,0x000000293c700000) (1024K)]


Current CompileTask:
C2:619  644       4       lombok.patcher.scripts.MethodLevelPatchScript::patch (21 bytes)

Stack: [0x000000293c600000,0x000000293c700000]
Native frames: (J=compiled Java code, j=interpreted, Vv=VM code, C=native code)
V  [jvm.dll+0x6d7e19]
V  [jvm.dll+0x8b5096]
V  [jvm.dll+0x8b764e]
V  [jvm.dll+0x8b7d33]
V  [jvm.dll+0x284596]
V  [jvm.dll+0xc685d]
V  [jvm.dll+0xc6da1]
V  [jvm.dll+0x2fb4ee]
V  [jvm.dll+0x5fe9a4]
V  [jvm.dll+0x255d67]
V  [jvm.dll+0x25612d]
V  [jvm.dll+0x24e6a0]
V  [jvm.dll+0x24bbe6]
V  [jvm.dll+0x1cb4ae]
V  [jvm.dll+0x25baad]
V  [jvm.dll+0x25a03a]
V  [jvm.dll+0x3f868e]
V  [jvm.dll+0x85fb0d]
V  [jvm.dll+0x6d664d]
C  [ucrtbase.dll+0x29333]
C  [KERNEL32.DLL+0x1259d]
C  [ntdll.dll+0x5af78]


---------------  P R O C E S S  ---------------

Threads class SMR info:
_java_thread_list=0x0000021c544d1740, length=13, elements={
0x0000021c7a7df9e0, 0x0000021c7e28de30, 0x0000021c54235db0, 0x0000021c54237e00,
0x0000021c54238d20, 0x0000021c5423a9b0, 0x0000021c54249930, 0x0000021c5426a840,
0x0000021c54247f20, 0x0000021c543bec20, 0x0000021c54495c90, 0x0000021c545d9400,
0x0000021c546147d0
}

Java Threads: ( => current thread )
  0x0000021c7a7df9e0 JavaThread "main"                              [_thread_in_vm, id=20752, stack(0x000000293ba00000,0x000000293bb00000) (1024K)]
  0x0000021c7e28de30 JavaThread "Reference Handler"          daemon [_thread_blocked, id=3500, stack(0x000000293be00000,0x000000293bf00000) (1024K)]
  0x0000021c54235db0 JavaThread "Finalizer"                  daemon [_thread_blocked, id=23520, stack(0x000000293bf00000,0x000000293c000000) (1024K)]
  0x0000021c54237e00 JavaThread "Signal Dispatcher"          daemon [_thread_blocked, id=20424, stack(0x000000293c000000,0x000000293c100000) (1024K)]
  0x0000021c54238d20 JavaThread "Attach Listener"            daemon [_thread_blocked, id=7988, stack(0x000000293c100000,0x000000293c200000) (1024K)]
  0x0000021c5423a9b0 JavaThread "Service Thread"             daemon [_thread_blocked, id=18840, stack(0x000000293c200000,0x000000293c300000) (1024K)]
  0x0000021c54249930 JavaThread "Monitor Deflation Thread"   daemon [_thread_blocked, id=4852, stack(0x000000293c300000,0x000000293c400000) (1024K)]
  0x0000021c5426a840 JavaThread "C2 CompilerThread0"         daemon [_thread_in_native, id=16008, stack(0x000000293c400000,0x000000293c500000) (1024K)]
  0x0000021c54247f20 JavaThread "C1 CompilerThread0"         daemon [_thread_in_vm, id=21280, stack(0x000000293c500000,0x000000293c600000) (1024K)]
=>0x0000021c543bec20 JavaThread "C2 CompilerThread1"         daemon [_thread_in_native, id=16528, stack(0x000000293c600000,0x000000293c700000) (1024K)]
  0x0000021c54495c90 JavaThread "Common-Cleaner"             daemon [_thread_blocked, id=18752, stack(0x000000293c700000,0x000000293c800000) (1024K)]
  0x0000021c545d9400 JavaThread "Notification Thread"        daemon [_thread_blocked, id=23304, stack(0x000000293c800000,0x000000293c900000) (1024K)]
  0x0000021c546147d0 JavaThread "C2 CompilerThread2"         daemon [_thread_in_vm, id=5696, stack(0x000000293c900000,0x000000293ca00000) (1024K)]
Total: 13

Other Threads:
  0x0000021c7a89ea00 VMThread "VM Thread"                           [id=5788, stack(0x000000293bd00000,0x000000293be00000) (1024K)]
  0x0000021c7a8491e0 WatcherThread "VM Periodic Task Thread"        [id=11352, stack(0x000000293bc00000,0x000000293bd00000) (1024K)]
  0x0000021c7a7fd8b0 WorkerThread "GC Thread#0"                     [id=21344, stack(0x000000293bb00000,0x000000293bc00000) (1024K)]
Total: 3

Threads with active compile tasks:
C2 CompilerThread0  634  669       4       java.util.Collections$UnmodifiableCollection::iterator (9 bytes)
C1 CompilerThread0  634  670       3       sun.security.util.DerInputStream::available (10 bytes)
C2 CompilerThread1  634  644       4       lombok.patcher.scripts.MethodLevelPatchScript::patch (21 bytes)
C2 CompilerThread2  634  668       4       lombok.patcher.PatchScript::classMatches (41 bytes)
Total: 4

VM state: not at safepoint (normal execution)

VM Mutex/Monitor currently owned by a thread: None

Heap address: 0x0000000080000000, size: 2048 MB, Compressed Oops mode: 32-bit

CDS archive(s) mapped at: [0x0000021c13000000-0x0000021c13ba0000-0x0000021c13ba0000), size 12189696, SharedBaseAddress: 0x0000021c13000000, ArchiveRelocationMode: 1.
Compressed class space mapped at: 0x0000021c14000000-0x0000021c54000000, reserved size: 1073741824
Narrow klass base: 0x0000021c13000000, Narrow klass shift: 0, Narrow klass range: 0x100000000

GC Precious Log:
 CardTable entry size: 512
 CPUs: 12 total, 12 available
 Memory: 7863M
 Large Page Support: Disabled
 NUMA Support: Disabled
 Compressed Oops: Enabled (32-bit)
 Alignments: Space 512K, Generation 512K, Heap 2M
 Heap Min Capacity: 100M
 Heap Initial Capacity: 100M
 Heap Max Capacity: 2G
 Pre-touch: Disabled
 Parallel Workers: 10

Heap:
 PSYoungGen      total 29696K, used 13351K [0x00000000d5580000, 0x00000000d7680000, 0x0000000100000000)
  eden space 25600K, 52% used [0x00000000d5580000,0x00000000d6289c80,0x00000000d6e80000)
  from space 4096K, 0% used [0x00000000d7280000,0x00000000d7280000,0x00000000d7680000)
  to   space 4096K, 0% used [0x00000000d6e80000,0x00000000d6e80000,0x00000000d7280000)
 ParOldGen       total 68608K, used 0K [0x0000000080000000, 0x0000000084300000, 0x00000000d5580000)
  object space 68608K, 0% used [0x0000000080000000,0x0000000080000000,0x0000000084300000)
 Metaspace       used 2339K, committed 2496K, reserved 1114112K
  class space    used 238K, committed 320K, reserved 1048576K

Card table byte_map: [0x0000021c7a1b0000,0x0000021c7a5c0000] _byte_map_base: 0x0000021c79db0000

Marking Bits: (ParMarkBitMap*) 0x00007ffa02634460
 Begin Bits: [0x0000021c0f000000, 0x0000021c11000000)
 End Bits:   [0x0000021c11000000, 0x0000021c13000000)

Polling page: 0x0000021c79fa0000

Metaspace:

Usage:
  Non-class:      2.05 MB used.
      Class:    238.09 KB used.
       Both:      2.28 MB used.

Virtual space:
  Non-class space:       64.00 MB reserved,       2.12 MB (  3%) committed,  1 nodes.
      Class space:        1.00 GB reserved,     320.00 KB ( <1%) committed,  1 nodes.
             Both:        1.06 GB reserved,       2.44 MB ( <1%) committed. 

Chunk freelists:
   Non-Class:  11.65 MB
       Class:  15.67 MB
        Both:  27.32 MB

MaxMetaspaceSize: unlimited
CompressedClassSpaceSize: 1.00 GB
Initial GC threshold: 21.00 MB
Current GC threshold: 21.00 MB
CDS: on
 - commit_granule_bytes: 65536.
 - commit_granule_words: 8192.
 - virtual_space_node_default_size: 8388608.
 - enlarge_chunks_in_place: 1.
 - use_allocation_guard: 0.


Internal statistics:

num_allocs_failed_limit: 0.
num_arena_births: 80.
num_arena_deaths: 0.
num_vsnodes_births: 2.
num_vsnodes_deaths: 0.
num_space_committed: 39.
num_space_uncommitted: 0.
num_chunks_returned_to_freelist: 0.
num_chunks_taken_from_freelist: 102.
num_chunk_merges: 0.
num_chunk_splits: 72.
num_chunks_enlarged: 46.
num_inconsistent_stats: 0.

CodeHeap 'non-profiled nmethods': size=120000Kb used=239Kb max_used=239Kb free=119760Kb
 bounds [0x0000021c07ad0000, 0x0000021c07d40000, 0x0000021c0f000000]
CodeHeap 'profiled nmethods': size=120000Kb used=982Kb max_used=982Kb free=119017Kb
 bounds [0x0000021c00000000, 0x0000021c00270000, 0x0000021c07530000]
CodeHeap 'non-nmethods': size=5760Kb used=1178Kb max_used=1187Kb free=4581Kb
 bounds [0x0000021c07530000, 0x0000021c077a0000, 0x0000021c07ad0000]
CodeCache: size=245760Kb, used=2399Kb, max_used=2408Kb, free=243358Kb
 total_blobs=1101, nmethods=666, adapters=342, full_count=0
Compilation: enabled, stopped_count=0, restarted_count=0

Compilation events (20 events):
Event: 0.609 Thread 0x0000021c5426a840 nmethod 646 0x0000021c07b0a710 code [0x0000021c07b0a8a0, 0x0000021c07b0aa50]
Event: 0.609 Thread 0x0000021c5426a840  648       4       java.lang.CharacterData::of (136 bytes)
Event: 0.609 Thread 0x0000021c5426a840 nmethod 648 0x0000021c07b0ab90 code [0x0000021c07b0ad20, 0x0000021c07b0adb8]
Event: 0.609 Thread 0x0000021c5426a840  649       4       java.lang.CharacterDataLatin1::digit (32 bytes)
Event: 0.609 Thread 0x0000021c54247f20  663       3       java.util.regex.Pattern::isSupplementary (21 bytes)
Event: 0.610 Thread 0x0000021c54247f20 nmethod 663 0x0000021c000f2c10 code [0x0000021c000f2dc0, 0x0000021c000f3018]
Event: 0.610 Thread 0x0000021c54247f20  664       3       java.lang.Character::isSurrogate (18 bytes)
Event: 0.610 Thread 0x0000021c54247f20 nmethod 664 0x0000021c000f3110 code [0x0000021c000f32a0, 0x0000021c000f3418]
Event: 0.610 Thread 0x0000021c54247f20  665       3       java.lang.invoke.MemberName::getMethodOrFieldType (72 bytes)
Event: 0.610 Thread 0x0000021c5426a840 nmethod 649 0x0000021c07b0ae90 code [0x0000021c07b0b020, 0x0000021c07b0b140]
Event: 0.610 Thread 0x0000021c5426a840  657       4       java.lang.Character::digit (6 bytes)
Event: 0.611 Thread 0x0000021c5426a840 nmethod 657 0x0000021c07b0b290 code [0x0000021c07b0b420, 0x0000021c07b0b548]
Event: 0.611 Thread 0x0000021c54247f20 nmethod 665 0x0000021c000f3490 code [0x0000021c000f37e0, 0x0000021c000f4590]
Event: 0.611 Thread 0x0000021c5426a840  656       4       java.util.Arrays::checkLength (38 bytes)
Event: 0.611 Thread 0x0000021c54247f20  666       3       java.util.Arrays::equals (57 bytes)
Event: 0.612 Thread 0x0000021c54247f20 nmethod 666 0x0000021c000f4a90 code [0x0000021c000f4c80, 0x0000021c000f51f0]
Event: 0.612 Thread 0x0000021c5426a840 nmethod 656 0x0000021c07b0b690 code [0x0000021c07b0b820, 0x0000021c07b0b8a8]
Event: 0.612 Thread 0x0000021c54247f20  667       3       java.util.regex.Pattern::peek (26 bytes)
Event: 0.612 Thread 0x0000021c54247f20 nmethod 667 0x0000021c000f5390 code [0x0000021c000f5540, 0x0000021c000f5798]
Event: 0.614 Thread 0x0000021c546147d0 nmethod 658 0x0000021c07b0b990 code [0x0000021c07b0bb20, 0x0000021c07b0be00]

GC Heap History (0 events):
No events

Dll operation events (8 events):
Event: 0.059 Loaded shared library c:\Users\boini\.vscode\extensions\redhat.java-1.55.0-win32-x64\jre\21.0.11-win32-x86_64\bin\java.dll
Event: 0.196 Loaded shared library c:\Users\boini\.vscode\extensions\redhat.java-1.55.0-win32-x64\jre\21.0.11-win32-x86_64\bin\zip.dll
Event: 0.228 Loaded shared library C:\Users\boini\.vscode\extensions\redhat.java-1.55.0-win32-x64\jre\21.0.11-win32-x86_64\bin\instrument.dll
Event: 0.236 Loaded shared library C:\Users\boini\.vscode\extensions\redhat.java-1.55.0-win32-x64\jre\21.0.11-win32-x86_64\bin\net.dll
Event: 0.242 Loaded shared library C:\Users\boini\.vscode\extensions\redhat.java-1.55.0-win32-x64\jre\21.0.11-win32-x86_64\bin\nio.dll
Event: 0.248 Loaded shared library C:\Users\boini\.vscode\extensions\redhat.java-1.55.0-win32-x64\jre\21.0.11-win32-x86_64\bin\zip.dll
Event: 0.277 Loaded shared library C:\Users\boini\.vscode\extensions\redhat.java-1.55.0-win32-x64\jre\21.0.11-win32-x86_64\bin\jimage.dll
Event: 0.379 Loaded shared library c:\Users\boini\.vscode\extensions\redhat.java-1.55.0-win32-x64\jre\21.0.11-win32-x86_64\bin\verify.dll

Deoptimization events (20 events):
Event: 0.565 Thread 0x0000021c7a7df9e0 Uncommon trap: trap_request=0xffffffde fr.pc=0x0000021c07b0404c relative=0x000000000000012c
Event: 0.565 Thread 0x0000021c7a7df9e0 Uncommon trap: reason=class_check action=maybe_recompile pc=0x0000021c07b0404c method=jdk.internal.misc.Unsafe.allocateUninitializedArray(Ljava/lang/Class;I)Ljava/lang/Object; @ 51 c2
Event: 0.565 Thread 0x0000021c7a7df9e0 DEOPT PACKING pc=0x0000021c07b0404c sp=0x000000293bafb160
Event: 0.565 Thread 0x0000021c7a7df9e0 DEOPT UNPACKING pc=0x0000021c07583aa2 sp=0x000000293bafb0d8 mode 2
Event: 0.565 Thread 0x0000021c7a7df9e0 Uncommon trap: trap_request=0xffffffde fr.pc=0x0000021c07b0404c relative=0x000000000000012c
Event: 0.565 Thread 0x0000021c7a7df9e0 Uncommon trap: reason=class_check action=maybe_recompile pc=0x0000021c07b0404c method=jdk.internal.misc.Unsafe.allocateUninitializedArray(Ljava/lang/Class;I)Ljava/lang/Object; @ 51 c2
Event: 0.565 Thread 0x0000021c7a7df9e0 DEOPT PACKING pc=0x0000021c07b0404c sp=0x000000293bafb160
Event: 0.565 Thread 0x0000021c7a7df9e0 DEOPT UNPACKING pc=0x0000021c07583aa2 sp=0x000000293bafb0d8 mode 2
Event: 0.565 Thread 0x0000021c7a7df9e0 Uncommon trap: trap_request=0xffffffde fr.pc=0x0000021c07b0404c relative=0x000000000000012c
Event: 0.565 Thread 0x0000021c7a7df9e0 Uncommon trap: reason=class_check action=maybe_recompile pc=0x0000021c07b0404c method=jdk.internal.misc.Unsafe.allocateUninitializedArray(Ljava/lang/Class;I)Ljava/lang/Object; @ 51 c2
Event: 0.565 Thread 0x0000021c7a7df9e0 DEOPT PACKING pc=0x0000021c07b0404c sp=0x000000293bafb1a0
Event: 0.565 Thread 0x0000021c7a7df9e0 DEOPT UNPACKING pc=0x0000021c07583aa2 sp=0x000000293bafb118 mode 2
Event: 0.578 Thread 0x0000021c7a7df9e0 Uncommon trap: trap_request=0xffffff45 fr.pc=0x0000021c07b0196c relative=0x000000000000014c
Event: 0.578 Thread 0x0000021c7a7df9e0 Uncommon trap: reason=unstable_if action=reinterpret pc=0x0000021c07b0196c method=jdk.internal.util.ArraysSupport.vectorizedHashCode(Ljava/lang/Object;IIII)I @ 2 c2
Event: 0.578 Thread 0x0000021c7a7df9e0 DEOPT PACKING pc=0x0000021c07b0196c sp=0x000000293bafcc10
Event: 0.578 Thread 0x0000021c7a7df9e0 DEOPT UNPACKING pc=0x0000021c07583aa2 sp=0x000000293bafcbc0 mode 2
Event: 0.589 Thread 0x0000021c7a7df9e0 Uncommon trap: trap_request=0xffffff45 fr.pc=0x0000021c07af2574 relative=0x00000000000000d4
Event: 0.589 Thread 0x0000021c7a7df9e0 Uncommon trap: reason=unstable_if action=reinterpret pc=0x0000021c07af2574 method=java.net.URI.match(CJJ)Z @ 45 c2
Event: 0.589 Thread 0x0000021c7a7df9e0 DEOPT PACKING pc=0x0000021c07af2574 sp=0x000000293bafcd90
Event: 0.590 Thread 0x0000021c7a7df9e0 DEOPT UNPACKING pc=0x0000021c07583aa2 sp=0x000000293bafccf8 mode 2

Classes loaded (20 events):
Event: 0.608 Loading class sun/security/util/DisabledAlgorithmConstraints$KeySizeConstraint
Event: 0.608 Loading class sun/security/util/DisabledAlgorithmConstraints$Constraint
Event: 0.608 Loading class sun/security/util/DisabledAlgorithmConstraints$Constraint done
Event: 0.608 Loading class sun/security/util/DisabledAlgorithmConstraints$KeySizeConstraint done
Event: 0.609 Loading class sun/security/util/DisabledAlgorithmConstraints$Constraint$Operator
Event: 0.609 Loading class sun/security/util/DisabledAlgorithmConstraints$Constraint$Operator done
Event: 0.609 Loading class sun/security/util/DisabledAlgorithmConstraints$DisabledConstraint
Event: 0.609 Loading class sun/security/util/DisabledAlgorithmConstraints$DisabledConstraint done
Event: 0.609 Loading class sun/security/util/DisabledAlgorithmConstraints$Constraints$Holder
Event: 0.609 Loading class sun/security/util/DisabledAlgorithmConstraints$Constraints$Holder done
Event: 0.611 Loading class java/util/regex/Pattern$BnM
Event: 0.611 Loading class java/util/regex/Pattern$BnM done
Event: 0.611 Loading class java/util/regex/Pattern$SliceS
Event: 0.611 Loading class java/util/regex/Pattern$SliceS done
Event: 0.611 Loading class sun/security/util/DisabledAlgorithmConstraints$DenyAfterConstraint
Event: 0.611 Loading class sun/security/util/DisabledAlgorithmConstraints$DenyAfterConstraint done
Event: 0.615 Loading class java/time/ZonedDateTime
Event: 0.615 Loading class java/time/chrono/ChronoZonedDateTime
Event: 0.616 Loading class java/time/chrono/ChronoZonedDateTime done
Event: 0.616 Loading class java/time/ZonedDateTime done

Classes unloaded (0 events):
No events

Classes redefined (0 events):
No events

Internal exceptions (12 events):
Event: 0.186 Thread 0x0000021c7a7df9e0 Exception <a 'java/lang/NoSuchMethodError'{0x00000000d57a9508}: 'void java.lang.invoke.DirectMethodHandle$Holder.invokeStatic(java.lang.Object, java.lang.Object, java.lang.Object)'> (0x00000000d57a9508) 
thrown [s\src\hotspot\share\interpreter\linkResolver.cpp, line 773]
Event: 0.265 Thread 0x0000021c7a7df9e0 Exception <a 'java/lang/NoSuchMethodError'{0x00000000d5912b70}: 'java.lang.Object java.lang.invoke.Invokers$Holder.invokeExact_MT(java.lang.Object, java.lang.Object, java.lang.Object, java.lang.Object, java.lang.Object)'> (0x00000000d5912b70) 
thrown [s\src\hotspot\share\interpreter\linkResolver.cpp, line 773]
Event: 0.327 Thread 0x0000021c7a7df9e0 Exception <a 'java/lang/NoSuchMethodError'{0x00000000d59cc018}: 'int java.lang.invoke.DirectMethodHandle$Holder.invokeSpecial(java.lang.Object, java.lang.Object, java.lang.Object, int)'> (0x00000000d59cc018) 
thrown [s\src\hotspot\share\interpreter\linkResolver.cpp, line 773]
Event: 0.329 Thread 0x0000021c7a7df9e0 Exception <a 'java/lang/NoSuchMethodError'{0x00000000d59dea00}: 'java.lang.Object java.lang.invoke.DirectMethodHandle$Holder.invokeStatic(java.lang.Object, java.lang.Object, java.lang.Object, java.lang.Object, int)'> (0x00000000d59dea00) 
thrown [s\src\hotspot\share\interpreter\linkResolver.cpp, line 773]
Event: 0.331 Thread 0x0000021c7a7df9e0 Exception <a 'java/lang/NoSuchMethodError'{0x00000000d59e9ea8}: 'void java.lang.invoke.DelegatingMethodHandle$Holder.reinvoke_L(java.lang.Object, java.lang.Object, java.lang.Object, int, java.lang.Object)'> (0x00000000d59e9ea8) 
thrown [s\src\hotspot\share\interpreter\linkResolver.cpp, line 773]
Event: 0.334 Thread 0x0000021c7a7df9e0 Exception <a 'java/lang/NoSuchMethodError'{0x00000000d59fa7f8}: 'int java.lang.invoke.DirectMethodHandle$Holder.invokeSpecial(java.lang.Object, java.lang.Object, java.lang.Object)'> (0x00000000d59fa7f8) 
thrown [s\src\hotspot\share\interpreter\linkResolver.cpp, line 773]
Event: 0.337 Thread 0x0000021c7a7df9e0 Exception <a 'java/lang/NoSuchMethodError'{0x00000000d5a064b8}: 'java.lang.Object java.lang.invoke.DirectMethodHandle$Holder.invokeStatic(java.lang.Object, java.lang.Object, int)'> (0x00000000d5a064b8) 
thrown [s\src\hotspot\share\interpreter\linkResolver.cpp, line 773]
Event: 0.338 Thread 0x0000021c7a7df9e0 Exception <a 'java/lang/NoSuchMethodError'{0x00000000d5a0ae08}: 'void java.lang.invoke.DirectMethodHandle$Holder.invokeStatic(java.lang.Object, java.lang.Object, int, java.lang.Object)'> (0x00000000d5a0ae08) 
thrown [s\src\hotspot\share\interpreter\linkResolver.cpp, line 773]
Event: 0.339 Thread 0x0000021c7a7df9e0 Exception <a 'java/lang/NoSuchMethodError'{0x00000000d5a0e998}: 'void java.lang.invoke.DirectMethodHandle$Holder.invokeSpecial(java.lang.Object, java.lang.Object, java.lang.Object, int, java.lang.Object)'> (0x00000000d5a0e998) 
thrown [s\src\hotspot\share\interpreter\linkResolver.cpp, line 773]
Event: 0.339 Thread 0x0000021c7a7df9e0 Exception <a 'java/lang/NoSuchMethodError'{0x00000000d5a11e08}: 'void java.lang.invoke.DelegatingMethodHandle$Holder.delegate(java.lang.Object, java.lang.Object, int, java.lang.Object)'> (0x00000000d5a11e08) 
thrown [s\src\hotspot\share\interpreter\linkResolver.cpp, line 773]
Event: 0.409 Thread 0x0000021c7a7df9e0 Exception <a 'java/lang/NoSuchMethodError'{0x00000000d5bd30b0}: 'void java.lang.invoke.DelegatingMethodHandle$Holder.reinvoke_L(java.lang.Object, java.lang.Object, java.lang.Object, int)'> (0x00000000d5bd30b0) 
thrown [s\src\hotspot\share\interpreter\linkResolver.cpp, line 773]
Event: 0.566 Thread 0x0000021c7a7df9e0 Exception <a 'java/lang/NoSuchMethodError'{0x00000000d6060968}: 'void java.lang.invoke.DirectMethodHandle$Holder.invokeVirtual(java.lang.Object, java.lang.Object)'> (0x00000000d6060968) 
thrown [s\src\hotspot\share\interpreter\linkResolver.cpp, line 773]

ZGC Phase Switch (0 events):
No events

VM Operations (4 events):
Event: 0.191 Executing non-safepoint VM operation: HandshakeAllThreads (Deoptimize)
Event: 0.191 Executing non-safepoint VM operation: HandshakeAllThreads (Deoptimize) done
Event: 0.300 Executing non-safepoint VM operation: HandshakeAllThreads (Deoptimize)
Event: 0.300 Executing non-safepoint VM operation: HandshakeAllThreads (Deoptimize) done

Memory protections (0 events):
No events

Nmethod flushes (0 events):
No events

Events (13 events):
Event: 0.122 Thread 0x0000021c7a7df9e0 Thread added: 0x0000021c7a7df9e0
Event: 0.153 Thread 0x0000021c7a7df9e0 Thread added: 0x0000021c7e28de30
Event: 0.153 Thread 0x0000021c7a7df9e0 Thread added: 0x0000021c54235db0
Event: 0.154 Thread 0x0000021c7a7df9e0 Thread added: 0x0000021c54237e00
Event: 0.154 Thread 0x0000021c7a7df9e0 Thread added: 0x0000021c54238d20
Event: 0.154 Thread 0x0000021c7a7df9e0 Thread added: 0x0000021c5423a9b0
Event: 0.154 Thread 0x0000021c7a7df9e0 Thread added: 0x0000021c54249930
Event: 0.155 Thread 0x0000021c7a7df9e0 Thread added: 0x0000021c5426a840
Event: 0.155 Thread 0x0000021c7a7df9e0 Thread added: 0x0000021c54247f20
Event: 0.205 Thread 0x0000021c54247f20 Thread added: 0x0000021c543bec20
Event: 0.231 Thread 0x0000021c7a7df9e0 Thread added: 0x0000021c54495c90
Event: 0.491 Thread 0x0000021c7a7df9e0 Thread added: 0x0000021c545d9400
Event: 0.606 Thread 0x0000021c5426a840 Thread added: 0x0000021c546147d0


Dynamic libraries:
0x00007ff762290000 - 0x00007ff76229e000 	c:\Users\boini\.vscode\extensions\redhat.java-1.55.0-win32-x64\jre\21.0.11-win32-x86_64\bin\java.exe
0x00007ffac9190000 - 0x00007ffac93a8000 	C:\windows\SYSTEM32\ntdll.dll
0x00007ffac88f0000 - 0x00007ffac89b4000 	C:\windows\System32\KERNEL32.DLL
0x00007ffac6610000 - 0x00007ffac69e3000 	C:\windows\System32\KERNELBASE.dll
0x00007ffac6a70000 - 0x00007ffac6b81000 	C:\windows\System32\ucrtbase.dll
0x00007ffab5b20000 - 0x00007ffab5b38000 	c:\Users\boini\.vscode\extensions\redhat.java-1.55.0-win32-x64\jre\21.0.11-win32-x86_64\bin\jli.dll
0x00007ffac7de0000 - 0x00007ffac7f92000 	C:\windows\System32\USER32.dll
0x00007ffab6330000 - 0x00007ffab634e000 	c:\Users\boini\.vscode\extensions\redhat.java-1.55.0-win32-x64\jre\21.0.11-win32-x86_64\bin\VCRUNTIME140.dll
0x00007ffac6d30000 - 0x00007ffac6d56000 	C:\windows\System32\win32u.dll
0x00007ffac9120000 - 0x00007ffac9149000 	C:\windows\System32\GDI32.dll
0x00007ffac6b90000 - 0x00007ffac6cab000 	C:\windows\System32\gdi32full.dll
0x00007ffac6d60000 - 0x00007ffac6dfa000 	C:\windows\System32\msvcp_win.dll
0x00007ffaaaea0000 - 0x00007ffaab13c000 	C:\windows\WinSxS\amd64_microsoft.windows.common-controls_6595b64144ccf1df_6.0.22621.6060_none_2712eda17382d24b\COMCTL32.dll
0x00007ffac8370000 - 0x00007ffac8417000 	C:\windows\System32\msvcrt.dll
0x00007ffac8e50000 - 0x00007ffac8e81000 	C:\windows\System32\IMM32.DLL
0x00007ffac2590000 - 0x00007ffac259c000 	c:\Users\boini\.vscode\extensions\redhat.java-1.55.0-win32-x64\jre\21.0.11-win32-x86_64\bin\vcruntime140_1.dll
0x00007ffa66430000 - 0x00007ffa664bd000 	c:\Users\boini\.vscode\extensions\redhat.java-1.55.0-win32-x64\jre\21.0.11-win32-x86_64\bin\msvcp140.dll
0x00007ffa01970000 - 0x00007ffa02712000 	c:\Users\boini\.vscode\extensions\redhat.java-1.55.0-win32-x64\jre\21.0.11-win32-x86_64\bin\server\jvm.dll
0x00007ffac7d00000 - 0x00007ffac7db1000 	C:\windows\System32\ADVAPI32.dll
0x00007ffac80b0000 - 0x00007ffac8158000 	C:\windows\System32\sechost.dll
0x00007ffac6e00000 - 0x00007ffac6e28000 	C:\windows\System32\bcrypt.dll
0x00007ffac8420000 - 0x00007ffac8538000 	C:\windows\System32\RPCRT4.dll
0x00007ffac8860000 - 0x00007ffac88d1000 	C:\windows\System32\WS2_32.dll
0x00007ffac6170000 - 0x00007ffac61bd000 	C:\windows\SYSTEM32\POWRPROF.dll
0x00007ffabba90000 - 0x00007ffabbac4000 	C:\windows\SYSTEM32\WINMM.dll
0x00007ffabb8d0000 - 0x00007ffabb8da000 	C:\windows\SYSTEM32\VERSION.dll
0x00007ffac6150000 - 0x00007ffac6163000 	C:\windows\SYSTEM32\UMPDC.dll
0x00007ffac5240000 - 0x00007ffac5258000 	C:\windows\SYSTEM32\kernel.appcore.dll
0x00007ffab5b00000 - 0x00007ffab5b0a000 	c:\Users\boini\.vscode\extensions\redhat.java-1.55.0-win32-x64\jre\21.0.11-win32-x86_64\bin\jimage.dll
0x00007ffac3c70000 - 0x00007ffac3ea3000 	C:\windows\SYSTEM32\DBGHELP.DLL
0x00007ffac6ea0000 - 0x00007ffac7231000 	C:\windows\System32\combase.dll
0x00007ffac8290000 - 0x00007ffac8368000 	C:\windows\System32\OLEAUT32.dll
0x00007ffaa1710000 - 0x00007ffaa1742000 	C:\windows\SYSTEM32\dbgcore.DLL
0x00007ffac69f0000 - 0x00007ffac6a6b000 	C:\windows\System32\bcryptPrimitives.dll
0x00007ffaad4a0000 - 0x00007ffaad4af000 	c:\Users\boini\.vscode\extensions\redhat.java-1.55.0-win32-x64\jre\21.0.11-win32-x86_64\bin\instrument.dll
0x00007ffa6fe90000 - 0x00007ffa6feb0000 	c:\Users\boini\.vscode\extensions\redhat.java-1.55.0-win32-x64\jre\21.0.11-win32-x86_64\bin\java.dll
0x00007ffac73f0000 - 0x00007ffac7c8c000 	C:\windows\System32\SHELL32.dll
0x00007ffac62a0000 - 0x00007ffac63df000 	C:\windows\System32\wintypes.dll
0x00007ffac4150000 - 0x00007ffac4a6a000 	C:\windows\SYSTEM32\windows.storage.dll
0x00007ffac7fa0000 - 0x00007ffac80a4000 	C:\windows\System32\SHCORE.dll
0x00007ffac6e30000 - 0x00007ffac6e99000 	C:\windows\System32\shlwapi.dll
0x00007ffac61d0000 - 0x00007ffac61f5000 	C:\windows\SYSTEM32\profapi.dll
0x00007ffa6fe70000 - 0x00007ffa6fe88000 	c:\Users\boini\.vscode\extensions\redhat.java-1.55.0-win32-x64\jre\21.0.11-win32-x86_64\bin\zip.dll
0x00007ffaad490000 - 0x00007ffaad4a0000 	C:\Users\boini\.vscode\extensions\redhat.java-1.55.0-win32-x64\jre\21.0.11-win32-x86_64\bin\net.dll
0x00007ffac2c20000 - 0x00007ffac2d4c000 	C:\windows\SYSTEM32\WINHTTP.dll
0x00007ffac5710000 - 0x00007ffac5779000 	C:\windows\system32\mswsock.dll
0x00007ffa6f440000 - 0x00007ffa6f456000 	C:\Users\boini\.vscode\extensions\redhat.java-1.55.0-win32-x64\jre\21.0.11-win32-x86_64\bin\nio.dll
0x00007ffaabd10000 - 0x00007ffaabd20000 	c:\Users\boini\.vscode\extensions\redhat.java-1.55.0-win32-x64\jre\21.0.11-win32-x86_64\bin\verify.dll

JVMTI agents:
c:\Users\boini\.vscode\extensions\redhat.java-1.55.0-win32-x64\lombok\lombok-1.18.39-4050.jar path:c:\Users\boini\.vscode\extensions\redhat.java-1.55.0-win32-x64\jre\21.0.11-win32-x86_64\bin\instrument.dll, loaded, initialized, instrumentlib options:none

dbghelp: loaded successfully - version: 4.0.5 - missing functions: none
symbol engine: initialized successfully - sym options: 0x614 - pdb path: .;c:\Users\boini\.vscode\extensions\redhat.java-1.55.0-win32-x64\jre\21.0.11-win32-x86_64\bin;C:\windows\SYSTEM32;C:\windows\WinSxS\amd64_microsoft.windows.common-controls_6595b64144ccf1df_6.0.22621.6060_none_2712eda17382d24b;c:\Users\boini\.vscode\extensions\redhat.java-1.55.0-win32-x64\jre\21.0.11-win32-x86_64\bin\server

VM Arguments:
jvm_args: --add-modules=ALL-SYSTEM --add-opens=java.base/java.util=ALL-UNNAMED --add-opens=java.base/java.lang=ALL-UNNAMED --add-opens=java.base/sun.nio.fs=ALL-UNNAMED -Declipse.application=org.eclipse.jdt.ls.core.id1 -Dosgi.bundles.defaultStartLevel=4 -Declipse.product=org.eclipse.jdt.ls.core.product -Djava.import.generatesMetadataFilesAtProjectRoot=false -DDetectVMInstallationsJob.disabled=true -Dfile.encoding=utf8 -XX:+UseParallelGC -XX:GCTimeRatio=4 -XX:AdaptiveSizePolicyWeight=90 -Dsun.zip.disableMemoryMapping=true -Xmx2G -Xms100m -Xlog:disable -javaagent:c:\Users\boini\.vscode\extensions\redhat.java-1.55.0-win32-x64\lombok\lombok-1.18.39-4050.jar 
java_command: c:\Users\boini\.vscode\extensions\redhat.java-1.55.0-win32-x64\server\plugins\org.eclipse.equinox.launcher_1.7.200.v20260619-2039.jar -configuration c:\Users\boini\AppData\Roaming\Code\User\globalStorage\redhat.java\1.55.0\config_ss_win -data c:\Users\boini\AppData\Roaming\Code\User\workspaceStorage\e6bb11de103c9e1a934892c7d0c01b98\redhat.java\ss_ws --pipe=\\.\pipe\lsp-f932523d0a4bb06dabbb7b78a1098a07-sock
java_class_path (initial): c:\Users\boini\.vscode\extensions\redhat.java-1.55.0-win32-x64\server\plugins\org.eclipse.equinox.launcher_1.7.200.v20260619-2039.jar
Launcher Type: SUN_STANDARD

[Global flags]
    uintx AdaptiveSizePolicyWeight                 = 90                                        {product} {command line}
     intx CICompilerCount                          = 4                                         {product} {ergonomic}
    uintx GCTimeRatio                              = 4                                         {product} {command line}
   size_t InitialHeapSize                          = 104857600                                 {product} {command line}
   size_t MaxHeapSize                              = 2147483648                                {product} {command line}
   size_t MaxNewSize                               = 715653120                                 {product} {ergonomic}
   size_t MinHeapDeltaBytes                        = 524288                                    {product} {ergonomic}
   size_t MinHeapSize                              = 104857600                                 {product} {command line}
   size_t NewSize                                  = 34603008                                  {product} {ergonomic}
    uintx NonNMethodCodeHeapSize                   = 5839372                                {pd product} {ergonomic}
    uintx NonProfiledCodeHeapSize                  = 122909434                              {pd product} {ergonomic}
   size_t OldSize                                  = 70254592                                  {product} {ergonomic}
    uintx ProfiledCodeHeapSize                     = 122909434                              {pd product} {ergonomic}
    uintx ReservedCodeCacheSize                    = 251658240                              {pd product} {ergonomic}
     bool SegmentedCodeCache                       = true                                      {product} {ergonomic}
   size_t SoftMaxHeapSize                          = 2147483648                             {manageable} {ergonomic}
     bool UseCompressedOops                        = true                           {product lp64_product} {ergonomic}
     bool UseLargePagesIndividualAllocation        = false                                  {pd product} {ergonomic}
     bool UseParallelGC                            = true                                      {product} {command line}

Logging:
Log output configuration:
 #0: stdout all=off uptime,level,tags foldmultilines=false
 #1: stderr all=off uptime,level,tags foldmultilines=false

Release file:
JAVA_VERSION="21.0.11" 
MODULES="java.base java.compiler java.datatransfer java.xml java.prefs java.desktop java.instrument java.logging java.management java.security.sasl java.naming java.rmi java.management.rmi java.net.http java.scripting java.security.jgss java.transaction.xa java.sql java.sql.rowset java.xml.crypto java.se java.smartcardio jdk.accessibility jdk.internal.jvmstat jdk.attach jdk.charsets jdk.internal.opt jdk.zipfs jdk.compiler jdk.crypto.ec jdk.crypto.cryptoki jdk.crypto.mscapi jdk.dynalink jdk.internal.ed jdk.editpad jdk.hotspot.agent jdk.httpserver jdk.internal.le jdk.internal.vm.ci jdk.internal.vm.compiler jdk.internal.vm.compiler.management jdk.jartool jdk.javadoc jdk.jcmd jdk.management jdk.management.agent jdk.jconsole jdk.jdeps jdk.jdwp.agent jdk.jdi jdk.jfr jdk.jshell jdk.jsobject jdk.jstatd jdk.localedata jdk.management.jfr jdk.naming.dns jdk.naming.rmi jdk.net jdk.nio.mapmode jdk.random jdk.sctp jdk.security.auth jdk.security.jgss jdk.unsupported jdk.unsupported.desktop jdk.xml.dom" 

Environment Variables:
PATH=C:\oraclexe\app\oracle\product\11.2.0\server\bin;;C:\windows\system32;C:\windows;C:\windows\System32\Wbem;C:\windows\System32\WindowsPowerShell\v1.0\;C:\windows\System32\OpenSSH\;C:\Program Files (x86)\Microsoft SQL Server\160\DTS\Binn\;C:\Program Files\Azure Data Studio\bin;C:\Program Files (x86)\Microsoft SQL Server\150\Tools\Binn\;C:\Program Files\Microsoft SQL Server\150\Tools\Binn\;C:\Program Files (x86)\Microsoft SQL Server\150\DTS\Binn\;C:\Program Files\Microsoft SQL Server\150\DTS\Binn\;C:\Program Files\Microsoft SQL Server\Client SDK\ODBC\170\Tools\Binn\;C:\Program Files\Java\jdk-24\bin;C:\Program Files\Git\cmd;C:\Program Files\nodejs\;C:\Program Files\Git LFS;C:\Users\boini\AppData\Local\Programs\Python\Python310\Scripts\;C:\Users\boini\AppData\Local\Programs\Python\Python310\;C:\windows\system32;C:\windows;C:\windows\System32\Wbem;C:\windows\System32\WindowsPowerShell\v1.0\;C:\windows\System32\OpenSSH\;C:\Program Files (x86)\Microsoft SQL Server\160\DTS\Binn\;C:\Program Files\Azure Data Studio\bin;C:\Program Files (x86)\Microsoft SQL Server\150\Tools\Binn\;C:\Program Files\Microsoft SQL Server\150\Tools\Binn\;C:\Program Files (x86)\Microsoft SQL Server\150\DTS\Binn\;C:\Program Files\Microsoft SQL Server\150\DTS\Binn\;C:\Program Files\Microsoft SQL Server\Client SDK\ODBC\170\Tools\Binn\;C:\Program Files\Java\jdk-24\bin;C:\Program Files\Git\cmd;C:\Program Files\nodejs\;C:\Users\boini\AppData\Local\Programs\Python\Python37\Scripts\;C:\Users\boini\AppData\Local\Programs\Python\Python37\;C:\Program Files\Java;C:\Users\boini\AppData\Local\GitHubDesktop\bin;C:\Users\boini\AppData\Local\Programs\Microsoft VS Code\bin;C:\Users\boini\AppData\Roaming\npm;D:\Users\apache-maven-3.9.16-bin\apache-maven-3.9.16\bin;C:\Users\boini\AppData\Local\Programs\Antigravity IDE\bin
USERNAME=boini
OS=Windows_NT
PROCESSOR_IDENTIFIER=Intel64 Family 6 Model 154 Stepping 4, GenuineIntel
TMP=C:\Users\boini\AppData\Local\Temp
TEMP=C:\Users\boini\AppData\Local\Temp




Periodic native trim disabled

---------------  S Y S T E M  ---------------

OS:
 Windows 11 , 64 bit Build 22621 (10.0.22621.5415)
OS uptime: 3 days 8:04 hours
Hyper-V role detected

CPU: total 12 (initial active 12) (6 cores per cpu, 2 threads per core) family 6 model 154 stepping 4 microcode 0x42c, cx8, cmov, fxsr, ht, mmx, 3dnowpref, sse, sse2, sse3, ssse3, sse4.1, sse4.2, popcnt, lzcnt, tsc, tscinvbit, avx, avx2, aes, erms, clmul, bmi1, bmi2, adx, sha, fma, vzeroupper, clflush, clflushopt, clwb, hv, serialize, rdtscp, rdpid, fsrm, f16c, cet_ibt, cet_ss
Processor Information for processor 0
  Max Mhz: 1300, Current Mhz: 1300, Mhz Limit: 1300
Processor Information for processor 1
  Max Mhz: 1300, Current Mhz: 1300, Mhz Limit: 1300
Processor Information for processor 2
  Max Mhz: 1300, Current Mhz: 1300, Mhz Limit: 1300
Processor Information for processor 3
  Max Mhz: 1300, Current Mhz: 1300, Mhz Limit: 1300
Processor Information for processor 4
  Max Mhz: 1300, Current Mhz: 900, Mhz Limit: 897
Processor Information for processor 5
  Max Mhz: 1300, Current Mhz: 900, Mhz Limit: 897
Processor Information for processor 6
  Max Mhz: 1300, Current Mhz: 900, Mhz Limit: 897
Processor Information for processor 7
  Max Mhz: 1300, Current Mhz: 900, Mhz Limit: 897
Processor Information for processor 8
  Max Mhz: 1300, Current Mhz: 900, Mhz Limit: 897
Processor Information for processor 9
  Max Mhz: 1300, Current Mhz: 900, Mhz Limit: 897
Processor Information for processor 10
  Max Mhz: 1300, Current Mhz: 900, Mhz Limit: 897
Processor Information for processor 11
  Max Mhz: 1300, Current Mhz: 900, Mhz Limit: 897

Memory: 4k page, system-wide physical 7863M (863M free)
TotalPageFile size 14098M (AvailPageFile size 164M)
current process WorkingSet (physical memory assigned to process): 54M, peak: 54M
current process commit charge ("private bytes"): 233M, peak: 233M

vm_info: OpenJDK 64-Bit Server VM (21.0.11+10-LTS) for windows-amd64 JRE (21.0.11+10-LTS), built on 2026-04-21T00:00:00Z by "admin" with MS VC++ 17.12 (VS2022)

END.
