#
# There is insufficient memory for the Java Runtime Environment to continue.
# Native memory allocation (malloc) failed to allocate 1110752 bytes. Error detail: Chunk::new
# Possible reasons:
#   The system is out of physical RAM or swap space
#   This process is running with CompressedOops enabled, and the Java Heap may be blocking the growth of the native heap
# Possible solutions:
#   Reduce memory load on the system
#   Increase physical memory or swap space
#   Check if swap backing store is full
#   Decrease Java heap size (-Xmx/-Xms)
#   Decrease number of Java threads
#   Decrease Java thread stack sizes (-Xss)
#   Set larger code cache with -XX:ReservedCodeCacheSize=
#   JVM is running with Unscaled Compressed Oops mode in which the Java heap is
#     placed in the first 4GB address space. The Java Heap base address is the
#     maximum limit for the native heap growth. Please use -XX:HeapBaseMinAddress
#     to set the Java Heap base and to place the Java Heap above 4GB virtual address.
# This output file may be truncated or incomplete.
#
#  Out of Memory Error (arena.cpp:168), pid=23844, tid=18828
#
# JRE version: OpenJDK Runtime Environment Temurin-21.0.11+10 (21.0.11+10) (build 21.0.11+10-LTS)
# Java VM: OpenJDK 64-Bit Server VM Temurin-21.0.11+10 (21.0.11+10-LTS, mixed mode, sharing, tiered, compressed oops, compressed class ptrs, parallel gc, windows-amd64)
# No core dump will be written. Minidumps are not enabled by default on client versions of Windows
#

---------------  S U M M A R Y ------------

Command Line: --add-modules=ALL-SYSTEM --add-opens=java.base/java.util=ALL-UNNAMED --add-opens=java.base/java.lang=ALL-UNNAMED --add-opens=java.base/sun.nio.fs=ALL-UNNAMED -Declipse.application=org.eclipse.jdt.ls.core.id1 -Dosgi.bundles.defaultStartLevel=4 -Declipse.product=org.eclipse.jdt.ls.core.product -Djava.import.generatesMetadataFilesAtProjectRoot=false -DDetectVMInstallationsJob.disabled=true -Dfile.encoding=utf8 -XX:+UseParallelGC -XX:GCTimeRatio=4 -XX:AdaptiveSizePolicyWeight=90 -Dsun.zip.disableMemoryMapping=true -Xmx2G -Xms100m -Xlog:disable -javaagent:c:\Users\boini\.vscode\extensions\redhat.java-1.55.0-win32-x64\lombok\lombok-1.18.39-4050.jar c:\Users\boini\.vscode\extensions\redhat.java-1.55.0-win32-x64\server\plugins\org.eclipse.equinox.launcher_1.7.200.v20260619-2039.jar -configuration c:\Users\boini\AppData\Roaming\Code\User\globalStorage\redhat.java\1.55.0\config_ss_win -data c:\Users\boini\AppData\Roaming\Code\User\workspaceStorage\e6bb11de103c9e1a934892c7d0c01b98\redhat.java\ss_ws --pipe=\\.\pipe\lsp-a7ae9eadd459757eeaef12160a35acdc-sock

Host: 12th Gen Intel(R) Core(TM) i5-1235U, 12 cores, 7G,  Windows 11 , 64 bit Build 22621 (10.0.22621.5415)
Time: Mon Jul 27 10:24:49 2026 India Standard Time elapsed time: 10.830318 seconds (0d 0h 0m 10s)

---------------  T H R E A D  ---------------

Current thread (0x0000026c4ba827c0):  JavaThread "C2 CompilerThread0" daemon [_thread_in_native, id=18828, stack(0x0000007203d00000,0x0000007203e00000) (1024K)]


Current CompileTask:
C2:10830 2569       4       java.lang.invoke.MethodType::makeImpl (109 bytes)

Stack: [0x0000007203d00000,0x0000007203e00000]
Native frames: (J=compiled Java code, j=interpreted, Vv=VM code, C=native code)
V  [jvm.dll+0x6d7e19]
V  [jvm.dll+0x8b5096]
V  [jvm.dll+0x8b764e]
V  [jvm.dll+0x8b7d33]
V  [jvm.dll+0x284596]
V  [jvm.dll+0xc685d]
V  [jvm.dll+0xc6da1]
V  [jvm.dll+0x3bed6b]
V  [jvm.dll+0x1e3f42]
V  [jvm.dll+0x24c853]
V  [jvm.dll+0x24bce0]
V  [jvm.dll+0x1cb4ae]
V  [jvm.dll+0x25baad]
V  [jvm.dll+0x25a03a]
V  [jvm.dll+0x3f868e]
V  [jvm.dll+0x85fb0d]
V  [jvm.dll+0x6d664d]
C  [ucrtbase.dll+0x29333]
C  [KERNEL32.DLL+0x1259d]
C  [ntdll.dll+0x5af78]


---------------  P R O C E S S  ---------------

Threads class SMR info:
_java_thread_list=0x0000026c64890bc0, length=20, elements={
0x0000026c4b9d4f40, 0x0000026c6247da90, 0x0000026c6247e8b0, 0x0000026c4ba72840,
0x0000026c4ba74300, 0x0000026c4ba76ac0, 0x0000026c4ba7f680, 0x0000026c4ba827c0,
0x0000026c637c1fa0, 0x0000026c63a43920, 0x0000026c63a40b30, 0x0000026c63a42c00,
0x0000026c63a411c0, 0x0000026c63a43fb0, 0x0000026c63a41850, 0x0000026c63a42570,
0x0000026c63a43290, 0x0000026c648bbe80, 0x0000026c648be5e0, 0x0000026c64cc8d10
}

Java Threads: ( => current thread )
  0x0000026c4b9d4f40 JavaThread "main"                              [_thread_blocked, id=21348, stack(0x0000007203300000,0x0000007203400000) (1024K)]
  0x0000026c6247da90 JavaThread "Reference Handler"          daemon [_thread_blocked, id=24108, stack(0x0000007203700000,0x0000007203800000) (1024K)]
  0x0000026c6247e8b0 JavaThread "Finalizer"                  daemon [_thread_blocked, id=12440, stack(0x0000007203800000,0x0000007203900000) (1024K)]
  0x0000026c4ba72840 JavaThread "Signal Dispatcher"          daemon [_thread_blocked, id=14032, stack(0x0000007203900000,0x0000007203a00000) (1024K)]
  0x0000026c4ba74300 JavaThread "Attach Listener"            daemon [_thread_blocked, id=13384, stack(0x0000007203a00000,0x0000007203b00000) (1024K)]
  0x0000026c4ba76ac0 JavaThread "Service Thread"             daemon [_thread_blocked, id=22664, stack(0x0000007203b00000,0x0000007203c00000) (1024K)]
  0x0000026c4ba7f680 JavaThread "Monitor Deflation Thread"   daemon [_thread_blocked, id=13672, stack(0x0000007203c00000,0x0000007203d00000) (1024K)]
=>0x0000026c4ba827c0 JavaThread "C2 CompilerThread0"         daemon [_thread_in_native, id=18828, stack(0x0000007203d00000,0x0000007203e00000) (1024K)]
  0x0000026c637c1fa0 JavaThread "C1 CompilerThread0"         daemon [_thread_blocked, id=23148, stack(0x0000007203e00000,0x0000007203f00000) (1024K)]
  0x0000026c63a43920 JavaThread "Common-Cleaner"             daemon [_thread_blocked, id=24220, stack(0x0000007204000000,0x0000007204100000) (1024K)]
  0x0000026c63a40b30 JavaThread "Notification Thread"        daemon [_thread_blocked, id=11132, stack(0x0000007204100000,0x0000007204200000) (1024K)]
  0x0000026c63a42c00 JavaThread "Active Thread: Equinox Container: 37c0fa02-c7fb-4b4c-8c74-7140b01fcf33"        [_thread_blocked, id=19204, stack(0x0000007204800000,0x0000007204900000) (1024K)]
  0x0000026c63a411c0 JavaThread "Framework Event Dispatcher: Equinox Container: 37c0fa02-c7fb-4b4c-8c74-7140b01fcf33" daemon [_thread_blocked, id=20160, stack(0x0000007203f00000,0x0000007204000000) (1024K)]
  0x0000026c63a43fb0 JavaThread "Start Level: Equinox Container: 37c0fa02-c7fb-4b4c-8c74-7140b01fcf33" daemon [_thread_in_Java, id=20780, stack(0x0000007204900000,0x0000007204a00000) (1024K)]
  0x0000026c63a41850 JavaThread "SCR Component Actor"        daemon [_thread_blocked, id=3344, stack(0x0000007204b00000,0x0000007204c00000) (1024K)]
  0x0000026c63a42570 JavaThread "Worker-JM"                         [_thread_blocked, id=13376, stack(0x0000007204c00000,0x0000007204d00000) (1024K)]
  0x0000026c63a43290 JavaThread "JNA Cleaner"                daemon [_thread_blocked, id=17316, stack(0x0000007204f00000,0x0000007205000000) (1024K)]
  0x0000026c648bbe80 JavaThread "Worker-0"                          [_thread_blocked, id=13404, stack(0x0000007205000000,0x0000007205100000) (1024K)]
  0x0000026c648be5e0 JavaThread "Worker-1"                          [_thread_blocked, id=6248, stack(0x0000007205100000,0x0000007205200000) (1024K)]
  0x0000026c64cc8d10 JavaThread "C2 CompilerThread1"         daemon [_thread_blocked, id=22144, stack(0x0000007205200000,0x0000007205300000) (1024K)]
Total: 20

Other Threads:
  0x0000026c497deba0 VMThread "VM Thread"                           [id=6448, stack(0x0000007203600000,0x0000007203700000) (1024K)]
  0x0000026c6235ca00 WatcherThread "VM Periodic Task Thread"        [id=10348, stack(0x0000007203500000,0x0000007203600000) (1024K)]
  0x0000026c4b9f3130 WorkerThread "GC Thread#0"                     [id=22848, stack(0x0000007203400000,0x0000007203500000) (1024K)]
  0x0000026c64d21fb0 WorkerThread "GC Thread#1"                     [id=11984, stack(0x0000007204200000,0x0000007204300000) (1024K)]
  0x0000026c64cfe230 WorkerThread "GC Thread#2"                     [id=19636, stack(0x0000007204300000,0x0000007204400000) (1024K)]
  0x0000026c64cfe5e0 WorkerThread "GC Thread#3"                     [id=17956, stack(0x0000007204400000,0x0000007204500000) (1024K)]
  0x0000026c649d9770 WorkerThread "GC Thread#4"                     [id=18112, stack(0x0000007204500000,0x0000007204600000) (1024K)]
  0x0000026c649d9b20 WorkerThread "GC Thread#5"                     [id=22704, stack(0x0000007204600000,0x0000007204700000) (1024K)]
  0x0000026c69150080 WorkerThread "GC Thread#6"                     [id=6756, stack(0x0000007204700000,0x0000007204800000) (1024K)]
  0x0000026c639f4960 WorkerThread "GC Thread#7"                     [id=20340, stack(0x0000007204a00000,0x0000007204b00000) (1024K)]
  0x0000026c691f8470 WorkerThread "GC Thread#8"                     [id=2712, stack(0x0000007204d00000,0x0000007204e00000) (1024K)]
  0x0000026c691f8820 WorkerThread "GC Thread#9"                     [id=18972, stack(0x0000007204e00000,0x0000007204f00000) (1024K)]
Total: 12

Threads with active compile tasks:
C2 CompilerThread0  10845 2569       4       java.lang.invoke.MethodType::makeImpl (109 bytes)
Total: 1

VM state: not at safepoint (normal execution)

VM Mutex/Monitor currently owned by a thread: None

Heap address: 0x0000000080000000, size: 2048 MB, Compressed Oops mode: 32-bit

CDS archive(s) mapped at: [0x0000026c00000000-0x0000026c00ba0000-0x0000026c00ba0000), size 12189696, SharedBaseAddress: 0x0000026c00000000, ArchiveRelocationMode: 1.
Compressed class space mapped at: 0x0000026c01000000-0x0000026c41000000, reserved size: 1073741824
Narrow klass base: 0x0000026c00000000, Narrow klass shift: 0, Narrow klass range: 0x100000000

GC Precious Log:
 CardTable entry size: 512
 CPUs: 12 total, 12 available
 Memory: 7863M
 Large Page Support: Disabled
 NUMA Support: Disabled
 Compressed Oops: Enabled (32-bit)
 Alignments: Space 512K, Generation 512K, Heap 2M
 Heap Min Capacity: 100M
 Heap Initial Capacity: 100M
 Heap Max Capacity: 2G
 Pre-touch: Disabled
 Parallel Workers: 10

Heap:
 PSYoungGen      total 29696K, used 16503K [0x00000000d5580000, 0x00000000d7680000, 0x0000000100000000)
  eden space 25600K, 48% used [0x00000000d5580000,0x00000000d61a54f8,0x00000000d6e80000)
  from space 4096K, 99% used [0x00000000d7280000,0x00000000d76787d0,0x00000000d7680000)
  to   space 4096K, 0% used [0x00000000d6e80000,0x00000000d6e80000,0x00000000d7280000)
 ParOldGen       total 68608K, used 4667K [0x0000000080000000, 0x0000000084300000, 0x00000000d5580000)
  object space 68608K, 6% used [0x0000000080000000,0x000000008048ec18,0x0000000084300000)
 Metaspace       used 17570K, committed 18176K, reserved 1114112K
  class space    used 1838K, committed 2112K, reserved 1048576K

Card table byte_map: [0x0000026c4b380000,0x0000026c4b790000] _byte_map_base: 0x0000026c4af80000

Marking Bits: (ParMarkBitMap*) 0x00007ffa50684460
 Begin Bits: [0x0000026c5de80000, 0x0000026c5fe80000)
 End Bits:   [0x0000026c5fe80000, 0x0000026c61e80000)

Polling page: 0x0000026c499c0000

Metaspace:

Usage:
  Non-class:     15.36 MB used.
      Class:      1.80 MB used.
       Both:     17.16 MB used.

Virtual space:
  Non-class space:       64.00 MB reserved,      15.69 MB ( 25%) committed,  1 nodes.
      Class space:        1.00 GB reserved,       2.06 MB ( <1%) committed,  1 nodes.
             Both:        1.06 GB reserved,      17.75 MB (  2%) committed. 

Chunk freelists:
   Non-Class:  15.95 MB
       Class:  13.75 MB
        Both:  29.70 MB

MaxMetaspaceSize: unlimited
CompressedClassSpaceSize: 1.00 GB
Initial GC threshold: 21.00 MB
Current GC threshold: 21.00 MB
CDS: on
 - commit_granule_bytes: 65536.
 - commit_granule_words: 8192.
 - virtual_space_node_default_size: 8388608.
 - enlarge_chunks_in_place: 1.
 - use_allocation_guard: 0.


Internal statistics:

num_allocs_failed_limit: 0.
num_arena_births: 504.
num_arena_deaths: 0.
num_vsnodes_births: 2.
num_vsnodes_deaths: 0.
num_space_committed: 284.
num_space_uncommitted: 0.
num_chunks_returned_to_freelist: 0.
num_chunks_taken_from_freelist: 1172.
num_chunk_merges: 0.
num_chunk_splits: 747.
num_chunks_enlarged: 457.
num_inconsistent_stats: 0.

CodeHeap 'non-profiled nmethods': size=120000Kb used=1113Kb max_used=1113Kb free=118886Kb
 bounds [0x0000026c566a0000, 0x0000026c56910000, 0x0000026c5dbd0000]
CodeHeap 'profiled nmethods': size=120000Kb used=5186Kb max_used=5186Kb free=114813Kb
 bounds [0x0000026c4ebd0000, 0x0000026c4f0f0000, 0x0000026c56100000]
CodeHeap 'non-nmethods': size=5760Kb used=1271Kb max_used=1287Kb free=4488Kb
 bounds [0x0000026c56100000, 0x0000026c56370000, 0x0000026c566a0000]
CodeCache: size=245760Kb, used=7570Kb, max_used=7586Kb, free=238187Kb
 total_blobs=3221, nmethods=2671, adapters=456, full_count=0
Compilation: enabled, stopped_count=0, restarted_count=0

Compilation events (20 events):
Event: 10.825 Thread 0x0000026c637c1fa0 nmethod 2627 0x0000026c4f0cdd90 code [0x0000026c4f0cdf40, 0x0000026c4f0ce178]
Event: 10.825 Thread 0x0000026c637c1fa0 2630       3       lombok.patcher.MethodTarget::matches (29 bytes)
Event: 10.826 Thread 0x0000026c637c1fa0 nmethod 2630 0x0000026c4f0ce290 code [0x0000026c4f0ce4a0, 0x0000026c4f0ce868]
Event: 10.826 Thread 0x0000026c637c1fa0 2641       3       org.lombokweb.asm.AnnotationWriter::putAnnotations (67 bytes)
Event: 10.826 Thread 0x0000026c637c1fa0 nmethod 2641 0x0000026c4f0cea90 code [0x0000026c4f0cecc0, 0x0000026c4f0cf098]
Event: 10.826 Thread 0x0000026c637c1fa0 2640       3       org.lombokweb.asm.Attribute::computeAttributesSize (62 bytes)
Event: 10.826 Thread 0x0000026c637c1fa0 nmethod 2640 0x0000026c4f0cf310 code [0x0000026c4f0cf4e0, 0x0000026c4f0cf7c8]
Event: 10.826 Thread 0x0000026c637c1fa0 2626       1       lombok.patcher.Hook::getMethodName (5 bytes)
Event: 10.826 Thread 0x0000026c64cc8d10 nmethod 2639 0x0000026c567b2890 code [0x0000026c567b2a40, 0x0000026c567b2c00]
Event: 10.826 Thread 0x0000026c637c1fa0 nmethod 2626 0x0000026c567b2d90 code [0x0000026c567b2f20, 0x0000026c567b2fe8]
Event: 10.827 Thread 0x0000026c64cc8d10 2642       4       org.lombokweb.asm.SymbolTable$Entry::<init> (20 bytes)
Event: 10.827 Thread 0x0000026c637c1fa0 2644       3       org.lombokweb.asm.SymbolTable::addConstantDynamicOrInvokeDynamicReference (34 bytes)
Event: 10.827 Thread 0x0000026c64cc8d10 nmethod 2642 0x0000026c567b3090 code [0x0000026c567b3220, 0x0000026c567b32f0]
Event: 10.827 Thread 0x0000026c64cc8d10 2643       4       org.lombokweb.asm.ClassReader::readClass (7 bytes)
Event: 10.828 Thread 0x0000026c637c1fa0 nmethod 2644 0x0000026c4f0cf910 code [0x0000026c4f0cfae0, 0x0000026c4f0cfd70]
Event: 10.828 Thread 0x0000026c637c1fa0 2645       3       org.lombokweb.asm.SymbolTable::hash (19 bytes)
Event: 10.828 Thread 0x0000026c637c1fa0 nmethod 2645 0x0000026c4f0cfe90 code [0x0000026c4f0d0040, 0x0000026c4f0d01d0]
Event: 10.828 Thread 0x0000026c637c1fa0 2646       3       org.lombokweb.asm.SymbolTable$Entry::<init> (17 bytes)
Event: 10.828 Thread 0x0000026c637c1fa0 nmethod 2646 0x0000026c4f0d0310 code [0x0000026c4f0d04c0, 0x0000026c4f0d0640]
Event: 10.828 Thread 0x0000026c637c1fa0 2648       3       org.lombokweb.asm.ClassReader::readField (675 bytes)

GC Heap History (8 events):
Event: 1.002 GC heap before
{Heap before GC invocations=1 (full 0):
 PSYoungGen      total 29696K, used 25600K [0x00000000d5580000, 0x00000000d7680000, 0x0000000100000000)
  eden space 25600K, 100% used [0x00000000d5580000,0x00000000d6e80000,0x00000000d6e80000)
  from space 4096K, 0% used [0x00000000d7280000,0x00000000d7280000,0x00000000d7680000)
  to   space 4096K, 0% used [0x00000000d6e80000,0x00000000d6e80000,0x00000000d7280000)
 ParOldGen       total 68608K, used 0K [0x0000000080000000, 0x0000000084300000, 0x00000000d5580000)
  object space 68608K, 0% used [0x0000000080000000,0x0000000080000000,0x0000000084300000)
 Metaspace       used 4349K, committed 4608K, reserved 1114112K
  class space    used 475K, committed 576K, reserved 1048576K
}
Event: 1.013 GC heap after
{Heap after GC invocations=1 (full 0):
 PSYoungGen      total 29696K, used 3287K [0x00000000d5580000, 0x00000000d7680000, 0x0000000100000000)
  eden space 25600K, 0% used [0x00000000d5580000,0x00000000d5580000,0x00000000d6e80000)
  from space 4096K, 80% used [0x00000000d6e80000,0x00000000d71b5e88,0x00000000d7280000)
  to   space 4096K, 0% used [0x00000000d7280000,0x00000000d7280000,0x00000000d7680000)
 ParOldGen       total 68608K, used 16K [0x0000000080000000, 0x0000000084300000, 0x00000000d5580000)
  object space 68608K, 0% used [0x0000000080000000,0x0000000080004000,0x0000000084300000)
 Metaspace       used 4349K, committed 4608K, reserved 1114112K
  class space    used 475K, committed 576K, reserved 1048576K
}
Event: 8.983 GC heap before
{Heap before GC invocations=2 (full 0):
 PSYoungGen      total 29696K, used 28887K [0x00000000d5580000, 0x00000000d7680000, 0x0000000100000000)
  eden space 25600K, 100% used [0x00000000d5580000,0x00000000d6e80000,0x00000000d6e80000)
  from space 4096K, 80% used [0x00000000d6e80000,0x00000000d71b5e88,0x00000000d7280000)
  to   space 4096K, 0% used [0x00000000d7280000,0x00000000d7280000,0x00000000d7680000)
 ParOldGen       total 68608K, used 16K [0x0000000080000000, 0x0000000084300000, 0x00000000d5580000)
  object space 68608K, 0% used [0x0000000080000000,0x0000000080004000,0x0000000084300000)
 Metaspace       used 8201K, committed 8512K, reserved 1114112K
  class space    used 875K, committed 1024K, reserved 1048576K
}
Event: 8.989 GC heap after
{Heap after GC invocations=2 (full 0):
 PSYoungGen      total 29696K, used 4077K [0x00000000d5580000, 0x00000000d7680000, 0x0000000100000000)
  eden space 25600K, 0% used [0x00000000d5580000,0x00000000d5580000,0x00000000d6e80000)
  from space 4096K, 99% used [0x00000000d7280000,0x00000000d767b688,0x00000000d7680000)
  to   space 4096K, 0% used [0x00000000d6e80000,0x00000000d6e80000,0x00000000d7280000)
 ParOldGen       total 68608K, used 1061K [0x0000000080000000, 0x0000000084300000, 0x00000000d5580000)
  object space 68608K, 1% used [0x0000000080000000,0x00000000801094b0,0x0000000084300000)
 Metaspace       used 8201K, committed 8512K, reserved 1114112K
  class space    used 875K, committed 1024K, reserved 1048576K
}
Event: 9.769 GC heap before
{Heap before GC invocations=3 (full 0):
 PSYoungGen      total 29696K, used 29622K [0x00000000d5580000, 0x00000000d7680000, 0x0000000100000000)
  eden space 25600K, 99% used [0x00000000d5580000,0x00000000d6e72368,0x00000000d6e80000)
  from space 4096K, 99% used [0x00000000d7280000,0x00000000d767b688,0x00000000d7680000)
  to   space 4096K, 0% used [0x00000000d6e80000,0x00000000d6e80000,0x00000000d7280000)
 ParOldGen       total 68608K, used 1061K [0x0000000080000000, 0x0000000084300000, 0x00000000d5580000)
  object space 68608K, 1% used [0x0000000080000000,0x00000000801094b0,0x0000000084300000)
 Metaspace       used 13046K, committed 13568K, reserved 1114112K
  class space    used 1385K, committed 1664K, reserved 1048576K
}
Event: 9.774 GC heap after
{Heap after GC invocations=3 (full 0):
 PSYoungGen      total 29696K, used 4082K [0x00000000d5580000, 0x00000000d7680000, 0x0000000100000000)
  eden space 25600K, 0% used [0x00000000d5580000,0x00000000d5580000,0x00000000d6e80000)
  from space 4096K, 99% used [0x00000000d6e80000,0x00000000d727cbb8,0x00000000d7280000)
  to   space 4096K, 0% used [0x00000000d7280000,0x00000000d7280000,0x00000000d7680000)
 ParOldGen       total 68608K, used 2782K [0x0000000080000000, 0x0000000084300000, 0x00000000d5580000)
  object space 68608K, 4% used [0x0000000080000000,0x00000000802b7b98,0x0000000084300000)
 Metaspace       used 13046K, committed 13568K, reserved 1114112K
  class space    used 1385K, committed 1664K, reserved 1048576K
}
Event: 10.761 GC heap before
{Heap before GC invocations=4 (full 0):
 PSYoungGen      total 29696K, used 29682K [0x00000000d5580000, 0x00000000d7680000, 0x0000000100000000)
  eden space 25600K, 100% used [0x00000000d5580000,0x00000000d6e80000,0x00000000d6e80000)
  from space 4096K, 99% used [0x00000000d6e80000,0x00000000d727cbb8,0x00000000d7280000)
  to   space 4096K, 0% used [0x00000000d7280000,0x00000000d7280000,0x00000000d7680000)
 ParOldGen       total 68608K, used 2782K [0x0000000080000000, 0x0000000084300000, 0x00000000d5580000)
  object space 68608K, 4% used [0x0000000080000000,0x00000000802b7b98,0x0000000084300000)
 Metaspace       used 17072K, committed 17728K, reserved 1114112K
  class space    used 1803K, committed 2112K, reserved 1048576K
}
Event: 10.765 GC heap after
{Heap after GC invocations=4 (full 0):
 PSYoungGen      total 29696K, used 4065K [0x00000000d5580000, 0x00000000d7680000, 0x0000000100000000)
  eden space 25600K, 0% used [0x00000000d5580000,0x00000000d5580000,0x00000000d6e80000)
  from space 4096K, 99% used [0x00000000d7280000,0x00000000d76787d0,0x00000000d7680000)
  to   space 4096K, 0% used [0x00000000d6e80000,0x00000000d6e80000,0x00000000d7280000)
 ParOldGen       total 68608K, used 4667K [0x0000000080000000, 0x0000000084300000, 0x00000000d5580000)
  object space 68608K, 6% used [0x0000000080000000,0x000000008048ec18,0x0000000084300000)
 Metaspace       used 17072K, committed 17728K, reserved 1114112K
  class space    used 1803K, committed 2112K, reserved 1048576K
}

Dll operation events (10 events):
Event: 0.186 Loaded shared library c:\Users\boini\.vscode\extensions\redhat.java-1.55.0-win32-x64\jre\21.0.11-win32-x86_64\bin\java.dll
Event: 0.270 Loaded shared library c:\Users\boini\.vscode\extensions\redhat.java-1.55.0-win32-x64\jre\21.0.11-win32-x86_64\bin\zip.dll
Event: 0.286 Loaded shared library C:\Users\boini\.vscode\extensions\redhat.java-1.55.0-win32-x64\jre\21.0.11-win32-x86_64\bin\instrument.dll
Event: 0.335 Loaded shared library C:\Users\boini\.vscode\extensions\redhat.java-1.55.0-win32-x64\jre\21.0.11-win32-x86_64\bin\net.dll
Event: 0.368 Loaded shared library C:\Users\boini\.vscode\extensions\redhat.java-1.55.0-win32-x64\jre\21.0.11-win32-x86_64\bin\nio.dll
Event: 0.371 Loaded shared library C:\Users\boini\.vscode\extensions\redhat.java-1.55.0-win32-x64\jre\21.0.11-win32-x86_64\bin\zip.dll
Event: 0.386 Loaded shared library C:\Users\boini\.vscode\extensions\redhat.java-1.55.0-win32-x64\jre\21.0.11-win32-x86_64\bin\jimage.dll
Event: 0.464 Loaded shared library c:\Users\boini\.vscode\extensions\redhat.java-1.55.0-win32-x64\jre\21.0.11-win32-x86_64\bin\verify.dll
Event: 9.060 Loaded shared library C:\Users\boini\AppData\Roaming\Code\User\globalStorage\redhat.java\1.55.0\config_ss_win\org.eclipse.equinox.launcher\org.eclipse.equinox.launcher.win32.win32.x86_64_1.3.100.v20260613-0559\eclipse_11924.dll
Event: 10.512 Loaded shared library C:\Users\boini\AppData\Local\Temp\jna-93916279\jna16867870702776905167.dll

Deoptimization events (20 events):
Event: 10.736 Thread 0x0000026c63a43fb0 Uncommon trap: trap_request=0xffffffde fr.pc=0x0000026c5678b194 relative=0x00000000000003b4
Event: 10.736 Thread 0x0000026c63a43fb0 Uncommon trap: reason=class_check action=maybe_recompile pc=0x0000026c5678b194 method=java.util.regex.Pattern$BmpCharPropertyGreedy.match(Ljava/util/regex/Matcher;ILjava/lang/CharSequence;)Z @ 70 c2
Event: 10.736 Thread 0x0000026c63a43fb0 DEOPT PACKING pc=0x0000026c5678b194 sp=0x00000072049ef6d0
Event: 10.736 Thread 0x0000026c63a43fb0 DEOPT UNPACKING pc=0x0000026c56153aa2 sp=0x00000072049ef678 mode 2
Event: 10.737 Thread 0x0000026c63a43fb0 Uncommon trap: trap_request=0xffffffde fr.pc=0x0000026c5678b194 relative=0x00000000000003b4
Event: 10.737 Thread 0x0000026c63a43fb0 Uncommon trap: reason=class_check action=maybe_recompile pc=0x0000026c5678b194 method=java.util.regex.Pattern$BmpCharPropertyGreedy.match(Ljava/util/regex/Matcher;ILjava/lang/CharSequence;)Z @ 70 c2
Event: 10.737 Thread 0x0000026c63a43fb0 DEOPT PACKING pc=0x0000026c5678b194 sp=0x00000072049ef890
Event: 10.737 Thread 0x0000026c63a43fb0 DEOPT UNPACKING pc=0x0000026c56153aa2 sp=0x00000072049ef838 mode 2
Event: 10.737 Thread 0x0000026c63a43fb0 Uncommon trap: trap_request=0xffffffde fr.pc=0x0000026c5678b194 relative=0x00000000000003b4
Event: 10.737 Thread 0x0000026c63a43fb0 Uncommon trap: reason=class_check action=maybe_recompile pc=0x0000026c5678b194 method=java.util.regex.Pattern$BmpCharPropertyGreedy.match(Ljava/util/regex/Matcher;ILjava/lang/CharSequence;)Z @ 70 c2
Event: 10.737 Thread 0x0000026c63a43fb0 DEOPT PACKING pc=0x0000026c5678b194 sp=0x00000072049ef6e0
Event: 10.737 Thread 0x0000026c63a43fb0 DEOPT UNPACKING pc=0x0000026c56153aa2 sp=0x00000072049ef688 mode 2
Event: 10.780 Thread 0x0000026c63a43fb0 Uncommon trap: trap_request=0xffffffde fr.pc=0x0000026c567a44c4 relative=0x0000000000000384
Event: 10.780 Thread 0x0000026c63a43fb0 Uncommon trap: reason=class_check action=maybe_recompile pc=0x0000026c567a44c4 method=java.lang.String.<init>(Ljava/lang/AbstractStringBuilder;Ljava/lang/Void;)V @ 10 c2
Event: 10.780 Thread 0x0000026c63a43fb0 DEOPT PACKING pc=0x0000026c567a44c4 sp=0x00000072049f8770
Event: 10.780 Thread 0x0000026c63a43fb0 DEOPT UNPACKING pc=0x0000026c56153aa2 sp=0x00000072049f8740 mode 2
Event: 10.780 Thread 0x0000026c63a43fb0 Uncommon trap: trap_request=0xffffffde fr.pc=0x0000026c567a44c4 relative=0x0000000000000384
Event: 10.780 Thread 0x0000026c63a43fb0 Uncommon trap: reason=class_check action=maybe_recompile pc=0x0000026c567a44c4 method=java.lang.String.<init>(Ljava/lang/AbstractStringBuilder;Ljava/lang/Void;)V @ 10 c2
Event: 10.780 Thread 0x0000026c63a43fb0 DEOPT PACKING pc=0x0000026c567a44c4 sp=0x00000072049f8910
Event: 10.780 Thread 0x0000026c63a43fb0 DEOPT UNPACKING pc=0x0000026c56153aa2 sp=0x00000072049f88e0 mode 2

Classes loaded (20 events):
Event: 10.724 Loading class java/util/zip/GZIPOutputStream
Event: 10.724 Loading class java/util/zip/GZIPOutputStream done
Event: 10.725 Loading class java/io/StringReader
Event: 10.725 Loading class java/io/StringReader done
Event: 10.756 Loading class java/net/SocketTimeoutException
Event: 10.757 Loading class java/io/InterruptedIOException
Event: 10.757 Loading class java/io/InterruptedIOException done
Event: 10.757 Loading class java/net/SocketTimeoutException done
Event: 10.757 Loading class java/net/SocketException
Event: 10.757 Loading class java/net/SocketException done
Event: 10.757 Loading class java/net/UnknownHostException
Event: 10.757 Loading class java/net/UnknownHostException done
Event: 10.757 Loading class java/net/ProtocolException
Event: 10.757 Loading class java/net/ProtocolException done
Event: 10.786 Loading class java/lang/ThreadLocal$SuppliedThreadLocal
Event: 10.787 Loading class java/lang/ThreadLocal$SuppliedThreadLocal done
Event: 10.800 Loading class java/lang/NegativeArraySizeException
Event: 10.800 Loading class java/lang/NegativeArraySizeException done
Event: 10.800 Loading class java/io/FileWriter
Event: 10.801 Loading class java/io/FileWriter done

Classes unloaded (0 events):
No events

Classes redefined (0 events):
No events

Internal exceptions (20 events):
Event: 10.540 Thread 0x0000026c63a43fb0 Exception <a 'java/lang/NoSuchMethodError'{0x00000000d6426968}: 'void java.lang.invoke.DelegatingMethodHandle$Holder.reinvoke_L(java.lang.Object, java.lang.Object, int)'> (0x00000000d6426968) 
thrown [s\src\hotspot\share\interpreter\linkResolver.cpp, line 773]
Event: 10.540 Thread 0x0000026c63a43fb0 Exception <a 'java/lang/NoSuchMethodError'{0x00000000d642d650}: 'int java.lang.invoke.Invokers$Holder.invokeExact_MT(java.lang.Object, java.lang.Object, java.lang.Object)'> (0x00000000d642d650) 
thrown [s\src\hotspot\share\interpreter\linkResolver.cpp, line 773]
Event: 10.554 Thread 0x0000026c63a43fb0 Exception <a 'java/lang/NoSuchMethodError'{0x00000000d64f8918}: method resolution failed> (0x00000000d64f8918) 
thrown [s\src\hotspot\share\prims\methodHandles.cpp, line 1136]
Event: 10.563 Thread 0x0000026c63a43fb0 Exception <a 'java/lang/NoSuchMethodError'{0x00000000d6564770}: 'void java.lang.invoke.Invokers$Holder.invokeExact_MT(java.lang.Object, java.lang.Object, int, java.lang.Object)'> (0x00000000d6564770) 
thrown [s\src\hotspot\share\interpreter\linkResolver.cpp, line 773]
Event: 10.600 Thread 0x0000026c63a43fb0 Exception <a 'java/lang/NoSuchMethodError'{0x00000000d6660ee0}: 'java.lang.Object java.lang.invoke.DirectMethodHandle$Holder.invokeSpecial(java.lang.Object, java.lang.Object, java.lang.Object, long, java.lang.Object)'> (0x00000000d6660ee0) 
thrown [s\src\hotspot\share\interpreter\linkResolver.cpp, line 773]
Event: 10.601 Thread 0x0000026c63a43fb0 Exception <a 'java/lang/NoSuchMethodError'{0x00000000d6668728}: 'java.lang.Object java.lang.invoke.DirectMethodHandle$Holder.newInvokeSpecial(java.lang.Object, java.lang.Object, java.lang.Object, long)'> (0x00000000d6668728) 
thrown [s\src\hotspot\share\interpreter\linkResolver.cpp, line 773]
Event: 10.601 Thread 0x0000026c63a43fb0 Exception <a 'java/lang/NoSuchMethodError'{0x00000000d666cad8}: 'java.lang.Object java.lang.invoke.DirectMethodHandle$Holder.invokeSpecial(java.lang.Object, java.lang.Object, java.lang.Object, java.lang.Object, long)'> (0x00000000d666cad8) 
thrown [s\src\hotspot\share\interpreter\linkResolver.cpp, line 773]
Event: 10.601 Thread 0x0000026c63a43fb0 Exception <a 'java/lang/NoSuchMethodError'{0x00000000d66706f8}: 'java.lang.Object java.lang.invoke.Invokers$Holder.linkToTargetMethod(java.lang.Object, java.lang.Object, long, java.lang.Object)'> (0x00000000d66706f8) 
thrown [s\src\hotspot\share\interpreter\linkResolver.cpp, line 773]
Event: 10.610 Thread 0x0000026c63a43fb0 Exception <a 'java/lang/NoSuchMethodError'{0x00000000d66e2670}: 'int java.lang.invoke.DirectMethodHandle$Holder.invokeStaticInit(java.lang.Object, java.lang.Object, java.lang.Object)'> (0x00000000d66e2670) 
thrown [s\src\hotspot\share\interpreter\linkResolver.cpp, line 773]
Event: 10.621 Thread 0x0000026c63a43fb0 Exception <a 'java/lang/IncompatibleClassChangeError'{0x00000000d6770290}: Found class java.lang.Object, but interface was expected> (0x00000000d6770290) 
thrown [s\src\hotspot\share\interpreter\linkResolver.cpp, line 840]
Event: 10.624 Thread 0x0000026c63a43fb0 Exception <a 'java/lang/NoSuchMethodError'{0x00000000d6782b48}: 'java.lang.Object java.lang.invoke.DirectMethodHandle$Holder.invokeSpecial(java.lang.Object, java.lang.Object, java.lang.Object, int, java.lang.Object, java.lang.Object)'> (0x00000000d6782b48) 
thrown [s\src\hotspot\share\interpreter\linkResolver.cpp, line 773]
Event: 10.625 Thread 0x0000026c63a43fb0 Exception <a 'java/lang/NoSuchMethodError'{0x00000000d678a620}: 'java.lang.Object java.lang.invoke.DirectMethodHandle$Holder.newInvokeSpecial(java.lang.Object, java.lang.Object, java.lang.Object, int, java.lang.Object)'> (0x00000000d678a620) 
thrown [s\src\hotspot\share\interpreter\linkResolver.cpp, line 773]
Event: 10.625 Thread 0x0000026c63a43fb0 Exception <a 'java/lang/NoSuchMethodError'{0x00000000d678e5a0}: 'java.lang.Object java.lang.invoke.DirectMethodHandle$Holder.invokeSpecial(java.lang.Object, java.lang.Object, java.lang.Object, java.lang.Object, int, java.lang.Object)'> (0x00000000d678e5a0) 
thrown [s\src\hotspot\share\interpreter\linkResolver.cpp, line 773]
Event: 10.625 Thread 0x0000026c63a43fb0 Exception <a 'java/lang/NoSuchMethodError'{0x00000000d67920e0}: 'java.lang.Object java.lang.invoke.Invokers$Holder.linkToTargetMethod(java.lang.Object, java.lang.Object, int, java.lang.Object, java.lang.Object)'> (0x00000000d67920e0) 
thrown [s\src\hotspot\share\interpreter\linkResolver.cpp, line 773]
Event: 10.626 Thread 0x0000026c648bbe80 Exception <a 'java/lang/NoSuchMethodError'{0x00000000d66c6780}: 'java.lang.Object java.lang.invoke.DirectMethodHandle$Holder.invokeSpecial(java.lang.Object, java.lang.Object, int, java.lang.Object, java.lang.Object)'> (0x00000000d66c6780) 
thrown [s\src\hotspot\share\interpreter\linkResolver.cpp, line 773]
Event: 10.627 Thread 0x0000026c648bbe80 Exception <a 'java/lang/NoSuchMethodError'{0x00000000d66cd4b8}: 'java.lang.Object java.lang.invoke.DirectMethodHandle$Holder.newInvokeSpecial(java.lang.Object, java.lang.Object, int, java.lang.Object)'> (0x00000000d66cd4b8) 
thrown [s\src\hotspot\share\interpreter\linkResolver.cpp, line 773]
Event: 10.627 Thread 0x0000026c648bbe80 Exception <a 'java/lang/NoSuchMethodError'{0x00000000d66d0d98}: 'java.lang.Object java.lang.invoke.DirectMethodHandle$Holder.invokeSpecial(java.lang.Object, java.lang.Object, java.lang.Object, int, java.lang.Object)'> (0x00000000d66d0d98) 
thrown [s\src\hotspot\share\interpreter\linkResolver.cpp, line 773]
Event: 10.640 Thread 0x0000026c63a43fb0 Exception <a 'java/lang/NoSuchMethodError'{0x00000000d68b0048}: 'void java.lang.invoke.DirectMethodHandle$Holder.invokeSpecial(java.lang.Object, java.lang.Object, java.lang.Object, java.lang.Object, java.lang.Object)'> (0x00000000d68b0048) 
thrown [s\src\hotspot\share\interpreter\linkResolver.cpp, line 773]
Event: 10.709 Thread 0x0000026c63a43fb0 Exception <a 'java/lang/NoSuchMethodError'{0x00000000d6ba5e30}: 'double java.lang.invoke.DirectMethodHandle$Holder.invokeStatic(java.lang.Object, java.lang.Object)'> (0x00000000d6ba5e30) 
thrown [s\src\hotspot\share\interpreter\linkResolver.cpp, line 773]
Event: 10.710 Thread 0x0000026c63a43fb0 Exception <a 'java/lang/NoSuchMethodError'{0x00000000d6ba94f0}: 'double java.lang.invoke.DirectMethodHandle$Holder.invokeStaticInit(java.lang.Object, java.lang.Object)'> (0x00000000d6ba94f0) 
thrown [s\src\hotspot\share\interpreter\linkResolver.cpp, line 773]

ZGC Phase Switch (0 events):
No events

VM Operations (20 events):
Event: 8.983 Executing safepoint VM operation: ParallelGCFailedAllocation (Allocation Failure)
Event: 8.989 Executing safepoint VM operation: ParallelGCFailedAllocation (Allocation Failure) done
Event: 9.187 Executing non-safepoint VM operation: HandshakeAllThreads (Deoptimize)
Event: 9.187 Executing non-safepoint VM operation: HandshakeAllThreads (Deoptimize) done
Event: 9.561 Executing non-safepoint VM operation: HandshakeAllThreads (Deoptimize)
Event: 9.561 Executing non-safepoint VM operation: HandshakeAllThreads (Deoptimize) done
Event: 9.769 Executing safepoint VM operation: ParallelGCFailedAllocation (Allocation Failure)
Event: 9.774 Executing safepoint VM operation: ParallelGCFailedAllocation (Allocation Failure) done
Event: 9.857 Executing non-safepoint VM operation: HandshakeAllThreads (Deoptimize)
Event: 9.857 Executing non-safepoint VM operation: HandshakeAllThreads (Deoptimize) done
Event: 9.864 Executing non-safepoint VM operation: HandshakeAllThreads (Deoptimize)
Event: 9.864 Executing non-safepoint VM operation: HandshakeAllThreads (Deoptimize) done
Event: 9.883 Executing non-safepoint VM operation: HandshakeAllThreads (Deoptimize)
Event: 9.883 Executing non-safepoint VM operation: HandshakeAllThreads (Deoptimize) done
Event: 10.194 Executing non-safepoint VM operation: HandshakeAllThreads (Deoptimize)
Event: 10.194 Executing non-safepoint VM operation: HandshakeAllThreads (Deoptimize) done
Event: 10.525 Executing non-safepoint VM operation: HandshakeAllThreads (Deoptimize)
Event: 10.525 Executing non-safepoint VM operation: HandshakeAllThreads (Deoptimize) done
Event: 10.761 Executing safepoint VM operation: ParallelGCFailedAllocation (Allocation Failure)
Event: 10.765 Executing safepoint VM operation: ParallelGCFailedAllocation (Allocation Failure) done

Memory protections (0 events):
No events

Nmethod flushes (0 events):
No events

Events (20 events):
Event: 0.216 Thread 0x0000026c4b9d4f40 Thread added: 0x0000026c4ba7f680
Event: 0.216 Thread 0x0000026c4b9d4f40 Thread added: 0x0000026c4ba827c0
Event: 0.216 Thread 0x0000026c4b9d4f40 Thread added: 0x0000026c637c1fa0
Event: 0.275 Thread 0x0000026c637c1fa0 Thread added: 0x0000026c638c03e0
Event: 0.288 Thread 0x0000026c4b9d4f40 Thread added: 0x0000026c63a43920
Event: 0.511 Thread 0x0000026c4b9d4f40 Thread added: 0x0000026c63a40b30
Event: 1.413 Thread 0x0000026c4b9d4f40 Thread added: 0x0000026c63a42c00
Event: 1.761 Thread 0x0000026c638c03e0 Thread exited: 0x0000026c638c03e0
Event: 8.933 Thread 0x0000026c4b9d4f40 Thread added: 0x0000026c63a411c0
Event: 8.940 Thread 0x0000026c4b9d4f40 Thread added: 0x0000026c63a43fb0
Event: 8.997 Thread 0x0000026c63a43fb0 Thread added: 0x0000026c63a41850
Event: 9.324 Thread 0x0000026c637c1fa0 Thread added: 0x0000026c6919f8a0
Event: 9.559 Thread 0x0000026c6919f8a0 Thread exited: 0x0000026c6919f8a0
Event: 9.620 Thread 0x0000026c63a43fb0 Thread added: 0x0000026c63a42570
Event: 9.887 Thread 0x0000026c637c1fa0 Thread added: 0x0000026c648600a0
Event: 10.520 Thread 0x0000026c648600a0 Thread exited: 0x0000026c648600a0
Event: 10.546 Thread 0x0000026c63a43fb0 Thread added: 0x0000026c63a43290
Event: 10.604 Thread 0x0000026c63a43fb0 Thread added: 0x0000026c648bbe80
Event: 10.627 Thread 0x0000026c63a43fb0 Thread added: 0x0000026c648be5e0
Event: 10.742 Thread 0x0000026c637c1fa0 Thread added: 0x0000026c64cc8d10


Dynamic libraries:
0x00007ff777cd0000 - 0x00007ff777cde000 	c:\Users\boini\.vscode\extensions\redhat.java-1.55.0-win32-x64\jre\21.0.11-win32-x86_64\bin\java.exe
0x00007ffac9190000 - 0x00007ffac93a8000 	C:\windows\SYSTEM32\ntdll.dll
0x00007ffac88f0000 - 0x00007ffac89b4000 	C:\windows\System32\KERNEL32.DLL
0x00007ffac6610000 - 0x00007ffac69e3000 	C:\windows\System32\KERNELBASE.dll
0x00007ffac6a70000 - 0x00007ffac6b81000 	C:\windows\System32\ucrtbase.dll
0x00007ffac2570000 - 0x00007ffac258e000 	c:\Users\boini\.vscode\extensions\redhat.java-1.55.0-win32-x64\jre\21.0.11-win32-x86_64\bin\VCRUNTIME140.dll
0x00007ffac2370000 - 0x00007ffac2388000 	c:\Users\boini\.vscode\extensions\redhat.java-1.55.0-win32-x64\jre\21.0.11-win32-x86_64\bin\jli.dll
0x00007ffac7de0000 - 0x00007ffac7f92000 	C:\windows\System32\USER32.dll
0x00007ffac6d30000 - 0x00007ffac6d56000 	C:\windows\System32\win32u.dll
0x00007ffaaaea0000 - 0x00007ffaab13c000 	C:\windows\WinSxS\amd64_microsoft.windows.common-controls_6595b64144ccf1df_6.0.22621.6060_none_2712eda17382d24b\COMCTL32.dll
0x00007ffac9120000 - 0x00007ffac9149000 	C:\windows\System32\GDI32.dll
0x00007ffac8370000 - 0x00007ffac8417000 	C:\windows\System32\msvcrt.dll
0x00007ffac6b90000 - 0x00007ffac6cab000 	C:\windows\System32\gdi32full.dll
0x00007ffac6d60000 - 0x00007ffac6dfa000 	C:\windows\System32\msvcp_win.dll
0x00007ffac8e50000 - 0x00007ffac8e81000 	C:\windows\System32\IMM32.DLL
0x00007ffac2560000 - 0x00007ffac256c000 	c:\Users\boini\.vscode\extensions\redhat.java-1.55.0-win32-x64\jre\21.0.11-win32-x86_64\bin\vcruntime140_1.dll
0x00007ffab5d20000 - 0x00007ffab5dad000 	c:\Users\boini\.vscode\extensions\redhat.java-1.55.0-win32-x64\jre\21.0.11-win32-x86_64\bin\msvcp140.dll
0x00007ffa4f9c0000 - 0x00007ffa50762000 	c:\Users\boini\.vscode\extensions\redhat.java-1.55.0-win32-x64\jre\21.0.11-win32-x86_64\bin\server\jvm.dll
0x00007ffac7d00000 - 0x00007ffac7db1000 	C:\windows\System32\ADVAPI32.dll
0x00007ffac80b0000 - 0x00007ffac8158000 	C:\windows\System32\sechost.dll
0x00007ffac6e00000 - 0x00007ffac6e28000 	C:\windows\System32\bcrypt.dll
0x00007ffac8420000 - 0x00007ffac8538000 	C:\windows\System32\RPCRT4.dll
0x00007ffac8860000 - 0x00007ffac88d1000 	C:\windows\System32\WS2_32.dll
0x00007ffabba90000 - 0x00007ffabbac4000 	C:\windows\SYSTEM32\WINMM.dll
0x00007ffac6170000 - 0x00007ffac61bd000 	C:\windows\SYSTEM32\POWRPROF.dll
0x00007ffabb8d0000 - 0x00007ffabb8da000 	C:\windows\SYSTEM32\VERSION.dll
0x00007ffac6150000 - 0x00007ffac6163000 	C:\windows\SYSTEM32\UMPDC.dll
0x00007ffac5240000 - 0x00007ffac5258000 	C:\windows\SYSTEM32\kernel.appcore.dll
0x00007ffac03c0000 - 0x00007ffac03ca000 	c:\Users\boini\.vscode\extensions\redhat.java-1.55.0-win32-x64\jre\21.0.11-win32-x86_64\bin\jimage.dll
0x00007ffac3c70000 - 0x00007ffac3ea3000 	C:\windows\SYSTEM32\DBGHELP.DLL
0x00007ffac6ea0000 - 0x00007ffac7231000 	C:\windows\System32\combase.dll
0x00007ffac8290000 - 0x00007ffac8368000 	C:\windows\System32\OLEAUT32.dll
0x00007ffaa1710000 - 0x00007ffaa1742000 	C:\windows\SYSTEM32\dbgcore.DLL
0x00007ffac69f0000 - 0x00007ffac6a6b000 	C:\windows\System32\bcryptPrimitives.dll
0x00007ffabffa0000 - 0x00007ffabffaf000 	c:\Users\boini\.vscode\extensions\redhat.java-1.55.0-win32-x64\jre\21.0.11-win32-x86_64\bin\instrument.dll
0x00007ffabfe00000 - 0x00007ffabfe20000 	c:\Users\boini\.vscode\extensions\redhat.java-1.55.0-win32-x64\jre\21.0.11-win32-x86_64\bin\java.dll
0x00007ffac73f0000 - 0x00007ffac7c8c000 	C:\windows\System32\SHELL32.dll
0x00007ffac62a0000 - 0x00007ffac63df000 	C:\windows\System32\wintypes.dll
0x00007ffac4150000 - 0x00007ffac4a6a000 	C:\windows\SYSTEM32\windows.storage.dll
0x00007ffac7fa0000 - 0x00007ffac80a4000 	C:\windows\System32\SHCORE.dll
0x00007ffac6e30000 - 0x00007ffac6e99000 	C:\windows\System32\shlwapi.dll
0x00007ffac61d0000 - 0x00007ffac61f5000 	C:\windows\SYSTEM32\profapi.dll
0x00007ffabfde0000 - 0x00007ffabfdf8000 	c:\Users\boini\.vscode\extensions\redhat.java-1.55.0-win32-x64\jre\21.0.11-win32-x86_64\bin\zip.dll
0x00007ffabfe30000 - 0x00007ffabfe40000 	C:\Users\boini\.vscode\extensions\redhat.java-1.55.0-win32-x64\jre\21.0.11-win32-x86_64\bin\net.dll
0x00007ffac2c20000 - 0x00007ffac2d4c000 	C:\windows\SYSTEM32\WINHTTP.dll
0x00007ffac5710000 - 0x00007ffac5779000 	C:\windows\system32\mswsock.dll
0x00007ffabb2d0000 - 0x00007ffabb2e6000 	C:\Users\boini\.vscode\extensions\redhat.java-1.55.0-win32-x64\jre\21.0.11-win32-x86_64\bin\nio.dll
0x00007ffabcbd0000 - 0x00007ffabcbe0000 	c:\Users\boini\.vscode\extensions\redhat.java-1.55.0-win32-x64\jre\21.0.11-win32-x86_64\bin\verify.dll
0x00007ffaab210000 - 0x00007ffaab255000 	C:\Users\boini\AppData\Roaming\Code\User\globalStorage\redhat.java\1.55.0\config_ss_win\org.eclipse.equinox.launcher\org.eclipse.equinox.launcher.win32.win32.x86_64_1.3.100.v20260613-0559\eclipse_11924.dll
0x00007ffac7240000 - 0x00007ffac73e1000 	C:\windows\System32\ole32.dll
0x00007ffac5930000 - 0x00007ffac594b000 	C:\windows\SYSTEM32\CRYPTSP.dll
0x00007ffac51a0000 - 0x00007ffac51d7000 	C:\windows\system32\rsaenh.dll
0x00007ffac57d0000 - 0x00007ffac57f8000 	C:\windows\SYSTEM32\USERENV.dll
0x00007ffac5950000 - 0x00007ffac595c000 	C:\windows\SYSTEM32\CRYPTBASE.dll
0x00007ffac4cd0000 - 0x00007ffac4cfd000 	C:\windows\SYSTEM32\IPHLPAPI.DLL
0x00007ffac88e0000 - 0x00007ffac88e9000 	C:\windows\System32\NSI.dll
0x00007ffaa4d60000 - 0x00007ffaa4da9000 	C:\Users\boini\AppData\Local\Temp\jna-93916279\jna16867870702776905167.dll
0x00007ffac8e90000 - 0x00007ffac8e98000 	C:\windows\System32\PSAPI.DLL

JVMTI agents:
c:\Users\boini\.vscode\extensions\redhat.java-1.55.0-win32-x64\lombok\lombok-1.18.39-4050.jar path:c:\Users\boini\.vscode\extensions\redhat.java-1.55.0-win32-x64\jre\21.0.11-win32-x86_64\bin\instrument.dll, loaded, initialized, instrumentlib options:none

dbghelp: loaded successfully - version: 4.0.5 - missing functions: none
symbol engine: initialized successfully - sym options: 0x614 - pdb path: .;c:\Users\boini\.vscode\extensions\redhat.java-1.55.0-win32-x64\jre\21.0.11-win32-x86_64\bin;C:\windows\SYSTEM32;C:\windows\WinSxS\amd64_microsoft.windows.common-controls_6595b64144ccf1df_6.0.22621.6060_none_2712eda17382d24b;c:\Users\boini\.vscode\extensions\redhat.java-1.55.0-win32-x64\jre\21.0.11-win32-x86_64\bin\server;C:\Users\boini\AppData\Roaming\Code\User\globalStorage\redhat.java\1.55.0\config_ss_win\org.eclipse.equinox.launcher\org.eclipse.equinox.launcher.win32.win32.x86_64_1.3.100.v20260613-0559;C:\Users\boini\AppData\Local\Temp\jna-93916279

VM Arguments:
jvm_args: --add-modules=ALL-SYSTEM --add-opens=java.base/java.util=ALL-UNNAMED --add-opens=java.base/java.lang=ALL-UNNAMED --add-opens=java.base/sun.nio.fs=ALL-UNNAMED -Declipse.application=org.eclipse.jdt.ls.core.id1 -Dosgi.bundles.defaultStartLevel=4 -Declipse.product=org.eclipse.jdt.ls.core.product -Djava.import.generatesMetadataFilesAtProjectRoot=false -DDetectVMInstallationsJob.disabled=true -Dfile.encoding=utf8 -XX:+UseParallelGC -XX:GCTimeRatio=4 -XX:AdaptiveSizePolicyWeight=90 -Dsun.zip.disableMemoryMapping=true -Xmx2G -Xms100m -Xlog:disable -javaagent:c:\Users\boini\.vscode\extensions\redhat.java-1.55.0-win32-x64\lombok\lombok-1.18.39-4050.jar 
java_command: c:\Users\boini\.vscode\extensions\redhat.java-1.55.0-win32-x64\server\plugins\org.eclipse.equinox.launcher_1.7.200.v20260619-2039.jar -configuration c:\Users\boini\AppData\Roaming\Code\User\globalStorage\redhat.java\1.55.0\config_ss_win -data c:\Users\boini\AppData\Roaming\Code\User\workspaceStorage\e6bb11de103c9e1a934892c7d0c01b98\redhat.java\ss_ws --pipe=\\.\pipe\lsp-a7ae9eadd459757eeaef12160a35acdc-sock
java_class_path (initial): c:\Users\boini\.vscode\extensions\redhat.java-1.55.0-win32-x64\server\plugins\org.eclipse.equinox.launcher_1.7.200.v20260619-2039.jar
Launcher Type: SUN_STANDARD

[Global flags]
    uintx AdaptiveSizePolicyWeight                 = 90                                        {product} {command line}
     intx CICompilerCount                          = 4                                         {product} {ergonomic}
    uintx GCTimeRatio                              = 4                                         {product} {command line}
   size_t InitialHeapSize                          = 104857600                                 {product} {command line}
   size_t MaxHeapSize                              = 2147483648                                {product} {command line}
   size_t MaxNewSize                               = 715653120                                 {product} {ergonomic}
   size_t MinHeapDeltaBytes                        = 524288                                    {product} {ergonomic}
   size_t MinHeapSize                              = 104857600                                 {product} {command line}
   size_t NewSize                                  = 34603008                                  {product} {ergonomic}
    uintx NonNMethodCodeHeapSize                   = 5839372                                {pd product} {ergonomic}
    uintx NonProfiledCodeHeapSize                  = 122909434                              {pd product} {ergonomic}
   size_t OldSize                                  = 70254592                                  {product} {ergonomic}
    uintx ProfiledCodeHeapSize                     = 122909434                              {pd product} {ergonomic}
    uintx ReservedCodeCacheSize                    = 251658240                              {pd product} {ergonomic}
     bool SegmentedCodeCache                       = true                                      {product} {ergonomic}
   size_t SoftMaxHeapSize                          = 2147483648                             {manageable} {ergonomic}
     bool UseCompressedOops                        = true                           {product lp64_product} {ergonomic}
     bool UseLargePagesIndividualAllocation        = false                                  {pd product} {ergonomic}
     bool UseParallelGC                            = true                                      {product} {command line}

Logging:
Log output configuration:
 #0: stdout all=off uptime,level,tags foldmultilines=false
 #1: stderr all=off uptime,level,tags foldmultilines=false

Release file:
JAVA_VERSION="21.0.11" 
MODULES="java.base java.compiler java.datatransfer java.xml java.prefs java.desktop java.instrument java.logging java.management java.security.sasl java.naming java.rmi java.management.rmi java.net.http java.scripting java.security.jgss java.transaction.xa java.sql java.sql.rowset java.xml.crypto java.se java.smartcardio jdk.accessibility jdk.internal.jvmstat jdk.attach jdk.charsets jdk.internal.opt jdk.zipfs jdk.compiler jdk.crypto.ec jdk.crypto.cryptoki jdk.crypto.mscapi jdk.dynalink jdk.internal.ed jdk.editpad jdk.hotspot.agent jdk.httpserver jdk.internal.le jdk.internal.vm.ci jdk.internal.vm.compiler jdk.internal.vm.compiler.management jdk.jartool jdk.javadoc jdk.jcmd jdk.management jdk.management.agent jdk.jconsole jdk.jdeps jdk.jdwp.agent jdk.jdi jdk.jfr jdk.jshell jdk.jsobject jdk.jstatd jdk.localedata jdk.management.jfr jdk.naming.dns jdk.naming.rmi jdk.net jdk.nio.mapmode jdk.random jdk.sctp jdk.security.auth jdk.security.jgss jdk.unsupported jdk.unsupported.desktop jdk.xml.dom" 

Environment Variables:
PATH=C:\oraclexe\app\oracle\product\11.2.0\server\bin;;C:\windows\system32;C:\windows;C:\windows\System32\Wbem;C:\windows\System32\WindowsPowerShell\v1.0\;C:\windows\System32\OpenSSH\;C:\Program Files (x86)\Microsoft SQL Server\160\DTS\Binn\;C:\Program Files\Azure Data Studio\bin;C:\Program Files (x86)\Microsoft SQL Server\150\Tools\Binn\;C:\Program Files\Microsoft SQL Server\150\Tools\Binn\;C:\Program Files (x86)\Microsoft SQL Server\150\DTS\Binn\;C:\Program Files\Microsoft SQL Server\150\DTS\Binn\;C:\Program Files\Microsoft SQL Server\Client SDK\ODBC\170\Tools\Binn\;C:\Program Files\Java\jdk-24\bin;C:\Program Files\Git\cmd;C:\Program Files\nodejs\;C:\Program Files\Git LFS;C:\Users\boini\AppData\Local\Programs\Python\Python310\Scripts\;C:\Users\boini\AppData\Local\Programs\Python\Python310\;C:\windows\system32;C:\windows;C:\windows\System32\Wbem;C:\windows\System32\WindowsPowerShell\v1.0\;C:\windows\System32\OpenSSH\;C:\Program Files (x86)\Microsoft SQL Server\160\DTS\Binn\;C:\Program Files\Azure Data Studio\bin;C:\Program Files (x86)\Microsoft SQL Server\150\Tools\Binn\;C:\Program Files\Microsoft SQL Server\150\Tools\Binn\;C:\Program Files (x86)\Microsoft SQL Server\150\DTS\Binn\;C:\Program Files\Microsoft SQL Server\150\DTS\Binn\;C:\Program Files\Microsoft SQL Server\Client SDK\ODBC\170\Tools\Binn\;C:\Program Files\Java\jdk-24\bin;C:\Program Files\Git\cmd;C:\Program Files\nodejs\;C:\Users\boini\AppData\Local\Programs\Python\Python37\Scripts\;C:\Users\boini\AppData\Local\Programs\Python\Python37\;C:\Program Files\Java;C:\Users\boini\AppData\Local\GitHubDesktop\bin;C:\Users\boini\AppData\Local\Programs\Microsoft VS Code\bin;C:\Users\boini\AppData\Roaming\npm;D:\Users\apache-maven-3.9.16-bin\apache-maven-3.9.16\bin;C:\Users\boini\AppData\Local\Programs\Antigravity IDE\bin
USERNAME=boini
OS=Windows_NT
PROCESSOR_IDENTIFIER=Intel64 Family 6 Model 154 Stepping 4, GenuineIntel
TMP=C:\Users\boini\AppData\Local\Temp
TEMP=C:\Users\boini\AppData\Local\Temp




Periodic native trim disabled

---------------  S Y S T E M  ---------------

OS:
 Windows 11 , 64 bit Build 22621 (10.0.22621.5415)
OS uptime: 2 days 19:40 hours
Hyper-V role detected

CPU: total 12 (initial active 12) (6 cores per cpu, 2 threads per core) family 6 model 154 stepping 4 microcode 0x42c, cx8, cmov, fxsr, ht, mmx, 3dnowpref, sse, sse2, sse3, ssse3, sse4.1, sse4.2, popcnt, lzcnt, tsc, tscinvbit, avx, avx2, aes, erms, clmul, bmi1, bmi2, adx, sha, fma, vzeroupper, clflush, clflushopt, clwb, hv, serialize, rdtscp, rdpid, fsrm, f16c, cet_ibt, cet_ss
Processor Information for processor 0
  Max Mhz: 1300, Current Mhz: 1300, Mhz Limit: 1300
Processor Information for processor 1
  Max Mhz: 1300, Current Mhz: 1300, Mhz Limit: 1300
Processor Information for processor 2
  Max Mhz: 1300, Current Mhz: 1300, Mhz Limit: 1300
Processor Information for processor 3
  Max Mhz: 1300, Current Mhz: 1300, Mhz Limit: 1300
Processor Information for processor 4
  Max Mhz: 1300, Current Mhz: 900, Mhz Limit: 897
Processor Information for processor 5
  Max Mhz: 1300, Current Mhz: 900, Mhz Limit: 897
Processor Information for processor 6
  Max Mhz: 1300, Current Mhz: 900, Mhz Limit: 897
Processor Information for processor 7
  Max Mhz: 1300, Current Mhz: 900, Mhz Limit: 897
Processor Information for processor 8
  Max Mhz: 1300, Current Mhz: 900, Mhz Limit: 897
Processor Information for processor 9
  Max Mhz: 1300, Current Mhz: 900, Mhz Limit: 897
Processor Information for processor 10
  Max Mhz: 1300, Current Mhz: 900, Mhz Limit: 897
Processor Information for processor 11
  Max Mhz: 1300, Current Mhz: 900, Mhz Limit: 897

Memory: 4k page, system-wide physical 7863M (423M free)
TotalPageFile size 13878M (AvailPageFile size 1M)
current process WorkingSet (physical memory assigned to process): 127M, peak: 129M
current process commit charge ("private bytes"): 275M, peak: 277M

vm_info: OpenJDK 64-Bit Server VM (21.0.11+10-LTS) for windows-amd64 JRE (21.0.11+10-LTS), built on 2026-04-21T00:00:00Z by "admin" with MS VC++ 17.12 (VS2022)

END.
