#
# There is insufficient memory for the Java Runtime Environment to continue.
# Native memory allocation (malloc) failed to allocate 233568 bytes. Error detail: Chunk::new
# Possible reasons:
#   The system is out of physical RAM or swap space
#   This process is running with CompressedOops enabled, and the Java Heap may be blocking the growth of the native heap
# Possible solutions:
#   Reduce memory load on the system
#   Increase physical memory or swap space
#   Check if swap backing store is full
#   Decrease Java heap size (-Xmx/-Xms)
#   Decrease number of Java threads
#   Decrease Java thread stack sizes (-Xss)
#   Set larger code cache with -XX:ReservedCodeCacheSize=
#   JVM is running with Unscaled Compressed Oops mode in which the Java heap is
#     placed in the first 4GB address space. The Java Heap base address is the
#     maximum limit for the native heap growth. Please use -XX:HeapBaseMinAddress
#     to set the Java Heap base and to place the Java Heap above 4GB virtual address.
# This output file may be truncated or incomplete.
#
#  Out of Memory Error (arena.cpp:168), pid=13552, tid=23140
#
# JRE version: OpenJDK Runtime Environment Temurin-21.0.11+10 (21.0.11+10) (build 21.0.11+10-LTS)
# Java VM: OpenJDK 64-Bit Server VM Temurin-21.0.11+10 (21.0.11+10-LTS, mixed mode, sharing, tiered, compressed oops, compressed class ptrs, parallel gc, windows-amd64)
# No core dump will be written. Minidumps are not enabled by default on client versions of Windows
#

---------------  S U M M A R Y ------------

Command Line: --add-modules=ALL-SYSTEM --add-opens=java.base/java.util=ALL-UNNAMED --add-opens=java.base/java.lang=ALL-UNNAMED --add-opens=java.base/sun.nio.fs=ALL-UNNAMED -Declipse.application=org.eclipse.jdt.ls.core.id1 -Dosgi.bundles.defaultStartLevel=4 -Declipse.product=org.eclipse.jdt.ls.core.product -Djava.import.generatesMetadataFilesAtProjectRoot=false -DDetectVMInstallationsJob.disabled=true -Dfile.encoding=utf8 -XX:+UseParallelGC -XX:GCTimeRatio=4 -XX:AdaptiveSizePolicyWeight=90 -Dsun.zip.disableMemoryMapping=true -Xmx2G -Xms100m -Xlog:disable -javaagent:c:\Users\boini\.vscode\extensions\redhat.java-1.55.0-win32-x64\lombok\lombok-1.18.39-4050.jar c:\Users\boini\.vscode\extensions\redhat.java-1.55.0-win32-x64\server\plugins\org.eclipse.equinox.launcher_1.7.200.v20260619-2039.jar -configuration c:\Users\boini\AppData\Roaming\Code\User\globalStorage\redhat.java\1.55.0\config_ss_win -data c:\Users\boini\AppData\Roaming\Code\User\workspaceStorage\e6bb11de103c9e1a934892c7d0c01b98\redhat.java\ss_ws --pipe=\\.\pipe\lsp-04f6bc3b332a114a0bc7de5d64456b7c-sock

Host: 12th Gen Intel(R) Core(TM) i5-1235U, 12 cores, 7G,  Windows 11 , 64 bit Build 22621 (10.0.22621.5415)
Time: Tue Jul 21 23:50:59 2026 India Standard Time elapsed time: 3.405186 seconds (0d 0h 0m 3s)

---------------  T H R E A D  ---------------

Current thread (0x000002095b03b350):  JavaThread "C2 CompilerThread0" daemon [_thread_in_native, id=23140, stack(0x0000005318900000,0x0000005318a00000) (1024K)]


Current CompileTask:
C2:3405 3696       4       jdk.internal.module.SystemModuleFinders$SystemModuleReader::find (59 bytes)

Stack: [0x0000005318900000,0x0000005318a00000]
Native frames: (J=compiled Java code, j=interpreted, Vv=VM code, C=native code)
V  [jvm.dll+0x6d7e19]
V  [jvm.dll+0x8b5096]
V  [jvm.dll+0x8b764e]
V  [jvm.dll+0x8b7d33]
V  [jvm.dll+0x284596]
V  [jvm.dll+0xc685d]
V  [jvm.dll+0xc6da1]
V  [jvm.dll+0x3bed6b]
V  [jvm.dll+0x38b2b2]
V  [jvm.dll+0x38a6fa]
V  [jvm.dll+0x24c700]
V  [jvm.dll+0x24bce0]
V  [jvm.dll+0x1cb4ae]
V  [jvm.dll+0x25baad]
V  [jvm.dll+0x25a03a]
V  [jvm.dll+0x3f868e]
V  [jvm.dll+0x85fb0d]
V  [jvm.dll+0x6d664d]
C  [ucrtbase.dll+0x29333]
C  [KERNEL32.DLL+0x1259d]
C  [ntdll.dll+0x5af78]


---------------  P R O C E S S  ---------------

Threads class SMR info:
_java_thread_list=0x000002097a441920, length=39, elements={
0x000002095af8e3f0, 0x000002095b02ffb0, 0x000002095b031e40, 0x000002095b034bc0,
0x000002095b035ae0, 0x000002095b037650, 0x000002095b03d4d0, 0x000002095b03b350,
0x000002095b03ef50, 0x0000020972f28640, 0x0000020973020c00, 0x0000020972fee100,
0x00000209783abe40, 0x0000020978b88290, 0x00000209787af1f0, 0x0000020978abda40,
0x0000020978cb6560, 0x0000020978be6aa0, 0x0000020978bee020, 0x0000020978c18aa0,
0x0000020978c1a4e0, 0x0000020978c176f0, 0x0000020978c19e50, 0x0000020978c197c0,
0x0000020978c17d80, 0x0000020978c17060, 0x0000020978c19130, 0x0000020978c18410,
0x000002097a980670, 0x000002097a981390, 0x000002097a983af0, 0x000002097a980d00,
0x000002097a984ea0, 0x000002097a984180, 0x000002097a981a20, 0x000002097a97f950,
0x000002097a985bc0, 0x000002097a97f2c0, 0x000002097a982dd0
}

Java Threads: ( => current thread )
  0x000002095af8e3f0 JavaThread "main"                              [_thread_blocked, id=14028, stack(0x0000005317f00000,0x0000005318000000) (1024K)]
  0x000002095b02ffb0 JavaThread "Reference Handler"          daemon [_thread_blocked, id=18516, stack(0x0000005318300000,0x0000005318400000) (1024K)]
  0x000002095b031e40 JavaThread "Finalizer"                  daemon [_thread_blocked, id=24444, stack(0x0000005318400000,0x0000005318500000) (1024K)]
  0x000002095b034bc0 JavaThread "Signal Dispatcher"          daemon [_thread_blocked, id=19328, stack(0x0000005318500000,0x0000005318600000) (1024K)]
  0x000002095b035ae0 JavaThread "Attach Listener"            daemon [_thread_blocked, id=23032, stack(0x0000005318600000,0x0000005318700000) (1024K)]
  0x000002095b037650 JavaThread "Service Thread"             daemon [_thread_blocked, id=23952, stack(0x0000005318700000,0x0000005318800000) (1024K)]
  0x000002095b03d4d0 JavaThread "Monitor Deflation Thread"   daemon [_thread_blocked, id=4192, stack(0x0000005318800000,0x0000005318900000) (1024K)]
=>0x000002095b03b350 JavaThread "C2 CompilerThread0"         daemon [_thread_in_native, id=23140, stack(0x0000005318900000,0x0000005318a00000) (1024K)]
  0x000002095b03ef50 JavaThread "C1 CompilerThread0"         daemon [_thread_in_vm, id=9640, stack(0x0000005318a00000,0x0000005318b00000) (1024K)]
  0x0000020972f28640 JavaThread "C2 CompilerThread1"         daemon [_thread_in_native, id=24008, stack(0x0000005318b00000,0x0000005318c00000) (1024K)]
  0x0000020973020c00 JavaThread "Common-Cleaner"             daemon [_thread_blocked, id=10172, stack(0x0000005318c00000,0x0000005318d00000) (1024K)]
  0x0000020972fee100 JavaThread "Notification Thread"        daemon [_thread_blocked, id=9356, stack(0x0000005318d00000,0x0000005318e00000) (1024K)]
  0x00000209783abe40 JavaThread "Active Thread: Equinox Container: ac775254-e9a0-425e-9627-83bf530bde8a"        [_thread_blocked, id=14960, stack(0x0000005318e00000,0x0000005318f00000) (1024K)]
  0x0000020978b88290 JavaThread "Framework Event Dispatcher: Equinox Container: ac775254-e9a0-425e-9627-83bf530bde8a" daemon [_thread_blocked, id=16180, stack(0x0000005319500000,0x0000005319600000) (1024K)]
  0x00000209787af1f0 JavaThread "Start Level: Equinox Container: ac775254-e9a0-425e-9627-83bf530bde8a" daemon [_thread_blocked, id=19428, stack(0x0000005319600000,0x0000005319700000) (1024K)]
  0x0000020978abda40 JavaThread "SCR Component Actor"        daemon [_thread_blocked, id=5768, stack(0x0000005319800000,0x0000005319900000) (1024K)]
  0x0000020978cb6560 JavaThread "Worker-JM"                         [_thread_blocked, id=24044, stack(0x0000005319900000,0x0000005319a00000) (1024K)]
  0x0000020978be6aa0 JavaThread "JNA Cleaner"                daemon [_thread_blocked, id=5608, stack(0x0000005319c00000,0x0000005319d00000) (1024K)]
  0x0000020978bee020 JavaThread "Worker-0"                          [_thread_blocked, id=15636, stack(0x0000005319d00000,0x0000005319e00000) (1024K)]
  0x0000020978c18aa0 JavaThread "Worker-1"                          [_thread_blocked, id=24052, stack(0x0000005319e00000,0x0000005319f00000) (1024K)]
  0x0000020978c1a4e0 JavaThread "Thread-1"                   daemon [_thread_in_native, id=16092, stack(0x0000005319f00000,0x000000531a000000) (1024K)]
  0x0000020978c176f0 JavaThread "Thread-2"                   daemon [_thread_in_native, id=22932, stack(0x000000531a000000,0x000000531a100000) (1024K)]
  0x0000020978c19e50 JavaThread "Thread-3"                   daemon [_thread_in_native, id=23516, stack(0x000000531a100000,0x000000531a200000) (1024K)]
  0x0000020978c197c0 JavaThread "Thread-4"                   daemon [_thread_in_native, id=22676, stack(0x000000531a200000,0x000000531a300000) (1024K)]
  0x0000020978c17d80 JavaThread "Thread-5"                   daemon [_thread_in_native, id=14024, stack(0x000000531a300000,0x000000531a400000) (1024K)]
  0x0000020978c17060 JavaThread "Thread-6"                   daemon [_thread_in_native, id=13084, stack(0x000000531a400000,0x000000531a500000) (1024K)]
  0x0000020978c19130 JavaThread "Thread-7"                   daemon [_thread_in_native, id=17704, stack(0x000000531a500000,0x000000531a600000) (1024K)]
  0x0000020978c18410 JavaThread "Thread-8"                   daemon [_thread_in_native, id=1740, stack(0x000000531a600000,0x000000531a700000) (1024K)]
  0x000002097a980670 JavaThread "Thread-9"                   daemon [_thread_in_native, id=15708, stack(0x000000531a700000,0x000000531a800000) (1024K)]
  0x000002097a981390 JavaThread "Thread-10"                  daemon [_thread_in_native, id=4164, stack(0x000000531a800000,0x000000531a900000) (1024K)]
  0x000002097a983af0 JavaThread "Thread-11"                  daemon [_thread_in_native, id=5420, stack(0x000000531a900000,0x000000531aa00000) (1024K)]
  0x000002097a980d00 JavaThread "Thread-12"                  daemon [_thread_in_native, id=9428, stack(0x000000531aa00000,0x000000531ab00000) (1024K)]
  0x000002097a984ea0 JavaThread "Thread-13"                  daemon [_thread_in_native, id=23680, stack(0x000000531ab00000,0x000000531ac00000) (1024K)]
  0x000002097a984180 JavaThread "pool-2-thread-1"                   [_thread_blocked, id=22112, stack(0x000000531ac00000,0x000000531ad00000) (1024K)]
  0x000002097a981a20 JavaThread "Worker-2"                          [_thread_blocked, id=24240, stack(0x000000531ad00000,0x000000531ae00000) (1024K)]
  0x000002097a97f950 JavaThread "WorkspaceEventsHandler"            [_thread_blocked, id=16128, stack(0x000000531ae00000,0x000000531af00000) (1024K)]
  0x000002097a985bc0 JavaThread "pool-1-thread-1"                   [_thread_in_vm, id=16684, stack(0x000000531af00000,0x000000531b000000) (1024K)]
  0x000002097a97f2c0 JavaThread "ForkJoinPool.commonPool-worker-1" daemon [_thread_in_vm, id=4552, stack(0x000000531b000000,0x000000531b100000) (1024K)]
  0x000002097a982dd0 JavaThread "ForkJoinPool.commonPool-worker-2" daemon [_thread_blocked, id=22584, stack(0x000000531b100000,0x000000531b200000) (1024K)]
Total: 39

Other Threads:
  0x000002095b02f970 VMThread "VM Thread"                           [id=18548, stack(0x0000005318200000,0x0000005318300000) (1024K)]
  0x000002097191ca00 WatcherThread "VM Periodic Task Thread"        [id=18740, stack(0x0000005318100000,0x0000005318200000) (1024K)]
  0x000002095afad2e0 WorkerThread "GC Thread#0"                     [id=14504, stack(0x0000005318000000,0x0000005318100000) (1024K)]
  0x0000020978593ce0 WorkerThread "GC Thread#1"                     [id=9736, stack(0x0000005318f00000,0x0000005319000000) (1024K)]
  0x0000020978594090 WorkerThread "GC Thread#2"                     [id=19452, stack(0x0000005319000000,0x0000005319100000) (1024K)]
  0x0000020978946b60 WorkerThread "GC Thread#3"                     [id=2552, stack(0x0000005319100000,0x0000005319200000) (1024K)]
  0x0000020978946f10 WorkerThread "GC Thread#4"                     [id=13956, stack(0x0000005319200000,0x0000005319300000) (1024K)]
  0x00000209789472c0 WorkerThread "GC Thread#5"                     [id=2056, stack(0x0000005319300000,0x0000005319400000) (1024K)]
  0x00000209788f1540 WorkerThread "GC Thread#6"                     [id=14104, stack(0x0000005319400000,0x0000005319500000) (1024K)]
  0x0000020978a93e30 WorkerThread "GC Thread#7"                     [id=22732, stack(0x0000005319700000,0x0000005319800000) (1024K)]
  0x000002097896db30 WorkerThread "GC Thread#8"                     [id=21896, stack(0x0000005319a00000,0x0000005319b00000) (1024K)]
  0x0000020978cd5290 WorkerThread "GC Thread#9"                     [id=12836, stack(0x0000005319b00000,0x0000005319c00000) (1024K)]
Total: 12

Threads with active compile tasks:
C2 CompilerThread0  3417 3696       4       jdk.internal.module.SystemModuleFinders$SystemModuleReader::find (59 bytes)
C1 CompilerThread0  3417 3747       3       org.eclipse.core.internal.resources.Workspace::newResource (168 bytes)
C2 CompilerThread1  3417 3694       4       java.lang.invoke.MethodType::makeImpl (109 bytes)
Total: 3

VM state: not at safepoint (normal execution)

VM Mutex/Monitor currently owned by a thread:  ([mutex/lock_event])
[0x00007ffb4dbdd4f0] Metaspace_lock - owner thread: 0x000002097a985bc0

Heap address: 0x0000000080000000, size: 2048 MB, Compressed Oops mode: 32-bit

CDS archive(s) mapped at: [0x0000020900000000-0x0000020900ba0000-0x0000020900ba0000), size 12189696, SharedBaseAddress: 0x0000020900000000, ArchiveRelocationMode: 1.
Compressed class space mapped at: 0x0000020901000000-0x0000020941000000, reserved size: 1073741824
Narrow klass base: 0x0000020900000000, Narrow klass shift: 0, Narrow klass range: 0x100000000

GC Precious Log:
 CardTable entry size: 512
 CPUs: 12 total, 12 available
 Memory: 7863M
 Large Page Support: Disabled
 NUMA Support: Disabled
 Compressed Oops: Enabled (32-bit)
 Alignments: Space 512K, Generation 512K, Heap 2M
 Heap Min Capacity: 100M
 Heap Initial Capacity: 100M
 Heap Max Capacity: 2G
 Pre-touch: Disabled
 Parallel Workers: 10

Heap:
 PSYoungGen      total 27648K, used 19909K [0x00000000d5580000, 0x00000000d7680000, 0x0000000100000000)
  eden space 22528K, 66% used [0x00000000d5580000,0x00000000d6418060,0x00000000d6b80000)
  from space 5120K, 96% used [0x00000000d6c00000,0x00000000d70d94e0,0x00000000d7100000)
  to   space 5632K, 0% used [0x00000000d7100000,0x00000000d7100000,0x00000000d7680000)
 ParOldGen       total 68608K, used 9758K [0x0000000080000000, 0x0000000084300000, 0x00000000d5580000)
  object space 68608K, 14% used [0x0000000080000000,0x0000000080987b50,0x0000000084300000)
 Metaspace       used 31869K, committed 32704K, reserved 1114112K
  class space    used 3216K, committed 3584K, reserved 1048576K

Card table byte_map: [0x000002095a940000,0x000002095ad50000] _byte_map_base: 0x000002095a540000

Marking Bits: (ParMarkBitMap*) 0x00007ffb4dbe4460
 Begin Bits: [0x000002096d440000, 0x000002096f440000)
 End Bits:   [0x000002096f440000, 0x0000020971440000)

Polling page: 0x0000020958e70000

Metaspace:

Usage:
  Non-class:     27.98 MB used.
      Class:      3.14 MB used.
       Both:     31.12 MB used.

Virtual space:
  Non-class space:       64.00 MB reserved,      28.44 MB ( 44%) committed,  1 nodes.
      Class space:        1.00 GB reserved,       3.50 MB ( <1%) committed,  1 nodes.
             Both:        1.06 GB reserved,      31.94 MB (  3%) committed. 

Chunk freelists:
   Non-Class:  2.88 MB
       Class:  12.44 MB
        Both:  15.31 MB

MaxMetaspaceSize: unlimited
CompressedClassSpaceSize: 1.00 GB
Initial GC threshold: 21.00 MB
Current GC threshold: 35.00 MB
CDS: on
 - commit_granule_bytes: 65536.
 - commit_granule_words: 8192.
 - virtual_space_node_default_size: 8388608.
 - enlarge_chunks_in_place: 1.
 - use_allocation_guard: 0.


Internal statistics:

num_allocs_failed_limit: 3.
num_arena_births: 586.
num_arena_deaths: 14.
num_vsnodes_births: 2.
num_vsnodes_deaths: 0.
num_space_committed: 511.
num_space_uncommitted: 0.
num_chunks_returned_to_freelist: 17.
num_chunks_taken_from_freelist: 1882.
num_chunk_merges: 9.
num_chunk_splits: 1203.
num_chunks_enlarged: 750.
num_inconsistent_stats: 0.

CodeHeap 'non-profiled nmethods': size=120000Kb used=1745Kb max_used=1745Kb free=118255Kb
 bounds [0x0000020965c60000, 0x0000020965ed0000, 0x000002096d190000]
CodeHeap 'profiled nmethods': size=120000Kb used=7280Kb max_used=7280Kb free=112719Kb
 bounds [0x000002095e190000, 0x000002095e8b0000, 0x00000209656c0000]
CodeHeap 'non-nmethods': size=5760Kb used=1350Kb max_used=1391Kb free=4409Kb
 bounds [0x00000209656c0000, 0x0000020965930000, 0x0000020965c60000]
CodeCache: size=245760Kb, used=10375Kb, max_used=10416Kb, free=235383Kb
 total_blobs=4379, nmethods=3735, adapters=550, full_count=0
Compilation: enabled, stopped_count=0, restarted_count=0

Compilation events (20 events):
Event: 3.336 Thread 0x000002095b03ef50 3689       3       java.lang.StringBuilder::setLength (6 bytes)
Event: 3.336 Thread 0x0000020972f28640 3690       4       java.lang.ref.Cleaner$1::apply (9 bytes)
Event: 3.336 Thread 0x000002095b03ef50 nmethod 3689 0x000002095e899310 code [0x000002095e8994c0, 0x000002095e899600]
Event: 3.337 Thread 0x000002095b03ef50 3691   !   3       java.lang.invoke.MethodHandles$Lookup::canBeCached (150 bytes)
Event: 3.337 Thread 0x0000020972f28640 nmethod 3690 0x0000020965e12e90 code [0x0000020965e13020, 0x0000020965e130f0]
Event: 3.340 Thread 0x000002095b03ef50 nmethod 3691 0x000002095e899690 code [0x000002095e8999c0, 0x000002095e89ac68]
Event: 3.340 Thread 0x000002095b03ef50 3692       3       org.eclipse.core.runtime.Path::hashCode (28 bytes)
Event: 3.341 Thread 0x000002095b03ef50 nmethod 3692 0x000002095e89b390 code [0x000002095e89b540, 0x000002095e89b6e8]
Event: 3.341 Thread 0x000002095b03ef50 3693       3       org.eclipse.core.runtime.PlatformObject::<init> (5 bytes)
Event: 3.341 Thread 0x000002095b03ef50 nmethod 3693 0x000002095e89b790 code [0x000002095e89b940, 0x000002095e89baa8]
Event: 3.344 Thread 0x0000020972f28640 3694       4       java.lang.invoke.MethodType::makeImpl (109 bytes)
Event: 3.344 Thread 0x000002095b03ef50 3695       2       jdk.internal.util.ReferencedKeySet::get (27 bytes)
Event: 3.345 Thread 0x000002095b03ef50 nmethod 3695 0x000002095e89bb90 code [0x000002095e89bda0, 0x000002095e89c1c8]
Event: 3.346 Thread 0x000002095b03b350 3696       4       jdk.internal.module.SystemModuleFinders$SystemModuleReader::find (59 bytes)
Event: 3.349 Thread 0x000002095b03ef50 3700       3       sun.nio.fs.WindowsPath::isAbsolute (26 bytes)
Event: 3.349 Thread 0x000002095b03ef50 nmethod 3700 0x000002095e89c410 code [0x000002095e89c5c0, 0x000002095e89c768]
Event: 3.351 Thread 0x000002095b03ef50 3701       3       sun.nio.fs.WindowsPathParser::parse (6 bytes)
Event: 3.352 Thread 0x000002095b03ef50 nmethod 3701 0x000002095e89c810 code [0x000002095e89c9c0, 0x000002095e89cae0]
Event: 3.354 Thread 0x000002095b03ef50 3702       3       jdk.internal.loader.URLClassPath$JarLoader::findResource (18 bytes)
Event: 3.355 Thread 0x000002095b03ef50 nmethod 3702 0x000002095e89cb90 code [0x000002095e89cd60, 0x000002095e89cfe0]

GC Heap History (20 events):
Event: 0.680 GC heap before
{Heap before GC invocations=1 (full 0):
 PSYoungGen      total 29696K, used 25600K [0x00000000d5580000, 0x00000000d7680000, 0x0000000100000000)
  eden space 25600K, 100% used [0x00000000d5580000,0x00000000d6e80000,0x00000000d6e80000)
  from space 4096K, 0% used [0x00000000d7280000,0x00000000d7280000,0x00000000d7680000)
  to   space 4096K, 0% used [0x00000000d6e80000,0x00000000d6e80000,0x00000000d7280000)
 ParOldGen       total 68608K, used 0K [0x0000000080000000, 0x0000000084300000, 0x00000000d5580000)
  object space 68608K, 0% used [0x0000000080000000,0x0000000080000000,0x0000000084300000)
 Metaspace       used 4351K, committed 4608K, reserved 1114112K
  class space    used 474K, committed 576K, reserved 1048576K
}
Event: 0.687 GC heap after
{Heap after GC invocations=1 (full 0):
 PSYoungGen      total 29696K, used 3344K [0x00000000d5580000, 0x00000000d7680000, 0x0000000100000000)
  eden space 25600K, 0% used [0x00000000d5580000,0x00000000d5580000,0x00000000d6e80000)
  from space 4096K, 81% used [0x00000000d6e80000,0x00000000d71c4148,0x00000000d7280000)
  to   space 4096K, 0% used [0x00000000d7280000,0x00000000d7280000,0x00000000d7680000)
 ParOldGen       total 68608K, used 16K [0x0000000080000000, 0x0000000084300000, 0x00000000d5580000)
  object space 68608K, 0% used [0x0000000080000000,0x0000000080004000,0x0000000084300000)
 Metaspace       used 4351K, committed 4608K, reserved 1114112K
  class space    used 474K, committed 576K, reserved 1048576K
}
Event: 1.186 GC heap before
{Heap before GC invocations=2 (full 0):
 PSYoungGen      total 29696K, used 28944K [0x00000000d5580000, 0x00000000d7680000, 0x0000000100000000)
  eden space 25600K, 100% used [0x00000000d5580000,0x00000000d6e80000,0x00000000d6e80000)
  from space 4096K, 81% used [0x00000000d6e80000,0x00000000d71c4148,0x00000000d7280000)
  to   space 4096K, 0% used [0x00000000d7280000,0x00000000d7280000,0x00000000d7680000)
 ParOldGen       total 68608K, used 16K [0x0000000080000000, 0x0000000084300000, 0x00000000d5580000)
  object space 68608K, 0% used [0x0000000080000000,0x0000000080004000,0x0000000084300000)
 Metaspace       used 8220K, committed 8512K, reserved 1114112K
  class space    used 875K, committed 1024K, reserved 1048576K
}
Event: 1.191 GC heap after
{Heap after GC invocations=2 (full 0):
 PSYoungGen      total 29696K, used 4076K [0x00000000d5580000, 0x00000000d7680000, 0x0000000100000000)
  eden space 25600K, 0% used [0x00000000d5580000,0x00000000d5580000,0x00000000d6e80000)
  from space 4096K, 99% used [0x00000000d7280000,0x00000000d767b010,0x00000000d7680000)
  to   space 4096K, 0% used [0x00000000d6e80000,0x00000000d6e80000,0x00000000d7280000)
 ParOldGen       total 68608K, used 1073K [0x0000000080000000, 0x0000000084300000, 0x00000000d5580000)
  object space 68608K, 1% used [0x0000000080000000,0x000000008010c6a8,0x0000000084300000)
 Metaspace       used 8220K, committed 8512K, reserved 1114112K
  class space    used 875K, committed 1024K, reserved 1048576K
}
Event: 1.637 GC heap before
{Heap before GC invocations=3 (full 0):
 PSYoungGen      total 29696K, used 29676K [0x00000000d5580000, 0x00000000d7680000, 0x0000000100000000)
  eden space 25600K, 100% used [0x00000000d5580000,0x00000000d6e80000,0x00000000d6e80000)
  from space 4096K, 99% used [0x00000000d7280000,0x00000000d767b010,0x00000000d7680000)
  to   space 4096K, 0% used [0x00000000d6e80000,0x00000000d6e80000,0x00000000d7280000)
 ParOldGen       total 68608K, used 1073K [0x0000000080000000, 0x0000000084300000, 0x00000000d5580000)
  object space 68608K, 1% used [0x0000000080000000,0x000000008010c6a8,0x0000000084300000)
 Metaspace       used 13044K, committed 13632K, reserved 1114112K
  class space    used 1385K, committed 1664K, reserved 1048576K
}
Event: 1.641 GC heap after
{Heap after GC invocations=3 (full 0):
 PSYoungGen      total 29696K, used 4082K [0x00000000d5580000, 0x00000000d7680000, 0x0000000100000000)
  eden space 25600K, 0% used [0x00000000d5580000,0x00000000d5580000,0x00000000d6e80000)
  from space 4096K, 99% used [0x00000000d6e80000,0x00000000d727cbe8,0x00000000d7280000)
  to   space 4096K, 0% used [0x00000000d7280000,0x00000000d7280000,0x00000000d7680000)
 ParOldGen       total 68608K, used 2816K [0x0000000080000000, 0x0000000084300000, 0x00000000d5580000)
  object space 68608K, 4% used [0x0000000080000000,0x00000000802c03b0,0x0000000084300000)
 Metaspace       used 13044K, committed 13632K, reserved 1114112K
  class space    used 1385K, committed 1664K, reserved 1048576K
}
Event: 2.044 GC heap before
{Heap before GC invocations=4 (full 0):
 PSYoungGen      total 29696K, used 29656K [0x00000000d5580000, 0x00000000d7680000, 0x0000000100000000)
  eden space 25600K, 99% used [0x00000000d5580000,0x00000000d6e79438,0x00000000d6e80000)
  from space 4096K, 99% used [0x00000000d6e80000,0x00000000d727cbe8,0x00000000d7280000)
  to   space 4096K, 0% used [0x00000000d7280000,0x00000000d7280000,0x00000000d7680000)
 ParOldGen       total 68608K, used 2816K [0x0000000080000000, 0x0000000084300000, 0x00000000d5580000)
  object space 68608K, 4% used [0x0000000080000000,0x00000000802c03b0,0x0000000084300000)
 Metaspace       used 17182K, committed 17856K, reserved 1114112K
  class space    used 1812K, committed 2112K, reserved 1048576K
}
Event: 2.048 GC heap after
{Heap after GC invocations=4 (full 0):
 PSYoungGen      total 29696K, used 4071K [0x00000000d5580000, 0x00000000d7680000, 0x0000000100000000)
  eden space 25600K, 0% used [0x00000000d5580000,0x00000000d5580000,0x00000000d6e80000)
  from space 4096K, 99% used [0x00000000d7280000,0x00000000d7679e30,0x00000000d7680000)
  to   space 4096K, 0% used [0x00000000d6e80000,0x00000000d6e80000,0x00000000d7280000)
 ParOldGen       total 68608K, used 4539K [0x0000000080000000, 0x0000000084300000, 0x00000000d5580000)
  object space 68608K, 6% used [0x0000000080000000,0x000000008046ee08,0x0000000084300000)
 Metaspace       used 17182K, committed 17856K, reserved 1114112K
  class space    used 1812K, committed 2112K, reserved 1048576K
}
Event: 2.266 GC heap before
{Heap before GC invocations=5 (full 0):
 PSYoungGen      total 29696K, used 29671K [0x00000000d5580000, 0x00000000d7680000, 0x0000000100000000)
  eden space 25600K, 100% used [0x00000000d5580000,0x00000000d6e80000,0x00000000d6e80000)
  from space 4096K, 99% used [0x00000000d7280000,0x00000000d7679e30,0x00000000d7680000)
  to   space 4096K, 0% used [0x00000000d6e80000,0x00000000d6e80000,0x00000000d7280000)
 ParOldGen       total 68608K, used 4539K [0x0000000080000000, 0x0000000084300000, 0x00000000d5580000)
  object space 68608K, 6% used [0x0000000080000000,0x000000008046ee08,0x0000000084300000)
 Metaspace       used 20406K, committed 21056K, reserved 1114112K
  class space    used 2032K, committed 2304K, reserved 1048576K
}
Event: 2.270 GC heap after
{Heap after GC invocations=5 (full 0):
 PSYoungGen      total 29184K, used 4068K [0x00000000d5580000, 0x00000000d7800000, 0x0000000100000000)
  eden space 25088K, 0% used [0x00000000d5580000,0x00000000d5580000,0x00000000d6e00000)
  from space 4096K, 99% used [0x00000000d6e80000,0x00000000d7279348,0x00000000d7280000)
  to   space 5120K, 0% used [0x00000000d7300000,0x00000000d7300000,0x00000000d7800000)
 ParOldGen       total 68608K, used 4974K [0x0000000080000000, 0x0000000084300000, 0x00000000d5580000)
  object space 68608K, 7% used [0x0000000080000000,0x00000000804db9a8,0x0000000084300000)
 Metaspace       used 20406K, committed 21056K, reserved 1114112K
  class space    used 2032K, committed 2304K, reserved 1048576K
}
Event: 2.305 GC heap before
{Heap before GC invocations=6 (full 0):
 PSYoungGen      total 29184K, used 9993K [0x00000000d5580000, 0x00000000d7800000, 0x0000000100000000)
  eden space 25088K, 23% used [0x00000000d5580000,0x00000000d5b49150,0x00000000d6e00000)
  from space 4096K, 99% used [0x00000000d6e80000,0x00000000d7279348,0x00000000d7280000)
  to   space 5120K, 0% used [0x00000000d7300000,0x00000000d7300000,0x00000000d7800000)
 ParOldGen       total 68608K, used 4974K [0x0000000080000000, 0x0000000084300000, 0x00000000d5580000)
  object space 68608K, 7% used [0x0000000080000000,0x00000000804db9a8,0x0000000084300000)
 Metaspace       used 20858K, committed 21504K, reserved 1114112K
  class space    used 2070K, committed 2368K, reserved 1048576K
}
Event: 2.308 GC heap after
{Heap after GC invocations=6 (full 0):
 PSYoungGen      total 29696K, used 4527K [0x00000000d5580000, 0x00000000d7780000, 0x0000000100000000)
  eden space 25088K, 0% used [0x00000000d5580000,0x00000000d5580000,0x00000000d6e00000)
  from space 4608K, 98% used [0x00000000d7300000,0x00000000d776bc20,0x00000000d7780000)
  to   space 4608K, 0% used [0x00000000d6e80000,0x00000000d6e80000,0x00000000d7300000)
 ParOldGen       total 68608K, used 4982K [0x0000000080000000, 0x0000000084300000, 0x00000000d5580000)
  object space 68608K, 7% used [0x0000000080000000,0x00000000804dd9a8,0x0000000084300000)
 Metaspace       used 20858K, committed 21504K, reserved 1114112K
  class space    used 2070K, committed 2368K, reserved 1048576K
}
Event: 2.308 GC heap before
{Heap before GC invocations=7 (full 1):
 PSYoungGen      total 29696K, used 4527K [0x00000000d5580000, 0x00000000d7780000, 0x0000000100000000)
  eden space 25088K, 0% used [0x00000000d5580000,0x00000000d5580000,0x00000000d6e00000)
  from space 4608K, 98% used [0x00000000d7300000,0x00000000d776bc20,0x00000000d7780000)
  to   space 4608K, 0% used [0x00000000d6e80000,0x00000000d6e80000,0x00000000d7300000)
 ParOldGen       total 68608K, used 4982K [0x0000000080000000, 0x0000000084300000, 0x00000000d5580000)
  object space 68608K, 7% used [0x0000000080000000,0x00000000804dd9a8,0x0000000084300000)
 Metaspace       used 20858K, committed 21504K, reserved 1114112K
  class space    used 2070K, committed 2368K, reserved 1048576K
}
Event: 2.331 GC heap after
{Heap after GC invocations=7 (full 1):
 PSYoungGen      total 29696K, used 0K [0x00000000d5580000, 0x00000000d7780000, 0x0000000100000000)
  eden space 25088K, 0% used [0x00000000d5580000,0x00000000d5580000,0x00000000d6e00000)
  from space 4608K, 0% used [0x00000000d7300000,0x00000000d7300000,0x00000000d7780000)
  to   space 4608K, 0% used [0x00000000d6e80000,0x00000000d6e80000,0x00000000d7300000)
 ParOldGen       total 68608K, used 8805K [0x0000000080000000, 0x0000000084300000, 0x00000000d5580000)
  object space 68608K, 12% used [0x0000000080000000,0x0000000080899620,0x0000000084300000)
 Metaspace       used 20845K, committed 21504K, reserved 1114112K
  class space    used 2067K, committed 2368K, reserved 1048576K
}
Event: 2.543 GC heap before
{Heap before GC invocations=8 (full 1):
 PSYoungGen      total 29696K, used 25088K [0x00000000d5580000, 0x00000000d7780000, 0x0000000100000000)
  eden space 25088K, 100% used [0x00000000d5580000,0x00000000d6e00000,0x00000000d6e00000)
  from space 4608K, 0% used [0x00000000d7300000,0x00000000d7300000,0x00000000d7780000)
  to   space 4608K, 0% used [0x00000000d6e80000,0x00000000d6e80000,0x00000000d7300000)
 ParOldGen       total 68608K, used 8805K [0x0000000080000000, 0x0000000084300000, 0x00000000d5580000)
  object space 68608K, 12% used [0x0000000080000000,0x0000000080899620,0x0000000084300000)
 Metaspace       used 23080K, committed 23808K, reserved 1114112K
  class space    used 2249K, committed 2560K, reserved 1048576K
}
Event: 2.545 GC heap after
{Heap after GC invocations=8 (full 1):
 PSYoungGen      total 27136K, used 2422K [0x00000000d5580000, 0x00000000d7480000, 0x0000000100000000)
  eden space 24576K, 0% used [0x00000000d5580000,0x00000000d5580000,0x00000000d6d80000)
  from space 2560K, 94% used [0x00000000d6e80000,0x00000000d70dd9e8,0x00000000d7100000)
  to   space 3584K, 0% used [0x00000000d7100000,0x00000000d7100000,0x00000000d7480000)
 ParOldGen       total 68608K, used 8813K [0x0000000080000000, 0x0000000084300000, 0x00000000d5580000)
  object space 68608K, 12% used [0x0000000080000000,0x000000008089b620,0x0000000084300000)
 Metaspace       used 23080K, committed 23808K, reserved 1114112K
  class space    used 2249K, committed 2560K, reserved 1048576K
}
Event: 2.911 GC heap before
{Heap before GC invocations=9 (full 1):
 PSYoungGen      total 27136K, used 26998K [0x00000000d5580000, 0x00000000d7480000, 0x0000000100000000)
  eden space 24576K, 100% used [0x00000000d5580000,0x00000000d6d80000,0x00000000d6d80000)
  from space 2560K, 94% used [0x00000000d6e80000,0x00000000d70dd9e8,0x00000000d7100000)
  to   space 3584K, 0% used [0x00000000d7100000,0x00000000d7100000,0x00000000d7480000)
 ParOldGen       total 68608K, used 8813K [0x0000000080000000, 0x0000000084300000, 0x00000000d5580000)
  object space 68608K, 12% used [0x0000000080000000,0x000000008089b620,0x0000000084300000)
 Metaspace       used 26713K, committed 27584K, reserved 1114112K
  class space    used 2643K, committed 3008K, reserved 1048576K
}
Event: 2.914 GC heap after
{Heap after GC invocations=9 (full 1):
 PSYoungGen      total 26624K, used 3583K [0x00000000d5580000, 0x00000000d7700000, 0x0000000100000000)
  eden space 23040K, 0% used [0x00000000d5580000,0x00000000d5580000,0x00000000d6c00000)
  from space 3584K, 99% used [0x00000000d7100000,0x00000000d747ff78,0x00000000d7480000)
  to   space 5120K, 0% used [0x00000000d6c00000,0x00000000d6c00000,0x00000000d7100000)
 ParOldGen       total 68608K, used 9750K [0x0000000080000000, 0x0000000084300000, 0x00000000d5580000)
  object space 68608K, 14% used [0x0000000080000000,0x0000000080985b50,0x0000000084300000)
 Metaspace       used 26713K, committed 27584K, reserved 1114112K
  class space    used 2643K, committed 3008K, reserved 1048576K
}
Event: 3.180 GC heap before
{Heap before GC invocations=10 (full 1):
 PSYoungGen      total 26624K, used 26623K [0x00000000d5580000, 0x00000000d7700000, 0x0000000100000000)
  eden space 23040K, 100% used [0x00000000d5580000,0x00000000d6c00000,0x00000000d6c00000)
  from space 3584K, 99% used [0x00000000d7100000,0x00000000d747ff78,0x00000000d7480000)
  to   space 5120K, 0% used [0x00000000d6c00000,0x00000000d6c00000,0x00000000d7100000)
 ParOldGen       total 68608K, used 9750K [0x0000000080000000, 0x0000000084300000, 0x00000000d5580000)
  object space 68608K, 14% used [0x0000000080000000,0x0000000080985b50,0x0000000084300000)
 Metaspace       used 29980K, committed 30784K, reserved 1114112K
  class space    used 3015K, committed 3328K, reserved 1048576K
}
Event: 3.183 GC heap after
{Heap after GC invocations=10 (full 1):
 PSYoungGen      total 27648K, used 4965K [0x00000000d5580000, 0x00000000d7680000, 0x0000000100000000)
  eden space 22528K, 0% used [0x00000000d5580000,0x00000000d5580000,0x00000000d6b80000)
  from space 5120K, 96% used [0x00000000d6c00000,0x00000000d70d94e0,0x00000000d7100000)
  to   space 5632K, 0% used [0x00000000d7100000,0x00000000d7100000,0x00000000d7680000)
 ParOldGen       total 68608K, used 9758K [0x0000000080000000, 0x0000000084300000, 0x00000000d5580000)
  object space 68608K, 14% used [0x0000000080000000,0x0000000080987b50,0x0000000084300000)
 Metaspace       used 29980K, committed 30784K, reserved 1114112K
  class space    used 3015K, committed 3328K, reserved 1048576K
}

Dll operation events (10 events):
Event: 0.009 Loaded shared library c:\Users\boini\.vscode\extensions\redhat.java-1.55.0-win32-x64\jre\21.0.11-win32-x86_64\bin\java.dll
Event: 0.083 Loaded shared library c:\Users\boini\.vscode\extensions\redhat.java-1.55.0-win32-x64\jre\21.0.11-win32-x86_64\bin\zip.dll
Event: 0.105 Loaded shared library C:\Users\boini\.vscode\extensions\redhat.java-1.55.0-win32-x64\jre\21.0.11-win32-x86_64\bin\instrument.dll
Event: 0.112 Loaded shared library C:\Users\boini\.vscode\extensions\redhat.java-1.55.0-win32-x64\jre\21.0.11-win32-x86_64\bin\net.dll
Event: 0.114 Loaded shared library C:\Users\boini\.vscode\extensions\redhat.java-1.55.0-win32-x64\jre\21.0.11-win32-x86_64\bin\nio.dll
Event: 0.117 Loaded shared library C:\Users\boini\.vscode\extensions\redhat.java-1.55.0-win32-x64\jre\21.0.11-win32-x86_64\bin\zip.dll
Event: 0.134 Loaded shared library C:\Users\boini\.vscode\extensions\redhat.java-1.55.0-win32-x64\jre\21.0.11-win32-x86_64\bin\jimage.dll
Event: 0.196 Loaded shared library c:\Users\boini\.vscode\extensions\redhat.java-1.55.0-win32-x64\jre\21.0.11-win32-x86_64\bin\verify.dll
Event: 1.165 Loaded shared library C:\Users\boini\AppData\Roaming\Code\User\globalStorage\redhat.java\1.55.0\config_ss_win\org.eclipse.equinox.launcher\org.eclipse.equinox.launcher.win32.win32.x86_64_1.3.100.v20260613-0559\eclipse_11924.dll
Event: 1.900 Loaded shared library C:\Users\boini\AppData\Local\Temp\jna-93916279\jna2679341149791893274.dll

Deoptimization events (20 events):
Event: 3.292 Thread 0x000002097a982dd0 Uncommon trap: trap_request=0xffffffde fr.pc=0x0000020965d7a7a0 relative=0x0000000000000b40
Event: 3.292 Thread 0x000002097a982dd0 Uncommon trap: reason=class_check action=maybe_recompile pc=0x0000020965d7a7a0 method=java.util.concurrent.ConcurrentHashMap.putVal(Ljava/lang/Object;Ljava/lang/Object;Z)Ljava/lang/Object; @ 242 c2
Event: 3.292 Thread 0x000002097a982dd0 DEOPT PACKING pc=0x0000020965d7a7a0 sp=0x000000531b1fdec0
Event: 3.292 Thread 0x000002097a982dd0 DEOPT UNPACKING pc=0x0000020965713aa2 sp=0x000000531b1fde30 mode 2
Event: 3.292 Thread 0x000002097a985bc0 Uncommon trap: trap_request=0xffffff45 fr.pc=0x0000020965d7a5bc relative=0x000000000000095c
Event: 3.292 Thread 0x000002097a985bc0 Uncommon trap: reason=unstable_if action=reinterpret pc=0x0000020965d7a5bc method=java.util.concurrent.ConcurrentHashMap.putVal(Ljava/lang/Object;Ljava/lang/Object;Z)Ljava/lang/Object; @ 97 c2
Event: 3.292 Thread 0x000002097a985bc0 DEOPT PACKING pc=0x0000020965d7a5bc sp=0x000000531affd650
Event: 3.292 Thread 0x000002097a982dd0 Uncommon trap: trap_request=0xffffff54 fr.pc=0x0000020965d82d10 relative=0x0000000000004e70
Event: 3.292 Thread 0x000002097a982dd0 Uncommon trap: reason=speculate_null_assert action=make_not_entrant pc=0x0000020965d82d10 method=jdk.internal.util.ReferencedKeyMap.internKey(Ljdk/internal/util/ReferencedKeyMap;Ljava/lang/Object;)Ljava/lang/Object; @ 28 c2
Event: 3.292 Thread 0x000002097a985bc0 DEOPT UNPACKING pc=0x0000020965713aa2 sp=0x000000531affd5d8 mode 2
Event: 3.292 Thread 0x000002097a982dd0 DEOPT PACKING pc=0x0000020965d82d10 sp=0x000000531b1fdf70
Event: 3.292 Thread 0x000002097a985bc0 Uncommon trap: trap_request=0xffffff54 fr.pc=0x0000020965d82d10 relative=0x0000000000004e70
Event: 3.292 Thread 0x000002097a985bc0 Uncommon trap: reason=speculate_null_assert action=make_not_entrant pc=0x0000020965d82d10 method=jdk.internal.util.ReferencedKeyMap.internKey(Ljdk/internal/util/ReferencedKeyMap;Ljava/lang/Object;)Ljava/lang/Object; @ 28 c2
Event: 3.292 Thread 0x000002097a985bc0 DEOPT PACKING pc=0x0000020965d82d10 sp=0x000000531affd700
Event: 3.292 Thread 0x000002097a982dd0 DEOPT UNPACKING pc=0x0000020965713aa2 sp=0x000000531b1fde30 mode 2
Event: 3.292 Thread 0x000002097a985bc0 DEOPT UNPACKING pc=0x0000020965713aa2 sp=0x000000531affd5c0 mode 2
Event: 3.348 Thread 0x000002097a97f2c0 Uncommon trap: trap_request=0xffffff45 fr.pc=0x0000020965df82b0 relative=0x0000000000000a70
Event: 3.348 Thread 0x000002097a97f2c0 Uncommon trap: reason=unstable_if action=reinterpret pc=0x0000020965df82b0 method=java.io.BufferedReader.implReadLine(Z[Z)Ljava/lang/String; @ 55 c2
Event: 3.348 Thread 0x000002097a97f2c0 DEOPT PACKING pc=0x0000020965df82b0 sp=0x000000531b0fd260
Event: 3.348 Thread 0x000002097a97f2c0 DEOPT UNPACKING pc=0x0000020965713aa2 sp=0x000000531b0fd218 mode 2

Classes loaded (20 events):
Event: 3.340 Loading class java/nio/file/spi/FileSystemProvider$1
Event: 3.340 Loading class java/nio/file/spi/FileSystemProvider$1 done
Event: 3.344 Loading class java/nio/file/ProviderMismatchException
Event: 3.344 Loading class java/nio/file/ProviderMismatchException done
Event: 3.344 Loading class jdk/internal/jrtfs/JrtFileSystemProvider
Event: 3.345 Loading class jdk/internal/jrtfs/JrtFileSystemProvider done
Event: 3.346 Loading class sun/net/www/protocol/jrt/JavaRuntimeURLConnection
Event: 3.346 Loading class sun/net/www/protocol/jrt/JavaRuntimeURLConnection done
Event: 3.346 Loading class sun/net/www/protocol/jrt/JavaRuntimeURLConnection$1
Event: 3.347 Loading class sun/net/www/protocol/jrt/JavaRuntimeURLConnection$1 done
Event: 3.349 Loading class jdk/internal/jrtfs/JrtFileSystemProvider$1
Event: 3.349 Loading class jdk/internal/jrtfs/JrtFileSystemProvider$1 done
Event: 3.349 Loading class jdk/internal/jrtfs/JrtFileSystemProvider$JrtFsLoader
Event: 3.349 Loading class jdk/internal/jrtfs/JrtFileSystemProvider$JrtFsLoader done
Event: 3.354 Loading class java/nio/file/ClosedFileSystemException
Event: 3.355 Loading class java/nio/file/ClosedFileSystemException done
Event: 3.355 Loading class java/nio/file/ReadOnlyFileSystemException
Event: 3.355 Loading class java/nio/file/ReadOnlyFileSystemException done
Event: 3.355 Loading class java/nio/file/NotDirectoryException
Event: 3.355 Loading class java/nio/file/NotDirectoryException done

Classes unloaded (7 events):
Event: 2.312 Thread 0x000002095b02f970 Unloading class 0x0000020901191400 'java/lang/invoke/LambdaForm$MH+0x0000020901191400'
Event: 2.312 Thread 0x000002095b02f970 Unloading class 0x0000020901191000 'java/lang/invoke/LambdaForm$MH+0x0000020901191000'
Event: 2.312 Thread 0x000002095b02f970 Unloading class 0x0000020901190c00 'java/lang/invoke/LambdaForm$MH+0x0000020901190c00'
Event: 2.312 Thread 0x000002095b02f970 Unloading class 0x0000020901190800 'java/lang/invoke/LambdaForm$MH+0x0000020901190800'
Event: 2.312 Thread 0x000002095b02f970 Unloading class 0x0000020901190400 'java/lang/invoke/LambdaForm$BMH+0x0000020901190400'
Event: 2.312 Thread 0x000002095b02f970 Unloading class 0x0000020901190000 'java/lang/invoke/LambdaForm$DMH+0x0000020901190000'
Event: 2.312 Thread 0x000002095b02f970 Unloading class 0x000002090118ec00 'java/lang/invoke/LambdaForm$DMH+0x000002090118ec00'

Classes redefined (0 events):
No events

Internal exceptions (20 events):
Event: 2.919 Thread 0x0000020978bee020 Exception <a 'sun/nio/fs/WindowsException'{0x00000000d560fec8}> (0x00000000d560fec8) 
thrown [s\src\hotspot\share\prims\jni.cpp, line 520]
Event: 2.919 Thread 0x0000020978bee020 Exception <a 'sun/nio/fs/WindowsException'{0x00000000d5610848}> (0x00000000d5610848) 
thrown [s\src\hotspot\share\prims\jni.cpp, line 520]
Event: 2.919 Thread 0x0000020978bee020 Exception <a 'sun/nio/fs/WindowsException'{0x00000000d5610e78}> (0x00000000d5610e78) 
thrown [s\src\hotspot\share\prims\jni.cpp, line 520]
Event: 2.920 Thread 0x0000020978bee020 Exception <a 'sun/nio/fs/WindowsException'{0x00000000d56124f0}> (0x00000000d56124f0) 
thrown [s\src\hotspot\share\prims\jni.cpp, line 520]
Event: 2.920 Thread 0x0000020978bee020 Exception <a 'sun/nio/fs/WindowsException'{0x00000000d5612b20}> (0x00000000d5612b20) 
thrown [s\src\hotspot\share\prims\jni.cpp, line 520]
Event: 2.921 Thread 0x0000020978bee020 Exception <a 'java/lang/NoSuchMethodError'{0x00000000d563a018}: 'void java.lang.invoke.DirectMethodHandle$Holder.invokeVirtual(java.lang.Object, java.lang.Object, java.lang.Object, java.lang.Object)'> (0x00000000d563a018) 
thrown [s\src\hotspot\share\interpreter\linkResolver.cpp, line 773]
Event: 2.987 Thread 0x0000020978bee020 Exception <a 'java/io/FileNotFoundException'{0x00000000d5d3fca8}> (0x00000000d5d3fca8) 
thrown [s\src\hotspot\share\prims\jni.cpp, line 520]
Event: 2.987 Thread 0x0000020978bee020 Exception <a 'java/io/FileNotFoundException'{0x00000000d5d41258}> (0x00000000d5d41258) 
thrown [s\src\hotspot\share\prims\jni.cpp, line 520]
Event: 2.989 Thread 0x0000020978bee020 Exception <a 'java/lang/NoSuchMethodError'{0x00000000d5d691b8}: 'java.lang.Object java.lang.invoke.DirectMethodHandle$Holder.newInvokeSpecial(java.lang.Object, java.lang.Object, java.lang.Object, int)'> (0x00000000d5d691b8) 
thrown [s\src\hotspot\share\interpreter\linkResolver.cpp, line 773]
Event: 2.990 Thread 0x0000020978bee020 Exception <a 'java/lang/NoSuchMethodError'{0x00000000d5d6cd90}: 'java.lang.Object java.lang.invoke.DirectMethodHandle$Holder.invokeSpecial(java.lang.Object, java.lang.Object, java.lang.Object, java.lang.Object, int)'> (0x00000000d5d6cd90) 
thrown [s\src\hotspot\share\interpreter\linkResolver.cpp, line 773]
Event: 2.990 Thread 0x0000020978bee020 Exception <a 'java/lang/NoSuchMethodError'{0x00000000d5d85f30}: 'java.lang.Object java.lang.invoke.Invokers$Holder.linkToTargetMethod(java.lang.Object, java.lang.Object, int, java.lang.Object)'> (0x00000000d5d85f30) 
thrown [s\src\hotspot\share\interpreter\linkResolver.cpp, line 773]
Event: 2.992 Thread 0x0000020978bee020 Exception <a 'java/lang/NoSuchMethodError'{0x00000000d5da5098}: 'void java.lang.invoke.DirectMethodHandle$Holder.invokeStaticInit(java.lang.Object, java.lang.Object, java.lang.Object)'> (0x00000000d5da5098) 
thrown [s\src\hotspot\share\interpreter\linkResolver.cpp, line 773]
Event: 3.034 Thread 0x000002095af8e3f0 Exception <a 'java/lang/NoSuchMethodError'{0x00000000d621d2a8}: 'void java.lang.invoke.DirectMethodHandle$Holder.invokeSpecial(java.lang.Object, java.lang.Object, java.lang.Object, java.lang.Object, java.lang.Object, java.lang.Object)'> (0x00000000d621d2a8) 
thrown [s\src\hotspot\share\interpreter\linkResolver.cpp, line 773]
Event: 3.035 Thread 0x000002095af8e3f0 Exception <a 'java/lang/IncompatibleClassChangeError'{0x00000000d6224cd0}: Found class java.lang.Object, but interface was expected> (0x00000000d6224cd0) 
thrown [s\src\hotspot\share\interpreter\linkResolver.cpp, line 840]
Event: 3.035 Thread 0x000002095af8e3f0 Exception <a 'java/lang/IncompatibleClassChangeError'{0x00000000d6225e48}: Found class java.lang.Object, but interface was expected> (0x00000000d6225e48) 
thrown [s\src\hotspot\share\interpreter\linkResolver.cpp, line 840]
Event: 3.163 Thread 0x000002097a985bc0 Exception <a 'java/lang/NoSuchMethodError'{0x00000000d69c08a8}: 'java.lang.Object java.lang.invoke.DirectMethodHandle$Holder.invokeInterface(java.lang.Object, java.lang.Object, java.lang.Object)'> (0x00000000d69c08a8) 
thrown [s\src\hotspot\share\interpreter\linkResolver.cpp, line 773]
Event: 3.178 Thread 0x000002097a985bc0 Exception <a 'java/io/FileNotFoundException'{0x00000000d6a63170}> (0x00000000d6a63170) 
thrown [s\src\hotspot\share\prims\jni.cpp, line 520]
Event: 3.197 Thread 0x000002097a985bc0 Exception <a 'sun/nio/fs/WindowsException'{0x00000000d5991a70}> (0x00000000d5991a70) 
thrown [s\src\hotspot\share\prims\jni.cpp, line 520]
Event: 3.249 Thread 0x000002097a985bc0 Exception <a 'java/lang/IncompatibleClassChangeError'{0x00000000d5c8b400}: Found class java.lang.Object, but interface was expected> (0x00000000d5c8b400) 
thrown [s\src\hotspot\share\interpreter\linkResolver.cpp, line 840]
Event: 3.277 Thread 0x000002097a985bc0 Exception <a 'java/lang/IncompatibleClassChangeError'{0x00000000d5d2f7b0}: Found class java.lang.Object, but interface was expected> (0x00000000d5d2f7b0) 
thrown [s\src\hotspot\share\interpreter\linkResolver.cpp, line 840]

ZGC Phase Switch (0 events):
No events

VM Operations (20 events):
Event: 2.305 Executing safepoint VM operation: CollectForMetadataAllocation (Metadata GC Threshold)
Event: 2.331 Executing safepoint VM operation: CollectForMetadataAllocation (Metadata GC Threshold) done
Event: 2.543 Executing safepoint VM operation: ParallelGCFailedAllocation (Allocation Failure)
Event: 2.545 Executing safepoint VM operation: ParallelGCFailedAllocation (Allocation Failure) done
Event: 2.581 Executing non-safepoint VM operation: HandshakeAllThreads (Deoptimize)
Event: 2.581 Executing non-safepoint VM operation: HandshakeAllThreads (Deoptimize) done
Event: 2.621 Executing non-safepoint VM operation: HandshakeAllThreads (Deoptimize)
Event: 2.621 Executing non-safepoint VM operation: HandshakeAllThreads (Deoptimize) done
Event: 2.728 Executing non-safepoint VM operation: HandshakeAllThreads (Deoptimize)
Event: 2.728 Executing non-safepoint VM operation: HandshakeAllThreads (Deoptimize) done
Event: 2.910 Executing safepoint VM operation: ParallelGCFailedAllocation (Allocation Failure)
Event: 2.914 Executing safepoint VM operation: ParallelGCFailedAllocation (Allocation Failure) done
Event: 3.171 Executing non-safepoint VM operation: HandshakeAllThreads (Deoptimize)
Event: 3.171 Executing non-safepoint VM operation: HandshakeAllThreads (Deoptimize) done
Event: 3.180 Executing safepoint VM operation: ParallelGCFailedAllocation (Allocation Failure)
Event: 3.183 Executing safepoint VM operation: ParallelGCFailedAllocation (Allocation Failure) done
Event: 3.347 Executing non-safepoint VM operation: HandshakeAllThreads (Deoptimize)
Event: 3.348 Executing non-safepoint VM operation: HandshakeAllThreads (Deoptimize) done
Event: 3.356 Executing non-safepoint VM operation: HandshakeAllThreads (Deoptimize)
Event: 3.356 Executing non-safepoint VM operation: HandshakeAllThreads (Deoptimize) done

Memory protections (0 events):
No events

Nmethod flushes (0 events):
No events

Events (20 events):
Event: 2.608 Thread 0x0000020978c197c0 Thread exited: 0x0000020978c197c0
Event: 2.857 Thread 0x000002095af8e3f0 Thread added: 0x0000020978c1a4e0
Event: 2.858 Thread 0x000002095af8e3f0 Thread added: 0x0000020978c176f0
Event: 2.858 Thread 0x000002095af8e3f0 Thread added: 0x0000020978c19e50
Event: 2.858 Thread 0x000002095af8e3f0 Thread added: 0x0000020978c197c0
Event: 2.858 Thread 0x000002095af8e3f0 Thread added: 0x0000020978c17d80
Event: 2.858 Thread 0x000002095af8e3f0 Thread added: 0x0000020978c17060
Event: 2.858 Thread 0x000002095af8e3f0 Thread added: 0x0000020978c19130
Event: 2.858 Thread 0x000002095af8e3f0 Thread added: 0x0000020978c18410
Event: 2.859 Thread 0x000002095af8e3f0 Thread added: 0x000002097a980670
Event: 2.859 Thread 0x000002095af8e3f0 Thread added: 0x000002097a981390
Event: 2.859 Thread 0x000002095af8e3f0 Thread added: 0x000002097a983af0
Event: 2.859 Thread 0x000002095af8e3f0 Thread added: 0x000002097a980d00
Event: 2.859 Thread 0x000002095af8e3f0 Thread added: 0x000002097a984ea0
Event: 2.878 Thread 0x000002095af8e3f0 Thread added: 0x000002097a984180
Event: 2.995 Thread 0x0000020978c18aa0 Thread added: 0x000002097a981a20
Event: 3.050 Thread 0x000002095af8e3f0 Thread added: 0x000002097a97f950
Event: 3.050 Thread 0x000002095af8e3f0 Thread added: 0x000002097a985bc0
Event: 3.282 Thread 0x000002097a985bc0 Thread added: 0x000002097a97f2c0
Event: 3.284 Thread 0x000002097a985bc0 Thread added: 0x000002097a982dd0


Dynamic libraries:
0x00007ff6b5c70000 - 0x00007ff6b5c7e000 	c:\Users\boini\.vscode\extensions\redhat.java-1.55.0-win32-x64\jre\21.0.11-win32-x86_64\bin\java.exe
0x00007ffc3c9f0000 - 0x00007ffc3cc08000 	C:\windows\SYSTEM32\ntdll.dll
0x00007ffc3b3f0000 - 0x00007ffc3b4b4000 	C:\windows\System32\KERNEL32.DLL
0x00007ffc3a090000 - 0x00007ffc3a463000 	C:\windows\System32\KERNELBASE.dll
0x00007ffc3a4a0000 - 0x00007ffc3a5b1000 	C:\windows\System32\ucrtbase.dll
0x00007ffbe69b0000 - 0x00007ffbe69c8000 	c:\Users\boini\.vscode\extensions\redhat.java-1.55.0-win32-x64\jre\21.0.11-win32-x86_64\bin\jli.dll
0x00007ffbea430000 - 0x00007ffbea44e000 	c:\Users\boini\.vscode\extensions\redhat.java-1.55.0-win32-x64\jre\21.0.11-win32-x86_64\bin\VCRUNTIME140.dll
0x00007ffc3ae00000 - 0x00007ffc3afb2000 	C:\windows\System32\USER32.dll
0x00007ffc3a470000 - 0x00007ffc3a496000 	C:\windows\System32\win32u.dll
0x00007ffc175f0000 - 0x00007ffc1788c000 	C:\windows\WinSxS\amd64_microsoft.windows.common-controls_6595b64144ccf1df_6.0.22621.6060_none_2712eda17382d24b\COMCTL32.dll
0x00007ffc3c440000 - 0x00007ffc3c469000 	C:\windows\System32\GDI32.dll
0x00007ffc3c2e0000 - 0x00007ffc3c387000 	C:\windows\System32\msvcrt.dll
0x00007ffc39d30000 - 0x00007ffc39e4b000 	C:\windows\System32\gdi32full.dll
0x00007ffc3a5f0000 - 0x00007ffc3a68a000 	C:\windows\System32\msvcp_win.dll
0x00007ffc3c470000 - 0x00007ffc3c4a1000 	C:\windows\System32\IMM32.DLL
0x00007ffc2fce0000 - 0x00007ffc2fcec000 	c:\Users\boini\.vscode\extensions\redhat.java-1.55.0-win32-x64\jre\21.0.11-win32-x86_64\bin\vcruntime140_1.dll
0x00007ffbe0850000 - 0x00007ffbe08dd000 	c:\Users\boini\.vscode\extensions\redhat.java-1.55.0-win32-x64\jre\21.0.11-win32-x86_64\bin\msvcp140.dll
0x00007ffb4cf20000 - 0x00007ffb4dcc2000 	c:\Users\boini\.vscode\extensions\redhat.java-1.55.0-win32-x64\jre\21.0.11-win32-x86_64\bin\server\jvm.dll
0x00007ffc3acd0000 - 0x00007ffc3ad81000 	C:\windows\System32\ADVAPI32.dll
0x00007ffc3be10000 - 0x00007ffc3beb8000 	C:\windows\System32\sechost.dll
0x00007ffc3a5c0000 - 0x00007ffc3a5e8000 	C:\windows\System32\bcrypt.dll
0x00007ffc3c4d0000 - 0x00007ffc3c5e8000 	C:\windows\System32\RPCRT4.dll
0x00007ffc3b370000 - 0x00007ffc3b3e1000 	C:\windows\System32\WS2_32.dll
0x00007ffc2f6f0000 - 0x00007ffc2f724000 	C:\windows\SYSTEM32\WINMM.dll
0x00007ffc2cbc0000 - 0x00007ffc2cbca000 	C:\windows\SYSTEM32\VERSION.dll
0x00007ffc399d0000 - 0x00007ffc39a1d000 	C:\windows\SYSTEM32\POWRPROF.dll
0x00007ffc399b0000 - 0x00007ffc399c3000 	C:\windows\SYSTEM32\UMPDC.dll
0x00007ffc38aa0000 - 0x00007ffc38ab8000 	C:\windows\SYSTEM32\kernel.appcore.dll
0x00007ffc14f70000 - 0x00007ffc14f7a000 	c:\Users\boini\.vscode\extensions\redhat.java-1.55.0-win32-x64\jre\21.0.11-win32-x86_64\bin\jimage.dll
0x00007ffc37220000 - 0x00007ffc37453000 	C:\windows\SYSTEM32\DBGHELP.DLL
0x00007ffc3c610000 - 0x00007ffc3c9a1000 	C:\windows\System32\combase.dll
0x00007ffc3b290000 - 0x00007ffc3b368000 	C:\windows\System32\OLEAUT32.dll
0x00007ffc16a80000 - 0x00007ffc16ab2000 	C:\windows\SYSTEM32\dbgcore.DLL
0x00007ffc39ed0000 - 0x00007ffc39f4b000 	C:\windows\System32\bcryptPrimitives.dll
0x00007ffc0d9d0000 - 0x00007ffc0d9df000 	c:\Users\boini\.vscode\extensions\redhat.java-1.55.0-win32-x64\jre\21.0.11-win32-x86_64\bin\instrument.dll
0x00007ffbe3560000 - 0x00007ffbe3580000 	c:\Users\boini\.vscode\extensions\redhat.java-1.55.0-win32-x64\jre\21.0.11-win32-x86_64\bin\java.dll
0x00007ffc3b560000 - 0x00007ffc3bdfc000 	C:\windows\System32\SHELL32.dll
0x00007ffc39f50000 - 0x00007ffc3a08f000 	C:\windows\System32\wintypes.dll
0x00007ffc379b0000 - 0x00007ffc382ca000 	C:\windows\SYSTEM32\windows.storage.dll
0x00007ffc3c060000 - 0x00007ffc3c164000 	C:\windows\System32\SHCORE.dll
0x00007ffc3ad90000 - 0x00007ffc3adf9000 	C:\windows\System32\shlwapi.dll
0x00007ffc39a30000 - 0x00007ffc39a55000 	C:\windows\SYSTEM32\profapi.dll
0x00007ffbe0a60000 - 0x00007ffbe0a78000 	c:\Users\boini\.vscode\extensions\redhat.java-1.55.0-win32-x64\jre\21.0.11-win32-x86_64\bin\zip.dll
0x00007ffc039a0000 - 0x00007ffc039b0000 	C:\Users\boini\.vscode\extensions\redhat.java-1.55.0-win32-x64\jre\21.0.11-win32-x86_64\bin\net.dll
0x00007ffc354f0000 - 0x00007ffc3561c000 	C:\windows\SYSTEM32\WINHTTP.dll
0x00007ffc38f70000 - 0x00007ffc38fd9000 	C:\windows\system32\mswsock.dll
0x00007ffbe0a40000 - 0x00007ffbe0a56000 	C:\Users\boini\.vscode\extensions\redhat.java-1.55.0-win32-x64\jre\21.0.11-win32-x86_64\bin\nio.dll
0x00007ffc03900000 - 0x00007ffc03910000 	c:\Users\boini\.vscode\extensions\redhat.java-1.55.0-win32-x64\jre\21.0.11-win32-x86_64\bin\verify.dll
0x00007ffbd4250000 - 0x00007ffbd4295000 	C:\Users\boini\AppData\Roaming\Code\User\globalStorage\redhat.java\1.55.0\config_ss_win\org.eclipse.equinox.launcher\org.eclipse.equinox.launcher.win32.win32.x86_64_1.3.100.v20260613-0559\eclipse_11924.dll
0x00007ffc3ab10000 - 0x00007ffc3acb1000 	C:\windows\System32\ole32.dll
0x00007ffc39190000 - 0x00007ffc391ab000 	C:\windows\SYSTEM32\CRYPTSP.dll
0x00007ffc38a00000 - 0x00007ffc38a37000 	C:\windows\system32\rsaenh.dll
0x00007ffc39030000 - 0x00007ffc39058000 	C:\windows\SYSTEM32\USERENV.dll
0x00007ffc391b0000 - 0x00007ffc391bc000 	C:\windows\SYSTEM32\CRYPTBASE.dll
0x00007ffc38530000 - 0x00007ffc3855d000 	C:\windows\SYSTEM32\IPHLPAPI.DLL
0x00007ffc3b550000 - 0x00007ffc3b559000 	C:\windows\System32\NSI.dll
0x00007ffbd21f0000 - 0x00007ffbd2239000 	C:\Users\boini\AppData\Local\Temp\jna-93916279\jna2679341149791893274.dll
0x00007ffc3acc0000 - 0x00007ffc3acc8000 	C:\windows\System32\PSAPI.DLL
0x00007ffc2f9e0000 - 0x00007ffc2f9f9000 	C:\windows\SYSTEM32\dhcpcsvc6.DLL
0x00007ffc2f580000 - 0x00007ffc2f59f000 	C:\windows\SYSTEM32\dhcpcsvc.DLL

JVMTI agents:
c:\Users\boini\.vscode\extensions\redhat.java-1.55.0-win32-x64\lombok\lombok-1.18.39-4050.jar path:c:\Users\boini\.vscode\extensions\redhat.java-1.55.0-win32-x64\jre\21.0.11-win32-x86_64\bin\instrument.dll, loaded, initialized, instrumentlib options:none

dbghelp: loaded successfully - version: 4.0.5 - missing functions: none
symbol engine: initialized successfully - sym options: 0x614 - pdb path: .;c:\Users\boini\.vscode\extensions\redhat.java-1.55.0-win32-x64\jre\21.0.11-win32-x86_64\bin;C:\windows\SYSTEM32;C:\windows\WinSxS\amd64_microsoft.windows.common-controls_6595b64144ccf1df_6.0.22621.6060_none_2712eda17382d24b;c:\Users\boini\.vscode\extensions\redhat.java-1.55.0-win32-x64\jre\21.0.11-win32-x86_64\bin\server;C:\Users\boini\AppData\Roaming\Code\User\globalStorage\redhat.java\1.55.0\config_ss_win\org.eclipse.equinox.launcher\org.eclipse.equinox.launcher.win32.win32.x86_64_1.3.100.v20260613-0559;C:\Users\boini\AppData\Local\Temp\jna-93916279

VM Arguments:
jvm_args: --add-modules=ALL-SYSTEM --add-opens=java.base/java.util=ALL-UNNAMED --add-opens=java.base/java.lang=ALL-UNNAMED --add-opens=java.base/sun.nio.fs=ALL-UNNAMED -Declipse.application=org.eclipse.jdt.ls.core.id1 -Dosgi.bundles.defaultStartLevel=4 -Declipse.product=org.eclipse.jdt.ls.core.product -Djava.import.generatesMetadataFilesAtProjectRoot=false -DDetectVMInstallationsJob.disabled=true -Dfile.encoding=utf8 -XX:+UseParallelGC -XX:GCTimeRatio=4 -XX:AdaptiveSizePolicyWeight=90 -Dsun.zip.disableMemoryMapping=true -Xmx2G -Xms100m -Xlog:disable -javaagent:c:\Users\boini\.vscode\extensions\redhat.java-1.55.0-win32-x64\lombok\lombok-1.18.39-4050.jar 
java_command: c:\Users\boini\.vscode\extensions\redhat.java-1.55.0-win32-x64\server\plugins\org.eclipse.equinox.launcher_1.7.200.v20260619-2039.jar -configuration c:\Users\boini\AppData\Roaming\Code\User\globalStorage\redhat.java\1.55.0\config_ss_win -data c:\Users\boini\AppData\Roaming\Code\User\workspaceStorage\e6bb11de103c9e1a934892c7d0c01b98\redhat.java\ss_ws --pipe=\\.\pipe\lsp-04f6bc3b332a114a0bc7de5d64456b7c-sock
java_class_path (initial): c:\Users\boini\.vscode\extensions\redhat.java-1.55.0-win32-x64\server\plugins\org.eclipse.equinox.launcher_1.7.200.v20260619-2039.jar
Launcher Type: SUN_STANDARD

[Global flags]
    uintx AdaptiveSizePolicyWeight                 = 90                                        {product} {command line}
     intx CICompilerCount                          = 4                                         {product} {ergonomic}
    uintx GCTimeRatio                              = 4                                         {product} {command line}
   size_t InitialHeapSize                          = 104857600                                 {product} {command line}
   size_t MaxHeapSize                              = 2147483648                                {product} {command line}
   size_t MaxNewSize                               = 715653120                                 {product} {ergonomic}
   size_t MinHeapDeltaBytes                        = 524288                                    {product} {ergonomic}
   size_t MinHeapSize                              = 104857600                                 {product} {command line}
   size_t NewSize                                  = 34603008                                  {product} {ergonomic}
    uintx NonNMethodCodeHeapSize                   = 5839372                                {pd product} {ergonomic}
    uintx NonProfiledCodeHeapSize                  = 122909434                              {pd product} {ergonomic}
   size_t OldSize                                  = 70254592                                  {product} {ergonomic}
    uintx ProfiledCodeHeapSize                     = 122909434                              {pd product} {ergonomic}
    uintx ReservedCodeCacheSize                    = 251658240                              {pd product} {ergonomic}
     bool SegmentedCodeCache                       = true                                      {product} {ergonomic}
   size_t SoftMaxHeapSize                          = 2147483648                             {manageable} {ergonomic}
     bool UseCompressedOops                        = true                           {product lp64_product} {ergonomic}
     bool UseLargePagesIndividualAllocation        = false                                  {pd product} {ergonomic}
     bool UseParallelGC                            = true                                      {product} {command line}

Logging:
Log output configuration:
 #0: stdout all=off uptime,level,tags foldmultilines=false
 #1: stderr all=off uptime,level,tags foldmultilines=false

Release file:
JAVA_VERSION="21.0.11" 
MODULES="java.base java.compiler java.datatransfer java.xml java.prefs java.desktop java.instrument java.logging java.management java.security.sasl java.naming java.rmi java.management.rmi java.net.http java.scripting java.security.jgss java.transaction.xa java.sql java.sql.rowset java.xml.crypto java.se java.smartcardio jdk.accessibility jdk.internal.jvmstat jdk.attach jdk.charsets jdk.internal.opt jdk.zipfs jdk.compiler jdk.crypto.ec jdk.crypto.cryptoki jdk.crypto.mscapi jdk.dynalink jdk.internal.ed jdk.editpad jdk.hotspot.agent jdk.httpserver jdk.internal.le jdk.internal.vm.ci jdk.internal.vm.compiler jdk.internal.vm.compiler.management jdk.jartool jdk.javadoc jdk.jcmd jdk.management jdk.management.agent jdk.jconsole jdk.jdeps jdk.jdwp.agent jdk.jdi jdk.jfr jdk.jshell jdk.jsobject jdk.jstatd jdk.localedata jdk.management.jfr jdk.naming.dns jdk.naming.rmi jdk.net jdk.nio.mapmode jdk.random jdk.sctp jdk.security.auth jdk.security.jgss jdk.unsupported jdk.unsupported.desktop jdk.xml.dom" 

Environment Variables:
PATH=C:\oraclexe\app\oracle\product\11.2.0\server\bin;;C:\windows\system32;C:\windows;C:\windows\System32\Wbem;C:\windows\System32\WindowsPowerShell\v1.0\;C:\windows\System32\OpenSSH\;C:\Program Files (x86)\Microsoft SQL Server\160\DTS\Binn\;C:\Program Files\Azure Data Studio\bin;C:\Program Files (x86)\Microsoft SQL Server\150\Tools\Binn\;C:\Program Files\Microsoft SQL Server\150\Tools\Binn\;C:\Program Files (x86)\Microsoft SQL Server\150\DTS\Binn\;C:\Program Files\Microsoft SQL Server\150\DTS\Binn\;C:\Program Files\Microsoft SQL Server\Client SDK\ODBC\170\Tools\Binn\;C:\Program Files\Java\jdk-24\bin;C:\Program Files\Git\cmd;C:\Program Files\nodejs\;C:\windows\system32;C:\windows;C:\windows\System32\Wbem;C:\windows\System32\WindowsPowerShell\v1.0\;C:\windows\System32\OpenSSH\;C:\Program Files (x86)\Microsoft SQL Server\160\DTS\Binn\;C:\Program Files\Azure Data Studio\bin;C:\Program Files (x86)\Microsoft SQL Server\150\Tools\Binn\;C:\Program Files\Microsoft SQL Server\150\Tools\Binn\;C:\Program Files (x86)\Microsoft SQL Server\150\DTS\Binn\;C:\Program Files\Microsoft SQL Server\150\DTS\Binn\;C:\Program Files\Microsoft SQL Server\Client SDK\ODBC\170\Tools\Binn\;C:\Program Files\Java\jdk-24\bin;C:\Program Files\Git\cmd;C:\Program Files\nodejs\;C:\Users\boini\AppData\Local\Programs\Python\Python37\Scripts\;C:\Users\boini\AppData\Local\Programs\Python\Python37\;C:\Program Files\Java;C:\Users\boini\AppData\Local\GitHubDesktop\bin;C:\Users\boini\AppData\Local\Programs\Microsoft VS Code\bin;C:\Users\boini\AppData\Roaming\npm;D:\Users\apache-maven-3.9.16-bin\apache-maven-3.9.16\bin;C:\Users\boini\AppData\Local\Programs\Antigravity IDE\bin
USERNAME=boini
OS=Windows_NT
PROCESSOR_IDENTIFIER=Intel64 Family 6 Model 154 Stepping 4, GenuineIntel
TMP=C:\Users\boini\AppData\Local\Temp
TEMP=C:\Users\boini\AppData\Local\Temp




Periodic native trim disabled

---------------  S Y S T E M  ---------------

OS:
 Windows 11 , 64 bit Build 22621 (10.0.22621.5415)
OS uptime: 0 days 2:27 hours
Hyper-V role detected

CPU: total 12 (initial active 12) (6 cores per cpu, 2 threads per core) family 6 model 154 stepping 4 microcode 0x42c, cx8, cmov, fxsr, ht, mmx, 3dnowpref, sse, sse2, sse3, ssse3, sse4.1, sse4.2, popcnt, lzcnt, tsc, tscinvbit, avx, avx2, aes, erms, clmul, bmi1, bmi2, adx, sha, fma, vzeroupper, clflush, clflushopt, clwb, hv, serialize, rdtscp, rdpid, fsrm, f16c, cet_ibt, cet_ss
Processor Information for processor 0
  Max Mhz: 1300, Current Mhz: 1300, Mhz Limit: 1300
Processor Information for processor 1
  Max Mhz: 1300, Current Mhz: 1300, Mhz Limit: 1300
Processor Information for processor 2
  Max Mhz: 1300, Current Mhz: 1300, Mhz Limit: 1300
Processor Information for processor 3
  Max Mhz: 1300, Current Mhz: 1300, Mhz Limit: 1300
Processor Information for processor 4
  Max Mhz: 1300, Current Mhz: 900, Mhz Limit: 897
Processor Information for processor 5
  Max Mhz: 1300, Current Mhz: 900, Mhz Limit: 897
Processor Information for processor 6
  Max Mhz: 1300, Current Mhz: 900, Mhz Limit: 897
Processor Information for processor 7
  Max Mhz: 1300, Current Mhz: 900, Mhz Limit: 897
Processor Information for processor 8
  Max Mhz: 1300, Current Mhz: 900, Mhz Limit: 897
Processor Information for processor 9
  Max Mhz: 1300, Current Mhz: 900, Mhz Limit: 897
Processor Information for processor 10
  Max Mhz: 1300, Current Mhz: 900, Mhz Limit: 897
Processor Information for processor 11
  Max Mhz: 1300, Current Mhz: 900, Mhz Limit: 897

Memory: 4k page, system-wide physical 7863M (473M free)
TotalPageFile size 16410M (AvailPageFile size 3M)
current process WorkingSet (physical memory assigned to process): 162M, peak: 162M
current process commit charge ("private bytes"): 304M, peak: 305M

vm_info: OpenJDK 64-Bit Server VM (21.0.11+10-LTS) for windows-amd64 JRE (21.0.11+10-LTS), built on 2026-04-21T00:00:00Z by "admin" with MS VC++ 17.12 (VS2022)

END.
