#
# There is insufficient memory for the Java Runtime Environment to continue.
# Native memory allocation (malloc) failed to allocate 329664 bytes. Error detail: Chunk::new
# Possible reasons:
#   The system is out of physical RAM or swap space
#   This process is running with CompressedOops enabled, and the Java Heap may be blocking the growth of the native heap
# Possible solutions:
#   Reduce memory load on the system
#   Increase physical memory or swap space
#   Check if swap backing store is full
#   Decrease Java heap size (-Xmx/-Xms)
#   Decrease number of Java threads
#   Decrease Java thread stack sizes (-Xss)
#   Set larger code cache with -XX:ReservedCodeCacheSize=
#   JVM is running with Unscaled Compressed Oops mode in which the Java heap is
#     placed in the first 4GB address space. The Java Heap base address is the
#     maximum limit for the native heap growth. Please use -XX:HeapBaseMinAddress
#     to set the Java Heap base and to place the Java Heap above 4GB virtual address.
# This output file may be truncated or incomplete.
#
#  Out of Memory Error (arena.cpp:168), pid=21952, tid=7456
#
# JRE version: OpenJDK Runtime Environment Temurin-21.0.11+10 (21.0.11+10) (build 21.0.11+10-LTS)
# Java VM: OpenJDK 64-Bit Server VM Temurin-21.0.11+10 (21.0.11+10-LTS, mixed mode, sharing, tiered, compressed oops, compressed class ptrs, parallel gc, windows-amd64)
# No core dump will be written. Minidumps are not enabled by default on client versions of Windows
#

---------------  S U M M A R Y ------------

Command Line: --add-modules=ALL-SYSTEM --add-opens=java.base/java.util=ALL-UNNAMED --add-opens=java.base/java.lang=ALL-UNNAMED --add-opens=java.base/sun.nio.fs=ALL-UNNAMED -Declipse.application=org.eclipse.jdt.ls.core.id1 -Dosgi.bundles.defaultStartLevel=4 -Declipse.product=org.eclipse.jdt.ls.core.product -Djava.import.generatesMetadataFilesAtProjectRoot=false -DDetectVMInstallationsJob.disabled=true -Dfile.encoding=utf8 -XX:+UseParallelGC -XX:GCTimeRatio=4 -XX:AdaptiveSizePolicyWeight=90 -Dsun.zip.disableMemoryMapping=true -Xmx2G -Xms100m -Xlog:disable -javaagent:c:\Users\boini\.vscode\extensions\redhat.java-1.55.0-win32-x64\lombok\lombok-1.18.39-4050.jar c:\Users\boini\.vscode\extensions\redhat.java-1.55.0-win32-x64\server\plugins\org.eclipse.equinox.launcher_1.7.200.v20260619-2039.jar -configuration c:\Users\boini\AppData\Roaming\Code\User\globalStorage\redhat.java\1.55.0\config_ss_win -data c:\Users\boini\AppData\Roaming\Code\User\workspaceStorage\e6bb11de103c9e1a934892c7d0c01b98\redhat.java\ss_ws --pipe=\\.\pipe\lsp-ee5c9c4574ff8373a6ddaf12c1c595a5-sock

Host: 12th Gen Intel(R) Core(TM) i5-1235U, 12 cores, 7G,  Windows 11 , 64 bit Build 22621 (10.0.22621.5415)
Time: Tue Jul 21 23:51:18 2026 India Standard Time elapsed time: 0.687204 seconds (0d 0h 0m 0s)

---------------  T H R E A D  ---------------

Current thread (0x000001ef77a04f90):  JavaThread "C2 CompilerThread2" daemon [_thread_in_native, id=7456, stack(0x0000004508600000,0x0000004508700000) (1024K)]


Current CompileTask:
C2:687  868       4       lombok.patcher.scripts.MethodLevelPatchScript::patch (21 bytes)

Stack: [0x0000004508600000,0x0000004508700000]
Native frames: (J=compiled Java code, j=interpreted, Vv=VM code, C=native code)
V  [jvm.dll+0x6d7e19]
V  [jvm.dll+0x8b5096]
V  [jvm.dll+0x8b764e]
V  [jvm.dll+0x8b7d33]
V  [jvm.dll+0x284596]
V  [jvm.dll+0xc685d]
V  [jvm.dll+0xc6da1]
V  [jvm.dll+0x3bed6b]
V  [jvm.dll+0x38b2b2]
V  [jvm.dll+0x38a6fa]
V  [jvm.dll+0x24c700]
V  [jvm.dll+0x24bce0]
V  [jvm.dll+0x1cb4ae]
V  [jvm.dll+0x25baad]
V  [jvm.dll+0x25a03a]
V  [jvm.dll+0x3f868e]
V  [jvm.dll+0x85fb0d]
V  [jvm.dll+0x6d664d]
C  [ucrtbase.dll+0x29333]
C  [KERNEL32.DLL+0x1259d]
C  [ntdll.dll+0x5af78]


---------------  P R O C E S S  ---------------

Threads class SMR info:
_java_thread_list=0x000001ef779fe200, length=13, elements={
0x000001ef1b906b90, 0x000001ef346ce690, 0x000001ef776b10c0, 0x000001ef776b4710,
0x000001ef776b5710, 0x000001ef776b6040, 0x000001ef776b6ca0, 0x000001ef776b99d0,
0x000001ef776bcf20, 0x000001ef778989f0, 0x000001ef7793da80, 0x000001ef77984c90,
0x000001ef77a04f90
}

Java Threads: ( => current thread )
  0x000001ef1b906b90 JavaThread "main"                              [_thread_in_Java, id=9856, stack(0x0000004507700000,0x0000004507800000) (1024K)]
  0x000001ef346ce690 JavaThread "Reference Handler"          daemon [_thread_blocked, id=20764, stack(0x0000004507b00000,0x0000004507c00000) (1024K)]
  0x000001ef776b10c0 JavaThread "Finalizer"                  daemon [_thread_blocked, id=10828, stack(0x0000004507c00000,0x0000004507d00000) (1024K)]
  0x000001ef776b4710 JavaThread "Signal Dispatcher"          daemon [_thread_blocked, id=12372, stack(0x0000004507d00000,0x0000004507e00000) (1024K)]
  0x000001ef776b5710 JavaThread "Attach Listener"            daemon [_thread_blocked, id=14280, stack(0x0000004507e00000,0x0000004507f00000) (1024K)]
  0x000001ef776b6040 JavaThread "Service Thread"             daemon [_thread_blocked, id=23480, stack(0x0000004507f00000,0x0000004508000000) (1024K)]
  0x000001ef776b6ca0 JavaThread "Monitor Deflation Thread"   daemon [_thread_blocked, id=2488, stack(0x0000004508000000,0x0000004508100000) (1024K)]
  0x000001ef776b99d0 JavaThread "C2 CompilerThread0"         daemon [_thread_blocked, id=23304, stack(0x0000004508100000,0x0000004508200000) (1024K)]
  0x000001ef776bcf20 JavaThread "C1 CompilerThread0"         daemon [_thread_in_native, id=368, stack(0x0000004508200000,0x0000004508300000) (1024K)]
  0x000001ef778989f0 JavaThread "C2 CompilerThread1"         daemon [_thread_blocked, id=5956, stack(0x0000004508300000,0x0000004508400000) (1024K)]
  0x000001ef7793da80 JavaThread "Common-Cleaner"             daemon [_thread_blocked, id=15464, stack(0x0000004508400000,0x0000004508500000) (1024K)]
  0x000001ef77984c90 JavaThread "Notification Thread"        daemon [_thread_blocked, id=17268, stack(0x0000004508500000,0x0000004508600000) (1024K)]
=>0x000001ef77a04f90 JavaThread "C2 CompilerThread2"         daemon [_thread_in_native, id=7456, stack(0x0000004508600000,0x0000004508700000) (1024K)]
Total: 13

Other Threads:
  0x000001ef1dcddb70 VMThread "VM Thread"                           [id=13820, stack(0x0000004507a00000,0x0000004507b00000) (1024K)]
  0x000001ef1dc8cee0 WatcherThread "VM Periodic Task Thread"        [id=16248, stack(0x0000004507900000,0x0000004507a00000) (1024K)]
  0x000001ef1dc411f0 WorkerThread "GC Thread#0"                     [id=16940, stack(0x0000004507800000,0x0000004507900000) (1024K)]
Total: 3

Threads with active compile tasks:
C2 CompilerThread2  697  868       4       lombok.patcher.scripts.MethodLevelPatchScript::patch (21 bytes)
Total: 1

VM state: not at safepoint (normal execution)

VM Mutex/Monitor currently owned by a thread: None

Heap address: 0x0000000080000000, size: 2048 MB, Compressed Oops mode: 32-bit

CDS archive(s) mapped at: [0x000001ef35000000-0x000001ef35ba0000-0x000001ef35ba0000), size 12189696, SharedBaseAddress: 0x000001ef35000000, ArchiveRelocationMode: 1.
Compressed class space mapped at: 0x000001ef36000000-0x000001ef76000000, reserved size: 1073741824
Narrow klass base: 0x000001ef35000000, Narrow klass shift: 0, Narrow klass range: 0x100000000

GC Precious Log:
 CardTable entry size: 512
 CPUs: 12 total, 12 available
 Memory: 7863M
 Large Page Support: Disabled
 NUMA Support: Disabled
 Compressed Oops: Enabled (32-bit)
 Alignments: Space 512K, Generation 512K, Heap 2M
 Heap Min Capacity: 100M
 Heap Initial Capacity: 100M
 Heap Max Capacity: 2G
 Pre-touch: Disabled
 Parallel Workers: 10

Heap:
 PSYoungGen      total 29696K, used 22174K [0x00000000d5580000, 0x00000000d7680000, 0x0000000100000000)
  eden space 25600K, 86% used [0x00000000d5580000,0x00000000d6b27840,0x00000000d6e80000)
  from space 4096K, 0% used [0x00000000d7280000,0x00000000d7280000,0x00000000d7680000)
  to   space 4096K, 0% used [0x00000000d6e80000,0x00000000d6e80000,0x00000000d7280000)
 ParOldGen       total 68608K, used 0K [0x0000000080000000, 0x0000000084300000, 0x00000000d5580000)
  object space 68608K, 0% used [0x0000000080000000,0x0000000080000000,0x0000000084300000)
 Metaspace       used 4019K, committed 4288K, reserved 1114112K
  class space    used 449K, committed 576K, reserved 1048576K

Card table byte_map: [0x000001ef1d5e0000,0x000001ef1d9f0000] _byte_map_base: 0x000001ef1d1e0000

Marking Bits: (ParMarkBitMap*) 0x00007ffb4dbe4460
 Begin Bits: [0x000001ef300d0000, 0x000001ef320d0000)
 End Bits:   [0x000001ef320d0000, 0x000001ef340d0000)

Polling page: 0x000001ef1bb10000

Metaspace:

Usage:
  Non-class:      3.49 MB used.
      Class:    449.47 KB used.
       Both:      3.93 MB used.

Virtual space:
  Non-class space:       64.00 MB reserved,       3.62 MB (  6%) committed,  1 nodes.
      Class space:        1.00 GB reserved,     576.00 KB ( <1%) committed,  1 nodes.
             Both:        1.06 GB reserved,       4.19 MB ( <1%) committed. 

Chunk freelists:
   Non-Class:  11.27 MB
       Class:  15.44 MB
        Both:  26.71 MB

MaxMetaspaceSize: unlimited
CompressedClassSpaceSize: 1.00 GB
Initial GC threshold: 21.00 MB
Current GC threshold: 21.00 MB
CDS: on
 - commit_granule_bytes: 65536.
 - commit_granule_words: 8192.
 - virtual_space_node_default_size: 8388608.
 - enlarge_chunks_in_place: 1.
 - use_allocation_guard: 0.


Internal statistics:

num_allocs_failed_limit: 0.
num_arena_births: 184.
num_arena_deaths: 0.
num_vsnodes_births: 2.
num_vsnodes_deaths: 0.
num_space_committed: 67.
num_space_uncommitted: 0.
num_chunks_returned_to_freelist: 0.
num_chunks_taken_from_freelist: 246.
num_chunk_merges: 0.
num_chunk_splits: 156.
num_chunks_enlarged: 87.
num_inconsistent_stats: 0.

CodeHeap 'non-profiled nmethods': size=120000Kb used=366Kb max_used=366Kb free=119633Kb
 bounds [0x000001ef288f0000, 0x000001ef28b60000, 0x000001ef2fe20000]
CodeHeap 'profiled nmethods': size=120000Kb used=1558Kb max_used=1558Kb free=118441Kb
 bounds [0x000001ef20e20000, 0x000001ef21090000, 0x000001ef28350000]
CodeHeap 'non-nmethods': size=5760Kb used=1191Kb max_used=1208Kb free=4568Kb
 bounds [0x000001ef28350000, 0x000001ef285c0000, 0x000001ef288f0000]
CodeCache: size=245760Kb, used=3115Kb, max_used=3132Kb, free=242642Kb
 total_blobs=1431, nmethods=980, adapters=358, full_count=0
Compilation: enabled, stopped_count=0, restarted_count=0

Compilation events (20 events):
Event: 0.674 Thread 0x000001ef776bcf20  959       3       java.lang.ClassLoader::loadClass (7 bytes)
Event: 0.674 Thread 0x000001ef776bcf20 nmethod 959 0x000001ef20f97390 code [0x000001ef20f97540, 0x000001ef20f97718]
Event: 0.675 Thread 0x000001ef776bcf20  960       3       jdk.internal.ref.CleanerImpl::getCleanerImpl (13 bytes)
Event: 0.675 Thread 0x000001ef776bcf20 nmethod 960 0x000001ef20f97790 code [0x000001ef20f97940, 0x000001ef20f97c00]
Event: 0.675 Thread 0x000001ef776bcf20  963       3       java.lang.invoke.VarHandleGuards::guard_LII_V (135 bytes)
Event: 0.678 Thread 0x000001ef776b99d0 nmethod 954 0x000001ef28948410 code [0x000001ef289485c0, 0x000001ef28948898]
Event: 0.679 Thread 0x000001ef776b99d0  957       4       jdk.internal.util.Preconditions::checkFromIndexSize (25 bytes)
Event: 0.679 Thread 0x000001ef776bcf20 nmethod 963 0x000001ef20f97d10 code [0x000001ef20f98140, 0x000001ef20f9a638]
Event: 0.680 Thread 0x000001ef776bcf20  964       3       java.lang.invoke.VarHandleByteArrayAsInts$ArrayHandle::set (39 bytes)
Event: 0.681 Thread 0x000001ef776bcf20 nmethod 964 0x000001ef20f9b210 code [0x000001ef20f9b3e0, 0x000001ef20f9b808]
Event: 0.681 Thread 0x000001ef776b99d0 nmethod 957 0x000001ef28948b10 code [0x000001ef28948ca0, 0x000001ef28948d70]
Event: 0.681 Thread 0x000001ef776bcf20  965       3       jdk.internal.misc.Unsafe::putIntUnaligned (14 bytes)
Event: 0.682 Thread 0x000001ef776b99d0  958       4       sun.security.provider.SHA2::implCompress (13 bytes)
Event: 0.682 Thread 0x000001ef776bcf20 nmethod 965 0x000001ef20f9b990 code [0x000001ef20f9bb40, 0x000001ef20f9bd80]
Event: 0.682 Thread 0x000001ef776bcf20  962       3       java.io.RandomAccessFile::read (8 bytes)
Event: 0.682 Thread 0x000001ef776bcf20 nmethod 962 0x000001ef20f9be90 code [0x000001ef20f9c040, 0x000001ef20f9c178]
Event: 0.682 Thread 0x000001ef778989f0 nmethod 907 0x000001ef28948e10 code [0x000001ef28949060, 0x000001ef289499d0]
Event: 0.683 Thread 0x000001ef776bcf20  961       3       java.lang.ref.Cleaner$1::apply (9 bytes)
Event: 0.683 Thread 0x000001ef776bcf20 nmethod 961 0x000001ef20f9c210 code [0x000001ef20f9c3c0, 0x000001ef20f9c630]
Event: 0.685 Thread 0x000001ef776b99d0 nmethod 958 0x000001ef2894a110 code [0x000001ef2894a2a0, 0x000001ef2894a3e0]

GC Heap History (0 events):
No events

Dll operation events (8 events):
Event: 0.012 Loaded shared library c:\Users\boini\.vscode\extensions\redhat.java-1.55.0-win32-x64\jre\21.0.11-win32-x86_64\bin\java.dll
Event: 0.105 Loaded shared library c:\Users\boini\.vscode\extensions\redhat.java-1.55.0-win32-x64\jre\21.0.11-win32-x86_64\bin\zip.dll
Event: 0.133 Loaded shared library C:\Users\boini\.vscode\extensions\redhat.java-1.55.0-win32-x64\jre\21.0.11-win32-x86_64\bin\instrument.dll
Event: 0.140 Loaded shared library C:\Users\boini\.vscode\extensions\redhat.java-1.55.0-win32-x64\jre\21.0.11-win32-x86_64\bin\net.dll
Event: 0.146 Loaded shared library C:\Users\boini\.vscode\extensions\redhat.java-1.55.0-win32-x64\jre\21.0.11-win32-x86_64\bin\nio.dll
Event: 0.150 Loaded shared library C:\Users\boini\.vscode\extensions\redhat.java-1.55.0-win32-x64\jre\21.0.11-win32-x86_64\bin\zip.dll
Event: 0.170 Loaded shared library C:\Users\boini\.vscode\extensions\redhat.java-1.55.0-win32-x64\jre\21.0.11-win32-x86_64\bin\jimage.dll
Event: 0.249 Loaded shared library c:\Users\boini\.vscode\extensions\redhat.java-1.55.0-win32-x64\jre\21.0.11-win32-x86_64\bin\verify.dll

Deoptimization events (20 events):
Event: 0.642 Thread 0x000001ef1b906b90 DEOPT PACKING pc=0x000001ef20f3095d sp=0x00000045077fe290
Event: 0.642 Thread 0x000001ef1b906b90 DEOPT UNPACKING pc=0x000001ef283a4242 sp=0x00000045077fd708 mode 0
Event: 0.643 Thread 0x000001ef1b906b90 DEOPT PACKING pc=0x000001ef20f3095d sp=0x00000045077fe290
Event: 0.643 Thread 0x000001ef1b906b90 DEOPT UNPACKING pc=0x000001ef283a4242 sp=0x00000045077fd708 mode 0
Event: 0.643 Thread 0x000001ef1b906b90 DEOPT PACKING pc=0x000001ef20f3095d sp=0x00000045077fe290
Event: 0.643 Thread 0x000001ef1b906b90 DEOPT UNPACKING pc=0x000001ef283a4242 sp=0x00000045077fd708 mode 0
Event: 0.645 Thread 0x000001ef1b906b90 DEOPT PACKING pc=0x000001ef20f3095d sp=0x00000045077fe570
Event: 0.645 Thread 0x000001ef1b906b90 DEOPT UNPACKING pc=0x000001ef283a4242 sp=0x00000045077fd9e8 mode 0
Event: 0.645 Thread 0x000001ef1b906b90 DEOPT PACKING pc=0x000001ef20f3095d sp=0x00000045077fe570
Event: 0.645 Thread 0x000001ef1b906b90 DEOPT UNPACKING pc=0x000001ef283a4242 sp=0x00000045077fd9e8 mode 0
Event: 0.646 Thread 0x000001ef1b906b90 DEOPT PACKING pc=0x000001ef20f3095d sp=0x00000045077fe570
Event: 0.646 Thread 0x000001ef1b906b90 DEOPT UNPACKING pc=0x000001ef283a4242 sp=0x00000045077fd9e8 mode 0
Event: 0.646 Thread 0x000001ef1b906b90 DEOPT PACKING pc=0x000001ef20f3095d sp=0x00000045077fe570
Event: 0.646 Thread 0x000001ef1b906b90 DEOPT UNPACKING pc=0x000001ef283a4242 sp=0x00000045077fd9e8 mode 0
Event: 0.654 Thread 0x000001ef1b906b90 DEOPT PACKING pc=0x000001ef20f3095d sp=0x00000045077f8d60
Event: 0.654 Thread 0x000001ef1b906b90 DEOPT UNPACKING pc=0x000001ef283a4242 sp=0x00000045077f81d8 mode 0
Event: 0.656 Thread 0x000001ef1b906b90 DEOPT PACKING pc=0x000001ef20f3095d sp=0x00000045077fa5f0
Event: 0.656 Thread 0x000001ef1b906b90 DEOPT UNPACKING pc=0x000001ef283a4242 sp=0x00000045077f9a68 mode 0
Event: 0.657 Thread 0x000001ef1b906b90 DEOPT PACKING pc=0x000001ef20f3095d sp=0x00000045077fa680
Event: 0.657 Thread 0x000001ef1b906b90 DEOPT UNPACKING pc=0x000001ef283a4242 sp=0x00000045077f9af8 mode 0

Classes loaded (20 events):
Event: 0.684 Loading class sun/reflect/annotation/ExceptionProxy done
Event: 0.684 Loading class sun/reflect/annotation/AnnotationTypeMismatchExceptionProxy done
Event: 0.684 Loading class sun/reflect/annotation/AnnotationParser$1
Event: 0.685 Loading class sun/reflect/annotation/AnnotationParser$1 done
Event: 0.685 Loading class sun/reflect/annotation/AnnotationInvocationHandler
Event: 0.685 Loading class java/lang/reflect/InvocationHandler
Event: 0.685 Loading class java/lang/reflect/InvocationHandler done
Event: 0.685 Loading class sun/reflect/annotation/AnnotationInvocationHandler done
Event: 0.685 Loading class java/lang/reflect/Proxy
Event: 0.685 Loading class java/lang/reflect/Proxy done
Event: 0.685 Loading class java/lang/reflect/Proxy$1
Event: 0.685 Loading class java/lang/reflect/Proxy$1 done
Event: 0.685 Loading class jdk/internal/loader/AbstractClassLoaderValue$Sub
Event: 0.685 Loading class jdk/internal/loader/AbstractClassLoaderValue$Sub done
Event: 0.686 Loading class java/lang/reflect/Proxy$ProxyBuilder
Event: 0.686 Loading class java/lang/reflect/Proxy$ProxyBuilder done
Event: 0.686 Loading class java/lang/PublicMethods
Event: 0.686 Loading class java/lang/PublicMethods done
Event: 0.686 Loading class java/util/LinkedHashMap$LinkedValueIterator
Event: 0.686 Loading class java/util/LinkedHashMap$LinkedValueIterator done

Classes unloaded (0 events):
No events

Classes redefined (0 events):
No events

Internal exceptions (20 events):
Event: 0.209 Thread 0x000001ef1b906b90 Exception <a 'java/lang/NoSuchMethodError'{0x00000000d59e9df0}: 'void java.lang.invoke.DelegatingMethodHandle$Holder.reinvoke_L(java.lang.Object, java.lang.Object, java.lang.Object, int, java.lang.Object)'> (0x00000000d59e9df0) 
thrown [s\src\hotspot\share\interpreter\linkResolver.cpp, line 773]
Event: 0.213 Thread 0x000001ef1b906b90 Exception <a 'java/lang/NoSuchMethodError'{0x00000000d59fa740}: 'int java.lang.invoke.DirectMethodHandle$Holder.invokeSpecial(java.lang.Object, java.lang.Object, java.lang.Object)'> (0x00000000d59fa740) 
thrown [s\src\hotspot\share\interpreter\linkResolver.cpp, line 773]
Event: 0.215 Thread 0x000001ef1b906b90 Exception <a 'java/lang/NoSuchMethodError'{0x00000000d5a06400}: 'java.lang.Object java.lang.invoke.DirectMethodHandle$Holder.invokeStatic(java.lang.Object, java.lang.Object, int)'> (0x00000000d5a06400) 
thrown [s\src\hotspot\share\interpreter\linkResolver.cpp, line 773]
Event: 0.216 Thread 0x000001ef1b906b90 Exception <a 'java/lang/NoSuchMethodError'{0x00000000d5a0ad50}: 'void java.lang.invoke.DirectMethodHandle$Holder.invokeStatic(java.lang.Object, java.lang.Object, int, java.lang.Object)'> (0x00000000d5a0ad50) 
thrown [s\src\hotspot\share\interpreter\linkResolver.cpp, line 773]
Event: 0.217 Thread 0x000001ef1b906b90 Exception <a 'java/lang/NoSuchMethodError'{0x00000000d5a0e8e0}: 'void java.lang.invoke.DirectMethodHandle$Holder.invokeSpecial(java.lang.Object, java.lang.Object, java.lang.Object, int, java.lang.Object)'> (0x00000000d5a0e8e0) 
thrown [s\src\hotspot\share\interpreter\linkResolver.cpp, line 773]
Event: 0.217 Thread 0x000001ef1b906b90 Exception <a 'java/lang/NoSuchMethodError'{0x00000000d5a11d50}: 'void java.lang.invoke.DelegatingMethodHandle$Holder.delegate(java.lang.Object, java.lang.Object, int, java.lang.Object)'> (0x00000000d5a11d50) 
thrown [s\src\hotspot\share\interpreter\linkResolver.cpp, line 773]
Event: 0.275 Thread 0x000001ef1b906b90 Exception <a 'java/lang/NoSuchMethodError'{0x00000000d5bd30b8}: 'void java.lang.invoke.DelegatingMethodHandle$Holder.reinvoke_L(java.lang.Object, java.lang.Object, java.lang.Object, int)'> (0x00000000d5bd30b8) 
thrown [s\src\hotspot\share\interpreter\linkResolver.cpp, line 773]
Event: 0.409 Thread 0x000001ef1b906b90 Exception <a 'java/lang/NoSuchMethodError'{0x00000000d60627a0}: 'void java.lang.invoke.DirectMethodHandle$Holder.invokeVirtual(java.lang.Object, java.lang.Object)'> (0x00000000d60627a0) 
thrown [s\src\hotspot\share\interpreter\linkResolver.cpp, line 773]
Event: 0.528 Thread 0x000001ef1b906b90 Exception <a 'java/lang/NoSuchMethodError'{0x00000000d644b590}: 'void java.lang.invoke.DirectMethodHandle$Holder.invokeStatic(java.lang.Object, java.lang.Object)'> (0x00000000d644b590) 
thrown [s\src\hotspot\share\interpreter\linkResolver.cpp, line 773]
Event: 0.532 Thread 0x000001ef1b906b90 Exception <a 'java/lang/ClassNotFoundException'{0x00000000d6473688}: sun/net/www/protocol/c/Handler> (0x00000000d6473688) 
thrown [s\src\hotspot\share\classfile\systemDictionary.cpp, line 313]
Event: 0.550 Thread 0x000001ef1b906b90 Exception <a 'java/io/FileNotFoundException'{0x00000000d64d0748}> (0x00000000d64d0748) 
thrown [s\src\hotspot\share\prims\jni.cpp, line 520]
Event: 0.551 Thread 0x000001ef1b906b90 Exception <a 'java/io/FileNotFoundException'{0x00000000d64d1a70}> (0x00000000d64d1a70) 
thrown [s\src\hotspot\share\prims\jni.cpp, line 520]
Event: 0.551 Thread 0x000001ef1b906b90 Exception <a 'java/io/FileNotFoundException'{0x00000000d64d26e8}> (0x00000000d64d26e8) 
thrown [s\src\hotspot\share\prims\jni.cpp, line 520]
Event: 0.552 Thread 0x000001ef1b906b90 Exception <a 'java/io/FileNotFoundException'{0x00000000d64d3228}> (0x00000000d64d3228) 
thrown [s\src\hotspot\share\prims\jni.cpp, line 520]
Event: 0.554 Thread 0x000001ef1b906b90 Implicit null exception at 0x000001ef2891e024 to 0x000001ef2891e5c8
Event: 0.555 Thread 0x000001ef1b906b90 Exception <a 'java/io/FileNotFoundException'{0x00000000d650d3b8}> (0x00000000d650d3b8) 
thrown [s\src\hotspot\share\prims\jni.cpp, line 520]
Event: 0.565 Thread 0x000001ef1b906b90 Exception <a 'java/lang/NoSuchMethodError'{0x00000000d6549360}: 'java.lang.Object java.lang.invoke.DirectMethodHandle$Holder.invokeInterface(java.lang.Object, java.lang.Object)'> (0x00000000d6549360) 
thrown [s\src\hotspot\share\interpreter\linkResolver.cpp, line 773]
Event: 0.569 Thread 0x000001ef1b906b90 Exception <a 'java/lang/NoSuchMethodError'{0x00000000d655ce80}: 'java.lang.Object java.lang.invoke.Invokers$Holder.invokeExact_MT(java.lang.Object, java.lang.Object, java.lang.Object, java.lang.Object, java.lang.Object, java.lang.Object)'> (0x00000000d655ce80) 
thrown [s\src\hotspot\share\interpreter\linkResolver.cpp, line 773]
Event: 0.573 Thread 0x000001ef1b906b90 Exception <a 'java/lang/NoSuchMethodError'{0x00000000d6573f58}: 'int java.lang.invoke.DirectMethodHandle$Holder.invokeStatic(java.lang.Object, java.lang.Object, java.lang.Object, java.lang.Object, java.lang.Object)'> (0x00000000d6573f58) 
thrown [s\src\hotspot\share\interpreter\linkResolver.cpp, line 773]
Event: 0.590 Thread 0x000001ef1b906b90 Exception <a 'java/lang/NoSuchMethodError'{0x00000000d66099e0}: 'java.lang.Object java.lang.invoke.DirectMethodHandle$Holder.invokeInterface(java.lang.Object, java.lang.Object, int)'> (0x00000000d66099e0) 
thrown [s\src\hotspot\share\interpreter\linkResolver.cpp, line 773]

ZGC Phase Switch (0 events):
No events

VM Operations (8 events):
Event: 0.103 Executing non-safepoint VM operation: HandshakeAllThreads (Deoptimize)
Event: 0.103 Executing non-safepoint VM operation: HandshakeAllThreads (Deoptimize) done
Event: 0.181 Executing non-safepoint VM operation: HandshakeAllThreads (Deoptimize)
Event: 0.181 Executing non-safepoint VM operation: HandshakeAllThreads (Deoptimize) done
Event: 0.512 Executing non-safepoint VM operation: HandshakeAllThreads (Deoptimize)
Event: 0.512 Executing non-safepoint VM operation: HandshakeAllThreads (Deoptimize) done
Event: 0.525 Executing non-safepoint VM operation: HandshakeAllThreads (Deoptimize)
Event: 0.525 Executing non-safepoint VM operation: HandshakeAllThreads (Deoptimize) done

Memory protections (0 events):
No events

Nmethod flushes (0 events):
No events

Events (13 events):
Event: 0.028 Thread 0x000001ef1b906b90 Thread added: 0x000001ef1b906b90
Event: 0.053 Thread 0x000001ef1b906b90 Thread added: 0x000001ef346ce690
Event: 0.054 Thread 0x000001ef1b906b90 Thread added: 0x000001ef776b10c0
Event: 0.054 Thread 0x000001ef1b906b90 Thread added: 0x000001ef776b4710
Event: 0.054 Thread 0x000001ef1b906b90 Thread added: 0x000001ef776b5710
Event: 0.054 Thread 0x000001ef1b906b90 Thread added: 0x000001ef776b6040
Event: 0.054 Thread 0x000001ef1b906b90 Thread added: 0x000001ef776b6ca0
Event: 0.054 Thread 0x000001ef1b906b90 Thread added: 0x000001ef776b99d0
Event: 0.055 Thread 0x000001ef1b906b90 Thread added: 0x000001ef776bcf20
Event: 0.120 Thread 0x000001ef776bcf20 Thread added: 0x000001ef778989f0
Event: 0.134 Thread 0x000001ef1b906b90 Thread added: 0x000001ef7793da80
Event: 0.349 Thread 0x000001ef1b906b90 Thread added: 0x000001ef77984c90
Event: 0.449 Thread 0x000001ef776bcf20 Thread added: 0x000001ef77a04f90


Dynamic libraries:
0x00007ff6b5c70000 - 0x00007ff6b5c7e000 	c:\Users\boini\.vscode\extensions\redhat.java-1.55.0-win32-x64\jre\21.0.11-win32-x86_64\bin\java.exe
0x00007ffc3c9f0000 - 0x00007ffc3cc08000 	C:\windows\SYSTEM32\ntdll.dll
0x00007ffc3b3f0000 - 0x00007ffc3b4b4000 	C:\windows\System32\KERNEL32.DLL
0x00007ffc3a090000 - 0x00007ffc3a463000 	C:\windows\System32\KERNELBASE.dll
0x00007ffc3a4a0000 - 0x00007ffc3a5b1000 	C:\windows\System32\ucrtbase.dll
0x00007ffbe69b0000 - 0x00007ffbe69c8000 	c:\Users\boini\.vscode\extensions\redhat.java-1.55.0-win32-x64\jre\21.0.11-win32-x86_64\bin\jli.dll
0x00007ffbea430000 - 0x00007ffbea44e000 	c:\Users\boini\.vscode\extensions\redhat.java-1.55.0-win32-x64\jre\21.0.11-win32-x86_64\bin\VCRUNTIME140.dll
0x00007ffc3ae00000 - 0x00007ffc3afb2000 	C:\windows\System32\USER32.dll
0x00007ffc3a470000 - 0x00007ffc3a496000 	C:\windows\System32\win32u.dll
0x00007ffc3c440000 - 0x00007ffc3c469000 	C:\windows\System32\GDI32.dll
0x00007ffc175f0000 - 0x00007ffc1788c000 	C:\windows\WinSxS\amd64_microsoft.windows.common-controls_6595b64144ccf1df_6.0.22621.6060_none_2712eda17382d24b\COMCTL32.dll
0x00007ffc39d30000 - 0x00007ffc39e4b000 	C:\windows\System32\gdi32full.dll
0x00007ffc3c2e0000 - 0x00007ffc3c387000 	C:\windows\System32\msvcrt.dll
0x00007ffc3a5f0000 - 0x00007ffc3a68a000 	C:\windows\System32\msvcp_win.dll
0x00007ffc3c470000 - 0x00007ffc3c4a1000 	C:\windows\System32\IMM32.DLL
0x00007ffc2fce0000 - 0x00007ffc2fcec000 	c:\Users\boini\.vscode\extensions\redhat.java-1.55.0-win32-x64\jre\21.0.11-win32-x86_64\bin\vcruntime140_1.dll
0x00007ffbe0850000 - 0x00007ffbe08dd000 	c:\Users\boini\.vscode\extensions\redhat.java-1.55.0-win32-x64\jre\21.0.11-win32-x86_64\bin\msvcp140.dll
0x00007ffb4cf20000 - 0x00007ffb4dcc2000 	c:\Users\boini\.vscode\extensions\redhat.java-1.55.0-win32-x64\jre\21.0.11-win32-x86_64\bin\server\jvm.dll
0x00007ffc3acd0000 - 0x00007ffc3ad81000 	C:\windows\System32\ADVAPI32.dll
0x00007ffc3be10000 - 0x00007ffc3beb8000 	C:\windows\System32\sechost.dll
0x00007ffc3a5c0000 - 0x00007ffc3a5e8000 	C:\windows\System32\bcrypt.dll
0x00007ffc3c4d0000 - 0x00007ffc3c5e8000 	C:\windows\System32\RPCRT4.dll
0x00007ffc3b370000 - 0x00007ffc3b3e1000 	C:\windows\System32\WS2_32.dll
0x00007ffc2f6f0000 - 0x00007ffc2f724000 	C:\windows\SYSTEM32\WINMM.dll
0x00007ffc399d0000 - 0x00007ffc39a1d000 	C:\windows\SYSTEM32\POWRPROF.dll
0x00007ffc2cbc0000 - 0x00007ffc2cbca000 	C:\windows\SYSTEM32\VERSION.dll
0x00007ffc399b0000 - 0x00007ffc399c3000 	C:\windows\SYSTEM32\UMPDC.dll
0x00007ffc38aa0000 - 0x00007ffc38ab8000 	C:\windows\SYSTEM32\kernel.appcore.dll
0x00007ffc14f70000 - 0x00007ffc14f7a000 	c:\Users\boini\.vscode\extensions\redhat.java-1.55.0-win32-x64\jre\21.0.11-win32-x86_64\bin\jimage.dll
0x00007ffc37220000 - 0x00007ffc37453000 	C:\windows\SYSTEM32\DBGHELP.DLL
0x00007ffc3c610000 - 0x00007ffc3c9a1000 	C:\windows\System32\combase.dll
0x00007ffc3b290000 - 0x00007ffc3b368000 	C:\windows\System32\OLEAUT32.dll
0x00007ffc16a80000 - 0x00007ffc16ab2000 	C:\windows\SYSTEM32\dbgcore.DLL
0x00007ffc39ed0000 - 0x00007ffc39f4b000 	C:\windows\System32\bcryptPrimitives.dll
0x00007ffc0d9d0000 - 0x00007ffc0d9df000 	c:\Users\boini\.vscode\extensions\redhat.java-1.55.0-win32-x64\jre\21.0.11-win32-x86_64\bin\instrument.dll
0x00007ffbe3560000 - 0x00007ffbe3580000 	c:\Users\boini\.vscode\extensions\redhat.java-1.55.0-win32-x64\jre\21.0.11-win32-x86_64\bin\java.dll
0x00007ffc3b560000 - 0x00007ffc3bdfc000 	C:\windows\System32\SHELL32.dll
0x00007ffc39f50000 - 0x00007ffc3a08f000 	C:\windows\System32\wintypes.dll
0x00007ffc379b0000 - 0x00007ffc382ca000 	C:\windows\SYSTEM32\windows.storage.dll
0x00007ffc3c060000 - 0x00007ffc3c164000 	C:\windows\System32\SHCORE.dll
0x00007ffc3ad90000 - 0x00007ffc3adf9000 	C:\windows\System32\shlwapi.dll
0x00007ffc39a30000 - 0x00007ffc39a55000 	C:\windows\SYSTEM32\profapi.dll
0x00007ffbe0a60000 - 0x00007ffbe0a78000 	c:\Users\boini\.vscode\extensions\redhat.java-1.55.0-win32-x64\jre\21.0.11-win32-x86_64\bin\zip.dll
0x00007ffc039a0000 - 0x00007ffc039b0000 	C:\Users\boini\.vscode\extensions\redhat.java-1.55.0-win32-x64\jre\21.0.11-win32-x86_64\bin\net.dll
0x00007ffc354f0000 - 0x00007ffc3561c000 	C:\windows\SYSTEM32\WINHTTP.dll
0x00007ffc38f70000 - 0x00007ffc38fd9000 	C:\windows\system32\mswsock.dll
0x00007ffbe0a40000 - 0x00007ffbe0a56000 	C:\Users\boini\.vscode\extensions\redhat.java-1.55.0-win32-x64\jre\21.0.11-win32-x86_64\bin\nio.dll
0x00007ffc03900000 - 0x00007ffc03910000 	c:\Users\boini\.vscode\extensions\redhat.java-1.55.0-win32-x64\jre\21.0.11-win32-x86_64\bin\verify.dll

JVMTI agents:
c:\Users\boini\.vscode\extensions\redhat.java-1.55.0-win32-x64\lombok\lombok-1.18.39-4050.jar path:c:\Users\boini\.vscode\extensions\redhat.java-1.55.0-win32-x64\jre\21.0.11-win32-x86_64\bin\instrument.dll, loaded, initialized, instrumentlib options:none

dbghelp: loaded successfully - version: 4.0.5 - missing functions: none
symbol engine: initialized successfully - sym options: 0x614 - pdb path: .;c:\Users\boini\.vscode\extensions\redhat.java-1.55.0-win32-x64\jre\21.0.11-win32-x86_64\bin;C:\windows\SYSTEM32;C:\windows\WinSxS\amd64_microsoft.windows.common-controls_6595b64144ccf1df_6.0.22621.6060_none_2712eda17382d24b;c:\Users\boini\.vscode\extensions\redhat.java-1.55.0-win32-x64\jre\21.0.11-win32-x86_64\bin\server

VM Arguments:
jvm_args: --add-modules=ALL-SYSTEM --add-opens=java.base/java.util=ALL-UNNAMED --add-opens=java.base/java.lang=ALL-UNNAMED --add-opens=java.base/sun.nio.fs=ALL-UNNAMED -Declipse.application=org.eclipse.jdt.ls.core.id1 -Dosgi.bundles.defaultStartLevel=4 -Declipse.product=org.eclipse.jdt.ls.core.product -Djava.import.generatesMetadataFilesAtProjectRoot=false -DDetectVMInstallationsJob.disabled=true -Dfile.encoding=utf8 -XX:+UseParallelGC -XX:GCTimeRatio=4 -XX:AdaptiveSizePolicyWeight=90 -Dsun.zip.disableMemoryMapping=true -Xmx2G -Xms100m -Xlog:disable -javaagent:c:\Users\boini\.vscode\extensions\redhat.java-1.55.0-win32-x64\lombok\lombok-1.18.39-4050.jar 
java_command: c:\Users\boini\.vscode\extensions\redhat.java-1.55.0-win32-x64\server\plugins\org.eclipse.equinox.launcher_1.7.200.v20260619-2039.jar -configuration c:\Users\boini\AppData\Roaming\Code\User\globalStorage\redhat.java\1.55.0\config_ss_win -data c:\Users\boini\AppData\Roaming\Code\User\workspaceStorage\e6bb11de103c9e1a934892c7d0c01b98\redhat.java\ss_ws --pipe=\\.\pipe\lsp-ee5c9c4574ff8373a6ddaf12c1c595a5-sock
java_class_path (initial): c:\Users\boini\.vscode\extensions\redhat.java-1.55.0-win32-x64\server\plugins\org.eclipse.equinox.launcher_1.7.200.v20260619-2039.jar
Launcher Type: SUN_STANDARD

[Global flags]
    uintx AdaptiveSizePolicyWeight                 = 90                                        {product} {command line}
     intx CICompilerCount                          = 4                                         {product} {ergonomic}
    uintx GCTimeRatio                              = 4                                         {product} {command line}
   size_t InitialHeapSize                          = 104857600                                 {product} {command line}
   size_t MaxHeapSize                              = 2147483648                                {product} {command line}
   size_t MaxNewSize                               = 715653120                                 {product} {ergonomic}
   size_t MinHeapDeltaBytes                        = 524288                                    {product} {ergonomic}
   size_t MinHeapSize                              = 104857600                                 {product} {command line}
   size_t NewSize                                  = 34603008                                  {product} {ergonomic}
    uintx NonNMethodCodeHeapSize                   = 5839372                                {pd product} {ergonomic}
    uintx NonProfiledCodeHeapSize                  = 122909434                              {pd product} {ergonomic}
   size_t OldSize                                  = 70254592                                  {product} {ergonomic}
    uintx ProfiledCodeHeapSize                     = 122909434                              {pd product} {ergonomic}
    uintx ReservedCodeCacheSize                    = 251658240                              {pd product} {ergonomic}
     bool SegmentedCodeCache                       = true                                      {product} {ergonomic}
   size_t SoftMaxHeapSize                          = 2147483648                             {manageable} {ergonomic}
     bool UseCompressedOops                        = true                           {product lp64_product} {ergonomic}
     bool UseLargePagesIndividualAllocation        = false                                  {pd product} {ergonomic}
     bool UseParallelGC                            = true                                      {product} {command line}

Logging:
Log output configuration:
 #0: stdout all=off uptime,level,tags foldmultilines=false
 #1: stderr all=off uptime,level,tags foldmultilines=false

Release file:
JAVA_VERSION="21.0.11" 
MODULES="java.base java.compiler java.datatransfer java.xml java.prefs java.desktop java.instrument java.logging java.management java.security.sasl java.naming java.rmi java.management.rmi java.net.http java.scripting java.security.jgss java.transaction.xa java.sql java.sql.rowset java.xml.crypto java.se java.smartcardio jdk.accessibility jdk.internal.jvmstat jdk.attach jdk.charsets jdk.internal.opt jdk.zipfs jdk.compiler jdk.crypto.ec jdk.crypto.cryptoki jdk.crypto.mscapi jdk.dynalink jdk.internal.ed jdk.editpad jdk.hotspot.agent jdk.httpserver jdk.internal.le jdk.internal.vm.ci jdk.internal.vm.compiler jdk.internal.vm.compiler.management jdk.jartool jdk.javadoc jdk.jcmd jdk.management jdk.management.agent jdk.jconsole jdk.jdeps jdk.jdwp.agent jdk.jdi jdk.jfr jdk.jshell jdk.jsobject jdk.jstatd jdk.localedata jdk.management.jfr jdk.naming.dns jdk.naming.rmi jdk.net jdk.nio.mapmode jdk.random jdk.sctp jdk.security.auth jdk.security.jgss jdk.unsupported jdk.unsupported.desktop jdk.xml.dom" 

Environment Variables:
PATH=C:\oraclexe\app\oracle\product\11.2.0\server\bin;;C:\windows\system32;C:\windows;C:\windows\System32\Wbem;C:\windows\System32\WindowsPowerShell\v1.0\;C:\windows\System32\OpenSSH\;C:\Program Files (x86)\Microsoft SQL Server\160\DTS\Binn\;C:\Program Files\Azure Data Studio\bin;C:\Program Files (x86)\Microsoft SQL Server\150\Tools\Binn\;C:\Program Files\Microsoft SQL Server\150\Tools\Binn\;C:\Program Files (x86)\Microsoft SQL Server\150\DTS\Binn\;C:\Program Files\Microsoft SQL Server\150\DTS\Binn\;C:\Program Files\Microsoft SQL Server\Client SDK\ODBC\170\Tools\Binn\;C:\Program Files\Java\jdk-24\bin;C:\Program Files\Git\cmd;C:\Program Files\nodejs\;C:\windows\system32;C:\windows;C:\windows\System32\Wbem;C:\windows\System32\WindowsPowerShell\v1.0\;C:\windows\System32\OpenSSH\;C:\Program Files (x86)\Microsoft SQL Server\160\DTS\Binn\;C:\Program Files\Azure Data Studio\bin;C:\Program Files (x86)\Microsoft SQL Server\150\Tools\Binn\;C:\Program Files\Microsoft SQL Server\150\Tools\Binn\;C:\Program Files (x86)\Microsoft SQL Server\150\DTS\Binn\;C:\Program Files\Microsoft SQL Server\150\DTS\Binn\;C:\Program Files\Microsoft SQL Server\Client SDK\ODBC\170\Tools\Binn\;C:\Program Files\Java\jdk-24\bin;C:\Program Files\Git\cmd;C:\Program Files\nodejs\;C:\Users\boini\AppData\Local\Programs\Python\Python37\Scripts\;C:\Users\boini\AppData\Local\Programs\Python\Python37\;C:\Program Files\Java;C:\Users\boini\AppData\Local\GitHubDesktop\bin;C:\Users\boini\AppData\Local\Programs\Microsoft VS Code\bin;C:\Users\boini\AppData\Roaming\npm;D:\Users\apache-maven-3.9.16-bin\apache-maven-3.9.16\bin;C:\Users\boini\AppData\Local\Programs\Antigravity IDE\bin
USERNAME=boini
OS=Windows_NT
PROCESSOR_IDENTIFIER=Intel64 Family 6 Model 154 Stepping 4, GenuineIntel
TMP=C:\Users\boini\AppData\Local\Temp
TEMP=C:\Users\boini\AppData\Local\Temp




Periodic native trim disabled

---------------  S Y S T E M  ---------------

OS:
 Windows 11 , 64 bit Build 22621 (10.0.22621.5415)
OS uptime: 0 days 2:27 hours
Hyper-V role detected

CPU: total 12 (initial active 12) (6 cores per cpu, 2 threads per core) family 6 model 154 stepping 4 microcode 0x42c, cx8, cmov, fxsr, ht, mmx, 3dnowpref, sse, sse2, sse3, ssse3, sse4.1, sse4.2, popcnt, lzcnt, tsc, tscinvbit, avx, avx2, aes, erms, clmul, bmi1, bmi2, adx, sha, fma, vzeroupper, clflush, clflushopt, clwb, hv, serialize, rdtscp, rdpid, fsrm, f16c, cet_ibt, cet_ss
Processor Information for processor 0
  Max Mhz: 1300, Current Mhz: 1300, Mhz Limit: 1300
Processor Information for processor 1
  Max Mhz: 1300, Current Mhz: 1300, Mhz Limit: 1300
Processor Information for processor 2
  Max Mhz: 1300, Current Mhz: 1300, Mhz Limit: 1300
Processor Information for processor 3
  Max Mhz: 1300, Current Mhz: 1300, Mhz Limit: 1300
Processor Information for processor 4
  Max Mhz: 1300, Current Mhz: 900, Mhz Limit: 897
Processor Information for processor 5
  Max Mhz: 1300, Current Mhz: 900, Mhz Limit: 897
Processor Information for processor 6
  Max Mhz: 1300, Current Mhz: 900, Mhz Limit: 897
Processor Information for processor 7
  Max Mhz: 1300, Current Mhz: 900, Mhz Limit: 897
Processor Information for processor 8
  Max Mhz: 1300, Current Mhz: 900, Mhz Limit: 897
Processor Information for processor 9
  Max Mhz: 1300, Current Mhz: 900, Mhz Limit: 897
Processor Information for processor 10
  Max Mhz: 1300, Current Mhz: 900, Mhz Limit: 897
Processor Information for processor 11
  Max Mhz: 1300, Current Mhz: 900, Mhz Limit: 897

Memory: 4k page, system-wide physical 7863M (754M free)
TotalPageFile size 16410M (AvailPageFile size 5M)
current process WorkingSet (physical memory assigned to process): 73M, peak: 73M
current process commit charge ("private bytes"): 242M, peak: 243M

vm_info: OpenJDK 64-Bit Server VM (21.0.11+10-LTS) for windows-amd64 JRE (21.0.11+10-LTS), built on 2026-04-21T00:00:00Z by "admin" with MS VC++ 17.12 (VS2022)

END.
