#
# There is insufficient memory for the Java Runtime Environment to continue.
# Native memory allocation (malloc) failed to allocate 531008 bytes. Error detail: Chunk::new
# Possible reasons:
#   The system is out of physical RAM or swap space
#   This process is running with CompressedOops enabled, and the Java Heap may be blocking the growth of the native heap
# Possible solutions:
#   Reduce memory load on the system
#   Increase physical memory or swap space
#   Check if swap backing store is full
#   Decrease Java heap size (-Xmx/-Xms)
#   Decrease number of Java threads
#   Decrease Java thread stack sizes (-Xss)
#   Set larger code cache with -XX:ReservedCodeCacheSize=
#   JVM is running with Unscaled Compressed Oops mode in which the Java heap is
#     placed in the first 4GB address space. The Java Heap base address is the
#     maximum limit for the native heap growth. Please use -XX:HeapBaseMinAddress
#     to set the Java Heap base and to place the Java Heap above 4GB virtual address.
# This output file may be truncated or incomplete.
#
#  Out of Memory Error (arena.cpp:168), pid=22024, tid=7880
#
# JRE version: OpenJDK Runtime Environment Temurin-21.0.11+10 (21.0.11+10) (build 21.0.11+10-LTS)
# Java VM: OpenJDK 64-Bit Server VM Temurin-21.0.11+10 (21.0.11+10-LTS, mixed mode, sharing, tiered, compressed oops, compressed class ptrs, parallel gc, windows-amd64)
# No core dump will be written. Minidumps are not enabled by default on client versions of Windows
#

---------------  S U M M A R Y ------------

Command Line: --add-modules=ALL-SYSTEM --add-opens=java.base/java.util=ALL-UNNAMED --add-opens=java.base/java.lang=ALL-UNNAMED --add-opens=java.base/sun.nio.fs=ALL-UNNAMED -Declipse.application=org.eclipse.jdt.ls.core.id1 -Dosgi.bundles.defaultStartLevel=4 -Declipse.product=org.eclipse.jdt.ls.core.product -Djava.import.generatesMetadataFilesAtProjectRoot=false -DDetectVMInstallationsJob.disabled=true -Dfile.encoding=utf8 -XX:+UseParallelGC -XX:GCTimeRatio=4 -XX:AdaptiveSizePolicyWeight=90 -Dsun.zip.disableMemoryMapping=true -Xmx2G -Xms100m -Xlog:disable -javaagent:c:\Users\boini\.vscode\extensions\redhat.java-1.55.0-win32-x64\lombok\lombok-1.18.39-4050.jar -XX:+HeapDumpOnOutOfMemoryError -XX:HeapDumpPath=c:\Users\boini\AppData\Roaming\Code\User\workspaceStorage\e6bb11de103c9e1a934892c7d0c01b98\redhat.java -Daether.dependencyCollector.impl=bf c:\Users\boini\.vscode\extensions\redhat.java-1.55.0-win32-x64\server\plugins\org.eclipse.equinox.launcher_1.7.200.v20260619-2039.jar -configuration c:\Users\boini\AppData\Roaming\Code\User\globalStorage\redhat.java\1.55.0\config_win -data c:\Users\boini\AppData\Roaming\Code\User\workspaceStorage\e6bb11de103c9e1a934892c7d0c01b98\redhat.java\jdt_ws --pipe=\\.\pipe\lsp-3d581ebf7bb997a59b0226064ee76002-sock

Host: 12th Gen Intel(R) Core(TM) i5-1235U, 12 cores, 7G,  Windows 11 , 64 bit Build 22621 (10.0.22621.5415)
Time: Tue Jul 21 23:50:59 2026 India Standard Time elapsed time: 3.378679 seconds (0d 0h 0m 3s)

---------------  T H R E A D  ---------------

Current thread (0x0000024f6740e890):  JavaThread "C2 CompilerThread2" daemon [_thread_in_native, id=7880, stack(0x000000b9ea900000,0x000000b9eaa00000) (1024K)]


Current CompileTask:
C2:3378 3996       4       org.lombokweb.asm.ClassWriter::visitMethod (57 bytes)

Stack: [0x000000b9ea900000,0x000000b9eaa00000]
Native frames: (J=compiled Java code, j=interpreted, Vv=VM code, C=native code)
V  [jvm.dll+0x6d7e19]
V  [jvm.dll+0x8b5096]
V  [jvm.dll+0x8b764e]
V  [jvm.dll+0x8b7d33]
V  [jvm.dll+0x284596]
V  [jvm.dll+0xc685d]
V  [jvm.dll+0xc6da1]
V  [jvm.dll+0x3bed6b]
V  [jvm.dll+0x38b2b2]
V  [jvm.dll+0x38a6fa]
V  [jvm.dll+0x24c700]
V  [jvm.dll+0x24bce0]
V  [jvm.dll+0x1cb4ae]
V  [jvm.dll+0x25baad]
V  [jvm.dll+0x25a03a]
V  [jvm.dll+0x3f868e]
V  [jvm.dll+0x85fb0d]
V  [jvm.dll+0x6d664d]
C  [ucrtbase.dll+0x29333]
C  [KERNEL32.DLL+0x1259d]
C  [ntdll.dll+0x5af78]


---------------  P R O C E S S  ---------------

Threads class SMR info:
_java_thread_list=0x0000024f6d365af0, length=24, elements={
0x0000024f0c0a9100, 0x0000024f0e435d10, 0x0000024f24e3e1d0, 0x0000024f0e436e40,
0x0000024f0e4389e0, 0x0000024f0e4396a0, 0x0000024f0e43a530, 0x0000024f0e43b880,
0x0000024f0e43e480, 0x0000024f6740daf0, 0x0000024f674a4060, 0x0000024f6740e890,
0x0000024f675ad190, 0x0000024f6d2a7010, 0x0000024f6d0e82b0, 0x0000024f6d172f00,
0x0000024f6d173980, 0x0000024f6d5fb8a0, 0x0000024f6dd1c3d0, 0x0000024f6dc8b170,
0x0000024f6dde7ae0, 0x0000024f6dde6dc0, 0x0000024f6dde6730, 0x0000024f6dde7450
}

Java Threads: ( => current thread )
  0x0000024f0c0a9100 JavaThread "main"                              [_thread_blocked, id=16324, stack(0x000000b9e9b00000,0x000000b9e9c00000) (1024K)]
  0x0000024f0e435d10 JavaThread "Reference Handler"          daemon [_thread_blocked, id=23012, stack(0x000000b9e9f00000,0x000000b9ea000000) (1024K)]
  0x0000024f24e3e1d0 JavaThread "Finalizer"                  daemon [_thread_blocked, id=19832, stack(0x000000b9ea000000,0x000000b9ea100000) (1024K)]
  0x0000024f0e436e40 JavaThread "Signal Dispatcher"          daemon [_thread_blocked, id=20844, stack(0x000000b9ea100000,0x000000b9ea200000) (1024K)]
  0x0000024f0e4389e0 JavaThread "Attach Listener"            daemon [_thread_blocked, id=3612, stack(0x000000b9ea200000,0x000000b9ea300000) (1024K)]
  0x0000024f0e4396a0 JavaThread "Service Thread"             daemon [_thread_blocked, id=10140, stack(0x000000b9ea300000,0x000000b9ea400000) (1024K)]
  0x0000024f0e43a530 JavaThread "Monitor Deflation Thread"   daemon [_thread_blocked, id=24372, stack(0x000000b9ea400000,0x000000b9ea500000) (1024K)]
  0x0000024f0e43b880 JavaThread "C2 CompilerThread0"         daemon [_thread_in_native, id=23216, stack(0x000000b9ea500000,0x000000b9ea600000) (1024K)]
  0x0000024f0e43e480 JavaThread "C1 CompilerThread0"         daemon [_thread_blocked, id=21864, stack(0x000000b9ea600000,0x000000b9ea700000) (1024K)]
  0x0000024f6740daf0 JavaThread "C2 CompilerThread1"         daemon [_thread_in_native, id=16596, stack(0x000000b9ea700000,0x000000b9ea800000) (1024K)]
  0x0000024f674a4060 JavaThread "Common-Cleaner"             daemon [_thread_blocked, id=23912, stack(0x000000b9ea800000,0x000000b9ea900000) (1024K)]
=>0x0000024f6740e890 JavaThread "C2 CompilerThread2"         daemon [_thread_in_native, id=7880, stack(0x000000b9ea900000,0x000000b9eaa00000) (1024K)]
  0x0000024f675ad190 JavaThread "Notification Thread"        daemon [_thread_blocked, id=11624, stack(0x000000b9eaa00000,0x000000b9eab00000) (1024K)]
  0x0000024f6d2a7010 JavaThread "Active Thread: Equinox Container: 714a2d9f-efee-48f7-9e78-ff23e47681bc"        [_thread_blocked, id=17052, stack(0x000000b9eb100000,0x000000b9eb200000) (1024K)]
  0x0000024f6d0e82b0 JavaThread "Refresh Thread: Equinox Container: 714a2d9f-efee-48f7-9e78-ff23e47681bc" daemon [_thread_blocked, id=14368, stack(0x000000b9eb200000,0x000000b9eb300000) (1024K)]
  0x0000024f6d172f00 JavaThread "Framework Event Dispatcher: Equinox Container: 714a2d9f-efee-48f7-9e78-ff23e47681bc" daemon [_thread_blocked, id=23728, stack(0x000000b9eb400000,0x000000b9eb500000) (1024K)]
  0x0000024f6d173980 JavaThread "Start Level: Equinox Container: 714a2d9f-efee-48f7-9e78-ff23e47681bc" daemon [_thread_in_Java, id=15008, stack(0x000000b9eb500000,0x000000b9eb600000) (1024K)]
  0x0000024f6d5fb8a0 JavaThread "Bundle File Closer"         daemon [_thread_blocked, id=15028, stack(0x000000b9eb800000,0x000000b9eb900000) (1024K)]
  0x0000024f6dd1c3d0 JavaThread "SCR Component Actor"        daemon [_thread_blocked, id=12200, stack(0x000000b9eb900000,0x000000b9eba00000) (1024K)]
  0x0000024f6dc8b170 JavaThread "Worker-JM"                         [_thread_blocked, id=13108, stack(0x000000b9eba00000,0x000000b9ebb00000) (1024K)]
  0x0000024f6dde7ae0 JavaThread "JNA Cleaner"                daemon [_thread_blocked, id=1464, stack(0x000000b9ebb00000,0x000000b9ebc00000) (1024K)]
  0x0000024f6dde6dc0 JavaThread "Worker-0"                          [_thread_blocked, id=10024, stack(0x000000b9ebc00000,0x000000b9ebd00000) (1024K)]
  0x0000024f6dde6730 JavaThread "Worker-1: Building"                [_thread_blocked, id=17164, stack(0x000000b9ebd00000,0x000000b9ebe00000) (1024K)]
  0x0000024f6dde7450 JavaThread "Worker-2"                          [_thread_blocked, id=10864, stack(0x000000b9ebe00000,0x000000b9ebf00000) (1024K)]
Total: 24

Other Threads:
  0x0000024f0e42eb60 VMThread "VM Thread"                           [id=2772, stack(0x000000b9e9e00000,0x000000b9e9f00000) (1024K)]
  0x0000024f24d1ca00 WatcherThread "VM Periodic Task Thread"        [id=24048, stack(0x000000b9e9d00000,0x000000b9e9e00000) (1024K)]
  0x0000024f0e3afbf0 WorkerThread "GC Thread#0"                     [id=22776, stack(0x000000b9e9c00000,0x000000b9e9d00000) (1024K)]
  0x0000024f68347490 WorkerThread "GC Thread#1"                     [id=22684, stack(0x000000b9eab00000,0x000000b9eac00000) (1024K)]
  0x0000024f686748c0 WorkerThread "GC Thread#2"                     [id=19340, stack(0x000000b9eac00000,0x000000b9ead00000) (1024K)]
  0x0000024f68672ef0 WorkerThread "GC Thread#3"                     [id=15548, stack(0x000000b9ead00000,0x000000b9eae00000) (1024K)]
  0x0000024f68673650 WorkerThread "GC Thread#4"                     [id=3840, stack(0x000000b9eae00000,0x000000b9eaf00000) (1024K)]
  0x0000024f686732a0 WorkerThread "GC Thread#5"                     [id=20008, stack(0x000000b9eaf00000,0x000000b9eb000000) (1024K)]
  0x0000024f68673a00 WorkerThread "GC Thread#6"                     [id=19312, stack(0x000000b9eb000000,0x000000b9eb100000) (1024K)]
  0x0000024f68673db0 WorkerThread "GC Thread#7"                     [id=3824, stack(0x000000b9eb300000,0x000000b9eb400000) (1024K)]
  0x0000024f68674510 WorkerThread "GC Thread#8"                     [id=16120, stack(0x000000b9eb600000,0x000000b9eb700000) (1024K)]
  0x0000024f6d5af7b0 WorkerThread "GC Thread#9"                     [id=3800, stack(0x000000b9eb700000,0x000000b9eb800000) (1024K)]
Total: 12

Threads with active compile tasks:
C2 CompilerThread0  3397 4052       4       lombok.launch.ClassFileMetaData::decodeString (181 bytes)
C2 CompilerThread1  3397 3979       4       org.lombokweb.asm.ClassReader::readMethod (1070 bytes)
C2 CompilerThread2  3397 3996       4       org.lombokweb.asm.ClassWriter::visitMethod (57 bytes)
Total: 3

VM state: not at safepoint (normal execution)

VM Mutex/Monitor currently owned by a thread: None

Heap address: 0x0000000080000000, size: 2048 MB, Compressed Oops mode: 32-bit

CDS archive(s) mapped at: [0x0000024f25000000-0x0000024f25ba0000-0x0000024f25ba0000), size 12189696, SharedBaseAddress: 0x0000024f25000000, ArchiveRelocationMode: 1.
Compressed class space mapped at: 0x0000024f26000000-0x0000024f66000000, reserved size: 1073741824
Narrow klass base: 0x0000024f25000000, Narrow klass shift: 0, Narrow klass range: 0x100000000

GC Precious Log:
 CardTable entry size: 512
 CPUs: 12 total, 12 available
 Memory: 7863M
 Large Page Support: Disabled
 NUMA Support: Disabled
 Compressed Oops: Enabled (32-bit)
 Alignments: Space 512K, Generation 512K, Heap 2M
 Heap Min Capacity: 100M
 Heap Initial Capacity: 100M
 Heap Max Capacity: 2G
 Pre-touch: Disabled
 Parallel Workers: 10

Heap:
 PSYoungGen      total 25088K, used 17422K [0x00000000d5580000, 0x00000000d7380000, 0x0000000100000000)
  eden space 23552K, 69% used [0x00000000d5580000,0x00000000d6580c78,0x00000000d6c80000)
  from space 1536K, 67% used [0x00000000d6f00000,0x00000000d7002e50,0x00000000d7080000)
  to   space 2048K, 0% used [0x00000000d7180000,0x00000000d7180000,0x00000000d7380000)
 ParOldGen       total 68608K, used 14754K [0x0000000080000000, 0x0000000084300000, 0x00000000d5580000)
  object space 68608K, 21% used [0x0000000080000000,0x0000000080e688c8,0x0000000084300000)
 Metaspace       used 27190K, committed 28160K, reserved 1114112K
  class space    used 2725K, committed 3136K, reserved 1048576K

Card table byte_map: [0x0000024f0dd30000,0x0000024f0e140000] _byte_map_base: 0x0000024f0d930000

Marking Bits: (ParMarkBitMap*) 0x00007ffb4dbe4460
 Begin Bits: [0x0000024f20840000, 0x0000024f22840000)
 End Bits:   [0x0000024f22840000, 0x0000024f24840000)

Polling page: 0x0000024f0c260000

Metaspace:

Usage:
  Non-class:     23.89 MB used.
      Class:      2.66 MB used.
       Both:     26.55 MB used.

Virtual space:
  Non-class space:       64.00 MB reserved,      24.44 MB ( 38%) committed,  1 nodes.
      Class space:        1.00 GB reserved,       3.06 MB ( <1%) committed,  1 nodes.
             Both:        1.06 GB reserved,      27.50 MB (  3%) committed. 

Chunk freelists:
   Non-Class:  7.14 MB
       Class:  12.90 MB
        Both:  20.04 MB

MaxMetaspaceSize: unlimited
CompressedClassSpaceSize: 1.00 GB
Initial GC threshold: 21.00 MB
Current GC threshold: 35.00 MB
CDS: on
 - commit_granule_bytes: 65536.
 - commit_granule_words: 8192.
 - virtual_space_node_default_size: 8388608.
 - enlarge_chunks_in_place: 1.
 - use_allocation_guard: 0.


Internal statistics:

num_allocs_failed_limit: 3.
num_arena_births: 816.
num_arena_deaths: 14.
num_vsnodes_births: 2.
num_vsnodes_deaths: 0.
num_space_committed: 440.
num_space_uncommitted: 0.
num_chunks_returned_to_freelist: 17.
num_chunks_taken_from_freelist: 1971.
num_chunk_merges: 9.
num_chunk_splits: 1254.
num_chunks_enlarged: 737.
num_inconsistent_stats: 0.

CodeHeap 'non-profiled nmethods': size=120000Kb used=1893Kb max_used=1893Kb free=118107Kb
 bounds [0x0000024f19060000, 0x0000024f192d0000, 0x0000024f20590000]
CodeHeap 'profiled nmethods': size=120000Kb used=8172Kb max_used=8172Kb free=111828Kb
 bounds [0x0000024f11590000, 0x0000024f11d90000, 0x0000024f18ac0000]
CodeHeap 'non-nmethods': size=5760Kb used=1339Kb max_used=1359Kb free=4420Kb
 bounds [0x0000024f18ac0000, 0x0000024f18d30000, 0x0000024f19060000]
CodeCache: size=245760Kb, used=11404Kb, max_used=11424Kb, free=234355Kb
 total_blobs=4673, nmethods=4046, adapters=533, full_count=0
Compilation: enabled, stopped_count=0, restarted_count=0

Compilation events (20 events):
Event: 3.275 Thread 0x0000024f0e43e480 nmethod 3993 0x0000024f11d61590 code [0x0000024f11d61720, 0x0000024f11d61828]
Event: 3.275 Thread 0x0000024f0e43e480 3990       3       org.lombokweb.asm.MethodVisitor::visitFieldInsn (20 bytes)
Event: 3.275 Thread 0x0000024f0e43e480 nmethod 3990 0x0000024f11d61890 code [0x0000024f11d61a40, 0x0000024f11d61c48]
Event: 3.278 Thread 0x0000024f6740e890 nmethod 3982 0x0000024f1922fc10 code [0x0000024f1922fdc0, 0x0000024f19230118]
Event: 3.278 Thread 0x0000024f6740e890 3991       4       org.lombokweb.asm.Type::getArgumentsAndReturnSizes (140 bytes)
Event: 3.290 Thread 0x0000024f6740e890 nmethod 3991 0x0000024f19230410 code [0x0000024f19230660, 0x0000024f19230f00]
Event: 3.290 Thread 0x0000024f6740e890 3996       4       org.lombokweb.asm.ClassWriter::visitMethod (57 bytes)
Event: 3.302 Thread 0x0000024f0e43e480 3997       3       java.util.regex.Pattern$GroupTail::match (111 bytes)
Event: 3.303 Thread 0x0000024f0e43e480 nmethod 3997 0x0000024f11d61d10 code [0x0000024f11d61ee0, 0x0000024f11d62290]
Event: 3.304 Thread 0x0000024f0e43e480 3998       3       java.util.WeakHashMap::isEmpty (13 bytes)
Event: 3.305 Thread 0x0000024f0e43e480 nmethod 3998 0x0000024f11d62490 code [0x0000024f11d62640, 0x0000024f11d628f8]
Event: 3.305 Thread 0x0000024f0e43e480 3999       3       java.util.WeakHashMap::size (18 bytes)
Event: 3.305 Thread 0x0000024f0e43e480 nmethod 3999 0x0000024f11d62a10 code [0x0000024f11d62bc0, 0x0000024f11d62d70]
Event: 3.305 Thread 0x0000024f0e43e480 4000       3       org.lombokweb.asm.ClassReader::readStackMapFrame (535 bytes)
Event: 3.307 Thread 0x0000024f0e43e480 nmethod 4000 0x0000024f11d62e10 code [0x0000024f11d630c0, 0x0000024f11d64090]
Event: 3.307 Thread 0x0000024f0e43e480 4002       3       java.util.regex.Matcher::group (65 bytes)
Event: 3.308 Thread 0x0000024f0e43e480 nmethod 4002 0x0000024f11d64690 code [0x0000024f11d648c0, 0x0000024f11d64f30]
Event: 3.308 Thread 0x0000024f0e43e480 4003       3       java.util.regex.Matcher::getSubSequence (12 bytes)
Event: 3.308 Thread 0x0000024f0e43e480 nmethod 4003 0x0000024f11d65190 code [0x0000024f11d65340, 0x0000024f11d65518]
Event: 3.323 Thread 0x0000024f0e43e480 4004       3       org.eclipse.core.internal.preferences.EclipsePreferences::internalNode (153 bytes)

GC Heap History (20 events):
Event: 0.672 GC heap before
{Heap before GC invocations=1 (full 0):
 PSYoungGen      total 29696K, used 25600K [0x00000000d5580000, 0x00000000d7680000, 0x0000000100000000)
  eden space 25600K, 100% used [0x00000000d5580000,0x00000000d6e80000,0x00000000d6e80000)
  from space 4096K, 0% used [0x00000000d7280000,0x00000000d7280000,0x00000000d7680000)
  to   space 4096K, 0% used [0x00000000d6e80000,0x00000000d6e80000,0x00000000d7280000)
 ParOldGen       total 68608K, used 0K [0x0000000080000000, 0x0000000084300000, 0x00000000d5580000)
  object space 68608K, 0% used [0x0000000080000000,0x0000000080000000,0x0000000084300000)
 Metaspace       used 4357K, committed 4608K, reserved 1114112K
  class space    used 475K, committed 576K, reserved 1048576K
}
Event: 0.677 GC heap after
{Heap after GC invocations=1 (full 0):
 PSYoungGen      total 29696K, used 3287K [0x00000000d5580000, 0x00000000d7680000, 0x0000000100000000)
  eden space 25600K, 0% used [0x00000000d5580000,0x00000000d5580000,0x00000000d6e80000)
  from space 4096K, 80% used [0x00000000d6e80000,0x00000000d71b5e88,0x00000000d7280000)
  to   space 4096K, 0% used [0x00000000d7280000,0x00000000d7280000,0x00000000d7680000)
 ParOldGen       total 68608K, used 16K [0x0000000080000000, 0x0000000084300000, 0x00000000d5580000)
  object space 68608K, 0% used [0x0000000080000000,0x0000000080004000,0x0000000084300000)
 Metaspace       used 4357K, committed 4608K, reserved 1114112K
  class space    used 475K, committed 576K, reserved 1048576K
}
Event: 1.189 GC heap before
{Heap before GC invocations=2 (full 0):
 PSYoungGen      total 29696K, used 28887K [0x00000000d5580000, 0x00000000d7680000, 0x0000000100000000)
  eden space 25600K, 100% used [0x00000000d5580000,0x00000000d6e80000,0x00000000d6e80000)
  from space 4096K, 80% used [0x00000000d6e80000,0x00000000d71b5e88,0x00000000d7280000)
  to   space 4096K, 0% used [0x00000000d7280000,0x00000000d7280000,0x00000000d7680000)
 ParOldGen       total 68608K, used 16K [0x0000000080000000, 0x0000000084300000, 0x00000000d5580000)
  object space 68608K, 0% used [0x0000000080000000,0x0000000080004000,0x0000000084300000)
 Metaspace       used 7997K, committed 8320K, reserved 1114112K
  class space    used 842K, committed 960K, reserved 1048576K
}
Event: 1.195 GC heap after
{Heap after GC invocations=2 (full 0):
 PSYoungGen      total 29696K, used 4070K [0x00000000d5580000, 0x00000000d7680000, 0x0000000100000000)
  eden space 25600K, 0% used [0x00000000d5580000,0x00000000d5580000,0x00000000d6e80000)
  from space 4096K, 99% used [0x00000000d7280000,0x00000000d7679800,0x00000000d7680000)
  to   space 4096K, 0% used [0x00000000d6e80000,0x00000000d6e80000,0x00000000d7280000)
 ParOldGen       total 68608K, used 1692K [0x0000000080000000, 0x0000000084300000, 0x00000000d5580000)
  object space 68608K, 2% used [0x0000000080000000,0x00000000801a7330,0x0000000084300000)
 Metaspace       used 7997K, committed 8320K, reserved 1114112K
  class space    used 842K, committed 960K, reserved 1048576K
}
Event: 1.432 GC heap before
{Heap before GC invocations=3 (full 0):
 PSYoungGen      total 29696K, used 29649K [0x00000000d5580000, 0x00000000d7680000, 0x0000000100000000)
  eden space 25600K, 99% used [0x00000000d5580000,0x00000000d6e7acc8,0x00000000d6e80000)
  from space 4096K, 99% used [0x00000000d7280000,0x00000000d7679800,0x00000000d7680000)
  to   space 4096K, 0% used [0x00000000d6e80000,0x00000000d6e80000,0x00000000d7280000)
 ParOldGen       total 68608K, used 1692K [0x0000000080000000, 0x0000000084300000, 0x00000000d5580000)
  object space 68608K, 2% used [0x0000000080000000,0x00000000801a7330,0x0000000084300000)
 Metaspace       used 9418K, committed 9728K, reserved 1114112K
  class space    used 1012K, committed 1152K, reserved 1048576K
}
Event: 1.437 GC heap after
{Heap after GC invocations=3 (full 0):
 PSYoungGen      total 29696K, used 4067K [0x00000000d5580000, 0x00000000d7680000, 0x0000000100000000)
  eden space 25600K, 0% used [0x00000000d5580000,0x00000000d5580000,0x00000000d6e80000)
  from space 4096K, 99% used [0x00000000d6e80000,0x00000000d7278f18,0x00000000d7280000)
  to   space 4096K, 0% used [0x00000000d7280000,0x00000000d7280000,0x00000000d7680000)
 ParOldGen       total 68608K, used 4786K [0x0000000080000000, 0x0000000084300000, 0x00000000d5580000)
  object space 68608K, 6% used [0x0000000080000000,0x00000000804acbc8,0x0000000084300000)
 Metaspace       used 9418K, committed 9728K, reserved 1114112K
  class space    used 1012K, committed 1152K, reserved 1048576K
}
Event: 1.819 GC heap before
{Heap before GC invocations=4 (full 0):
 PSYoungGen      total 29696K, used 29667K [0x00000000d5580000, 0x00000000d7680000, 0x0000000100000000)
  eden space 25600K, 100% used [0x00000000d5580000,0x00000000d6e80000,0x00000000d6e80000)
  from space 4096K, 99% used [0x00000000d6e80000,0x00000000d7278f18,0x00000000d7280000)
  to   space 4096K, 0% used [0x00000000d7280000,0x00000000d7280000,0x00000000d7680000)
 ParOldGen       total 68608K, used 4786K [0x0000000080000000, 0x0000000084300000, 0x00000000d5580000)
  object space 68608K, 6% used [0x0000000080000000,0x00000000804acbc8,0x0000000084300000)
 Metaspace       used 12260K, committed 12608K, reserved 1114112K
  class space    used 1317K, committed 1472K, reserved 1048576K
}
Event: 1.824 GC heap after
{Heap after GC invocations=4 (full 0):
 PSYoungGen      total 29696K, used 4085K [0x00000000d5580000, 0x00000000d7680000, 0x0000000100000000)
  eden space 25600K, 0% used [0x00000000d5580000,0x00000000d5580000,0x00000000d6e80000)
  from space 4096K, 99% used [0x00000000d7280000,0x00000000d767d588,0x00000000d7680000)
  to   space 4096K, 0% used [0x00000000d6e80000,0x00000000d6e80000,0x00000000d7280000)
 ParOldGen       total 68608K, used 8261K [0x0000000080000000, 0x0000000084300000, 0x00000000d5580000)
  object space 68608K, 12% used [0x0000000080000000,0x0000000080811610,0x0000000084300000)
 Metaspace       used 12260K, committed 12608K, reserved 1114112K
  class space    used 1317K, committed 1472K, reserved 1048576K
}
Event: 2.245 GC heap before
{Heap before GC invocations=5 (full 0):
 PSYoungGen      total 29696K, used 29685K [0x00000000d5580000, 0x00000000d7680000, 0x0000000100000000)
  eden space 25600K, 100% used [0x00000000d5580000,0x00000000d6e80000,0x00000000d6e80000)
  from space 4096K, 99% used [0x00000000d7280000,0x00000000d767d588,0x00000000d7680000)
  to   space 4096K, 0% used [0x00000000d6e80000,0x00000000d6e80000,0x00000000d7280000)
 ParOldGen       total 68608K, used 8261K [0x0000000080000000, 0x0000000084300000, 0x00000000d5580000)
  object space 68608K, 12% used [0x0000000080000000,0x0000000080811610,0x0000000084300000)
 Metaspace       used 16188K, committed 16832K, reserved 1114112K
  class space    used 1682K, committed 1984K, reserved 1048576K
}
Event: 2.249 GC heap after
{Heap after GC invocations=5 (full 0):
 PSYoungGen      total 29184K, used 4092K [0x00000000d5580000, 0x00000000d7b00000, 0x0000000100000000)
  eden space 25088K, 0% used [0x00000000d5580000,0x00000000d5580000,0x00000000d6e00000)
  from space 4096K, 99% used [0x00000000d6e80000,0x00000000d727f140,0x00000000d7280000)
  to   space 6656K, 0% used [0x00000000d7480000,0x00000000d7480000,0x00000000d7b00000)
 ParOldGen       total 68608K, used 9972K [0x0000000080000000, 0x0000000084300000, 0x00000000d5580000)
  object space 68608K, 14% used [0x0000000080000000,0x00000000809bd0f0,0x0000000084300000)
 Metaspace       used 16188K, committed 16832K, reserved 1114112K
  class space    used 1682K, committed 1984K, reserved 1048576K
}
Event: 2.708 GC heap before
{Heap before GC invocations=6 (full 0):
 PSYoungGen      total 29184K, used 29180K [0x00000000d5580000, 0x00000000d7b00000, 0x0000000100000000)
  eden space 25088K, 100% used [0x00000000d5580000,0x00000000d6e00000,0x00000000d6e00000)
  from space 4096K, 99% used [0x00000000d6e80000,0x00000000d727f140,0x00000000d7280000)
  to   space 6656K, 0% used [0x00000000d7480000,0x00000000d7480000,0x00000000d7b00000)
 ParOldGen       total 68608K, used 9972K [0x0000000080000000, 0x0000000084300000, 0x00000000d5580000)
  object space 68608K, 14% used [0x0000000080000000,0x00000000809bd0f0,0x0000000084300000)
 Metaspace       used 19011K, committed 19776K, reserved 1114112K
  class space    used 2015K, committed 2304K, reserved 1048576K
}
Event: 2.712 GC heap after
{Heap after GC invocations=6 (full 0):
 PSYoungGen      total 29696K, used 5113K [0x00000000d5580000, 0x00000000d7980000, 0x0000000100000000)
  eden space 24576K, 0% used [0x00000000d5580000,0x00000000d5580000,0x00000000d6d80000)
  from space 5120K, 99% used [0x00000000d7480000,0x00000000d797e618,0x00000000d7980000)
  to   space 5632K, 0% used [0x00000000d6e80000,0x00000000d6e80000,0x00000000d7400000)
 ParOldGen       total 68608K, used 9980K [0x0000000080000000, 0x0000000084300000, 0x00000000d5580000)
  object space 68608K, 14% used [0x0000000080000000,0x00000000809bf0f0,0x0000000084300000)
 Metaspace       used 19011K, committed 19776K, reserved 1114112K
  class space    used 2015K, committed 2304K, reserved 1048576K
}
Event: 2.902 GC heap before
{Heap before GC invocations=7 (full 0):
 PSYoungGen      total 29696K, used 20378K [0x00000000d5580000, 0x00000000d7980000, 0x0000000100000000)
  eden space 24576K, 62% used [0x00000000d5580000,0x00000000d6468208,0x00000000d6d80000)
  from space 5120K, 99% used [0x00000000d7480000,0x00000000d797e618,0x00000000d7980000)
  to   space 5632K, 0% used [0x00000000d6e80000,0x00000000d6e80000,0x00000000d7400000)
 ParOldGen       total 68608K, used 9980K [0x0000000080000000, 0x0000000084300000, 0x00000000d5580000)
  object space 68608K, 14% used [0x0000000080000000,0x00000000809bf0f0,0x0000000084300000)
 Metaspace       used 20582K, committed 21504K, reserved 1114112K
  class space    used 2216K, committed 2560K, reserved 1048576K
}
Event: 2.905 GC heap after
{Heap after GC invocations=7 (full 0):
 PSYoungGen      total 29184K, used 4250K [0x00000000d5580000, 0x00000000d7780000, 0x0000000100000000)
  eden space 24576K, 0% used [0x00000000d5580000,0x00000000d5580000,0x00000000d6d80000)
  from space 4608K, 92% used [0x00000000d6e80000,0x00000000d72a6a70,0x00000000d7300000)
  to   space 4608K, 0% used [0x00000000d7300000,0x00000000d7300000,0x00000000d7780000)
 ParOldGen       total 68608K, used 11194K [0x0000000080000000, 0x0000000084300000, 0x00000000d5580000)
  object space 68608K, 16% used [0x0000000080000000,0x0000000080aee868,0x0000000084300000)
 Metaspace       used 20582K, committed 21504K, reserved 1114112K
  class space    used 2216K, committed 2560K, reserved 1048576K
}
Event: 2.905 GC heap before
{Heap before GC invocations=8 (full 1):
 PSYoungGen      total 29184K, used 4250K [0x00000000d5580000, 0x00000000d7780000, 0x0000000100000000)
  eden space 24576K, 0% used [0x00000000d5580000,0x00000000d5580000,0x00000000d6d80000)
  from space 4608K, 92% used [0x00000000d6e80000,0x00000000d72a6a70,0x00000000d7300000)
  to   space 4608K, 0% used [0x00000000d7300000,0x00000000d7300000,0x00000000d7780000)
 ParOldGen       total 68608K, used 11194K [0x0000000080000000, 0x0000000084300000, 0x00000000d5580000)
  object space 68608K, 16% used [0x0000000080000000,0x0000000080aee868,0x0000000084300000)
 Metaspace       used 20582K, committed 21504K, reserved 1114112K
  class space    used 2216K, committed 2560K, reserved 1048576K
}
Event: 2.931 GC heap after
{Heap after GC invocations=8 (full 1):
 PSYoungGen      total 29184K, used 0K [0x00000000d5580000, 0x00000000d7780000, 0x0000000100000000)
  eden space 24576K, 0% used [0x00000000d5580000,0x00000000d5580000,0x00000000d6d80000)
  from space 4608K, 0% used [0x00000000d6e80000,0x00000000d6e80000,0x00000000d7300000)
  to   space 4608K, 0% used [0x00000000d7300000,0x00000000d7300000,0x00000000d7780000)
 ParOldGen       total 68608K, used 14738K [0x0000000080000000, 0x0000000084300000, 0x00000000d5580000)
  object space 68608K, 21% used [0x0000000080000000,0x0000000080e648c8,0x0000000084300000)
 Metaspace       used 20569K, committed 21504K, reserved 1114112K
  class space    used 2212K, committed 2560K, reserved 1048576K
}
Event: 3.114 GC heap before
{Heap before GC invocations=9 (full 1):
 PSYoungGen      total 29184K, used 24576K [0x00000000d5580000, 0x00000000d7780000, 0x0000000100000000)
  eden space 24576K, 100% used [0x00000000d5580000,0x00000000d6d80000,0x00000000d6d80000)
  from space 4608K, 0% used [0x00000000d6e80000,0x00000000d6e80000,0x00000000d7300000)
  to   space 4608K, 0% used [0x00000000d7300000,0x00000000d7300000,0x00000000d7780000)
 ParOldGen       total 68608K, used 14738K [0x0000000080000000, 0x0000000084300000, 0x00000000d5580000)
  object space 68608K, 21% used [0x0000000080000000,0x0000000080e648c8,0x0000000084300000)
 Metaspace       used 22407K, committed 23360K, reserved 1114112K
  class space    used 2383K, committed 2752K, reserved 1048576K
}
Event: 3.115 GC heap after
{Heap after GC invocations=9 (full 1):
 PSYoungGen      total 27136K, used 2673K [0x00000000d5580000, 0x00000000d7600000, 0x0000000100000000)
  eden space 24064K, 0% used [0x00000000d5580000,0x00000000d5580000,0x00000000d6d00000)
  from space 3072K, 87% used [0x00000000d7300000,0x00000000d759c7d0,0x00000000d7600000)
  to   space 3584K, 0% used [0x00000000d6f00000,0x00000000d6f00000,0x00000000d7280000)
 ParOldGen       total 68608K, used 14746K [0x0000000080000000, 0x0000000084300000, 0x00000000d5580000)
  object space 68608K, 21% used [0x0000000080000000,0x0000000080e668c8,0x0000000084300000)
 Metaspace       used 22407K, committed 23360K, reserved 1114112K
  class space    used 2383K, committed 2752K, reserved 1048576K
}
Event: 3.297 GC heap before
{Heap before GC invocations=10 (full 1):
 PSYoungGen      total 27136K, used 26737K [0x00000000d5580000, 0x00000000d7600000, 0x0000000100000000)
  eden space 24064K, 100% used [0x00000000d5580000,0x00000000d6d00000,0x00000000d6d00000)
  from space 3072K, 87% used [0x00000000d7300000,0x00000000d759c7d0,0x00000000d7600000)
  to   space 3584K, 0% used [0x00000000d6f00000,0x00000000d6f00000,0x00000000d7280000)
 ParOldGen       total 68608K, used 14746K [0x0000000080000000, 0x0000000084300000, 0x00000000d5580000)
  object space 68608K, 21% used [0x0000000080000000,0x0000000080e668c8,0x0000000084300000)
 Metaspace       used 26333K, committed 27264K, reserved 1114112K
  class space    used 2675K, committed 3072K, reserved 1048576K
}
Event: 3.299 GC heap after
{Heap after GC invocations=10 (full 1):
 PSYoungGen      total 25088K, used 1035K [0x00000000d5580000, 0x00000000d7380000, 0x0000000100000000)
  eden space 23552K, 0% used [0x00000000d5580000,0x00000000d5580000,0x00000000d6c80000)
  from space 1536K, 67% used [0x00000000d6f00000,0x00000000d7002e50,0x00000000d7080000)
  to   space 2048K, 0% used [0x00000000d7180000,0x00000000d7180000,0x00000000d7380000)
 ParOldGen       total 68608K, used 14754K [0x0000000080000000, 0x0000000084300000, 0x00000000d5580000)
  object space 68608K, 21% used [0x0000000080000000,0x0000000080e688c8,0x0000000084300000)
 Metaspace       used 26333K, committed 27264K, reserved 1114112K
  class space    used 2675K, committed 3072K, reserved 1048576K
}

Dll operation events (10 events):
Event: 0.012 Loaded shared library c:\Users\boini\.vscode\extensions\redhat.java-1.55.0-win32-x64\jre\21.0.11-win32-x86_64\bin\java.dll
Event: 0.074 Loaded shared library c:\Users\boini\.vscode\extensions\redhat.java-1.55.0-win32-x64\jre\21.0.11-win32-x86_64\bin\zip.dll
Event: 0.092 Loaded shared library C:\Users\boini\.vscode\extensions\redhat.java-1.55.0-win32-x64\jre\21.0.11-win32-x86_64\bin\instrument.dll
Event: 0.098 Loaded shared library C:\Users\boini\.vscode\extensions\redhat.java-1.55.0-win32-x64\jre\21.0.11-win32-x86_64\bin\net.dll
Event: 0.099 Loaded shared library C:\Users\boini\.vscode\extensions\redhat.java-1.55.0-win32-x64\jre\21.0.11-win32-x86_64\bin\nio.dll
Event: 0.102 Loaded shared library C:\Users\boini\.vscode\extensions\redhat.java-1.55.0-win32-x64\jre\21.0.11-win32-x86_64\bin\zip.dll
Event: 0.119 Loaded shared library C:\Users\boini\.vscode\extensions\redhat.java-1.55.0-win32-x64\jre\21.0.11-win32-x86_64\bin\jimage.dll
Event: 0.181 Loaded shared library c:\Users\boini\.vscode\extensions\redhat.java-1.55.0-win32-x64\jre\21.0.11-win32-x86_64\bin\verify.dll
Event: 1.198 Loaded shared library C:\Users\boini\AppData\Roaming\Code\User\globalStorage\redhat.java\1.55.0\config_win\org.eclipse.equinox.launcher\org.eclipse.equinox.launcher.win32.win32.x86_64_1.3.100.v20260613-0559\eclipse_11924.dll
Event: 2.401 Loaded shared library C:\Users\boini\AppData\Local\Temp\jna-93916279\jna11628610470222987342.dll

Deoptimization events (20 events):
Event: 2.962 Thread 0x0000024f6d173980 DEOPT PACKING pc=0x0000024f191ee048 sp=0x000000b9eb5f1500
Event: 2.962 Thread 0x0000024f6d173980 DEOPT UNPACKING pc=0x0000024f18b13aa2 sp=0x000000b9eb5f1488 mode 2
Event: 2.971 Thread 0x0000024f6d173980 DEOPT PACKING pc=0x0000024f11b26939 sp=0x000000b9eb5f1c20
Event: 2.971 Thread 0x0000024f6d173980 DEOPT UNPACKING pc=0x0000024f18b14242 sp=0x000000b9eb5f10b8 mode 0
Event: 3.011 Thread 0x0000024f6dde6730 Uncommon trap: trap_request=0xffffff45 fr.pc=0x0000024f191f4024 relative=0x00000000000018a4
Event: 3.011 Thread 0x0000024f6dde6730 Uncommon trap: reason=unstable_if action=reinterpret pc=0x0000024f191f4024 method=java.util.concurrent.locks.ReentrantLock$Sync.lock()V @ 4 c2
Event: 3.011 Thread 0x0000024f6dde6730 DEOPT PACKING pc=0x0000024f191f4024 sp=0x000000b9ebdfe280
Event: 3.011 Thread 0x0000024f6dde6730 DEOPT UNPACKING pc=0x0000024f18b13aa2 sp=0x000000b9ebdfe178 mode 2
Event: 3.044 Thread 0x0000024f6d173980 Uncommon trap: trap_request=0xffffff45 fr.pc=0x0000024f191a0364 relative=0x00000000000003e4
Event: 3.044 Thread 0x0000024f6d173980 Uncommon trap: reason=unstable_if action=reinterpret pc=0x0000024f191a0364 method=java.util.regex.Pattern$BmpCharPropertyGreedy.match(Ljava/util/regex/Matcher;ILjava/lang/CharSequence;)Z @ 73 c2
Event: 3.044 Thread 0x0000024f6d173980 DEOPT PACKING pc=0x0000024f191a0364 sp=0x000000b9eb5f3320
Event: 3.044 Thread 0x0000024f6d173980 DEOPT UNPACKING pc=0x0000024f18b13aa2 sp=0x000000b9eb5f32e0 mode 2
Event: 3.094 Thread 0x0000024f6d173980 Uncommon trap: trap_request=0xffffff45 fr.pc=0x0000024f19222120 relative=0x00000000000008a0
Event: 3.094 Thread 0x0000024f6d173980 Uncommon trap: reason=unstable_if action=reinterpret pc=0x0000024f19222120 method=org.lombokweb.asm.ClassReader.readUTF8(I[C)Ljava/lang/String; @ 11 c2
Event: 3.094 Thread 0x0000024f6d173980 DEOPT PACKING pc=0x0000024f19222120 sp=0x000000b9eb5ef6d0
Event: 3.094 Thread 0x0000024f6d173980 DEOPT UNPACKING pc=0x0000024f18b13aa2 sp=0x000000b9eb5ef6d8 mode 2
Event: 3.246 Thread 0x0000024f6d173980 Uncommon trap: trap_request=0xffffff45 fr.pc=0x0000024f1922e86c relative=0x000000000000014c
Event: 3.246 Thread 0x0000024f6d173980 Uncommon trap: reason=unstable_if action=reinterpret pc=0x0000024f1922e86c method=org.lombokweb.asm.ByteVector.putByteArray([BII)Lorg/lombokweb/asm/ByteVector; @ 20 c2
Event: 3.246 Thread 0x0000024f6d173980 DEOPT PACKING pc=0x0000024f1922e86c sp=0x000000b9eb5eec10
Event: 3.246 Thread 0x0000024f6d173980 DEOPT UNPACKING pc=0x0000024f18b13aa2 sp=0x000000b9eb5eebe0 mode 2

Classes loaded (20 events):
Event: 3.040 Loading class java/util/zip/GZIPInputStream
Event: 3.040 Loading class java/util/zip/GZIPInputStream done
Event: 3.060 Loading class java/io/StringReader
Event: 3.060 Loading class java/io/StringReader done
Event: 3.064 Loading class java/net/SocketTimeoutException
Event: 3.065 Loading class java/io/InterruptedIOException
Event: 3.065 Loading class java/io/InterruptedIOException done
Event: 3.065 Loading class java/net/SocketTimeoutException done
Event: 3.065 Loading class java/net/SocketException
Event: 3.065 Loading class java/net/SocketException done
Event: 3.065 Loading class java/net/UnknownHostException
Event: 3.065 Loading class java/net/UnknownHostException done
Event: 3.065 Loading class java/net/ProtocolException
Event: 3.065 Loading class java/net/ProtocolException done
Event: 3.081 Loading class java/lang/ThreadLocal$SuppliedThreadLocal
Event: 3.081 Loading class java/lang/ThreadLocal$SuppliedThreadLocal done
Event: 3.120 Loading class java/io/FileWriter
Event: 3.120 Loading class java/io/FileWriter done
Event: 3.121 Loading class java/lang/NegativeArraySizeException
Event: 3.121 Loading class java/lang/NegativeArraySizeException done

Classes unloaded (7 events):
Event: 2.910 Thread 0x0000024f0e42eb60 Unloading class 0x0000024f261a9400 'java/lang/invoke/LambdaForm$MH+0x0000024f261a9400'
Event: 2.910 Thread 0x0000024f0e42eb60 Unloading class 0x0000024f261a9000 'java/lang/invoke/LambdaForm$MH+0x0000024f261a9000'
Event: 2.910 Thread 0x0000024f0e42eb60 Unloading class 0x0000024f261a8c00 'java/lang/invoke/LambdaForm$MH+0x0000024f261a8c00'
Event: 2.910 Thread 0x0000024f0e42eb60 Unloading class 0x0000024f261a8800 'java/lang/invoke/LambdaForm$MH+0x0000024f261a8800'
Event: 2.910 Thread 0x0000024f0e42eb60 Unloading class 0x0000024f261a8400 'java/lang/invoke/LambdaForm$BMH+0x0000024f261a8400'
Event: 2.910 Thread 0x0000024f0e42eb60 Unloading class 0x0000024f261a8000 'java/lang/invoke/LambdaForm$DMH+0x0000024f261a8000'
Event: 2.910 Thread 0x0000024f0e42eb60 Unloading class 0x0000024f261a6c00 'java/lang/invoke/LambdaForm$DMH+0x0000024f261a6c00'

Classes redefined (0 events):
No events

Internal exceptions (20 events):
Event: 2.853 Thread 0x0000024f6d173980 Exception <a 'java/lang/NoSuchMethodError'{0x00000000d61f9440}: 'int java.lang.invoke.DirectMethodHandle$Holder.invokeStaticInit(java.lang.Object, long, long)'> (0x00000000d61f9440) 
thrown [s\src\hotspot\share\interpreter\linkResolver.cpp, line 773]
Event: 2.854 Thread 0x0000024f6d173980 Exception <a 'java/lang/NoSuchMethodError'{0x00000000d6200df8}: 'int java.lang.invoke.DirectMethodHandle$Holder.invokeStaticInit(java.lang.Object, float, float)'> (0x00000000d6200df8) 
thrown [s\src\hotspot\share\interpreter\linkResolver.cpp, line 773]
Event: 2.854 Thread 0x0000024f6d173980 Exception <a 'java/lang/NoSuchMethodError'{0x00000000d62087a8}: 'int java.lang.invoke.DirectMethodHandle$Holder.invokeStaticInit(java.lang.Object, double, double)'> (0x00000000d62087a8) 
thrown [s\src\hotspot\share\interpreter\linkResolver.cpp, line 773]
Event: 2.855 Thread 0x0000024f6d173980 Exception <a 'java/lang/NoSuchMethodError'{0x00000000d620dbc0}: 'int java.lang.invoke.DirectMethodHandle$Holder.invokeStatic(java.lang.Object, long)'> (0x00000000d620dbc0) 
thrown [s\src\hotspot\share\interpreter\linkResolver.cpp, line 773]
Event: 2.857 Thread 0x0000024f6d173980 Exception <a 'java/lang/NoSuchMethodError'{0x00000000d622c8a8}: 'int java.lang.invoke.Invokers$Holder.linkToTargetMethod(java.lang.Object, java.lang.Object)'> (0x00000000d622c8a8) 
thrown [s\src\hotspot\share\interpreter\linkResolver.cpp, line 773]
Event: 2.881 Thread 0x0000024f6d173980 Exception <a 'java/lang/NoSuchMethodError'{0x00000000d636c0b0}: 'java.lang.Object java.lang.invoke.DirectMethodHandle$Holder.newInvokeSpecial(java.lang.Object, java.lang.Object, java.lang.Object, java.lang.Object, java.lang.Object)'> (0x00000000d636c0b0) 
thrown [s\src\hotspot\share\interpreter\linkResolver.cpp, line 773]
Event: 2.887 Thread 0x0000024f6d173980 Exception <a 'java/lang/NoSuchMethodError'{0x00000000d638e2c8}: 'java.lang.Object java.lang.invoke.Invokers$Holder.invoke_MT(java.lang.Object, java.lang.Object, java.lang.Object, java.lang.Object, java.lang.Object, java.lang.Object, java.lang.Object, java.lang.Object, java.lang.Object, java.lang.Object, java.lang.Object)'> (0x00000000d638e2c8) 
thrown [s\src\hotspot\share\interpreter\linkResolver.cpp, line 773]
Event: 2.899 Thread 0x0000024f6d173980 Exception <a 'java/lang/NoSuchMethodError'{0x00000000d641aa50}: 'java.lang.Object java.lang.invoke.Invokers$Holder.invoke_MT(java.lang.Object, java.lang.Object, java.lang.Object, java.lang.Object, java.lang.Object, java.lang.Object, java.lang.Object, java.lang.Object, java.lang.Object, java.lang.Object)'> (0x00000000d641aa50) 
thrown [s\src\hotspot\share\interpreter\linkResolver.cpp, line 773]
Event: 2.950 Thread 0x0000024f6d173980 Exception <a 'java/lang/NoSuchMethodError'{0x00000000d5612128}: 'java.lang.Object java.lang.invoke.DirectMethodHandle$Holder.newInvokeSpecial(java.lang.Object, java.lang.Object, java.lang.Object, java.lang.Object, java.lang.Object, java.lang.Object, java.lang.Object)'> (0x00000000d5612128) 
thrown [s\src\hotspot\share\interpreter\linkResolver.cpp, line 773]
Event: 2.962 Thread 0x0000024f6d173980 Exception <a 'java/lang/NoSuchMethodError'{0x00000000d568a5e0}: 'java.lang.Object java.lang.invoke.Invokers$Holder.invoker(java.lang.Object, java.lang.Object, java.lang.Object, java.lang.Object, java.lang.Object, java.lang.Object, java.lang.Object, java.lang.Object, java.lang.Object, java.lang.Object, java.lang.Object, java.lang.Object, java.lang.Object)'> (0x00000000d568a5e0) 
thrown [s\src\hotspot\share\interpreter\linkResolver.cpp, line 773]
Event: 2.963 Thread 0x0000024f6d173980 Exception <a 'java/lang/NoSuchMethodError'{0x00000000d5694a78}: 'java.lang.Object java.lang.invoke.DelegatingMethodHandle$Holder.delegate(java.lang.Object, java.lang.Object, java.lang.Object, java.lang.Object, java.lang.Object, java.lang.Object, java.lang.Object, java.lang.Object, java.lang.Object, java.lang.Object, java.lang.Object, java.lang.Object, java.lang.Object)'> (0x00000000d5694a78) 
thrown [s\src\hotspot\share\interpreter\linkResolver.cpp, line 773]
Event: 2.971 Thread 0x0000024f6d173980 Exception <a 'java/lang/NoSuchMethodError'{0x00000000d57007c8}: static Lorg/eclipse/m2e/core/internal/lifecyclemapping/model/PluginExecutionMetadata;.<clinit>()V> (0x00000000d57007c8) 
thrown [s\src\hotspot\share\prims\jni.cpp, line 1111]
Event: 2.977 Thread 0x0000024f6d173980 Exception <a 'java/lang/NoSuchMethodError'{0x00000000d57621b0}: static Lorg/eclipse/m2e/core/internal/lifecyclemapping/model/PluginExecutionFilter;.<clinit>()V> (0x00000000d57621b0) 
thrown [s\src\hotspot\share\prims\jni.cpp, line 1111]
Event: 2.979 Thread 0x0000024f6d173980 Exception <a 'java/lang/NoSuchMethodError'{0x00000000d5797f50}: static Lorg/eclipse/m2e/core/internal/project/registry/MavenProjectFacade$MavenProjectConfiguration;.<clinit>()V> (0x00000000d5797f50) 
thrown [s\src\hotspot\share\prims\jni.cpp, line 1111]
Event: 3.030 Thread 0x0000024f6d173980 Exception <a 'java/lang/NoSuchMethodError'{0x00000000d5c0ad60}: 'double java.lang.invoke.DirectMethodHandle$Holder.invokeStatic(java.lang.Object, java.lang.Object)'> (0x00000000d5c0ad60) 
thrown [s\src\hotspot\share\interpreter\linkResolver.cpp, line 773]
Event: 3.030 Thread 0x0000024f6d173980 Exception <a 'java/lang/NoSuchMethodError'{0x00000000d5c0e420}: 'double java.lang.invoke.DirectMethodHandle$Holder.invokeStaticInit(java.lang.Object, java.lang.Object)'> (0x00000000d5c0e420) 
thrown [s\src\hotspot\share\interpreter\linkResolver.cpp, line 773]
Event: 3.123 Thread 0x0000024f6d173980 Exception <a 'java/io/FileNotFoundException'{0x00000000d561fb40}> (0x00000000d561fb40) 
thrown [s\src\hotspot\share\prims\jni.cpp, line 520]
Event: 3.123 Thread 0x0000024f6d173980 Exception <a 'java/io/FileNotFoundException'{0x00000000d5620970}> (0x00000000d5620970) 
thrown [s\src\hotspot\share\prims\jni.cpp, line 520]
Event: 3.123 Thread 0x0000024f6d173980 Exception <a 'java/io/FileNotFoundException'{0x00000000d56218a8}> (0x00000000d56218a8) 
thrown [s\src\hotspot\share\prims\jni.cpp, line 520]
Event: 3.246 Thread 0x0000024f6d173980 Implicit null exception at 0x0000024f1922e775 to 0x0000024f1922e850

ZGC Phase Switch (0 events):
No events

VM Operations (20 events):
Event: 2.533 Executing non-safepoint VM operation: HandshakeAllThreads (Deoptimize)
Event: 2.533 Executing non-safepoint VM operation: HandshakeAllThreads (Deoptimize) done
Event: 2.566 Executing non-safepoint VM operation: HandshakeAllThreads (Deoptimize)
Event: 2.566 Executing non-safepoint VM operation: HandshakeAllThreads (Deoptimize) done
Event: 2.572 Executing non-safepoint VM operation: HandshakeAllThreads (Deoptimize)
Event: 2.572 Executing non-safepoint VM operation: HandshakeAllThreads (Deoptimize) done
Event: 2.620 Executing safepoint VM operation: ICBufferFull
Event: 2.620 Executing safepoint VM operation: ICBufferFull done
Event: 2.708 Executing safepoint VM operation: ParallelGCFailedAllocation (Allocation Failure)
Event: 2.712 Executing safepoint VM operation: ParallelGCFailedAllocation (Allocation Failure) done
Event: 2.837 Executing non-safepoint VM operation: HandshakeAllThreads (Deoptimize)
Event: 2.837 Executing non-safepoint VM operation: HandshakeAllThreads (Deoptimize) done
Event: 2.901 Executing safepoint VM operation: CollectForMetadataAllocation (Metadata GC Threshold)
Event: 2.932 Executing safepoint VM operation: CollectForMetadataAllocation (Metadata GC Threshold) done
Event: 3.024 Executing non-safepoint VM operation: HandshakeAllThreads (Deoptimize)
Event: 3.025 Executing non-safepoint VM operation: HandshakeAllThreads (Deoptimize) done
Event: 3.114 Executing safepoint VM operation: ParallelGCFailedAllocation (Allocation Failure)
Event: 3.116 Executing safepoint VM operation: ParallelGCFailedAllocation (Allocation Failure) done
Event: 3.297 Executing safepoint VM operation: ParallelGCFailedAllocation (Allocation Failure)
Event: 3.299 Executing safepoint VM operation: ParallelGCFailedAllocation (Allocation Failure) done

Memory protections (0 events):
No events

Nmethod flushes (0 events):
No events

Events (20 events):
Event: 0.044 Thread 0x0000024f0c0a9100 Thread added: 0x0000024f0e4389e0
Event: 0.044 Thread 0x0000024f0c0a9100 Thread added: 0x0000024f0e4396a0
Event: 0.044 Thread 0x0000024f0c0a9100 Thread added: 0x0000024f0e43a530
Event: 0.044 Thread 0x0000024f0c0a9100 Thread added: 0x0000024f0e43b880
Event: 0.044 Thread 0x0000024f0c0a9100 Thread added: 0x0000024f0e43e480
Event: 0.083 Thread 0x0000024f0e43e480 Thread added: 0x0000024f6740daf0
Event: 0.094 Thread 0x0000024f0c0a9100 Thread added: 0x0000024f674a4060
Event: 0.180 Thread 0x0000024f0e43b880 Thread added: 0x0000024f6740e890
Event: 0.257 Thread 0x0000024f0c0a9100 Thread added: 0x0000024f675ad190
Event: 0.996 Thread 0x0000024f0c0a9100 Thread added: 0x0000024f6d2a7010
Event: 1.188 Thread 0x0000024f0c0a9100 Thread added: 0x0000024f6d0e82b0
Event: 1.224 Thread 0x0000024f6d0e82b0 Thread added: 0x0000024f6d172f00
Event: 1.228 Thread 0x0000024f0c0a9100 Thread added: 0x0000024f6d173980
Event: 1.454 Thread 0x0000024f6d173980 Thread added: 0x0000024f6d5fb8a0
Event: 1.569 Thread 0x0000024f6d173980 Thread added: 0x0000024f6dd1c3d0
Event: 1.980 Thread 0x0000024f6d173980 Thread added: 0x0000024f6dc8b170
Event: 2.424 Thread 0x0000024f6d173980 Thread added: 0x0000024f6dde7ae0
Event: 2.463 Thread 0x0000024f6d173980 Thread added: 0x0000024f6dde6dc0
Event: 2.479 Thread 0x0000024f6d173980 Thread added: 0x0000024f6dde6730
Event: 2.731 Thread 0x0000024f6dde6730 Thread added: 0x0000024f6dde7450


Dynamic libraries:
0x00007ff6b5c70000 - 0x00007ff6b5c7e000 	c:\Users\boini\.vscode\extensions\redhat.java-1.55.0-win32-x64\jre\21.0.11-win32-x86_64\bin\java.exe
0x00007ffc3c9f0000 - 0x00007ffc3cc08000 	C:\windows\SYSTEM32\ntdll.dll
0x00007ffc3b3f0000 - 0x00007ffc3b4b4000 	C:\windows\System32\KERNEL32.DLL
0x00007ffc3a090000 - 0x00007ffc3a463000 	C:\windows\System32\KERNELBASE.dll
0x00007ffc3a4a0000 - 0x00007ffc3a5b1000 	C:\windows\System32\ucrtbase.dll
0x00007ffbea430000 - 0x00007ffbea44e000 	c:\Users\boini\.vscode\extensions\redhat.java-1.55.0-win32-x64\jre\21.0.11-win32-x86_64\bin\VCRUNTIME140.dll
0x00007ffbe69b0000 - 0x00007ffbe69c8000 	c:\Users\boini\.vscode\extensions\redhat.java-1.55.0-win32-x64\jre\21.0.11-win32-x86_64\bin\jli.dll
0x00007ffc3ae00000 - 0x00007ffc3afb2000 	C:\windows\System32\USER32.dll
0x00007ffc3a470000 - 0x00007ffc3a496000 	C:\windows\System32\win32u.dll
0x00007ffc3c440000 - 0x00007ffc3c469000 	C:\windows\System32\GDI32.dll
0x00007ffc175f0000 - 0x00007ffc1788c000 	C:\windows\WinSxS\amd64_microsoft.windows.common-controls_6595b64144ccf1df_6.0.22621.6060_none_2712eda17382d24b\COMCTL32.dll
0x00007ffc39d30000 - 0x00007ffc39e4b000 	C:\windows\System32\gdi32full.dll
0x00007ffc3a5f0000 - 0x00007ffc3a68a000 	C:\windows\System32\msvcp_win.dll
0x00007ffc3c2e0000 - 0x00007ffc3c387000 	C:\windows\System32\msvcrt.dll
0x00007ffc3c470000 - 0x00007ffc3c4a1000 	C:\windows\System32\IMM32.DLL
0x00007ffc2fce0000 - 0x00007ffc2fcec000 	c:\Users\boini\.vscode\extensions\redhat.java-1.55.0-win32-x64\jre\21.0.11-win32-x86_64\bin\vcruntime140_1.dll
0x00007ffbe0850000 - 0x00007ffbe08dd000 	c:\Users\boini\.vscode\extensions\redhat.java-1.55.0-win32-x64\jre\21.0.11-win32-x86_64\bin\msvcp140.dll
0x00007ffb4cf20000 - 0x00007ffb4dcc2000 	c:\Users\boini\.vscode\extensions\redhat.java-1.55.0-win32-x64\jre\21.0.11-win32-x86_64\bin\server\jvm.dll
0x00007ffc3acd0000 - 0x00007ffc3ad81000 	C:\windows\System32\ADVAPI32.dll
0x00007ffc3be10000 - 0x00007ffc3beb8000 	C:\windows\System32\sechost.dll
0x00007ffc3a5c0000 - 0x00007ffc3a5e8000 	C:\windows\System32\bcrypt.dll
0x00007ffc3c4d0000 - 0x00007ffc3c5e8000 	C:\windows\System32\RPCRT4.dll
0x00007ffc3b370000 - 0x00007ffc3b3e1000 	C:\windows\System32\WS2_32.dll
0x00007ffc399d0000 - 0x00007ffc39a1d000 	C:\windows\SYSTEM32\POWRPROF.dll
0x00007ffc2f6f0000 - 0x00007ffc2f724000 	C:\windows\SYSTEM32\WINMM.dll
0x00007ffc2cbc0000 - 0x00007ffc2cbca000 	C:\windows\SYSTEM32\VERSION.dll
0x00007ffc399b0000 - 0x00007ffc399c3000 	C:\windows\SYSTEM32\UMPDC.dll
0x00007ffc38aa0000 - 0x00007ffc38ab8000 	C:\windows\SYSTEM32\kernel.appcore.dll
0x00007ffc14f70000 - 0x00007ffc14f7a000 	c:\Users\boini\.vscode\extensions\redhat.java-1.55.0-win32-x64\jre\21.0.11-win32-x86_64\bin\jimage.dll
0x00007ffc37220000 - 0x00007ffc37453000 	C:\windows\SYSTEM32\DBGHELP.DLL
0x00007ffc3c610000 - 0x00007ffc3c9a1000 	C:\windows\System32\combase.dll
0x00007ffc3b290000 - 0x00007ffc3b368000 	C:\windows\System32\OLEAUT32.dll
0x00007ffc16a80000 - 0x00007ffc16ab2000 	C:\windows\SYSTEM32\dbgcore.DLL
0x00007ffc39ed0000 - 0x00007ffc39f4b000 	C:\windows\System32\bcryptPrimitives.dll
0x00007ffc0d9d0000 - 0x00007ffc0d9df000 	c:\Users\boini\.vscode\extensions\redhat.java-1.55.0-win32-x64\jre\21.0.11-win32-x86_64\bin\instrument.dll
0x00007ffbe3560000 - 0x00007ffbe3580000 	c:\Users\boini\.vscode\extensions\redhat.java-1.55.0-win32-x64\jre\21.0.11-win32-x86_64\bin\java.dll
0x00007ffc3b560000 - 0x00007ffc3bdfc000 	C:\windows\System32\SHELL32.dll
0x00007ffc39f50000 - 0x00007ffc3a08f000 	C:\windows\System32\wintypes.dll
0x00007ffc379b0000 - 0x00007ffc382ca000 	C:\windows\SYSTEM32\windows.storage.dll
0x00007ffc3c060000 - 0x00007ffc3c164000 	C:\windows\System32\SHCORE.dll
0x00007ffc3ad90000 - 0x00007ffc3adf9000 	C:\windows\System32\shlwapi.dll
0x00007ffc39a30000 - 0x00007ffc39a55000 	C:\windows\SYSTEM32\profapi.dll
0x00007ffbe0a60000 - 0x00007ffbe0a78000 	c:\Users\boini\.vscode\extensions\redhat.java-1.55.0-win32-x64\jre\21.0.11-win32-x86_64\bin\zip.dll
0x00007ffc039a0000 - 0x00007ffc039b0000 	C:\Users\boini\.vscode\extensions\redhat.java-1.55.0-win32-x64\jre\21.0.11-win32-x86_64\bin\net.dll
0x00007ffc354f0000 - 0x00007ffc3561c000 	C:\windows\SYSTEM32\WINHTTP.dll
0x00007ffc38f70000 - 0x00007ffc38fd9000 	C:\windows\system32\mswsock.dll
0x00007ffbe0a40000 - 0x00007ffbe0a56000 	C:\Users\boini\.vscode\extensions\redhat.java-1.55.0-win32-x64\jre\21.0.11-win32-x86_64\bin\nio.dll
0x00007ffc03900000 - 0x00007ffc03910000 	c:\Users\boini\.vscode\extensions\redhat.java-1.55.0-win32-x64\jre\21.0.11-win32-x86_64\bin\verify.dll
0x00007ffbc6bc0000 - 0x00007ffbc6c05000 	C:\Users\boini\AppData\Roaming\Code\User\globalStorage\redhat.java\1.55.0\config_win\org.eclipse.equinox.launcher\org.eclipse.equinox.launcher.win32.win32.x86_64_1.3.100.v20260613-0559\eclipse_11924.dll
0x00007ffc3ab10000 - 0x00007ffc3acb1000 	C:\windows\System32\ole32.dll
0x00007ffc39190000 - 0x00007ffc391ab000 	C:\windows\SYSTEM32\CRYPTSP.dll
0x00007ffc38a00000 - 0x00007ffc38a37000 	C:\windows\system32\rsaenh.dll
0x00007ffc39030000 - 0x00007ffc39058000 	C:\windows\SYSTEM32\USERENV.dll
0x00007ffc391b0000 - 0x00007ffc391bc000 	C:\windows\SYSTEM32\CRYPTBASE.dll
0x00007ffc38530000 - 0x00007ffc3855d000 	C:\windows\SYSTEM32\IPHLPAPI.DLL
0x00007ffc3b550000 - 0x00007ffc3b559000 	C:\windows\System32\NSI.dll
0x00007ffbc95a0000 - 0x00007ffbc95e9000 	C:\Users\boini\AppData\Local\Temp\jna-93916279\jna11628610470222987342.dll
0x00007ffc3acc0000 - 0x00007ffc3acc8000 	C:\windows\System32\PSAPI.DLL

JVMTI agents:
c:\Users\boini\.vscode\extensions\redhat.java-1.55.0-win32-x64\lombok\lombok-1.18.39-4050.jar path:c:\Users\boini\.vscode\extensions\redhat.java-1.55.0-win32-x64\jre\21.0.11-win32-x86_64\bin\instrument.dll, loaded, initialized, instrumentlib options:none

dbghelp: loaded successfully - version: 4.0.5 - missing functions: none
symbol engine: initialized successfully - sym options: 0x614 - pdb path: .;c:\Users\boini\.vscode\extensions\redhat.java-1.55.0-win32-x64\jre\21.0.11-win32-x86_64\bin;C:\windows\SYSTEM32;C:\windows\WinSxS\amd64_microsoft.windows.common-controls_6595b64144ccf1df_6.0.22621.6060_none_2712eda17382d24b;c:\Users\boini\.vscode\extensions\redhat.java-1.55.0-win32-x64\jre\21.0.11-win32-x86_64\bin\server;C:\Users\boini\AppData\Roaming\Code\User\globalStorage\redhat.java\1.55.0\config_win\org.eclipse.equinox.launcher\org.eclipse.equinox.launcher.win32.win32.x86_64_1.3.100.v20260613-0559;C:\Users\boini\AppData\Local\Temp\jna-93916279

VM Arguments:
jvm_args: --add-modules=ALL-SYSTEM --add-opens=java.base/java.util=ALL-UNNAMED --add-opens=java.base/java.lang=ALL-UNNAMED --add-opens=java.base/sun.nio.fs=ALL-UNNAMED -Declipse.application=org.eclipse.jdt.ls.core.id1 -Dosgi.bundles.defaultStartLevel=4 -Declipse.product=org.eclipse.jdt.ls.core.product -Djava.import.generatesMetadataFilesAtProjectRoot=false -DDetectVMInstallationsJob.disabled=true -Dfile.encoding=utf8 -XX:+UseParallelGC -XX:GCTimeRatio=4 -XX:AdaptiveSizePolicyWeight=90 -Dsun.zip.disableMemoryMapping=true -Xmx2G -Xms100m -Xlog:disable -javaagent:c:\Users\boini\.vscode\extensions\redhat.java-1.55.0-win32-x64\lombok\lombok-1.18.39-4050.jar -XX:+HeapDumpOnOutOfMemoryError -XX:HeapDumpPath=c:\Users\boini\AppData\Roaming\Code\User\workspaceStorage\e6bb11de103c9e1a934892c7d0c01b98\redhat.java -Daether.dependencyCollector.impl=bf 
java_command: c:\Users\boini\.vscode\extensions\redhat.java-1.55.0-win32-x64\server\plugins\org.eclipse.equinox.launcher_1.7.200.v20260619-2039.jar -configuration c:\Users\boini\AppData\Roaming\Code\User\globalStorage\redhat.java\1.55.0\config_win -data c:\Users\boini\AppData\Roaming\Code\User\workspaceStorage\e6bb11de103c9e1a934892c7d0c01b98\redhat.java\jdt_ws --pipe=\\.\pipe\lsp-3d581ebf7bb997a59b0226064ee76002-sock
java_class_path (initial): c:\Users\boini\.vscode\extensions\redhat.java-1.55.0-win32-x64\server\plugins\org.eclipse.equinox.launcher_1.7.200.v20260619-2039.jar
Launcher Type: SUN_STANDARD

[Global flags]
    uintx AdaptiveSizePolicyWeight                 = 90                                        {product} {command line}
     intx CICompilerCount                          = 4                                         {product} {ergonomic}
    uintx GCTimeRatio                              = 4                                         {product} {command line}
     bool HeapDumpOnOutOfMemoryError               = true                                   {manageable} {command line}
    ccstr HeapDumpPath                             = c:\Users\boini\AppData\Roaming\Code\User\workspaceStorage\e6bb11de103c9e1a934892c7d0c01b98\redhat.java         {manageable} {command line}
   size_t InitialHeapSize                          = 104857600                                 {product} {command line}
   size_t MaxHeapSize                              = 2147483648                                {product} {command line}
   size_t MaxNewSize                               = 715653120                                 {product} {ergonomic}
   size_t MinHeapDeltaBytes                        = 524288                                    {product} {ergonomic}
   size_t MinHeapSize                              = 104857600                                 {product} {command line}
   size_t NewSize                                  = 34603008                                  {product} {ergonomic}
    uintx NonNMethodCodeHeapSize                   = 5839372                                {pd product} {ergonomic}
    uintx NonProfiledCodeHeapSize                  = 122909434                              {pd product} {ergonomic}
   size_t OldSize                                  = 70254592                                  {product} {ergonomic}
    uintx ProfiledCodeHeapSize                     = 122909434                              {pd product} {ergonomic}
    uintx ReservedCodeCacheSize                    = 251658240                              {pd product} {ergonomic}
     bool SegmentedCodeCache                       = true                                      {product} {ergonomic}
   size_t SoftMaxHeapSize                          = 2147483648                             {manageable} {ergonomic}
     bool UseCompressedOops                        = true                           {product lp64_product} {ergonomic}
     bool UseLargePagesIndividualAllocation        = false                                  {pd product} {ergonomic}
     bool UseParallelGC                            = true                                      {product} {command line}

Logging:
Log output configuration:
 #0: stdout all=off uptime,level,tags foldmultilines=false
 #1: stderr all=off uptime,level,tags foldmultilines=false

Release file:
JAVA_VERSION="21.0.11" 
MODULES="java.base java.compiler java.datatransfer java.xml java.prefs java.desktop java.instrument java.logging java.management java.security.sasl java.naming java.rmi java.management.rmi java.net.http java.scripting java.security.jgss java.transaction.xa java.sql java.sql.rowset java.xml.crypto java.se java.smartcardio jdk.accessibility jdk.internal.jvmstat jdk.attach jdk.charsets jdk.internal.opt jdk.zipfs jdk.compiler jdk.crypto.ec jdk.crypto.cryptoki jdk.crypto.mscapi jdk.dynalink jdk.internal.ed jdk.editpad jdk.hotspot.agent jdk.httpserver jdk.internal.le jdk.internal.vm.ci jdk.internal.vm.compiler jdk.internal.vm.compiler.management jdk.jartool jdk.javadoc jdk.jcmd jdk.management jdk.management.agent jdk.jconsole jdk.jdeps jdk.jdwp.agent jdk.jdi jdk.jfr jdk.jshell jdk.jsobject jdk.jstatd jdk.localedata jdk.management.jfr jdk.naming.dns jdk.naming.rmi jdk.net jdk.nio.mapmode jdk.random jdk.sctp jdk.security.auth jdk.security.jgss jdk.unsupported jdk.unsupported.desktop jdk.xml.dom" 

Environment Variables:
PATH=C:\oraclexe\app\oracle\product\11.2.0\server\bin;;C:\windows\system32;C:\windows;C:\windows\System32\Wbem;C:\windows\System32\WindowsPowerShell\v1.0\;C:\windows\System32\OpenSSH\;C:\Program Files (x86)\Microsoft SQL Server\160\DTS\Binn\;C:\Program Files\Azure Data Studio\bin;C:\Program Files (x86)\Microsoft SQL Server\150\Tools\Binn\;C:\Program Files\Microsoft SQL Server\150\Tools\Binn\;C:\Program Files (x86)\Microsoft SQL Server\150\DTS\Binn\;C:\Program Files\Microsoft SQL Server\150\DTS\Binn\;C:\Program Files\Microsoft SQL Server\Client SDK\ODBC\170\Tools\Binn\;C:\Program Files\Java\jdk-24\bin;C:\Program Files\Git\cmd;C:\Program Files\nodejs\;C:\windows\system32;C:\windows;C:\windows\System32\Wbem;C:\windows\System32\WindowsPowerShell\v1.0\;C:\windows\System32\OpenSSH\;C:\Program Files (x86)\Microsoft SQL Server\160\DTS\Binn\;C:\Program Files\Azure Data Studio\bin;C:\Program Files (x86)\Microsoft SQL Server\150\Tools\Binn\;C:\Program Files\Microsoft SQL Server\150\Tools\Binn\;C:\Program Files (x86)\Microsoft SQL Server\150\DTS\Binn\;C:\Program Files\Microsoft SQL Server\150\DTS\Binn\;C:\Program Files\Microsoft SQL Server\Client SDK\ODBC\170\Tools\Binn\;C:\Program Files\Java\jdk-24\bin;C:\Program Files\Git\cmd;C:\Program Files\nodejs\;C:\Users\boini\AppData\Local\Programs\Python\Python37\Scripts\;C:\Users\boini\AppData\Local\Programs\Python\Python37\;C:\Program Files\Java;C:\Users\boini\AppData\Local\GitHubDesktop\bin;C:\Users\boini\AppData\Local\Programs\Microsoft VS Code\bin;C:\Users\boini\AppData\Roaming\npm;D:\Users\apache-maven-3.9.16-bin\apache-maven-3.9.16\bin;C:\Users\boini\AppData\Local\Programs\Antigravity IDE\bin
USERNAME=boini
OS=Windows_NT
PROCESSOR_IDENTIFIER=Intel64 Family 6 Model 154 Stepping 4, GenuineIntel
TMP=C:\Users\boini\AppData\Local\Temp
TEMP=C:\Users\boini\AppData\Local\Temp




Periodic native trim disabled

---------------  S Y S T E M  ---------------

OS:
 Windows 11 , 64 bit Build 22621 (10.0.22621.5415)
OS uptime: 0 days 2:27 hours
Hyper-V role detected

CPU: total 12 (initial active 12) (6 cores per cpu, 2 threads per core) family 6 model 154 stepping 4 microcode 0x42c, cx8, cmov, fxsr, ht, mmx, 3dnowpref, sse, sse2, sse3, ssse3, sse4.1, sse4.2, popcnt, lzcnt, tsc, tscinvbit, avx, avx2, aes, erms, clmul, bmi1, bmi2, adx, sha, fma, vzeroupper, clflush, clflushopt, clwb, hv, serialize, rdtscp, rdpid, fsrm, f16c, cet_ibt, cet_ss
Processor Information for processor 0
  Max Mhz: 1300, Current Mhz: 1300, Mhz Limit: 1300
Processor Information for processor 1
  Max Mhz: 1300, Current Mhz: 1300, Mhz Limit: 1300
Processor Information for processor 2
  Max Mhz: 1300, Current Mhz: 1300, Mhz Limit: 1300
Processor Information for processor 3
  Max Mhz: 1300, Current Mhz: 1300, Mhz Limit: 1300
Processor Information for processor 4
  Max Mhz: 1300, Current Mhz: 900, Mhz Limit: 897
Processor Information for processor 5
  Max Mhz: 1300, Current Mhz: 900, Mhz Limit: 897
Processor Information for processor 6
  Max Mhz: 1300, Current Mhz: 900, Mhz Limit: 897
Processor Information for processor 7
  Max Mhz: 1300, Current Mhz: 900, Mhz Limit: 897
Processor Information for processor 8
  Max Mhz: 1300, Current Mhz: 900, Mhz Limit: 897
Processor Information for processor 9
  Max Mhz: 1300, Current Mhz: 900, Mhz Limit: 897
Processor Information for processor 10
  Max Mhz: 1300, Current Mhz: 900, Mhz Limit: 897
Processor Information for processor 11
  Max Mhz: 1300, Current Mhz: 900, Mhz Limit: 897

Memory: 4k page, system-wide physical 7863M (473M free)
TotalPageFile size 16410M (AvailPageFile size 3M)
current process WorkingSet (physical memory assigned to process): 165M, peak: 165M
current process commit charge ("private bytes"): 302M, peak: 302M

vm_info: OpenJDK 64-Bit Server VM (21.0.11+10-LTS) for windows-amd64 JRE (21.0.11+10-LTS), built on 2026-04-21T00:00:00Z by "admin" with MS VC++ 17.12 (VS2022)

END.
