#
# There is insufficient memory for the Java Runtime Environment to continue.
# Native memory allocation (malloc) failed to allocate 157360 bytes. Error detail: Chunk::new
# Possible reasons:
#   The system is out of physical RAM or swap space
#   This process is running with CompressedOops enabled, and the Java Heap may be blocking the growth of the native heap
# Possible solutions:
#   Reduce memory load on the system
#   Increase physical memory or swap space
#   Check if swap backing store is full
#   Decrease Java heap size (-Xmx/-Xms)
#   Decrease number of Java threads
#   Decrease Java thread stack sizes (-Xss)
#   Set larger code cache with -XX:ReservedCodeCacheSize=
#   JVM is running with Unscaled Compressed Oops mode in which the Java heap is
#     placed in the first 4GB address space. The Java Heap base address is the
#     maximum limit for the native heap growth. Please use -XX:HeapBaseMinAddress
#     to set the Java Heap base and to place the Java Heap above 4GB virtual address.
# This output file may be truncated or incomplete.
#
#  Out of Memory Error (arena.cpp:168), pid=3056, tid=22872
#
# JRE version: OpenJDK Runtime Environment Temurin-21.0.11+10 (21.0.11+10) (build 21.0.11+10-LTS)
# Java VM: OpenJDK 64-Bit Server VM Temurin-21.0.11+10 (21.0.11+10-LTS, mixed mode, sharing, tiered, compressed oops, compressed class ptrs, parallel gc, windows-amd64)
# No core dump will be written. Minidumps are not enabled by default on client versions of Windows
#

---------------  S U M M A R Y ------------

Command Line: --add-modules=ALL-SYSTEM --add-opens=java.base/java.util=ALL-UNNAMED --add-opens=java.base/java.lang=ALL-UNNAMED --add-opens=java.base/sun.nio.fs=ALL-UNNAMED -Declipse.application=org.eclipse.jdt.ls.core.id1 -Dosgi.bundles.defaultStartLevel=4 -Declipse.product=org.eclipse.jdt.ls.core.product -Djava.import.generatesMetadataFilesAtProjectRoot=false -DDetectVMInstallationsJob.disabled=true -Dfile.encoding=utf8 -XX:+UseParallelGC -XX:GCTimeRatio=4 -XX:AdaptiveSizePolicyWeight=90 -Dsun.zip.disableMemoryMapping=true -Xmx2G -Xms100m -Xlog:disable -javaagent:c:\Users\boini\.vscode\extensions\redhat.java-1.55.0-win32-x64\lombok\lombok-1.18.39-4050.jar -XX:+HeapDumpOnOutOfMemoryError -XX:HeapDumpPath=c:\Users\boini\AppData\Roaming\Code\User\workspaceStorage\e6bb11de103c9e1a934892c7d0c01b98\redhat.java -Daether.dependencyCollector.impl=bf c:\Users\boini\.vscode\extensions\redhat.java-1.55.0-win32-x64\server\plugins\org.eclipse.equinox.launcher_1.7.200.v20260619-2039.jar -configuration c:\Users\boini\AppData\Roaming\Code\User\globalStorage\redhat.java\1.55.0\config_win -data c:\Users\boini\AppData\Roaming\Code\User\workspaceStorage\e6bb11de103c9e1a934892c7d0c01b98\redhat.java\jdt_ws --pipe=\\.\pipe\lsp-1771ee46d1c673dbc47c941fe1cbb6a0-sock

Host: 12th Gen Intel(R) Core(TM) i5-1235U, 12 cores, 7G,  Windows 11 , 64 bit Build 22621 (10.0.22621.5415)
Time: Mon Jul 27 10:24:40 2026 India Standard Time elapsed time: 1.075162 seconds (0d 0h 0m 1s)

---------------  T H R E A D  ---------------

Current thread (0x000001d67f010a40):  JavaThread "C2 CompilerThread0" daemon [_thread_in_native, id=22872, stack(0x000000d159000000,0x000000d159100000) (1024K)]


Current CompileTask:
C2:1075 1653       4       lombok.patcher.scripts.AddFieldScript::patch (55 bytes)

Stack: [0x000000d159000000,0x000000d159100000]
Native frames: (J=compiled Java code, j=interpreted, Vv=VM code, C=native code)
V  [jvm.dll+0x6d7e19]
V  [jvm.dll+0x8b5096]
V  [jvm.dll+0x8b764e]
V  [jvm.dll+0x8b7d33]
V  [jvm.dll+0x284596]
V  [jvm.dll+0xc685d]
V  [jvm.dll+0xc6da1]
V  [jvm.dll+0x3bed6b]
V  [jvm.dll+0x38b2b2]
V  [jvm.dll+0x38a6fa]
V  [jvm.dll+0x24c700]
V  [jvm.dll+0x24bce0]
V  [jvm.dll+0x1cb4ae]
V  [jvm.dll+0x25baad]
V  [jvm.dll+0x25a03a]
V  [jvm.dll+0x3f868e]
V  [jvm.dll+0x85fb0d]
V  [jvm.dll+0x6d664d]
C  [ucrtbase.dll+0x29333]
C  [KERNEL32.DLL+0x1259d]
C  [ntdll.dll+0x5af78]


---------------  P R O C E S S  ---------------

Threads class SMR info:
_java_thread_list=0x000001d604022d60, length=13, elements={
0x000001d6256efa90, 0x000001d67f0044b0, 0x000001d62569e510, 0x000001d67f007160,
0x000001d67f008dd0, 0x000001d67f009a30, 0x000001d67f00b5c0, 0x000001d67f010a40,
0x000001d67f015950, 0x000001d67f25e060, 0x000001d67f33cea0, 0x000001d67f3b7360,
0x000001d6040d5960
}

Java Threads: ( => current thread )
  0x000001d6256efa90 JavaThread "main"                              [_thread_in_native, id=17752, stack(0x000000d158600000,0x000000d158700000) (1024K)]
  0x000001d67f0044b0 JavaThread "Reference Handler"          daemon [_thread_blocked, id=24368, stack(0x000000d158a00000,0x000000d158b00000) (1024K)]
  0x000001d62569e510 JavaThread "Finalizer"                  daemon [_thread_blocked, id=5536, stack(0x000000d158b00000,0x000000d158c00000) (1024K)]
  0x000001d67f007160 JavaThread "Signal Dispatcher"          daemon [_thread_blocked, id=13944, stack(0x000000d158c00000,0x000000d158d00000) (1024K)]
  0x000001d67f008dd0 JavaThread "Attach Listener"            daemon [_thread_blocked, id=19568, stack(0x000000d158d00000,0x000000d158e00000) (1024K)]
  0x000001d67f009a30 JavaThread "Service Thread"             daemon [_thread_blocked, id=648, stack(0x000000d158e00000,0x000000d158f00000) (1024K)]
  0x000001d67f00b5c0 JavaThread "Monitor Deflation Thread"   daemon [_thread_blocked, id=2512, stack(0x000000d158f00000,0x000000d159000000) (1024K)]
=>0x000001d67f010a40 JavaThread "C2 CompilerThread0"         daemon [_thread_in_native, id=22872, stack(0x000000d159000000,0x000000d159100000) (1024K)]
  0x000001d67f015950 JavaThread "C1 CompilerThread0"         daemon [_thread_blocked, id=20656, stack(0x000000d159100000,0x000000d159200000) (1024K)]
  0x000001d67f25e060 JavaThread "Common-Cleaner"             daemon [_thread_blocked, id=320, stack(0x000000d159200000,0x000000d159300000) (1024K)]
  0x000001d67f33cea0 JavaThread "Notification Thread"        daemon [_thread_blocked, id=10648, stack(0x000000d159300000,0x000000d159400000) (1024K)]
  0x000001d67f3b7360 JavaThread "C2 CompilerThread1"         daemon [_thread_in_native, id=24924, stack(0x000000d159400000,0x000000d159500000) (1024K)]
  0x000001d6040d5960 JavaThread "Active Thread: Equinox Container: a6f4d3a9-15cf-473e-9725-f4f19e48bfb8"        [_thread_blocked, id=6440, stack(0x000000d159b00000,0x000000d159c00000) (1024K)]
Total: 13

Other Threads:
  0x000001d625686970 VMThread "VM Thread"                           [id=12764, stack(0x000000d158900000,0x000000d158a00000) (1024K)]
  0x000001d62557c8d0 WatcherThread "VM Periodic Task Thread"        [id=15960, stack(0x000000d158800000,0x000000d158900000) (1024K)]
  0x000001d62570cb60 WorkerThread "GC Thread#0"                     [id=17716, stack(0x000000d158700000,0x000000d158800000) (1024K)]
  0x000001d67fb157d0 WorkerThread "GC Thread#1"                     [id=12040, stack(0x000000d159500000,0x000000d159600000) (1024K)]
  0x000001d67fb15b80 WorkerThread "GC Thread#2"                     [id=5916, stack(0x000000d159600000,0x000000d159700000) (1024K)]
  0x000001d67fb162e0 WorkerThread "GC Thread#3"                     [id=10540, stack(0x000000d159700000,0x000000d159800000) (1024K)]
  0x000001d67fb16a40 WorkerThread "GC Thread#4"                     [id=24564, stack(0x000000d159800000,0x000000d159900000) (1024K)]
  0x000001d67fb16690 WorkerThread "GC Thread#5"                     [id=14064, stack(0x000000d159900000,0x000000d159a00000) (1024K)]
  0x000001d67fb15f30 WorkerThread "GC Thread#6"                     [id=10456, stack(0x000000d159a00000,0x000000d159b00000) (1024K)]
Total: 9

Threads with active compile tasks:
C2 CompilerThread0  1105 1653       4       lombok.patcher.scripts.AddFieldScript::patch (55 bytes)
C2 CompilerThread1  1105 1659 %     4       jdk.internal.util.ArraysSupport::hashCode @ 8 (33 bytes)
Total: 2

VM state: not at safepoint (normal execution)

VM Mutex/Monitor currently owned by a thread: None

Heap address: 0x0000000080000000, size: 2048 MB, Compressed Oops mode: 32-bit

CDS archive(s) mapped at: [0x000001d63c000000-0x000001d63cba0000-0x000001d63cba0000), size 12189696, SharedBaseAddress: 0x000001d63c000000, ArchiveRelocationMode: 1.
Compressed class space mapped at: 0x000001d63d000000-0x000001d67d000000, reserved size: 1073741824
Narrow klass base: 0x000001d63c000000, Narrow klass shift: 0, Narrow klass range: 0x100000000

GC Precious Log:
 CardTable entry size: 512
 CPUs: 12 total, 12 available
 Memory: 7863M
 Large Page Support: Disabled
 NUMA Support: Disabled
 Compressed Oops: Enabled (32-bit)
 Alignments: Space 512K, Generation 512K, Heap 2M
 Heap Min Capacity: 100M
 Heap Initial Capacity: 100M
 Heap Max Capacity: 2G
 Pre-touch: Disabled
 Parallel Workers: 10

Heap:
 PSYoungGen      total 29696K, used 27486K [0x00000000d5580000, 0x00000000d7680000, 0x0000000100000000)
  eden space 25600K, 94% used [0x00000000d5580000,0x00000000d6d15d48,0x00000000d6e80000)
  from space 4096K, 81% used [0x00000000d6e80000,0x00000000d71c1e98,0x00000000d7280000)
  to   space 4096K, 0% used [0x00000000d7280000,0x00000000d7280000,0x00000000d7680000)
 ParOldGen       total 68608K, used 16K [0x0000000080000000, 0x0000000084300000, 0x00000000d5580000)
  object space 68608K, 0% used [0x0000000080000000,0x0000000080004000,0x0000000084300000)
 Metaspace       used 7949K, committed 8192K, reserved 1114112K
  class space    used 833K, committed 960K, reserved 1048576K

Card table byte_map: [0x000001d625090000,0x000001d6254a0000] _byte_map_base: 0x000001d624c90000

Marking Bits: (ParMarkBitMap*) 0x00007ffa50684460
 Begin Bits: [0x000001d637ba0000, 0x000001d639ba0000)
 End Bits:   [0x000001d639ba0000, 0x000001d63bba0000)

Polling page: 0x000001d623570000

Metaspace:

Usage:
  Non-class:      6.95 MB used.
      Class:    833.38 KB used.
       Both:      7.76 MB used.

Virtual space:
  Non-class space:       64.00 MB reserved,       7.06 MB ( 11%) committed,  1 nodes.
      Class space:        1.00 GB reserved,     960.00 KB ( <1%) committed,  1 nodes.
             Both:        1.06 GB reserved,       8.00 MB ( <1%) committed. 

Chunk freelists:
   Non-Class:  8.83 MB
       Class:  14.91 MB
        Both:  23.73 MB

MaxMetaspaceSize: unlimited
CompressedClassSpaceSize: 1.00 GB
Initial GC threshold: 21.00 MB
Current GC threshold: 21.00 MB
CDS: on
 - commit_granule_bytes: 65536.
 - commit_granule_words: 8192.
 - virtual_space_node_default_size: 8388608.
 - enlarge_chunks_in_place: 1.
 - use_allocation_guard: 0.


Internal statistics:

num_allocs_failed_limit: 0.
num_arena_births: 228.
num_arena_deaths: 0.
num_vsnodes_births: 2.
num_vsnodes_deaths: 0.
num_space_committed: 128.
num_space_uncommitted: 0.
num_chunks_returned_to_freelist: 0.
num_chunks_taken_from_freelist: 423.
num_chunk_merges: 0.
num_chunk_splits: 269.
num_chunks_enlarged: 177.
num_inconsistent_stats: 0.

CodeHeap 'non-profiled nmethods': size=120000Kb used=684Kb max_used=684Kb free=119315Kb
 bounds [0x000001d6303c0000, 0x000001d630630000, 0x000001d6378f0000]
CodeHeap 'profiled nmethods': size=120000Kb used=3055Kb max_used=3055Kb free=116945Kb
 bounds [0x000001d6288f0000, 0x000001d628bf0000, 0x000001d62fe20000]
CodeHeap 'non-nmethods': size=5760Kb used=1216Kb max_used=1237Kb free=4543Kb
 bounds [0x000001d62fe20000, 0x000001d630090000, 0x000001d6303c0000]
CodeCache: size=245760Kb, used=4955Kb, max_used=4976Kb, free=240803Kb
 total_blobs=2181, nmethods=1698, adapters=390, full_count=0
Compilation: enabled, stopped_count=0, restarted_count=0

Compilation events (20 events):
Event: 1.066 Thread 0x000001d67f015950 1672       3       java.util.Collections$UnmodifiableCollection::toArray (10 bytes)
Event: 1.066 Thread 0x000001d67f015950 nmethod 1672 0x000001d628bd4590 code [0x000001d628bd4740, 0x000001d628bd4918]
Event: 1.066 Thread 0x000001d67f015950 1673       3       java.util.zip.CRC32::<init> (5 bytes)
Event: 1.066 Thread 0x000001d67f015950 nmethod 1673 0x000001d628bd4a10 code [0x000001d628bd4bc0, 0x000001d628bd4d28]
Event: 1.066 Thread 0x000001d67f015950 1674       3       java.util.zip.CRC32::update (38 bytes)
Event: 1.067 Thread 0x000001d67f015950 nmethod 1674 0x000001d628bd4e10 code [0x000001d628bd5000, 0x000001d628bd5428]
Event: 1.067 Thread 0x000001d67f015950 1675       3       java.util.zip.CRC32::updateBytes (14 bytes)
Event: 1.067 Thread 0x000001d67f015950 nmethod 1675 0x000001d628bd5610 code [0x000001d628bd57e0, 0x000001d628bd5b90]
Event: 1.067 Thread 0x000001d67f015950 1680   !   3       jdk.internal.loader.Resource::getBytes (244 bytes)
Event: 1.069 Thread 0x000001d67f015950 nmethod 1680 0x000001d628bd5d90 code [0x000001d628bd60c0, 0x000001d628bd77c0]
Event: 1.069 Thread 0x000001d67f015950 1678       3       java.util.jar.JavaUtilJarAccessImpl::getTrustedAttributes (6 bytes)
Event: 1.069 Thread 0x000001d67f015950 nmethod 1678 0x000001d628bd8210 code [0x000001d628bd83c0, 0x000001d628bd8520]
Event: 1.069 Thread 0x000001d67f015950 1679       3       java.util.jar.Manifest::getTrustedAttributes (57 bytes)
Event: 1.070 Thread 0x000001d67f015950 nmethod 1679 0x000001d628bd8610 code [0x000001d628bd8880, 0x000001d628bd9198]
Event: 1.070 Thread 0x000001d67f015950 1681       3       java.util.zip.Checksum::update (11 bytes)
Event: 1.070 Thread 0x000001d67f015950 nmethod 1681 0x000001d628bd9510 code [0x000001d628bd96c0, 0x000001d628bd9860]
Event: 1.070 Thread 0x000001d67f015950 1676       3       java.util.zip.CRC32::updateBytesCheck (35 bytes)
Event: 1.070 Thread 0x000001d67f015950 nmethod 1676 0x000001d628bd9990 code [0x000001d628bd9b60, 0x000001d628bd9ea8]
Event: 1.070 Thread 0x000001d67f015950 1677       3       java.util.zip.CRC32::getValue (10 bytes)
Event: 1.070 Thread 0x000001d67f015950 nmethod 1677 0x000001d628bda090 code [0x000001d628bda220, 0x000001d628bda340]

GC Heap History (2 events):
Event: 0.626 GC heap before
{Heap before GC invocations=1 (full 0):
 PSYoungGen      total 29696K, used 25600K [0x00000000d5580000, 0x00000000d7680000, 0x0000000100000000)
  eden space 25600K, 100% used [0x00000000d5580000,0x00000000d6e80000,0x00000000d6e80000)
  from space 4096K, 0% used [0x00000000d7280000,0x00000000d7280000,0x00000000d7680000)
  to   space 4096K, 0% used [0x00000000d6e80000,0x00000000d6e80000,0x00000000d7280000)
 ParOldGen       total 68608K, used 0K [0x0000000080000000, 0x0000000084300000, 0x00000000d5580000)
  object space 68608K, 0% used [0x0000000080000000,0x0000000080000000,0x0000000084300000)
 Metaspace       used 4346K, committed 4608K, reserved 1114112K
  class space    used 475K, committed 576K, reserved 1048576K
}
Event: 0.631 GC heap after
{Heap after GC invocations=1 (full 0):
 PSYoungGen      total 29696K, used 3335K [0x00000000d5580000, 0x00000000d7680000, 0x0000000100000000)
  eden space 25600K, 0% used [0x00000000d5580000,0x00000000d5580000,0x00000000d6e80000)
  from space 4096K, 81% used [0x00000000d6e80000,0x00000000d71c1e98,0x00000000d7280000)
  to   space 4096K, 0% used [0x00000000d7280000,0x00000000d7280000,0x00000000d7680000)
 ParOldGen       total 68608K, used 16K [0x0000000080000000, 0x0000000084300000, 0x00000000d5580000)
  object space 68608K, 0% used [0x0000000080000000,0x0000000080004000,0x0000000084300000)
 Metaspace       used 4346K, committed 4608K, reserved 1114112K
  class space    used 475K, committed 576K, reserved 1048576K
}

Dll operation events (8 events):
Event: 0.011 Loaded shared library c:\Users\boini\.vscode\extensions\redhat.java-1.55.0-win32-x64\jre\21.0.11-win32-x86_64\bin\java.dll
Event: 0.086 Loaded shared library c:\Users\boini\.vscode\extensions\redhat.java-1.55.0-win32-x64\jre\21.0.11-win32-x86_64\bin\zip.dll
Event: 0.112 Loaded shared library C:\Users\boini\.vscode\extensions\redhat.java-1.55.0-win32-x64\jre\21.0.11-win32-x86_64\bin\instrument.dll
Event: 0.119 Loaded shared library C:\Users\boini\.vscode\extensions\redhat.java-1.55.0-win32-x64\jre\21.0.11-win32-x86_64\bin\net.dll
Event: 0.121 Loaded shared library C:\Users\boini\.vscode\extensions\redhat.java-1.55.0-win32-x64\jre\21.0.11-win32-x86_64\bin\nio.dll
Event: 0.125 Loaded shared library C:\Users\boini\.vscode\extensions\redhat.java-1.55.0-win32-x64\jre\21.0.11-win32-x86_64\bin\zip.dll
Event: 0.144 Loaded shared library C:\Users\boini\.vscode\extensions\redhat.java-1.55.0-win32-x64\jre\21.0.11-win32-x86_64\bin\jimage.dll
Event: 0.211 Loaded shared library c:\Users\boini\.vscode\extensions\redhat.java-1.55.0-win32-x64\jre\21.0.11-win32-x86_64\bin\verify.dll

Deoptimization events (20 events):
Event: 0.997 Thread 0x000001d6256efa90 DEOPT PACKING pc=0x000001d63044f958 sp=0x000000d1586fe4d0
Event: 0.997 Thread 0x000001d6256efa90 DEOPT UNPACKING pc=0x000001d62fe73aa2 sp=0x000000d1586fe3f8 mode 2
Event: 0.999 Thread 0x000001d6256efa90 Uncommon trap: trap_request=0xffffffde fr.pc=0x000001d63044f958 relative=0x0000000000000a78
Event: 0.999 Thread 0x000001d6256efa90 Uncommon trap: reason=class_check action=maybe_recompile pc=0x000001d63044f958 method=java.util.HashMap.putVal(ILjava/lang/Object;Ljava/lang/Object;ZZ)Ljava/lang/Object; @ 253 c2
Event: 0.999 Thread 0x000001d6256efa90 DEOPT PACKING pc=0x000001d63044f958 sp=0x000000d1586fe4d0
Event: 0.999 Thread 0x000001d6256efa90 DEOPT UNPACKING pc=0x000001d62fe73aa2 sp=0x000000d1586fe3f8 mode 2
Event: 1.001 Thread 0x000001d6256efa90 Uncommon trap: trap_request=0xffffffde fr.pc=0x000001d630422cf8 relative=0x0000000000000918
Event: 1.001 Thread 0x000001d6256efa90 Uncommon trap: reason=class_check action=maybe_recompile pc=0x000001d630422cf8 method=java.util.HashMap.putVal(ILjava/lang/Object;Ljava/lang/Object;ZZ)Ljava/lang/Object; @ 253 c2
Event: 1.001 Thread 0x000001d6256efa90 DEOPT PACKING pc=0x000001d630422cf8 sp=0x000000d1586fe330
Event: 1.001 Thread 0x000001d6256efa90 DEOPT UNPACKING pc=0x000001d62fe73aa2 sp=0x000000d1586fe2f0 mode 2
Event: 1.058 Thread 0x000001d6256efa90 DEOPT PACKING pc=0x000001d628a4ab31 sp=0x000000d1586fd480
Event: 1.058 Thread 0x000001d6256efa90 DEOPT UNPACKING pc=0x000001d62fe74242 sp=0x000000d1586fc8f8 mode 0
Event: 1.059 Thread 0x000001d6256efa90 DEOPT PACKING pc=0x000001d628a57a08 sp=0x000000d1586fc680
Event: 1.059 Thread 0x000001d6256efa90 DEOPT UNPACKING pc=0x000001d62fe74242 sp=0x000000d1586fbb00 mode 0
Event: 1.060 Thread 0x000001d6256efa90 DEOPT PACKING pc=0x000001d628a57a08 sp=0x000000d1586fc990
Event: 1.060 Thread 0x000001d6256efa90 DEOPT UNPACKING pc=0x000001d62fe74242 sp=0x000000d1586fbe10 mode 0
Event: 1.061 Thread 0x000001d6256efa90 DEOPT PACKING pc=0x000001d628a57a08 sp=0x000000d1586fc8e0
Event: 1.061 Thread 0x000001d6256efa90 DEOPT UNPACKING pc=0x000001d62fe74242 sp=0x000000d1586fbd60 mode 0
Event: 1.062 Thread 0x000001d6256efa90 DEOPT PACKING pc=0x000001d628a57a08 sp=0x000000d1586fcbe0
Event: 1.062 Thread 0x000001d6256efa90 DEOPT UNPACKING pc=0x000001d62fe74242 sp=0x000000d1586fc060 mode 0

Classes loaded (20 events):
Event: 0.999 Loading class java/util/ConcurrentModificationException
Event: 0.999 Loading class java/util/ConcurrentModificationException done
Event: 1.013 Loading class java/util/LinkedList
Event: 1.014 Loading class java/util/AbstractSequentialList
Event: 1.014 Loading class java/util/AbstractSequentialList done
Event: 1.014 Loading class java/util/LinkedList done
Event: 1.023 Loading class java/net/ContentHandler
Event: 1.023 Loading class java/net/ContentHandler done
Event: 1.025 Loading class java/net/UrlDeserializedState
Event: 1.025 Loading class java/net/UrlDeserializedState done
Event: 1.025 Loading class java/lang/reflect/InaccessibleObjectException
Event: 1.025 Loading class java/lang/reflect/InaccessibleObjectException done
Event: 1.028 Loading class sun/awt/www/content/MultimediaContentHandlers
Event: 1.028 Loading class sun/awt/www/content/MultimediaContentHandlers done
Event: 1.029 Loading class java/lang/StackWalker$Option
Event: 1.029 Loading class java/lang/StackWalker$Option done
Event: 1.050 Loading class javax/xml/parsers/ParserConfigurationException
Event: 1.050 Loading class javax/xml/parsers/ParserConfigurationException done
Event: 1.054 Loading class java/security/KeyStoreException
Event: 1.054 Loading class java/security/KeyStoreException done

Classes unloaded (0 events):
No events

Classes redefined (0 events):
No events

Internal exceptions (20 events):
Event: 0.514 Thread 0x000001d6256efa90 Exception <a 'java/lang/NoSuchMethodError'{0x00000000d66018a8}: 'java.lang.Object java.lang.invoke.DirectMethodHandle$Holder.invokeInterface(java.lang.Object, java.lang.Object, int)'> (0x00000000d66018a8) 
thrown [s\src\hotspot\share\interpreter\linkResolver.cpp, line 773]
Event: 0.583 Thread 0x000001d6256efa90 Exception <a 'java/lang/NoSuchMethodError'{0x00000000d6a68b60}: 'java.lang.ClassLoader java.lang.ClassLoader.getPlatformClassLoader(java.lang.Class)'> (0x00000000d6a68b60) 
thrown [s\src\hotspot\share\interpreter\linkResolver.cpp, line 773]
Event: 0.633 Thread 0x000001d6256efa90 Exception <a 'java/lang/ClassNotFoundException'{0x00000000d5588528}: sun/net/www/protocol/c/Handler> (0x00000000d5588528) 
thrown [s\src\hotspot\share\classfile\systemDictionary.cpp, line 313]
Event: 0.633 Thread 0x000001d6256efa90 Exception <a 'java/lang/ClassNotFoundException'{0x00000000d5589888}: sun/net/www/protocol/d/Handler> (0x00000000d5589888) 
thrown [s\src\hotspot\share\classfile\systemDictionary.cpp, line 313]
Event: 0.633 Thread 0x000001d6256efa90 Exception <a 'java/lang/ClassNotFoundException'{0x00000000d558aa18}: sun/net/www/protocol/c/Handler> (0x00000000d558aa18) 
thrown [s\src\hotspot\share\classfile\systemDictionary.cpp, line 313]
Event: 0.637 Thread 0x000001d6256efa90 Exception <a 'java/io/FileNotFoundException'{0x00000000d55b3e10}> (0x00000000d55b3e10) 
thrown [s\src\hotspot\share\prims\jni.cpp, line 520]
Event: 0.666 Thread 0x000001d6256efa90 Implicit null exception at 0x000001d630416949 to 0x000001d6304172b4
Event: 0.666 Thread 0x000001d6256efa90 Implicit null exception at 0x000001d63041ba1a to 0x000001d63041bc20
Event: 0.666 Thread 0x000001d6256efa90 Exception <a 'java/lang/NoSuchMethodError'{0x00000000d56e8710}: 'void java.lang.invoke.DirectMethodHandle$Holder.invokeStatic(java.lang.Object, java.lang.Object, java.lang.Object, java.lang.Object)'> (0x00000000d56e8710) 
thrown [s\src\hotspot\share\interpreter\linkResolver.cpp, line 773]
Event: 0.667 Thread 0x000001d6256efa90 Implicit null exception at 0x000001d63041ea1a to 0x000001d63041ec24
Event: 0.667 Thread 0x000001d6256efa90 Implicit null exception at 0x000001d630417d3d to 0x000001d630417dc1
Event: 0.743 Thread 0x000001d6256efa90 Exception <a 'java/lang/NoSuchMethodError'{0x00000000d59bea88}: 'void java.lang.invoke.DirectMethodHandle$Holder.invokeSpecial(java.lang.Object, java.lang.Object, java.lang.Object)'> (0x00000000d59bea88) 
thrown [s\src\hotspot\share\interpreter\linkResolver.cpp, line 773]
Event: 0.915 Thread 0x000001d6256efa90 Exception <a 'java/lang/NoSuchMethodError'{0x00000000d63ba978}: 'int java.lang.invoke.DirectMethodHandle$Holder.invokeVirtual(java.lang.Object, java.lang.Object)'> (0x00000000d63ba978) 
thrown [s\src\hotspot\share\interpreter\linkResolver.cpp, line 773]
Event: 0.950 Thread 0x000001d6256efa90 Exception <a 'java/lang/NoSuchMethodError'{0x00000000d6542ae0}: 'int java.lang.invoke.DirectMethodHandle$Holder.invokeStaticInit(java.lang.Object, java.lang.Object, java.lang.Object, java.lang.Object)'> (0x00000000d6542ae0) 
thrown [s\src\hotspot\share\interpreter\linkResolver.cpp, line 773]
Event: 0.951 Thread 0x000001d6256efa90 Exception <a 'java/lang/IncompatibleClassChangeError'{0x00000000d654b1c8}: Found class java.lang.Object, but interface was expected> (0x00000000d654b1c8) 
thrown [s\src\hotspot\share\interpreter\linkResolver.cpp, line 840]
Event: 0.951 Thread 0x000001d6256efa90 Exception <a 'java/lang/NoSuchMethodError'{0x00000000d6552078}: 'void java.lang.invoke.DirectMethodHandle$Holder.invokeStaticInit(java.lang.Object, java.lang.Object)'> (0x00000000d6552078) 
thrown [s\src\hotspot\share\interpreter\linkResolver.cpp, line 773]
Event: 0.952 Thread 0x000001d6256efa90 Exception <a 'java/lang/NoSuchMethodError'{0x00000000d655bbb0}: 'int java.lang.invoke.DirectMethodHandle$Holder.invokeStaticInit(java.lang.Object, java.lang.Object)'> (0x00000000d655bbb0) 
thrown [s\src\hotspot\share\interpreter\linkResolver.cpp, line 773]
Event: 0.985 Thread 0x000001d6256efa90 Exception <a 'java/lang/NoSuchMethodError'{0x00000000d67d0db8}: 'java.lang.Object java.lang.invoke.DirectMethodHandle$Holder.newInvokeSpecial(java.lang.Object, int, java.lang.Object)'> (0x00000000d67d0db8) 
thrown [s\src\hotspot\share\interpreter\linkResolver.cpp, line 773]
Event: 1.032 Thread 0x000001d6256efa90 Exception <a 'java/lang/ClassNotFoundException'{0x00000000d6a08bb0}: sun/net/www/protocol/plurl/Handler> (0x00000000d6a08bb0) 
thrown [s\src\hotspot\share\classfile\systemDictionary.cpp, line 313]
Event: 1.032 Thread 0x000001d6256efa90 Exception <a 'java/lang/ClassNotFoundException'{0x00000000d6a09a30}: sun/net/www/protocol/plurl/Handler> (0x00000000d6a09a30) 
thrown [s\src\hotspot\share\classfile\systemDictionary.cpp, line 313]

ZGC Phase Switch (0 events):
No events

VM Operations (20 events):
Event: 0.085 Executing non-safepoint VM operation: HandshakeAllThreads (Deoptimize)
Event: 0.085 Executing non-safepoint VM operation: HandshakeAllThreads (Deoptimize) done
Event: 0.158 Executing non-safepoint VM operation: HandshakeAllThreads (Deoptimize)
Event: 0.158 Executing non-safepoint VM operation: HandshakeAllThreads (Deoptimize) done
Event: 0.418 Executing non-safepoint VM operation: HandshakeAllThreads (Deoptimize)
Event: 0.418 Executing non-safepoint VM operation: HandshakeAllThreads (Deoptimize) done
Event: 0.432 Executing non-safepoint VM operation: HandshakeAllThreads (Deoptimize)
Event: 0.433 Executing non-safepoint VM operation: HandshakeAllThreads (Deoptimize) done
Event: 0.626 Executing safepoint VM operation: ParallelGCFailedAllocation (Allocation Failure)
Event: 0.631 Executing safepoint VM operation: ParallelGCFailedAllocation (Allocation Failure) done
Event: 0.968 Executing non-safepoint VM operation: HandshakeAllThreads (Deoptimize)
Event: 0.968 Executing non-safepoint VM operation: HandshakeAllThreads (Deoptimize) done
Event: 0.977 Executing non-safepoint VM operation: HandshakeAllThreads (Deoptimize)
Event: 0.977 Executing non-safepoint VM operation: HandshakeAllThreads (Deoptimize) done
Event: 1.014 Executing non-safepoint VM operation: HandshakeAllThreads (Deoptimize)
Event: 1.014 Executing non-safepoint VM operation: HandshakeAllThreads (Deoptimize) done
Event: 1.026 Executing non-safepoint VM operation: HandshakeAllThreads (Deoptimize)
Event: 1.026 Executing non-safepoint VM operation: HandshakeAllThreads (Deoptimize) done
Event: 1.070 Executing safepoint VM operation: ICBufferFull
Event: 1.070 Executing safepoint VM operation: ICBufferFull done

Memory protections (0 events):
No events

Nmethod flushes (0 events):
No events

Events (13 events):
Event: 0.033 Thread 0x000001d6256efa90 Thread added: 0x000001d6256efa90
Event: 0.049 Thread 0x000001d6256efa90 Thread added: 0x000001d67f0044b0
Event: 0.049 Thread 0x000001d6256efa90 Thread added: 0x000001d62569e510
Event: 0.050 Thread 0x000001d6256efa90 Thread added: 0x000001d67f007160
Event: 0.050 Thread 0x000001d6256efa90 Thread added: 0x000001d67f008dd0
Event: 0.050 Thread 0x000001d6256efa90 Thread added: 0x000001d67f009a30
Event: 0.050 Thread 0x000001d6256efa90 Thread added: 0x000001d67f00b5c0
Event: 0.050 Thread 0x000001d6256efa90 Thread added: 0x000001d67f010a40
Event: 0.050 Thread 0x000001d6256efa90 Thread added: 0x000001d67f015950
Event: 0.115 Thread 0x000001d6256efa90 Thread added: 0x000001d67f25e060
Event: 0.286 Thread 0x000001d6256efa90 Thread added: 0x000001d67f33cea0
Event: 0.361 Thread 0x000001d67f015950 Thread added: 0x000001d67f3b7360
Event: 0.962 Thread 0x000001d6256efa90 Thread added: 0x000001d6040d5960


Dynamic libraries:
0x00007ff777cd0000 - 0x00007ff777cde000 	c:\Users\boini\.vscode\extensions\redhat.java-1.55.0-win32-x64\jre\21.0.11-win32-x86_64\bin\java.exe
0x00007ffac9190000 - 0x00007ffac93a8000 	C:\windows\SYSTEM32\ntdll.dll
0x00007ffac88f0000 - 0x00007ffac89b4000 	C:\windows\System32\KERNEL32.DLL
0x00007ffac6610000 - 0x00007ffac69e3000 	C:\windows\System32\KERNELBASE.dll
0x00007ffac6a70000 - 0x00007ffac6b81000 	C:\windows\System32\ucrtbase.dll
0x00007ffac2570000 - 0x00007ffac258e000 	c:\Users\boini\.vscode\extensions\redhat.java-1.55.0-win32-x64\jre\21.0.11-win32-x86_64\bin\VCRUNTIME140.dll
0x00007ffac2370000 - 0x00007ffac2388000 	c:\Users\boini\.vscode\extensions\redhat.java-1.55.0-win32-x64\jre\21.0.11-win32-x86_64\bin\jli.dll
0x00007ffac7de0000 - 0x00007ffac7f92000 	C:\windows\System32\USER32.dll
0x00007ffac6d30000 - 0x00007ffac6d56000 	C:\windows\System32\win32u.dll
0x00007ffaaaea0000 - 0x00007ffaab13c000 	C:\windows\WinSxS\amd64_microsoft.windows.common-controls_6595b64144ccf1df_6.0.22621.6060_none_2712eda17382d24b\COMCTL32.dll
0x00007ffac9120000 - 0x00007ffac9149000 	C:\windows\System32\GDI32.dll
0x00007ffac8370000 - 0x00007ffac8417000 	C:\windows\System32\msvcrt.dll
0x00007ffac6b90000 - 0x00007ffac6cab000 	C:\windows\System32\gdi32full.dll
0x00007ffac6d60000 - 0x00007ffac6dfa000 	C:\windows\System32\msvcp_win.dll
0x00007ffac8e50000 - 0x00007ffac8e81000 	C:\windows\System32\IMM32.DLL
0x00007ffac2560000 - 0x00007ffac256c000 	c:\Users\boini\.vscode\extensions\redhat.java-1.55.0-win32-x64\jre\21.0.11-win32-x86_64\bin\vcruntime140_1.dll
0x00007ffab5d20000 - 0x00007ffab5dad000 	c:\Users\boini\.vscode\extensions\redhat.java-1.55.0-win32-x64\jre\21.0.11-win32-x86_64\bin\msvcp140.dll
0x00007ffa4f9c0000 - 0x00007ffa50762000 	c:\Users\boini\.vscode\extensions\redhat.java-1.55.0-win32-x64\jre\21.0.11-win32-x86_64\bin\server\jvm.dll
0x00007ffac7d00000 - 0x00007ffac7db1000 	C:\windows\System32\ADVAPI32.dll
0x00007ffac80b0000 - 0x00007ffac8158000 	C:\windows\System32\sechost.dll
0x00007ffac6e00000 - 0x00007ffac6e28000 	C:\windows\System32\bcrypt.dll
0x00007ffac8420000 - 0x00007ffac8538000 	C:\windows\System32\RPCRT4.dll
0x00007ffac8860000 - 0x00007ffac88d1000 	C:\windows\System32\WS2_32.dll
0x00007ffabba90000 - 0x00007ffabbac4000 	C:\windows\SYSTEM32\WINMM.dll
0x00007ffabb8d0000 - 0x00007ffabb8da000 	C:\windows\SYSTEM32\VERSION.dll
0x00007ffac6170000 - 0x00007ffac61bd000 	C:\windows\SYSTEM32\POWRPROF.dll
0x00007ffac6150000 - 0x00007ffac6163000 	C:\windows\SYSTEM32\UMPDC.dll
0x00007ffac5240000 - 0x00007ffac5258000 	C:\windows\SYSTEM32\kernel.appcore.dll
0x00007ffac03c0000 - 0x00007ffac03ca000 	c:\Users\boini\.vscode\extensions\redhat.java-1.55.0-win32-x64\jre\21.0.11-win32-x86_64\bin\jimage.dll
0x00007ffac3c70000 - 0x00007ffac3ea3000 	C:\windows\SYSTEM32\DBGHELP.DLL
0x00007ffac6ea0000 - 0x00007ffac7231000 	C:\windows\System32\combase.dll
0x00007ffac8290000 - 0x00007ffac8368000 	C:\windows\System32\OLEAUT32.dll
0x00007ffaa1710000 - 0x00007ffaa1742000 	C:\windows\SYSTEM32\dbgcore.DLL
0x00007ffac69f0000 - 0x00007ffac6a6b000 	C:\windows\System32\bcryptPrimitives.dll
0x00007ffabffa0000 - 0x00007ffabffaf000 	c:\Users\boini\.vscode\extensions\redhat.java-1.55.0-win32-x64\jre\21.0.11-win32-x86_64\bin\instrument.dll
0x00007ffabfe00000 - 0x00007ffabfe20000 	c:\Users\boini\.vscode\extensions\redhat.java-1.55.0-win32-x64\jre\21.0.11-win32-x86_64\bin\java.dll
0x00007ffac73f0000 - 0x00007ffac7c8c000 	C:\windows\System32\SHELL32.dll
0x00007ffac62a0000 - 0x00007ffac63df000 	C:\windows\System32\wintypes.dll
0x00007ffac4150000 - 0x00007ffac4a6a000 	C:\windows\SYSTEM32\windows.storage.dll
0x00007ffac7fa0000 - 0x00007ffac80a4000 	C:\windows\System32\SHCORE.dll
0x00007ffac6e30000 - 0x00007ffac6e99000 	C:\windows\System32\shlwapi.dll
0x00007ffac61d0000 - 0x00007ffac61f5000 	C:\windows\SYSTEM32\profapi.dll
0x00007ffabfde0000 - 0x00007ffabfdf8000 	c:\Users\boini\.vscode\extensions\redhat.java-1.55.0-win32-x64\jre\21.0.11-win32-x86_64\bin\zip.dll
0x00007ffabfe30000 - 0x00007ffabfe40000 	C:\Users\boini\.vscode\extensions\redhat.java-1.55.0-win32-x64\jre\21.0.11-win32-x86_64\bin\net.dll
0x00007ffac2c20000 - 0x00007ffac2d4c000 	C:\windows\SYSTEM32\WINHTTP.dll
0x00007ffac5710000 - 0x00007ffac5779000 	C:\windows\system32\mswsock.dll
0x00007ffabb2d0000 - 0x00007ffabb2e6000 	C:\Users\boini\.vscode\extensions\redhat.java-1.55.0-win32-x64\jre\21.0.11-win32-x86_64\bin\nio.dll
0x00007ffabcbd0000 - 0x00007ffabcbe0000 	c:\Users\boini\.vscode\extensions\redhat.java-1.55.0-win32-x64\jre\21.0.11-win32-x86_64\bin\verify.dll

JVMTI agents:
c:\Users\boini\.vscode\extensions\redhat.java-1.55.0-win32-x64\lombok\lombok-1.18.39-4050.jar path:c:\Users\boini\.vscode\extensions\redhat.java-1.55.0-win32-x64\jre\21.0.11-win32-x86_64\bin\instrument.dll, loaded, initialized, instrumentlib options:none

dbghelp: loaded successfully - version: 4.0.5 - missing functions: none
symbol engine: initialized successfully - sym options: 0x614 - pdb path: .;c:\Users\boini\.vscode\extensions\redhat.java-1.55.0-win32-x64\jre\21.0.11-win32-x86_64\bin;C:\windows\SYSTEM32;C:\windows\WinSxS\amd64_microsoft.windows.common-controls_6595b64144ccf1df_6.0.22621.6060_none_2712eda17382d24b;c:\Users\boini\.vscode\extensions\redhat.java-1.55.0-win32-x64\jre\21.0.11-win32-x86_64\bin\server

VM Arguments:
jvm_args: --add-modules=ALL-SYSTEM --add-opens=java.base/java.util=ALL-UNNAMED --add-opens=java.base/java.lang=ALL-UNNAMED --add-opens=java.base/sun.nio.fs=ALL-UNNAMED -Declipse.application=org.eclipse.jdt.ls.core.id1 -Dosgi.bundles.defaultStartLevel=4 -Declipse.product=org.eclipse.jdt.ls.core.product -Djava.import.generatesMetadataFilesAtProjectRoot=false -DDetectVMInstallationsJob.disabled=true -Dfile.encoding=utf8 -XX:+UseParallelGC -XX:GCTimeRatio=4 -XX:AdaptiveSizePolicyWeight=90 -Dsun.zip.disableMemoryMapping=true -Xmx2G -Xms100m -Xlog:disable -javaagent:c:\Users\boini\.vscode\extensions\redhat.java-1.55.0-win32-x64\lombok\lombok-1.18.39-4050.jar -XX:+HeapDumpOnOutOfMemoryError -XX:HeapDumpPath=c:\Users\boini\AppData\Roaming\Code\User\workspaceStorage\e6bb11de103c9e1a934892c7d0c01b98\redhat.java -Daether.dependencyCollector.impl=bf 
java_command: c:\Users\boini\.vscode\extensions\redhat.java-1.55.0-win32-x64\server\plugins\org.eclipse.equinox.launcher_1.7.200.v20260619-2039.jar -configuration c:\Users\boini\AppData\Roaming\Code\User\globalStorage\redhat.java\1.55.0\config_win -data c:\Users\boini\AppData\Roaming\Code\User\workspaceStorage\e6bb11de103c9e1a934892c7d0c01b98\redhat.java\jdt_ws --pipe=\\.\pipe\lsp-1771ee46d1c673dbc47c941fe1cbb6a0-sock
java_class_path (initial): c:\Users\boini\.vscode\extensions\redhat.java-1.55.0-win32-x64\server\plugins\org.eclipse.equinox.launcher_1.7.200.v20260619-2039.jar
Launcher Type: SUN_STANDARD

[Global flags]
    uintx AdaptiveSizePolicyWeight                 = 90                                        {product} {command line}
     intx CICompilerCount                          = 4                                         {product} {ergonomic}
    uintx GCTimeRatio                              = 4                                         {product} {command line}
     bool HeapDumpOnOutOfMemoryError               = true                                   {manageable} {command line}
    ccstr HeapDumpPath                             = c:\Users\boini\AppData\Roaming\Code\User\workspaceStorage\e6bb11de103c9e1a934892c7d0c01b98\redhat.java         {manageable} {command line}
   size_t InitialHeapSize                          = 104857600                                 {product} {command line}
   size_t MaxHeapSize                              = 2147483648                                {product} {command line}
   size_t MaxNewSize                               = 715653120                                 {product} {ergonomic}
   size_t MinHeapDeltaBytes                        = 524288                                    {product} {ergonomic}
   size_t MinHeapSize                              = 104857600                                 {product} {command line}
   size_t NewSize                                  = 34603008                                  {product} {ergonomic}
    uintx NonNMethodCodeHeapSize                   = 5839372                                {pd product} {ergonomic}
    uintx NonProfiledCodeHeapSize                  = 122909434                              {pd product} {ergonomic}
   size_t OldSize                                  = 70254592                                  {product} {ergonomic}
    uintx ProfiledCodeHeapSize                     = 122909434                              {pd product} {ergonomic}
    uintx ReservedCodeCacheSize                    = 251658240                              {pd product} {ergonomic}
     bool SegmentedCodeCache                       = true                                      {product} {ergonomic}
   size_t SoftMaxHeapSize                          = 2147483648                             {manageable} {ergonomic}
     bool UseCompressedOops                        = true                           {product lp64_product} {ergonomic}
     bool UseLargePagesIndividualAllocation        = false                                  {pd product} {ergonomic}
     bool UseParallelGC                            = true                                      {product} {command line}

Logging:
Log output configuration:
 #0: stdout all=off uptime,level,tags foldmultilines=false
 #1: stderr all=off uptime,level,tags foldmultilines=false

Release file:
JAVA_VERSION="21.0.11" 
MODULES="java.base java.compiler java.datatransfer java.xml java.prefs java.desktop java.instrument java.logging java.management java.security.sasl java.naming java.rmi java.management.rmi java.net.http java.scripting java.security.jgss java.transaction.xa java.sql java.sql.rowset java.xml.crypto java.se java.smartcardio jdk.accessibility jdk.internal.jvmstat jdk.attach jdk.charsets jdk.internal.opt jdk.zipfs jdk.compiler jdk.crypto.ec jdk.crypto.cryptoki jdk.crypto.mscapi jdk.dynalink jdk.internal.ed jdk.editpad jdk.hotspot.agent jdk.httpserver jdk.internal.le jdk.internal.vm.ci jdk.internal.vm.compiler jdk.internal.vm.compiler.management jdk.jartool jdk.javadoc jdk.jcmd jdk.management jdk.management.agent jdk.jconsole jdk.jdeps jdk.jdwp.agent jdk.jdi jdk.jfr jdk.jshell jdk.jsobject jdk.jstatd jdk.localedata jdk.management.jfr jdk.naming.dns jdk.naming.rmi jdk.net jdk.nio.mapmode jdk.random jdk.sctp jdk.security.auth jdk.security.jgss jdk.unsupported jdk.unsupported.desktop jdk.xml.dom" 

Environment Variables:
PATH=C:\oraclexe\app\oracle\product\11.2.0\server\bin;;C:\windows\system32;C:\windows;C:\windows\System32\Wbem;C:\windows\System32\WindowsPowerShell\v1.0\;C:\windows\System32\OpenSSH\;C:\Program Files (x86)\Microsoft SQL Server\160\DTS\Binn\;C:\Program Files\Azure Data Studio\bin;C:\Program Files (x86)\Microsoft SQL Server\150\Tools\Binn\;C:\Program Files\Microsoft SQL Server\150\Tools\Binn\;C:\Program Files (x86)\Microsoft SQL Server\150\DTS\Binn\;C:\Program Files\Microsoft SQL Server\150\DTS\Binn\;C:\Program Files\Microsoft SQL Server\Client SDK\ODBC\170\Tools\Binn\;C:\Program Files\Java\jdk-24\bin;C:\Program Files\Git\cmd;C:\Program Files\nodejs\;C:\Program Files\Git LFS;C:\Users\boini\AppData\Local\Programs\Python\Python310\Scripts\;C:\Users\boini\AppData\Local\Programs\Python\Python310\;C:\windows\system32;C:\windows;C:\windows\System32\Wbem;C:\windows\System32\WindowsPowerShell\v1.0\;C:\windows\System32\OpenSSH\;C:\Program Files (x86)\Microsoft SQL Server\160\DTS\Binn\;C:\Program Files\Azure Data Studio\bin;C:\Program Files (x86)\Microsoft SQL Server\150\Tools\Binn\;C:\Program Files\Microsoft SQL Server\150\Tools\Binn\;C:\Program Files (x86)\Microsoft SQL Server\150\DTS\Binn\;C:\Program Files\Microsoft SQL Server\150\DTS\Binn\;C:\Program Files\Microsoft SQL Server\Client SDK\ODBC\170\Tools\Binn\;C:\Program Files\Java\jdk-24\bin;C:\Program Files\Git\cmd;C:\Program Files\nodejs\;C:\Users\boini\AppData\Local\Programs\Python\Python37\Scripts\;C:\Users\boini\AppData\Local\Programs\Python\Python37\;C:\Program Files\Java;C:\Users\boini\AppData\Local\GitHubDesktop\bin;C:\Users\boini\AppData\Local\Programs\Microsoft VS Code\bin;C:\Users\boini\AppData\Roaming\npm;D:\Users\apache-maven-3.9.16-bin\apache-maven-3.9.16\bin;C:\Users\boini\AppData\Local\Programs\Antigravity IDE\bin
USERNAME=boini
OS=Windows_NT
PROCESSOR_IDENTIFIER=Intel64 Family 6 Model 154 Stepping 4, GenuineIntel
TMP=C:\Users\boini\AppData\Local\Temp
TEMP=C:\Users\boini\AppData\Local\Temp




Periodic native trim disabled

---------------  S Y S T E M  ---------------

OS:
 Windows 11 , 64 bit Build 22621 (10.0.22621.5415)
OS uptime: 2 days 19:40 hours
Hyper-V role detected

CPU: total 12 (initial active 12) (6 cores per cpu, 2 threads per core) family 6 model 154 stepping 4 microcode 0x42c, cx8, cmov, fxsr, ht, mmx, 3dnowpref, sse, sse2, sse3, ssse3, sse4.1, sse4.2, popcnt, lzcnt, tsc, tscinvbit, avx, avx2, aes, erms, clmul, bmi1, bmi2, adx, sha, fma, vzeroupper, clflush, clflushopt, clwb, hv, serialize, rdtscp, rdpid, fsrm, f16c, cet_ibt, cet_ss
Processor Information for processor 0
  Max Mhz: 1300, Current Mhz: 1300, Mhz Limit: 1300
Processor Information for processor 1
  Max Mhz: 1300, Current Mhz: 1300, Mhz Limit: 1300
Processor Information for processor 2
  Max Mhz: 1300, Current Mhz: 1300, Mhz Limit: 1300
Processor Information for processor 3
  Max Mhz: 1300, Current Mhz: 1300, Mhz Limit: 1300
Processor Information for processor 4
  Max Mhz: 1300, Current Mhz: 900, Mhz Limit: 897
Processor Information for processor 5
  Max Mhz: 1300, Current Mhz: 900, Mhz Limit: 897
Processor Information for processor 6
  Max Mhz: 1300, Current Mhz: 900, Mhz Limit: 897
Processor Information for processor 7
  Max Mhz: 1300, Current Mhz: 900, Mhz Limit: 897
Processor Information for processor 8
  Max Mhz: 1300, Current Mhz: 900, Mhz Limit: 897
Processor Information for processor 9
  Max Mhz: 1300, Current Mhz: 900, Mhz Limit: 897
Processor Information for processor 10
  Max Mhz: 1300, Current Mhz: 900, Mhz Limit: 897
Processor Information for processor 11
  Max Mhz: 1300, Current Mhz: 900, Mhz Limit: 897

Memory: 4k page, system-wide physical 7863M (446M free)
TotalPageFile size 13878M (AvailPageFile size 71M)
current process WorkingSet (physical memory assigned to process): 89M, peak: 89M
current process commit charge ("private bytes"): 248M, peak: 248M

vm_info: OpenJDK 64-Bit Server VM (21.0.11+10-LTS) for windows-amd64 JRE (21.0.11+10-LTS), built on 2026-04-21T00:00:00Z by "admin" with MS VC++ 17.12 (VS2022)

END.
