#
# There is insufficient memory for the Java Runtime Environment to continue.
# Native memory allocation (malloc) failed to allocate 1332512 bytes. Error detail: Chunk::new
# Possible reasons:
#   The system is out of physical RAM or swap space
#   This process is running with CompressedOops enabled, and the Java Heap may be blocking the growth of the native heap
# Possible solutions:
#   Reduce memory load on the system
#   Increase physical memory or swap space
#   Check if swap backing store is full
#   Decrease Java heap size (-Xmx/-Xms)
#   Decrease number of Java threads
#   Decrease Java thread stack sizes (-Xss)
#   Set larger code cache with -XX:ReservedCodeCacheSize=
#   JVM is running with Unscaled Compressed Oops mode in which the Java heap is
#     placed in the first 4GB address space. The Java Heap base address is the
#     maximum limit for the native heap growth. Please use -XX:HeapBaseMinAddress
#     to set the Java Heap base and to place the Java Heap above 4GB virtual address.
# This output file may be truncated or incomplete.
#
#  Out of Memory Error (arena.cpp:168), pid=11252, tid=9572
#
# JRE version: OpenJDK Runtime Environment Temurin-21.0.11+10 (21.0.11+10) (build 21.0.11+10-LTS)
# Java VM: OpenJDK 64-Bit Server VM Temurin-21.0.11+10 (21.0.11+10-LTS, mixed mode, sharing, tiered, compressed oops, compressed class ptrs, parallel gc, windows-amd64)
# No core dump will be written. Minidumps are not enabled by default on client versions of Windows
#

---------------  S U M M A R Y ------------

Command Line: --add-modules=ALL-SYSTEM --add-opens=java.base/java.util=ALL-UNNAMED --add-opens=java.base/java.lang=ALL-UNNAMED --add-opens=java.base/sun.nio.fs=ALL-UNNAMED -Declipse.application=org.eclipse.jdt.ls.core.id1 -Dosgi.bundles.defaultStartLevel=4 -Declipse.product=org.eclipse.jdt.ls.core.product -Djava.import.generatesMetadataFilesAtProjectRoot=false -DDetectVMInstallationsJob.disabled=true -Dfile.encoding=utf8 -XX:+UseParallelGC -XX:GCTimeRatio=4 -XX:AdaptiveSizePolicyWeight=90 -Dsun.zip.disableMemoryMapping=true -Xmx2G -Xms100m -Xlog:disable -javaagent:c:\Users\boini\.vscode\extensions\redhat.java-1.55.0-win32-x64\lombok\lombok-1.18.39-4050.jar c:\Users\boini\.vscode\extensions\redhat.java-1.55.0-win32-x64\server\plugins\org.eclipse.equinox.launcher_1.7.200.v20260619-2039.jar -configuration c:\Users\boini\AppData\Roaming\Code\User\globalStorage\redhat.java\1.55.0\config_ss_win -data c:\Users\boini\AppData\Roaming\Code\User\workspaceStorage\e6bb11de103c9e1a934892c7d0c01b98\redhat.java\ss_ws --pipe=\\.\pipe\lsp-417fcd3795d68214ac70677e185e959f-sock

Host: 12th Gen Intel(R) Core(TM) i5-1235U, 12 cores, 7G,  Windows 11 , 64 bit Build 22621 (10.0.22621.5415)
Time: Tue Jul 21 23:50:55 2026 India Standard Time elapsed time: 5.255315 seconds (0d 0h 0m 5s)

---------------  T H R E A D  ---------------

Current thread (0x0000022f624aa160):  JavaThread "C2 CompilerThread1" daemon [_thread_in_native, id=9572, stack(0x000000f38ce00000,0x000000f38cf00000) (1024K)]


Current CompileTask:
C2:5255 3719       4       org.eclipse.osgi.internal.loader.BundleLoader::addExportedProvidersFor (167 bytes)

Stack: [0x000000f38ce00000,0x000000f38cf00000]
Native frames: (J=compiled Java code, j=interpreted, Vv=VM code, C=native code)
V  [jvm.dll+0x6d7e19]
V  [jvm.dll+0x8b5096]
V  [jvm.dll+0x8b764e]
V  [jvm.dll+0x8b7d33]
V  [jvm.dll+0x284596]
V  [jvm.dll+0xc685d]
V  [jvm.dll+0xc6da1]
V  [jvm.dll+0x3bed6b]
V  [jvm.dll+0x38b2b2]
V  [jvm.dll+0x38a6fa]
V  [jvm.dll+0x24c700]
V  [jvm.dll+0x24bce0]
V  [jvm.dll+0x1cb4ae]
V  [jvm.dll+0x25baad]
V  [jvm.dll+0x25a03a]
V  [jvm.dll+0x3f868e]
V  [jvm.dll+0x85fb0d]
V  [jvm.dll+0x6d664d]
C  [ucrtbase.dll+0x29333]
C  [KERNEL32.DLL+0x1259d]
C  [ntdll.dll+0x5af78]


---------------  P R O C E S S  ---------------

Threads class SMR info:
_java_thread_list=0x0000022f625a0f30, length=39, elements={
0x0000022f447a1b40, 0x0000022f44843390, 0x0000022f4474d5d0, 0x0000022f44844080,
0x0000022f448458f0, 0x0000022f44848310, 0x0000022f5c502350, 0x0000022f44858460,
0x0000022f4485e3e0, 0x0000022f5c757e10, 0x0000022f5c85c820, 0x0000022f62384210,
0x0000022f620854f0, 0x0000022f5da857d0, 0x0000022f6206e530, 0x0000022f5da01890,
0x0000022f625dce80, 0x0000022f6226ef10, 0x0000022f6230f130, 0x0000022f624aa160,
0x0000022f6230f7c0, 0x0000022f6230fe50, 0x0000022f6230dd80, 0x0000022f6230e410,
0x0000022f6230eaa0, 0x0000022f6230d6f0, 0x0000022f623104e0, 0x0000022f6230d060,
0x0000022f63c87400, 0x0000022f63c86d70, 0x0000022f63c87a90, 0x0000022f63c894d0,
0x0000022f63c85330, 0x0000022f63c88120, 0x0000022f63c82bd0, 0x0000022f63c82540,
0x0000022f63c859c0, 0x0000022f63c887b0, 0x0000022f63c88e40
}

Java Threads: ( => current thread )
  0x0000022f447a1b40 JavaThread "main"                              [_thread_blocked, id=5916, stack(0x000000f38af00000,0x000000f38b000000) (1024K)]
  0x0000022f44843390 JavaThread "Reference Handler"          daemon [_thread_blocked, id=11440, stack(0x000000f38b300000,0x000000f38b400000) (1024K)]
  0x0000022f4474d5d0 JavaThread "Finalizer"                  daemon [_thread_blocked, id=20692, stack(0x000000f38b400000,0x000000f38b500000) (1024K)]
  0x0000022f44844080 JavaThread "Signal Dispatcher"          daemon [_thread_blocked, id=3772, stack(0x000000f38b500000,0x000000f38b600000) (1024K)]
  0x0000022f448458f0 JavaThread "Attach Listener"            daemon [_thread_blocked, id=22780, stack(0x000000f38b600000,0x000000f38b700000) (1024K)]
  0x0000022f44848310 JavaThread "Service Thread"             daemon [_thread_blocked, id=21400, stack(0x000000f38b700000,0x000000f38b800000) (1024K)]
  0x0000022f5c502350 JavaThread "Monitor Deflation Thread"   daemon [_thread_blocked, id=14444, stack(0x000000f38b800000,0x000000f38b900000) (1024K)]
  0x0000022f44858460 JavaThread "C2 CompilerThread0"         daemon [_thread_in_native, id=24288, stack(0x000000f38b900000,0x000000f38ba00000) (1024K)]
  0x0000022f4485e3e0 JavaThread "C1 CompilerThread0"         daemon [_thread_blocked, id=4116, stack(0x000000f38ba00000,0x000000f38bb00000) (1024K)]
  0x0000022f5c757e10 JavaThread "Common-Cleaner"             daemon [_thread_blocked, id=23356, stack(0x000000f38bc00000,0x000000f38bd00000) (1024K)]
  0x0000022f5c85c820 JavaThread "Notification Thread"        daemon [_thread_blocked, id=23884, stack(0x000000f38bd00000,0x000000f38be00000) (1024K)]
  0x0000022f62384210 JavaThread "Active Thread: Equinox Container: dd3df710-c8a0-4158-ab61-f0537942dc04"        [_thread_blocked, id=18752, stack(0x000000f38c500000,0x000000f38c600000) (1024K)]
  0x0000022f620854f0 JavaThread "Framework Event Dispatcher: Equinox Container: dd3df710-c8a0-4158-ab61-f0537942dc04" daemon [_thread_blocked, id=23188, stack(0x000000f38c600000,0x000000f38c700000) (1024K)]
  0x0000022f5da857d0 JavaThread "Start Level: Equinox Container: dd3df710-c8a0-4158-ab61-f0537942dc04" daemon [_thread_blocked, id=12360, stack(0x000000f38c700000,0x000000f38c800000) (1024K)]
  0x0000022f6206e530 JavaThread "SCR Component Actor"        daemon [_thread_blocked, id=22372, stack(0x000000f38c900000,0x000000f38ca00000) (1024K)]
  0x0000022f5da01890 JavaThread "Worker-JM"                         [_thread_blocked, id=24100, stack(0x000000f38ca00000,0x000000f38cb00000) (1024K)]
  0x0000022f625dce80 JavaThread "JNA Cleaner"                daemon [_thread_blocked, id=19044, stack(0x000000f38bb00000,0x000000f38bc00000) (1024K)]
  0x0000022f6226ef10 JavaThread "Worker-0"                          [_thread_blocked, id=3320, stack(0x000000f38be00000,0x000000f38bf00000) (1024K)]
  0x0000022f6230f130 JavaThread "Worker-1"                          [_thread_blocked, id=22160, stack(0x000000f38cd00000,0x000000f38ce00000) (1024K)]
=>0x0000022f624aa160 JavaThread "C2 CompilerThread1"         daemon [_thread_in_native, id=9572, stack(0x000000f38ce00000,0x000000f38cf00000) (1024K)]
  0x0000022f6230f7c0 JavaThread "Thread-1"                   daemon [_thread_in_native, id=21408, stack(0x000000f38cf00000,0x000000f38d000000) (1024K)]
  0x0000022f6230fe50 JavaThread "Thread-2"                   daemon [_thread_in_native, id=19900, stack(0x000000f38d000000,0x000000f38d100000) (1024K)]
  0x0000022f6230dd80 JavaThread "Thread-3"                   daemon [_thread_in_native, id=14968, stack(0x000000f38d100000,0x000000f38d200000) (1024K)]
  0x0000022f6230e410 JavaThread "Thread-4"                   daemon [_thread_in_native, id=19408, stack(0x000000f38d200000,0x000000f38d300000) (1024K)]
  0x0000022f6230eaa0 JavaThread "Thread-5"                   daemon [_thread_in_native, id=20468, stack(0x000000f38d300000,0x000000f38d400000) (1024K)]
  0x0000022f6230d6f0 JavaThread "Thread-6"                   daemon [_thread_in_native, id=6080, stack(0x000000f38d400000,0x000000f38d500000) (1024K)]
  0x0000022f623104e0 JavaThread "Thread-7"                   daemon [_thread_in_native, id=24184, stack(0x000000f38d500000,0x000000f38d600000) (1024K)]
  0x0000022f6230d060 JavaThread "Thread-8"                   daemon [_thread_in_native, id=904, stack(0x000000f38d600000,0x000000f38d700000) (1024K)]
  0x0000022f63c87400 JavaThread "Thread-9"                   daemon [_thread_in_native, id=22888, stack(0x000000f38d700000,0x000000f38d800000) (1024K)]
  0x0000022f63c86d70 JavaThread "Thread-10"                  daemon [_thread_in_native, id=20556, stack(0x000000f38d800000,0x000000f38d900000) (1024K)]
  0x0000022f63c87a90 JavaThread "Thread-11"                  daemon [_thread_in_native, id=19668, stack(0x000000f38d900000,0x000000f38da00000) (1024K)]
  0x0000022f63c894d0 JavaThread "Thread-12"                  daemon [_thread_in_native, id=16592, stack(0x000000f38da00000,0x000000f38db00000) (1024K)]
  0x0000022f63c85330 JavaThread "Thread-13"                  daemon [_thread_in_native, id=8220, stack(0x000000f38db00000,0x000000f38dc00000) (1024K)]
  0x0000022f63c88120 JavaThread "pool-2-thread-1"                   [_thread_blocked, id=20732, stack(0x000000f38dc00000,0x000000f38dd00000) (1024K)]
  0x0000022f63c82bd0 JavaThread "Worker-2"                          [_thread_blocked, id=11320, stack(0x000000f38dd00000,0x000000f38de00000) (1024K)]
  0x0000022f63c82540 JavaThread "WorkspaceEventsHandler"            [_thread_blocked, id=2824, stack(0x000000f38de00000,0x000000f38df00000) (1024K)]
  0x0000022f63c859c0 JavaThread "pool-1-thread-1"                   [_thread_blocked, id=16776, stack(0x000000f38df00000,0x000000f38e000000) (1024K)]
  0x0000022f63c887b0 JavaThread "ForkJoinPool.commonPool-worker-1" daemon [_thread_in_Java, id=16732, stack(0x000000f38e000000,0x000000f38e100000) (1024K)]
  0x0000022f63c88e40 JavaThread "ForkJoinPool.commonPool-worker-2" daemon [_thread_blocked, id=12856, stack(0x000000f38e100000,0x000000f38e200000) (1024K)]
Total: 39

Other Threads:
  0x0000022f4483eb00 VMThread "VM Thread"                           [id=22896, stack(0x000000f38b200000,0x000000f38b300000) (1024K)]
  0x0000022f4462ca00 WatcherThread "VM Periodic Task Thread"        [id=6472, stack(0x000000f38b100000,0x000000f38b200000) (1024K)]
  0x0000022f447c0b70 WorkerThread "GC Thread#0"                     [id=23412, stack(0x000000f38b000000,0x000000f38b100000) (1024K)]
  0x0000022f5dac6200 WorkerThread "GC Thread#1"                     [id=23796, stack(0x000000f38bf00000,0x000000f38c000000) (1024K)]
  0x0000022f5d6d6940 WorkerThread "GC Thread#2"                     [id=19724, stack(0x000000f38c000000,0x000000f38c100000) (1024K)]
  0x0000022f5d6d6cf0 WorkerThread "GC Thread#3"                     [id=19288, stack(0x000000f38c100000,0x000000f38c200000) (1024K)]
  0x0000022f5d6d70a0 WorkerThread "GC Thread#4"                     [id=1332, stack(0x000000f38c200000,0x000000f38c300000) (1024K)]
  0x0000022f5d97cd40 WorkerThread "GC Thread#5"                     [id=4392, stack(0x000000f38c300000,0x000000f38c400000) (1024K)]
  0x0000022f5d97d0f0 WorkerThread "GC Thread#6"                     [id=14784, stack(0x000000f38c400000,0x000000f38c500000) (1024K)]
  0x0000022f621051f0 WorkerThread "GC Thread#7"                     [id=11720, stack(0x000000f38c800000,0x000000f38c900000) (1024K)]
  0x0000022f5da1b900 WorkerThread "GC Thread#8"                     [id=23300, stack(0x000000f38cb00000,0x000000f38cc00000) (1024K)]
  0x0000022f6219a6c0 WorkerThread "GC Thread#9"                     [id=19356, stack(0x000000f38cc00000,0x000000f38cd00000) (1024K)]
Total: 12

Threads with active compile tasks:
C2 CompilerThread0  5277 3712       4       java.lang.invoke.MethodType::makeImpl (109 bytes)
C2 CompilerThread1  5277 3719       4       org.eclipse.osgi.internal.loader.BundleLoader::addExportedProvidersFor (167 bytes)
Total: 2

VM state: not at safepoint (normal execution)

VM Mutex/Monitor currently owned by a thread: None

Heap address: 0x0000000080000000, size: 2048 MB, Compressed Oops mode: 32-bit

CDS archive(s) mapped at: [0x0000022f00000000-0x0000022f00ba0000-0x0000022f00ba0000), size 12189696, SharedBaseAddress: 0x0000022f00000000, ArchiveRelocationMode: 1.
Compressed class space mapped at: 0x0000022f01000000-0x0000022f41000000, reserved size: 1073741824
Narrow klass base: 0x0000022f00000000, Narrow klass shift: 0, Narrow klass range: 0x100000000

GC Precious Log:
 CardTable entry size: 512
 CPUs: 12 total, 12 available
 Memory: 7863M
 Large Page Support: Disabled
 NUMA Support: Disabled
 Compressed Oops: Enabled (32-bit)
 Alignments: Space 512K, Generation 512K, Heap 2M
 Heap Min Capacity: 100M
 Heap Initial Capacity: 100M
 Heap Max Capacity: 2G
 Pre-touch: Disabled
 Parallel Workers: 10

Heap:
 PSYoungGen      total 25088K, used 9908K [0x00000000d5580000, 0x00000000d7400000, 0x0000000100000000)
  eden space 22016K, 32% used [0x00000000d5580000,0x00000000d5c6db00,0x00000000d6b00000)
  from space 3072K, 91% used [0x00000000d7100000,0x00000000d73bf848,0x00000000d7400000)
  to   space 4096K, 0% used [0x00000000d6c00000,0x00000000d6c00000,0x00000000d7000000)
 ParOldGen       total 68608K, used 13292K [0x0000000080000000, 0x0000000084300000, 0x00000000d5580000)
  object space 68608K, 19% used [0x0000000080000000,0x0000000080cfb3f8,0x0000000084300000)
 Metaspace       used 32202K, committed 33152K, reserved 1114112K
  class space    used 3254K, committed 3648K, reserved 1048576K

Card table byte_map: [0x0000022f44140000,0x0000022f44550000] _byte_map_base: 0x0000022f43d40000

Marking Bits: (ParMarkBitMap*) 0x00007ffb4dbe4460
 Begin Bits: [0x0000022f56c50000, 0x0000022f58c50000)
 End Bits:   [0x0000022f58c50000, 0x0000022f5ac50000)

Polling page: 0x0000022f42400000

Metaspace:

Usage:
  Non-class:     28.27 MB used.
      Class:      3.18 MB used.
       Both:     31.45 MB used.

Virtual space:
  Non-class space:       64.00 MB reserved,      28.81 MB ( 45%) committed,  1 nodes.
      Class space:        1.00 GB reserved,       3.56 MB ( <1%) committed,  1 nodes.
             Both:        1.06 GB reserved,      32.38 MB (  3%) committed. 

Chunk freelists:
   Non-Class:  2.81 MB
       Class:  12.40 MB
        Both:  15.21 MB

MaxMetaspaceSize: unlimited
CompressedClassSpaceSize: 1.00 GB
Initial GC threshold: 21.00 MB
Current GC threshold: 35.00 MB
CDS: on
 - commit_granule_bytes: 65536.
 - commit_granule_words: 8192.
 - virtual_space_node_default_size: 8388608.
 - enlarge_chunks_in_place: 1.
 - use_allocation_guard: 0.


Internal statistics:

num_allocs_failed_limit: 3.
num_arena_births: 718.
num_arena_deaths: 14.
num_vsnodes_births: 2.
num_vsnodes_deaths: 0.
num_space_committed: 518.
num_space_uncommitted: 0.
num_chunks_returned_to_freelist: 17.
num_chunks_taken_from_freelist: 2012.
num_chunk_merges: 6.
num_chunk_splits: 1279.
num_chunks_enlarged: 789.
num_inconsistent_stats: 0.

CodeHeap 'non-profiled nmethods': size=120000Kb used=1858Kb max_used=1858Kb free=118141Kb
 bounds [0x0000022f4f470000, 0x0000022f4f6e0000, 0x0000022f569a0000]
CodeHeap 'profiled nmethods': size=120000Kb used=8111Kb max_used=8111Kb free=111888Kb
 bounds [0x0000022f479a0000, 0x0000022f48190000, 0x0000022f4eed0000]
CodeHeap 'non-nmethods': size=5760Kb used=1357Kb max_used=1397Kb free=4403Kb
 bounds [0x0000022f4eed0000, 0x0000022f4f140000, 0x0000022f4f470000]
CodeCache: size=245760Kb, used=11326Kb, max_used=11366Kb, free=234432Kb
 total_blobs=4706, nmethods=4056, adapters=556, full_count=0
Compilation: enabled, stopped_count=0, restarted_count=0

Compilation events (20 events):
Event: 5.227 Thread 0x0000022f4485e3e0 4062       3       java.util.ArrayList$SubList::hashCode (27 bytes)
Event: 5.228 Thread 0x0000022f4485e3e0 nmethod 4062 0x0000022f48184310 code [0x0000022f481844e0, 0x0000022f481847d8]
Event: 5.228 Thread 0x0000022f4485e3e0 4063       3       java.util.ArrayList$SubList::equals (47 bytes)
Event: 5.228 Thread 0x0000022f4485e3e0 nmethod 4063 0x0000022f48184990 code [0x0000022f48184b80, 0x0000022f48185148]
Event: 5.228 Thread 0x0000022f4485e3e0 4064       3       java.util.ArrayList::equals (62 bytes)
Event: 5.229 Thread 0x0000022f4485e3e0 nmethod 4064 0x0000022f48185310 code [0x0000022f48185520, 0x0000022f48185c98]
Event: 5.229 Thread 0x0000022f4485e3e0 4069       3       org.eclipse.jdt.internal.compiler.util.Util::isClassFileName (82 bytes)
Event: 5.229 Thread 0x0000022f4485e3e0 nmethod 4069 0x0000022f48185e90 code [0x0000022f481860e0, 0x0000022f481869a8]
Event: 5.229 Thread 0x0000022f4485e3e0 4065       3       org.eclipse.jdt.internal.compiler.util.JrtFileSystem$2::visitFile (10 bytes)
Event: 5.230 Thread 0x0000022f4485e3e0 nmethod 4065 0x0000022f48186d90 code [0x0000022f48186f40, 0x0000022f481871a0]
Event: 5.230 Thread 0x0000022f4485e3e0 4066       3       org.eclipse.jdt.internal.compiler.util.JrtFileSystem$2::visitFile (72 bytes)
Event: 5.230 Thread 0x0000022f4485e3e0 nmethod 4066 0x0000022f48187290 code [0x0000022f481874c0, 0x0000022f48187c40]
Event: 5.230 Thread 0x0000022f4485e3e0 4067       3       org.eclipse.jdt.internal.core.JrtPackageFragmentRoot$1::visitFile (14 bytes)
Event: 5.230 Thread 0x0000022f4485e3e0 nmethod 4067 0x0000022f48187e90 code [0x0000022f48188060, 0x0000022f481883d0]
Event: 5.230 Thread 0x0000022f4485e3e0 4068       3       org.eclipse.jdt.internal.core.JrtPackageFragmentRoot$1::visitFile (26 bytes)
Event: 5.230 Thread 0x0000022f4485e3e0 nmethod 4068 0x0000022f48188490 code [0x0000022f48188660, 0x0000022f481888a8]
Event: 5.231 Thread 0x0000022f4485e3e0 4070       3       jdk.internal.jrtfs.JrtPath::subpath (129 bytes)
Event: 5.231 Thread 0x0000022f4485e3e0 nmethod 4070 0x0000022f48188990 code [0x0000022f48188ca0, 0x0000022f481899f0]
Event: 5.233 Thread 0x0000022f4485e3e0 4071       3       java.util.ArrayList::hashCode (22 bytes)
Event: 5.234 Thread 0x0000022f4485e3e0 nmethod 4071 0x0000022f4818a010 code [0x0000022f4818a1e0, 0x0000022f4818a4c0]

GC Heap History (20 events):
Event: 1.519 GC heap before
{Heap before GC invocations=2 (full 0):
 PSYoungGen      total 29696K, used 28880K [0x00000000d5580000, 0x00000000d7680000, 0x0000000100000000)
  eden space 25600K, 100% used [0x00000000d5580000,0x00000000d6e80000,0x00000000d6e80000)
  from space 4096K, 80% used [0x00000000d6e80000,0x00000000d71b4148,0x00000000d7280000)
  to   space 4096K, 0% used [0x00000000d7280000,0x00000000d7280000,0x00000000d7680000)
 ParOldGen       total 68608K, used 16K [0x0000000080000000, 0x0000000084300000, 0x00000000d5580000)
  object space 68608K, 0% used [0x0000000080000000,0x0000000080004000,0x0000000084300000)
 Metaspace       used 8206K, committed 8512K, reserved 1114112K
  class space    used 875K, committed 1024K, reserved 1048576K
}
Event: 1.523 GC heap after
{Heap after GC invocations=2 (full 0):
 PSYoungGen      total 29696K, used 4072K [0x00000000d5580000, 0x00000000d7680000, 0x0000000100000000)
  eden space 25600K, 0% used [0x00000000d5580000,0x00000000d5580000,0x00000000d6e80000)
  from space 4096K, 99% used [0x00000000d7280000,0x00000000d767a0c0,0x00000000d7680000)
  to   space 4096K, 0% used [0x00000000d6e80000,0x00000000d6e80000,0x00000000d7280000)
 ParOldGen       total 68608K, used 1101K [0x0000000080000000, 0x0000000084300000, 0x00000000d5580000)
  object space 68608K, 1% used [0x0000000080000000,0x0000000080113448,0x0000000084300000)
 Metaspace       used 8206K, committed 8512K, reserved 1114112K
  class space    used 875K, committed 1024K, reserved 1048576K
}
Event: 2.024 GC heap before
{Heap before GC invocations=3 (full 0):
 PSYoungGen      total 29696K, used 29672K [0x00000000d5580000, 0x00000000d7680000, 0x0000000100000000)
  eden space 25600K, 100% used [0x00000000d5580000,0x00000000d6e80000,0x00000000d6e80000)
  from space 4096K, 99% used [0x00000000d7280000,0x00000000d767a0c0,0x00000000d7680000)
  to   space 4096K, 0% used [0x00000000d6e80000,0x00000000d6e80000,0x00000000d7280000)
 ParOldGen       total 68608K, used 1101K [0x0000000080000000, 0x0000000084300000, 0x00000000d5580000)
  object space 68608K, 1% used [0x0000000080000000,0x0000000080113448,0x0000000084300000)
 Metaspace       used 13032K, committed 13568K, reserved 1114112K
  class space    used 1387K, committed 1664K, reserved 1048576K
}
Event: 2.029 GC heap after
{Heap after GC invocations=3 (full 0):
 PSYoungGen      total 29696K, used 4066K [0x00000000d5580000, 0x00000000d7680000, 0x0000000100000000)
  eden space 25600K, 0% used [0x00000000d5580000,0x00000000d5580000,0x00000000d6e80000)
  from space 4096K, 99% used [0x00000000d6e80000,0x00000000d7278bc8,0x00000000d7280000)
  to   space 4096K, 0% used [0x00000000d7280000,0x00000000d7280000,0x00000000d7680000)
 ParOldGen       total 68608K, used 2772K [0x0000000080000000, 0x0000000084300000, 0x00000000d5580000)
  object space 68608K, 4% used [0x0000000080000000,0x00000000802b51f8,0x0000000084300000)
 Metaspace       used 13032K, committed 13568K, reserved 1114112K
  class space    used 1387K, committed 1664K, reserved 1048576K
}
Event: 3.406 GC heap before
{Heap before GC invocations=4 (full 0):
 PSYoungGen      total 29696K, used 29666K [0x00000000d5580000, 0x00000000d7680000, 0x0000000100000000)
  eden space 25600K, 100% used [0x00000000d5580000,0x00000000d6e80000,0x00000000d6e80000)
  from space 4096K, 99% used [0x00000000d6e80000,0x00000000d7278bc8,0x00000000d7280000)
  to   space 4096K, 0% used [0x00000000d7280000,0x00000000d7280000,0x00000000d7680000)
 ParOldGen       total 68608K, used 2772K [0x0000000080000000, 0x0000000084300000, 0x00000000d5580000)
  object space 68608K, 4% used [0x0000000080000000,0x00000000802b51f8,0x0000000084300000)
 Metaspace       used 17111K, committed 17792K, reserved 1114112K
  class space    used 1814K, committed 2112K, reserved 1048576K
}
Event: 3.411 GC heap after
{Heap after GC invocations=4 (full 0):
 PSYoungGen      total 29696K, used 4091K [0x00000000d5580000, 0x00000000d7680000, 0x0000000100000000)
  eden space 25600K, 0% used [0x00000000d5580000,0x00000000d5580000,0x00000000d6e80000)
  from space 4096K, 99% used [0x00000000d7280000,0x00000000d767eea8,0x00000000d7680000)
  to   space 4096K, 0% used [0x00000000d6e80000,0x00000000d6e80000,0x00000000d7280000)
 ParOldGen       total 68608K, used 4497K [0x0000000080000000, 0x0000000084300000, 0x00000000d5580000)
  object space 68608K, 6% used [0x0000000080000000,0x0000000080464528,0x0000000084300000)
 Metaspace       used 17111K, committed 17792K, reserved 1114112K
  class space    used 1814K, committed 2112K, reserved 1048576K
}
Event: 3.718 GC heap before
{Heap before GC invocations=5 (full 0):
 PSYoungGen      total 29696K, used 29691K [0x00000000d5580000, 0x00000000d7680000, 0x0000000100000000)
  eden space 25600K, 100% used [0x00000000d5580000,0x00000000d6e80000,0x00000000d6e80000)
  from space 4096K, 99% used [0x00000000d7280000,0x00000000d767eea8,0x00000000d7680000)
  to   space 4096K, 0% used [0x00000000d6e80000,0x00000000d6e80000,0x00000000d7280000)
 ParOldGen       total 68608K, used 4497K [0x0000000080000000, 0x0000000084300000, 0x00000000d5580000)
  object space 68608K, 6% used [0x0000000080000000,0x0000000080464528,0x0000000084300000)
 Metaspace       used 20417K, committed 21120K, reserved 1114112K
  class space    used 2039K, committed 2368K, reserved 1048576K
}
Event: 3.721 GC heap after
{Heap after GC invocations=5 (full 0):
 PSYoungGen      total 29184K, used 4081K [0x00000000d5580000, 0x00000000d7800000, 0x0000000100000000)
  eden space 25088K, 0% used [0x00000000d5580000,0x00000000d5580000,0x00000000d6e00000)
  from space 4096K, 99% used [0x00000000d6e80000,0x00000000d727c688,0x00000000d7280000)
  to   space 5120K, 0% used [0x00000000d7300000,0x00000000d7300000,0x00000000d7800000)
 ParOldGen       total 68608K, used 4696K [0x0000000080000000, 0x0000000084300000, 0x00000000d5580000)
  object space 68608K, 6% used [0x0000000080000000,0x0000000080496260,0x0000000084300000)
 Metaspace       used 20417K, committed 21120K, reserved 1114112K
  class space    used 2039K, committed 2368K, reserved 1048576K
}
Event: 3.756 GC heap before
{Heap before GC invocations=6 (full 0):
 PSYoungGen      total 29184K, used 10709K [0x00000000d5580000, 0x00000000d7800000, 0x0000000100000000)
  eden space 25088K, 26% used [0x00000000d5580000,0x00000000d5bf8fb8,0x00000000d6e00000)
  from space 4096K, 99% used [0x00000000d6e80000,0x00000000d727c688,0x00000000d7280000)
  to   space 5120K, 0% used [0x00000000d7300000,0x00000000d7300000,0x00000000d7800000)
 ParOldGen       total 68608K, used 4696K [0x0000000080000000, 0x0000000084300000, 0x00000000d5580000)
  object space 68608K, 6% used [0x0000000080000000,0x0000000080496260,0x0000000084300000)
 Metaspace       used 20853K, committed 21504K, reserved 1114112K
  class space    used 2083K, committed 2368K, reserved 1048576K
}
Event: 3.759 GC heap after
{Heap after GC invocations=6 (full 0):
 PSYoungGen      total 30208K, used 4814K [0x00000000d5580000, 0x00000000d7800000, 0x0000000100000000)
  eden space 25088K, 0% used [0x00000000d5580000,0x00000000d5580000,0x00000000d6e00000)
  from space 5120K, 94% used [0x00000000d7300000,0x00000000d77b3a98,0x00000000d7800000)
  to   space 5120K, 0% used [0x00000000d6e00000,0x00000000d6e00000,0x00000000d7300000)
 ParOldGen       total 68608K, used 5012K [0x0000000080000000, 0x0000000084300000, 0x00000000d5580000)
  object space 68608K, 7% used [0x0000000080000000,0x00000000804e5338,0x0000000084300000)
 Metaspace       used 20853K, committed 21504K, reserved 1114112K
  class space    used 2083K, committed 2368K, reserved 1048576K
}
Event: 3.759 GC heap before
{Heap before GC invocations=7 (full 1):
 PSYoungGen      total 30208K, used 4814K [0x00000000d5580000, 0x00000000d7800000, 0x0000000100000000)
  eden space 25088K, 0% used [0x00000000d5580000,0x00000000d5580000,0x00000000d6e00000)
  from space 5120K, 94% used [0x00000000d7300000,0x00000000d77b3a98,0x00000000d7800000)
  to   space 5120K, 0% used [0x00000000d6e00000,0x00000000d6e00000,0x00000000d7300000)
 ParOldGen       total 68608K, used 5012K [0x0000000080000000, 0x0000000084300000, 0x00000000d5580000)
  object space 68608K, 7% used [0x0000000080000000,0x00000000804e5338,0x0000000084300000)
 Metaspace       used 20853K, committed 21504K, reserved 1114112K
  class space    used 2083K, committed 2368K, reserved 1048576K
}
Event: 3.779 GC heap after
{Heap after GC invocations=7 (full 1):
 PSYoungGen      total 30208K, used 0K [0x00000000d5580000, 0x00000000d7800000, 0x0000000100000000)
  eden space 25088K, 0% used [0x00000000d5580000,0x00000000d5580000,0x00000000d6e00000)
  from space 5120K, 0% used [0x00000000d7300000,0x00000000d7300000,0x00000000d7800000)
  to   space 5120K, 0% used [0x00000000d6e00000,0x00000000d6e00000,0x00000000d7300000)
 ParOldGen       total 68608K, used 8862K [0x0000000080000000, 0x0000000084300000, 0x00000000d5580000)
  object space 68608K, 12% used [0x0000000080000000,0x00000000808a7a68,0x0000000084300000)
 Metaspace       used 20841K, committed 21504K, reserved 1114112K
  class space    used 2079K, committed 2368K, reserved 1048576K
}
Event: 4.048 GC heap before
{Heap before GC invocations=8 (full 1):
 PSYoungGen      total 30208K, used 24968K [0x00000000d5580000, 0x00000000d7800000, 0x0000000100000000)
  eden space 25088K, 99% used [0x00000000d5580000,0x00000000d6de2188,0x00000000d6e00000)
  from space 5120K, 0% used [0x00000000d7300000,0x00000000d7300000,0x00000000d7800000)
  to   space 5120K, 0% used [0x00000000d6e00000,0x00000000d6e00000,0x00000000d7300000)
 ParOldGen       total 68608K, used 8862K [0x0000000080000000, 0x0000000084300000, 0x00000000d5580000)
  object space 68608K, 12% used [0x0000000080000000,0x00000000808a7a68,0x0000000084300000)
 Metaspace       used 23188K, committed 23872K, reserved 1114112K
  class space    used 2260K, committed 2560K, reserved 1048576K
}
Event: 4.050 GC heap after
{Heap after GC invocations=8 (full 1):
 PSYoungGen      total 27136K, used 2344K [0x00000000d5580000, 0x00000000d7480000, 0x0000000100000000)
  eden space 24576K, 0% used [0x00000000d5580000,0x00000000d5580000,0x00000000d6d80000)
  from space 2560K, 91% used [0x00000000d6e00000,0x00000000d704a2b0,0x00000000d7080000)
  to   space 3584K, 0% used [0x00000000d7100000,0x00000000d7100000,0x00000000d7480000)
 ParOldGen       total 68608K, used 8870K [0x0000000080000000, 0x0000000084300000, 0x00000000d5580000)
  object space 68608K, 12% used [0x0000000080000000,0x00000000808a9a68,0x0000000084300000)
 Metaspace       used 23188K, committed 23872K, reserved 1114112K
  class space    used 2260K, committed 2560K, reserved 1048576K
}
Event: 4.477 GC heap before
{Heap before GC invocations=9 (full 1):
 PSYoungGen      total 27136K, used 26920K [0x00000000d5580000, 0x00000000d7480000, 0x0000000100000000)
  eden space 24576K, 100% used [0x00000000d5580000,0x00000000d6d80000,0x00000000d6d80000)
  from space 2560K, 91% used [0x00000000d6e00000,0x00000000d704a2b0,0x00000000d7080000)
  to   space 3584K, 0% used [0x00000000d7100000,0x00000000d7100000,0x00000000d7480000)
 ParOldGen       total 68608K, used 8870K [0x0000000080000000, 0x0000000084300000, 0x00000000d5580000)
  object space 68608K, 12% used [0x0000000080000000,0x00000000808a9a68,0x0000000084300000)
 Metaspace       used 26774K, committed 27648K, reserved 1114112K
  class space    used 2653K, committed 3008K, reserved 1048576K
}
Event: 4.480 GC heap after
{Heap after GC invocations=9 (full 1):
 PSYoungGen      total 26624K, used 3578K [0x00000000d5580000, 0x00000000d7700000, 0x0000000100000000)
  eden space 23040K, 0% used [0x00000000d5580000,0x00000000d5580000,0x00000000d6c00000)
  from space 3584K, 99% used [0x00000000d7100000,0x00000000d747e948,0x00000000d7480000)
  to   space 5120K, 0% used [0x00000000d6c00000,0x00000000d6c00000,0x00000000d7100000)
 ParOldGen       total 68608K, used 9739K [0x0000000080000000, 0x0000000084300000, 0x00000000d5580000)
  object space 68608K, 14% used [0x0000000080000000,0x0000000080982d10,0x0000000084300000)
 Metaspace       used 26774K, committed 27648K, reserved 1114112K
  class space    used 2653K, committed 3008K, reserved 1048576K
}
Event: 4.812 GC heap before
{Heap before GC invocations=10 (full 1):
 PSYoungGen      total 26624K, used 26618K [0x00000000d5580000, 0x00000000d7700000, 0x0000000100000000)
  eden space 23040K, 100% used [0x00000000d5580000,0x00000000d6c00000,0x00000000d6c00000)
  from space 3584K, 99% used [0x00000000d7100000,0x00000000d747e948,0x00000000d7480000)
  to   space 5120K, 0% used [0x00000000d6c00000,0x00000000d6c00000,0x00000000d7100000)
 ParOldGen       total 68608K, used 9739K [0x0000000080000000, 0x0000000084300000, 0x00000000d5580000)
  object space 68608K, 14% used [0x0000000080000000,0x0000000080982d10,0x0000000084300000)
 Metaspace       used 30027K, committed 30912K, reserved 1114112K
  class space    used 3016K, committed 3328K, reserved 1048576K
}
Event: 4.815 GC heap after
{Heap after GC invocations=10 (full 1):
 PSYoungGen      total 27648K, used 5024K [0x00000000d5580000, 0x00000000d7680000, 0x0000000100000000)
  eden space 22528K, 0% used [0x00000000d5580000,0x00000000d5580000,0x00000000d6b80000)
  from space 5120K, 98% used [0x00000000d6c00000,0x00000000d70e8398,0x00000000d7100000)
  to   space 5632K, 0% used [0x00000000d7100000,0x00000000d7100000,0x00000000d7680000)
 ParOldGen       total 68608K, used 9747K [0x0000000080000000, 0x0000000084300000, 0x00000000d5580000)
  object space 68608K, 14% used [0x0000000080000000,0x0000000080984d10,0x0000000084300000)
 Metaspace       used 30027K, committed 30912K, reserved 1114112K
  class space    used 3016K, committed 3328K, reserved 1048576K
}
Event: 5.235 GC heap before
{Heap before GC invocations=11 (full 1):
 PSYoungGen      total 27648K, used 27552K [0x00000000d5580000, 0x00000000d7680000, 0x0000000100000000)
  eden space 22528K, 100% used [0x00000000d5580000,0x00000000d6b80000,0x00000000d6b80000)
  from space 5120K, 98% used [0x00000000d6c00000,0x00000000d70e8398,0x00000000d7100000)
  to   space 5632K, 0% used [0x00000000d7100000,0x00000000d7100000,0x00000000d7680000)
 ParOldGen       total 68608K, used 9747K [0x0000000080000000, 0x0000000084300000, 0x00000000d5580000)
  object space 68608K, 14% used [0x0000000080000000,0x0000000080984d10,0x0000000084300000)
 Metaspace       used 32199K, committed 33152K, reserved 1114112K
  class space    used 3254K, committed 3648K, reserved 1048576K
}
Event: 5.239 GC heap after
{Heap after GC invocations=11 (full 1):
 PSYoungGen      total 25088K, used 2814K [0x00000000d5580000, 0x00000000d7400000, 0x0000000100000000)
  eden space 22016K, 0% used [0x00000000d5580000,0x00000000d5580000,0x00000000d6b00000)
  from space 3072K, 91% used [0x00000000d7100000,0x00000000d73bf848,0x00000000d7400000)
  to   space 4096K, 0% used [0x00000000d6c00000,0x00000000d6c00000,0x00000000d7000000)
 ParOldGen       total 68608K, used 13292K [0x0000000080000000, 0x0000000084300000, 0x00000000d5580000)
  object space 68608K, 19% used [0x0000000080000000,0x0000000080cfb3f8,0x0000000084300000)
 Metaspace       used 32199K, committed 33152K, reserved 1114112K
  class space    used 3254K, committed 3648K, reserved 1048576K
}

Dll operation events (10 events):
Event: 0.013 Loaded shared library c:\Users\boini\.vscode\extensions\redhat.java-1.55.0-win32-x64\jre\21.0.11-win32-x86_64\bin\java.dll
Event: 0.066 Loaded shared library c:\Users\boini\.vscode\extensions\redhat.java-1.55.0-win32-x64\jre\21.0.11-win32-x86_64\bin\zip.dll
Event: 0.090 Loaded shared library C:\Users\boini\.vscode\extensions\redhat.java-1.55.0-win32-x64\jre\21.0.11-win32-x86_64\bin\instrument.dll
Event: 0.094 Loaded shared library C:\Users\boini\.vscode\extensions\redhat.java-1.55.0-win32-x64\jre\21.0.11-win32-x86_64\bin\net.dll
Event: 0.096 Loaded shared library C:\Users\boini\.vscode\extensions\redhat.java-1.55.0-win32-x64\jre\21.0.11-win32-x86_64\bin\nio.dll
Event: 0.098 Loaded shared library C:\Users\boini\.vscode\extensions\redhat.java-1.55.0-win32-x64\jre\21.0.11-win32-x86_64\bin\zip.dll
Event: 0.116 Loaded shared library C:\Users\boini\.vscode\extensions\redhat.java-1.55.0-win32-x64\jre\21.0.11-win32-x86_64\bin\jimage.dll
Event: 0.196 Loaded shared library c:\Users\boini\.vscode\extensions\redhat.java-1.55.0-win32-x64\jre\21.0.11-win32-x86_64\bin\verify.dll
Event: 1.492 Loaded shared library C:\Users\boini\AppData\Roaming\Code\User\globalStorage\redhat.java\1.55.0\config_ss_win\org.eclipse.equinox.launcher\org.eclipse.equinox.launcher.win32.win32.x86_64_1.3.100.v20260613-0559\eclipse_11924.dll
Event: 3.220 Loaded shared library C:\Users\boini\AppData\Local\Temp\jna-93916279\jna11990484848930202552.dll

Deoptimization events (20 events):
Event: 4.942 Thread 0x0000022f63c88e40 Uncommon trap: trap_request=0xffffff45 fr.pc=0x0000022f4f5f6838 relative=0x0000000000000698
Event: 4.942 Thread 0x0000022f63c88e40 Uncommon trap: reason=unstable_if action=reinterpret pc=0x0000022f4f5f6838 method=java.util.concurrent.locks.ReentrantReadWriteLock$Sync.tryAcquireShared(I)I @ 55 c2
Event: 4.942 Thread 0x0000022f63c88e40 DEOPT PACKING pc=0x0000022f4f5f6838 sp=0x000000f38e1fdbe0
Event: 4.942 Thread 0x0000022f63c88e40 DEOPT UNPACKING pc=0x0000022f4ef23aa2 sp=0x000000f38e1fd9e0 mode 2
Event: 5.043 Thread 0x0000022f63c887b0 Uncommon trap: trap_request=0xfffffff4 fr.pc=0x0000022f4f5f8ffc relative=0x000000000000033c
Event: 5.043 Thread 0x0000022f63c887b0 Uncommon trap: reason=null_check action=make_not_entrant pc=0x0000022f4f5f8ffc method=sun.invoke.util.VerifyType.isNullConversion(Ljava/lang/Class;Ljava/lang/Class;Z)Z @ 67 c2
Event: 5.043 Thread 0x0000022f63c887b0 DEOPT PACKING pc=0x0000022f4f5f8ffc sp=0x000000f38e0fcbf0
Event: 5.043 Thread 0x0000022f63c887b0 DEOPT UNPACKING pc=0x0000022f4ef23aa2 sp=0x000000f38e0fcb70 mode 2
Event: 5.048 Thread 0x0000022f63c887b0 Uncommon trap: trap_request=0xffffff45 fr.pc=0x0000022f4f60ad20 relative=0x0000000000000320
Event: 5.048 Thread 0x0000022f63c887b0 Uncommon trap: reason=unstable_if action=reinterpret pc=0x0000022f4f60ad20 method=java.lang.invoke.MethodType.genericMethodType(IZ)Ljava/lang/invoke/MethodType; @ 27 c2
Event: 5.048 Thread 0x0000022f63c887b0 DEOPT PACKING pc=0x0000022f4f60ad20 sp=0x000000f38e0fbf40
Event: 5.048 Thread 0x0000022f63c887b0 DEOPT UNPACKING pc=0x0000022f4ef23aa2 sp=0x000000f38e0fbe38 mode 2
Event: 5.201 Thread 0x0000022f63c859c0 Uncommon trap: trap_request=0xffffff45 fr.pc=0x0000022f4f628db4 relative=0x00000000000000f4
Event: 5.201 Thread 0x0000022f63c859c0 Uncommon trap: reason=unstable_if action=reinterpret pc=0x0000022f4f628db4 method=java.lang.invoke.LambdaForm$BasicType.basicType(C)Ljava/lang/invoke/LambdaForm$BasicType; @ 1 c2
Event: 5.201 Thread 0x0000022f63c859c0 DEOPT PACKING pc=0x0000022f4f628db4 sp=0x000000f38dffbae0
Event: 5.201 Thread 0x0000022f63c859c0 DEOPT UNPACKING pc=0x0000022f4ef23aa2 sp=0x000000f38dffba10 mode 2
Event: 5.201 Thread 0x0000022f63c859c0 Uncommon trap: trap_request=0xffffff45 fr.pc=0x0000022f4f61e6fc relative=0x00000000000000dc
Event: 5.201 Thread 0x0000022f63c859c0 Uncommon trap: reason=unstable_if action=reinterpret pc=0x0000022f4f61e6fc method=java.lang.invoke.LambdaForm$BasicType.basicType(C)Ljava/lang/invoke/LambdaForm$BasicType; @ 1 c2
Event: 5.202 Thread 0x0000022f63c859c0 DEOPT PACKING pc=0x0000022f4f61e6fc sp=0x000000f38dffba70
Event: 5.202 Thread 0x0000022f63c859c0 DEOPT UNPACKING pc=0x0000022f4ef23aa2 sp=0x000000f38dffba10 mode 2

Classes loaded (20 events):
Event: 5.119 Loading class java/nio/file/FileTreeWalker$Event
Event: 5.119 Loading class java/nio/file/FileTreeWalker$Event done
Event: 5.119 Loading class java/nio/file/FileTreeWalker$EventType
Event: 5.119 Loading class java/nio/file/FileTreeWalker$EventType done
Event: 5.120 Loading class java/nio/file/Files$3
Event: 5.120 Loading class java/nio/file/Files$3 done
Event: 5.120 Loading class java/nio/file/FileVisitResult
Event: 5.120 Loading class java/nio/file/FileVisitResult done
Event: 5.188 Loading class java/lang/runtime/ObjectMethods
Event: 5.189 Loading class java/lang/runtime/ObjectMethods done
Event: 5.192 Loading class java/lang/invoke/MethodHandleImpl$Makers
Event: 5.192 Loading class java/lang/invoke/MethodHandleImpl$Makers done
Event: 5.192 Loading class java/lang/invoke/MethodHandleImpl$Makers$1
Event: 5.192 Loading class java/lang/invoke/MethodHandleImpl$Makers$1 done
Event: 5.192 Loading class java/lang/invoke/MethodHandleImpl$Makers$2
Event: 5.192 Loading class java/lang/invoke/MethodHandleImpl$Makers$2 done
Event: 5.192 Loading class java/lang/invoke/MethodHandleImpl$Makers$3
Event: 5.192 Loading class java/lang/invoke/MethodHandleImpl$Makers$3 done
Event: 5.198 Loading class java/lang/runtime/ObjectMethods$1
Event: 5.198 Loading class java/lang/runtime/ObjectMethods$1 done

Classes unloaded (7 events):
Event: 3.764 Thread 0x0000022f4483eb00 Unloading class 0x0000022f01191400 'java/lang/invoke/LambdaForm$MH+0x0000022f01191400'
Event: 3.764 Thread 0x0000022f4483eb00 Unloading class 0x0000022f01191000 'java/lang/invoke/LambdaForm$MH+0x0000022f01191000'
Event: 3.764 Thread 0x0000022f4483eb00 Unloading class 0x0000022f01190c00 'java/lang/invoke/LambdaForm$MH+0x0000022f01190c00'
Event: 3.764 Thread 0x0000022f4483eb00 Unloading class 0x0000022f01190800 'java/lang/invoke/LambdaForm$MH+0x0000022f01190800'
Event: 3.764 Thread 0x0000022f4483eb00 Unloading class 0x0000022f01190400 'java/lang/invoke/LambdaForm$BMH+0x0000022f01190400'
Event: 3.764 Thread 0x0000022f4483eb00 Unloading class 0x0000022f01190000 'java/lang/invoke/LambdaForm$DMH+0x0000022f01190000'
Event: 3.764 Thread 0x0000022f4483eb00 Unloading class 0x0000022f0118ec00 'java/lang/invoke/LambdaForm$DMH+0x0000022f0118ec00'

Classes redefined (0 events):
No events

Internal exceptions (20 events):
Event: 5.043 Thread 0x0000022f63c887b0 Implicit null exception at 0x0000022f4f5f8d77 to 0x0000022f4f5f8fe8
Event: 5.043 Thread 0x0000022f63c887b0 Exception <a 'java/lang/NoSuchMethodError'{0x00000000d6185ae8}: 'long java.lang.invoke.DirectMethodHandle$Holder.invokeStatic(java.lang.Object, java.lang.Object, int)'> (0x00000000d6185ae8) 
thrown [s\src\hotspot\share\interpreter\linkResolver.cpp, line 773]
Event: 5.045 Thread 0x0000022f63c887b0 Exception <a 'java/lang/NoSuchMethodError'{0x00000000d6190368}: 'java.lang.Object java.lang.invoke.DelegatingMethodHandle$Holder.reinvoke_L(java.lang.Object, int, long, java.lang.Object, java.lang.Object, int, java.lang.Object)'> (0x00000000d6190368) 
thrown [s\src\hotspot\share\interpreter\linkResolver.cpp, line 773]
Event: 5.189 Thread 0x0000022f63c887b0 Exception <a 'java/lang/NoSuchMethodError'{0x00000000d6787440}: 'java.lang.Object java.lang.invoke.DirectMethodHandle$Holder.invokeStaticInit(java.lang.Object, java.lang.Object, java.lang.Object, java.lang.Object, java.lang.Object, java.lang.Object, java.lang.Object)'> (0x00000000d6787440) 
thrown [s\src\hotspot\share\interpreter\linkResolver.cpp, line 773]
Event: 5.189 Thread 0x0000022f63c88e40 Exception <a 'java/lang/NoSuchMethodError'{0x00000000d6787fc0}: 'java.lang.Object java.lang.invoke.DirectMethodHandle$Holder.invokeStaticInit(java.lang.Object, java.lang.Object, java.lang.Object, java.lang.Object, java.lang.Object, java.lang.Object, java.lang.Object)'> (0x00000000d6787fc0) 
thrown [s\src\hotspot\share\interpreter\linkResolver.cpp, line 773]
Event: 5.189 Thread 0x0000022f63c859c0 Exception <a 'java/lang/NoSuchMethodError'{0x00000000d676eed0}: 'java.lang.Object java.lang.invoke.DirectMethodHandle$Holder.invokeStaticInit(java.lang.Object, java.lang.Object, java.lang.Object, java.lang.Object, java.lang.Object, java.lang.Object, java.lang.Object)'> (0x00000000d676eed0) 
thrown [s\src\hotspot\share\interpreter\linkResolver.cpp, line 773]
Event: 5.191 Thread 0x0000022f63c859c0 Exception <a 'java/lang/NoSuchMethodError'{0x00000000d67a0b38}: 'java.lang.Object java.lang.invoke.Invokers$Holder.invoke_MT(java.lang.Object, java.lang.Object, java.lang.Object, java.lang.Object, java.lang.Object, java.lang.Object, java.lang.Object, java.lang.Object, java.lang.Object, java.lang.Object)'> (0x00000000d67a0b38) 
thrown [s\src\hotspot\share\interpreter\linkResolver.cpp, line 773]
Event: 5.191 Thread 0x0000022f63c887b0 Exception <a 'java/lang/NoSuchMethodError'{0x00000000d6797430}: 'java.lang.Object java.lang.invoke.Invokers$Holder.invoke_MT(java.lang.Object, java.lang.Object, java.lang.Object, java.lang.Object, java.lang.Object, java.lang.Object, java.lang.Object, java.lang.Object, java.lang.Object, java.lang.Object)'> (0x00000000d6797430) 
thrown [s\src\hotspot\share\interpreter\linkResolver.cpp, line 773]
Event: 5.191 Thread 0x0000022f63c88e40 Exception <a 'java/lang/NoSuchMethodError'{0x00000000d678cae8}: 'java.lang.Object java.lang.invoke.Invokers$Holder.invoke_MT(java.lang.Object, java.lang.Object, java.lang.Object, java.lang.Object, java.lang.Object, java.lang.Object, java.lang.Object, java.lang.Object, java.lang.Object, java.lang.Object)'> (0x00000000d678cae8) 
thrown [s\src\hotspot\share\interpreter\linkResolver.cpp, line 773]
Event: 5.199 Thread 0x0000022f63c859c0 Exception <a 'java/lang/NoSuchMethodError'{0x00000000d681fe10}: 'int java.lang.invoke.DirectMethodHandle$Holder.invokeVirtual(java.lang.Object, java.lang.Object, java.lang.Object)'> (0x00000000d681fe10) 
thrown [s\src\hotspot\share\interpreter\linkResolver.cpp, line 773]
Event: 5.200 Thread 0x0000022f63c859c0 Exception <a 'java/lang/NoSuchMethodError'{0x00000000d68240b8}: 'int java.lang.invoke.DirectMethodHandle$Holder.invokeStaticInit(java.lang.Object, int, int)'> (0x00000000d68240b8) 
thrown [s\src\hotspot\share\interpreter\linkResolver.cpp, line 773]
Event: 5.201 Thread 0x0000022f63c859c0 Exception <a 'java/lang/NoSuchMethodError'{0x00000000d682b750}: 'int java.lang.invoke.DirectMethodHandle$Holder.invokeStaticInit(java.lang.Object, long, long)'> (0x00000000d682b750) 
thrown [s\src\hotspot\share\interpreter\linkResolver.cpp, line 773]
Event: 5.202 Thread 0x0000022f63c859c0 Exception <a 'java/lang/NoSuchMethodError'{0x00000000d6832650}: 'int java.lang.invoke.DirectMethodHandle$Holder.invokeStaticInit(java.lang.Object, float, float)'> (0x00000000d6832650) 
thrown [s\src\hotspot\share\interpreter\linkResolver.cpp, line 773]
Event: 5.203 Thread 0x0000022f63c859c0 Exception <a 'java/lang/NoSuchMethodError'{0x00000000d68392f0}: 'int java.lang.invoke.DirectMethodHandle$Holder.invokeStaticInit(java.lang.Object, double, double)'> (0x00000000d68392f0) 
thrown [s\src\hotspot\share\interpreter\linkResolver.cpp, line 773]
Event: 5.204 Thread 0x0000022f63c859c0 Exception <a 'java/lang/NoSuchMethodError'{0x00000000d683da18}: 'int java.lang.invoke.DirectMethodHandle$Holder.invokeStatic(java.lang.Object, long)'> (0x00000000d683da18) 
thrown [s\src\hotspot\share\interpreter\linkResolver.cpp, line 773]
Event: 5.207 Thread 0x0000022f63c887b0 Exception <a 'java/lang/NoSuchMethodError'{0x00000000d680cf30}: 'int java.lang.invoke.DirectMethodHandle$Holder.invokeSpecial(java.lang.Object, java.lang.Object, int, int)'> (0x00000000d680cf30) 
thrown [s\src\hotspot\share\interpreter\linkResolver.cpp, line 773]
Event: 5.207 Thread 0x0000022f63c88e40 Exception <a 'java/lang/NoSuchMethodError'{0x00000000d6812e28}: 'int java.lang.invoke.DirectMethodHandle$Holder.invokeSpecial(java.lang.Object, java.lang.Object, int, int)'> (0x00000000d6812e28) 
thrown [s\src\hotspot\share\interpreter\linkResolver.cpp, line 773]
Event: 5.209 Thread 0x0000022f63c887b0 Exception <a 'java/lang/NoSuchMethodError'{0x00000000d68734d8}: 'int java.lang.invoke.Invokers$Holder.linkToTargetMethod(java.lang.Object, java.lang.Object)'> (0x00000000d68734d8) 
thrown [s\src\hotspot\share\interpreter\linkResolver.cpp, line 773]
Event: 5.209 Thread 0x0000022f63c88e40 Exception <a 'java/lang/NoSuchMethodError'{0x00000000d686d998}: 'int java.lang.invoke.Invokers$Holder.linkToTargetMethod(java.lang.Object, java.lang.Object)'> (0x00000000d686d998) 
thrown [s\src\hotspot\share\interpreter\linkResolver.cpp, line 773]
Event: 5.210 Thread 0x0000022f63c859c0 Exception <a 'java/lang/NoSuchMethodError'{0x00000000d685b868}: 'int java.lang.invoke.Invokers$Holder.linkToTargetMethod(java.lang.Object, java.lang.Object)'> (0x00000000d685b868) 
thrown [s\src\hotspot\share\interpreter\linkResolver.cpp, line 773]

ZGC Phase Switch (0 events):
No events

VM Operations (20 events):
Event: 4.145 Executing non-safepoint VM operation: HandshakeAllThreads (Deoptimize)
Event: 4.145 Executing non-safepoint VM operation: HandshakeAllThreads (Deoptimize) done
Event: 4.248 Executing non-safepoint VM operation: HandshakeAllThreads (Deoptimize)
Event: 4.248 Executing non-safepoint VM operation: HandshakeAllThreads (Deoptimize) done
Event: 4.477 Executing safepoint VM operation: ParallelGCFailedAllocation (Allocation Failure)
Event: 4.480 Executing safepoint VM operation: ParallelGCFailedAllocation (Allocation Failure) done
Event: 4.795 Executing non-safepoint VM operation: HandshakeAllThreads (Deoptimize)
Event: 4.795 Executing non-safepoint VM operation: HandshakeAllThreads (Deoptimize) done
Event: 4.812 Executing safepoint VM operation: ParallelGCFailedAllocation (Allocation Failure)
Event: 4.815 Executing safepoint VM operation: ParallelGCFailedAllocation (Allocation Failure) done
Event: 5.008 Executing non-safepoint VM operation: HandshakeAllThreads (Deoptimize)
Event: 5.009 Executing non-safepoint VM operation: HandshakeAllThreads (Deoptimize) done
Event: 5.027 Executing non-safepoint VM operation: HandshakeAllThreads (Deoptimize)
Event: 5.027 Executing non-safepoint VM operation: HandshakeAllThreads (Deoptimize) done
Event: 5.068 Executing non-safepoint VM operation: HandshakeAllThreads (Deoptimize)
Event: 5.069 Executing non-safepoint VM operation: HandshakeAllThreads (Deoptimize) done
Event: 5.069 Executing non-safepoint VM operation: HandshakeAllThreads (Deoptimize)
Event: 5.069 Executing non-safepoint VM operation: HandshakeAllThreads (Deoptimize) done
Event: 5.234 Executing safepoint VM operation: ParallelGCFailedAllocation (Allocation Failure)
Event: 5.239 Executing safepoint VM operation: ParallelGCFailedAllocation (Allocation Failure) done

Memory protections (0 events):
No events

Nmethod flushes (0 events):
No events

Events (20 events):
Event: 4.130 Thread 0x0000022f6230f7c0 Thread exited: 0x0000022f6230f7c0
Event: 4.396 Thread 0x0000022f447a1b40 Thread added: 0x0000022f6230f7c0
Event: 4.397 Thread 0x0000022f447a1b40 Thread added: 0x0000022f6230fe50
Event: 4.398 Thread 0x0000022f447a1b40 Thread added: 0x0000022f6230dd80
Event: 4.398 Thread 0x0000022f447a1b40 Thread added: 0x0000022f6230e410
Event: 4.399 Thread 0x0000022f447a1b40 Thread added: 0x0000022f6230eaa0
Event: 4.399 Thread 0x0000022f447a1b40 Thread added: 0x0000022f6230d6f0
Event: 4.399 Thread 0x0000022f447a1b40 Thread added: 0x0000022f623104e0
Event: 4.399 Thread 0x0000022f447a1b40 Thread added: 0x0000022f6230d060
Event: 4.399 Thread 0x0000022f447a1b40 Thread added: 0x0000022f63c87400
Event: 4.399 Thread 0x0000022f447a1b40 Thread added: 0x0000022f63c86d70
Event: 4.400 Thread 0x0000022f447a1b40 Thread added: 0x0000022f63c87a90
Event: 4.400 Thread 0x0000022f447a1b40 Thread added: 0x0000022f63c894d0
Event: 4.400 Thread 0x0000022f447a1b40 Thread added: 0x0000022f63c85330
Event: 4.426 Thread 0x0000022f447a1b40 Thread added: 0x0000022f63c88120
Event: 4.476 Thread 0x0000022f6226ef10 Thread added: 0x0000022f63c82bd0
Event: 4.656 Thread 0x0000022f447a1b40 Thread added: 0x0000022f63c82540
Event: 4.656 Thread 0x0000022f447a1b40 Thread added: 0x0000022f63c859c0
Event: 4.926 Thread 0x0000022f63c859c0 Thread added: 0x0000022f63c887b0
Event: 4.927 Thread 0x0000022f63c859c0 Thread added: 0x0000022f63c88e40


Dynamic libraries:
0x00007ff6b5c70000 - 0x00007ff6b5c7e000 	c:\Users\boini\.vscode\extensions\redhat.java-1.55.0-win32-x64\jre\21.0.11-win32-x86_64\bin\java.exe
0x00007ffc3c9f0000 - 0x00007ffc3cc08000 	C:\windows\SYSTEM32\ntdll.dll
0x00007ffc3b3f0000 - 0x00007ffc3b4b4000 	C:\windows\System32\KERNEL32.DLL
0x00007ffc3a090000 - 0x00007ffc3a463000 	C:\windows\System32\KERNELBASE.dll
0x00007ffc3a4a0000 - 0x00007ffc3a5b1000 	C:\windows\System32\ucrtbase.dll
0x00007ffbe69b0000 - 0x00007ffbe69c8000 	c:\Users\boini\.vscode\extensions\redhat.java-1.55.0-win32-x64\jre\21.0.11-win32-x86_64\bin\jli.dll
0x00007ffbea430000 - 0x00007ffbea44e000 	c:\Users\boini\.vscode\extensions\redhat.java-1.55.0-win32-x64\jre\21.0.11-win32-x86_64\bin\VCRUNTIME140.dll
0x00007ffc3ae00000 - 0x00007ffc3afb2000 	C:\windows\System32\USER32.dll
0x00007ffc3a470000 - 0x00007ffc3a496000 	C:\windows\System32\win32u.dll
0x00007ffc3c440000 - 0x00007ffc3c469000 	C:\windows\System32\GDI32.dll
0x00007ffc39d30000 - 0x00007ffc39e4b000 	C:\windows\System32\gdi32full.dll
0x00007ffc175f0000 - 0x00007ffc1788c000 	C:\windows\WinSxS\amd64_microsoft.windows.common-controls_6595b64144ccf1df_6.0.22621.6060_none_2712eda17382d24b\COMCTL32.dll
0x00007ffc3a5f0000 - 0x00007ffc3a68a000 	C:\windows\System32\msvcp_win.dll
0x00007ffc3c2e0000 - 0x00007ffc3c387000 	C:\windows\System32\msvcrt.dll
0x00007ffc3c470000 - 0x00007ffc3c4a1000 	C:\windows\System32\IMM32.DLL
0x00007ffc2fce0000 - 0x00007ffc2fcec000 	c:\Users\boini\.vscode\extensions\redhat.java-1.55.0-win32-x64\jre\21.0.11-win32-x86_64\bin\vcruntime140_1.dll
0x00007ffbe0850000 - 0x00007ffbe08dd000 	c:\Users\boini\.vscode\extensions\redhat.java-1.55.0-win32-x64\jre\21.0.11-win32-x86_64\bin\msvcp140.dll
0x00007ffb4cf20000 - 0x00007ffb4dcc2000 	c:\Users\boini\.vscode\extensions\redhat.java-1.55.0-win32-x64\jre\21.0.11-win32-x86_64\bin\server\jvm.dll
0x00007ffc3acd0000 - 0x00007ffc3ad81000 	C:\windows\System32\ADVAPI32.dll
0x00007ffc3be10000 - 0x00007ffc3beb8000 	C:\windows\System32\sechost.dll
0x00007ffc3a5c0000 - 0x00007ffc3a5e8000 	C:\windows\System32\bcrypt.dll
0x00007ffc3c4d0000 - 0x00007ffc3c5e8000 	C:\windows\System32\RPCRT4.dll
0x00007ffc3b370000 - 0x00007ffc3b3e1000 	C:\windows\System32\WS2_32.dll
0x00007ffc2f6f0000 - 0x00007ffc2f724000 	C:\windows\SYSTEM32\WINMM.dll
0x00007ffc399d0000 - 0x00007ffc39a1d000 	C:\windows\SYSTEM32\POWRPROF.dll
0x00007ffc2cbc0000 - 0x00007ffc2cbca000 	C:\windows\SYSTEM32\VERSION.dll
0x00007ffc399b0000 - 0x00007ffc399c3000 	C:\windows\SYSTEM32\UMPDC.dll
0x00007ffc38aa0000 - 0x00007ffc38ab8000 	C:\windows\SYSTEM32\kernel.appcore.dll
0x00007ffc14f70000 - 0x00007ffc14f7a000 	c:\Users\boini\.vscode\extensions\redhat.java-1.55.0-win32-x64\jre\21.0.11-win32-x86_64\bin\jimage.dll
0x00007ffc37220000 - 0x00007ffc37453000 	C:\windows\SYSTEM32\DBGHELP.DLL
0x00007ffc3c610000 - 0x00007ffc3c9a1000 	C:\windows\System32\combase.dll
0x00007ffc3b290000 - 0x00007ffc3b368000 	C:\windows\System32\OLEAUT32.dll
0x00007ffc16a80000 - 0x00007ffc16ab2000 	C:\windows\SYSTEM32\dbgcore.DLL
0x00007ffc39ed0000 - 0x00007ffc39f4b000 	C:\windows\System32\bcryptPrimitives.dll
0x00007ffc0d9d0000 - 0x00007ffc0d9df000 	c:\Users\boini\.vscode\extensions\redhat.java-1.55.0-win32-x64\jre\21.0.11-win32-x86_64\bin\instrument.dll
0x00007ffbe3560000 - 0x00007ffbe3580000 	c:\Users\boini\.vscode\extensions\redhat.java-1.55.0-win32-x64\jre\21.0.11-win32-x86_64\bin\java.dll
0x00007ffc3b560000 - 0x00007ffc3bdfc000 	C:\windows\System32\SHELL32.dll
0x00007ffc39f50000 - 0x00007ffc3a08f000 	C:\windows\System32\wintypes.dll
0x00007ffc379b0000 - 0x00007ffc382ca000 	C:\windows\SYSTEM32\windows.storage.dll
0x00007ffc3c060000 - 0x00007ffc3c164000 	C:\windows\System32\SHCORE.dll
0x00007ffc3ad90000 - 0x00007ffc3adf9000 	C:\windows\System32\shlwapi.dll
0x00007ffc39a30000 - 0x00007ffc39a55000 	C:\windows\SYSTEM32\profapi.dll
0x00007ffbe0a60000 - 0x00007ffbe0a78000 	c:\Users\boini\.vscode\extensions\redhat.java-1.55.0-win32-x64\jre\21.0.11-win32-x86_64\bin\zip.dll
0x00007ffc039a0000 - 0x00007ffc039b0000 	C:\Users\boini\.vscode\extensions\redhat.java-1.55.0-win32-x64\jre\21.0.11-win32-x86_64\bin\net.dll
0x00007ffc354f0000 - 0x00007ffc3561c000 	C:\windows\SYSTEM32\WINHTTP.dll
0x00007ffc38f70000 - 0x00007ffc38fd9000 	C:\windows\system32\mswsock.dll
0x00007ffbe0a40000 - 0x00007ffbe0a56000 	C:\Users\boini\.vscode\extensions\redhat.java-1.55.0-win32-x64\jre\21.0.11-win32-x86_64\bin\nio.dll
0x00007ffc03900000 - 0x00007ffc03910000 	c:\Users\boini\.vscode\extensions\redhat.java-1.55.0-win32-x64\jre\21.0.11-win32-x86_64\bin\verify.dll
0x00007ffbd4250000 - 0x00007ffbd4295000 	C:\Users\boini\AppData\Roaming\Code\User\globalStorage\redhat.java\1.55.0\config_ss_win\org.eclipse.equinox.launcher\org.eclipse.equinox.launcher.win32.win32.x86_64_1.3.100.v20260613-0559\eclipse_11924.dll
0x00007ffc3ab10000 - 0x00007ffc3acb1000 	C:\windows\System32\ole32.dll
0x00007ffc39190000 - 0x00007ffc391ab000 	C:\windows\SYSTEM32\CRYPTSP.dll
0x00007ffc38a00000 - 0x00007ffc38a37000 	C:\windows\system32\rsaenh.dll
0x00007ffc39030000 - 0x00007ffc39058000 	C:\windows\SYSTEM32\USERENV.dll
0x00007ffc391b0000 - 0x00007ffc391bc000 	C:\windows\SYSTEM32\CRYPTBASE.dll
0x00007ffc38530000 - 0x00007ffc3855d000 	C:\windows\SYSTEM32\IPHLPAPI.DLL
0x00007ffc3b550000 - 0x00007ffc3b559000 	C:\windows\System32\NSI.dll
0x00007ffbc95a0000 - 0x00007ffbc95e9000 	C:\Users\boini\AppData\Local\Temp\jna-93916279\jna11990484848930202552.dll
0x00007ffc3acc0000 - 0x00007ffc3acc8000 	C:\windows\System32\PSAPI.DLL
0x00007ffc2f9e0000 - 0x00007ffc2f9f9000 	C:\windows\SYSTEM32\dhcpcsvc6.DLL
0x00007ffc2f580000 - 0x00007ffc2f59f000 	C:\windows\SYSTEM32\dhcpcsvc.DLL

JVMTI agents:
c:\Users\boini\.vscode\extensions\redhat.java-1.55.0-win32-x64\lombok\lombok-1.18.39-4050.jar path:c:\Users\boini\.vscode\extensions\redhat.java-1.55.0-win32-x64\jre\21.0.11-win32-x86_64\bin\instrument.dll, loaded, initialized, instrumentlib options:none

dbghelp: loaded successfully - version: 4.0.5 - missing functions: none
symbol engine: initialized successfully - sym options: 0x614 - pdb path: .;c:\Users\boini\.vscode\extensions\redhat.java-1.55.0-win32-x64\jre\21.0.11-win32-x86_64\bin;C:\windows\SYSTEM32;C:\windows\WinSxS\amd64_microsoft.windows.common-controls_6595b64144ccf1df_6.0.22621.6060_none_2712eda17382d24b;c:\Users\boini\.vscode\extensions\redhat.java-1.55.0-win32-x64\jre\21.0.11-win32-x86_64\bin\server;C:\Users\boini\AppData\Roaming\Code\User\globalStorage\redhat.java\1.55.0\config_ss_win\org.eclipse.equinox.launcher\org.eclipse.equinox.launcher.win32.win32.x86_64_1.3.100.v20260613-0559;C:\Users\boini\AppData\Local\Temp\jna-93916279

VM Arguments:
jvm_args: --add-modules=ALL-SYSTEM --add-opens=java.base/java.util=ALL-UNNAMED --add-opens=java.base/java.lang=ALL-UNNAMED --add-opens=java.base/sun.nio.fs=ALL-UNNAMED -Declipse.application=org.eclipse.jdt.ls.core.id1 -Dosgi.bundles.defaultStartLevel=4 -Declipse.product=org.eclipse.jdt.ls.core.product -Djava.import.generatesMetadataFilesAtProjectRoot=false -DDetectVMInstallationsJob.disabled=true -Dfile.encoding=utf8 -XX:+UseParallelGC -XX:GCTimeRatio=4 -XX:AdaptiveSizePolicyWeight=90 -Dsun.zip.disableMemoryMapping=true -Xmx2G -Xms100m -Xlog:disable -javaagent:c:\Users\boini\.vscode\extensions\redhat.java-1.55.0-win32-x64\lombok\lombok-1.18.39-4050.jar 
java_command: c:\Users\boini\.vscode\extensions\redhat.java-1.55.0-win32-x64\server\plugins\org.eclipse.equinox.launcher_1.7.200.v20260619-2039.jar -configuration c:\Users\boini\AppData\Roaming\Code\User\globalStorage\redhat.java\1.55.0\config_ss_win -data c:\Users\boini\AppData\Roaming\Code\User\workspaceStorage\e6bb11de103c9e1a934892c7d0c01b98\redhat.java\ss_ws --pipe=\\.\pipe\lsp-417fcd3795d68214ac70677e185e959f-sock
java_class_path (initial): c:\Users\boini\.vscode\extensions\redhat.java-1.55.0-win32-x64\server\plugins\org.eclipse.equinox.launcher_1.7.200.v20260619-2039.jar
Launcher Type: SUN_STANDARD

[Global flags]
    uintx AdaptiveSizePolicyWeight                 = 90                                        {product} {command line}
     intx CICompilerCount                          = 4                                         {product} {ergonomic}
    uintx GCTimeRatio                              = 4                                         {product} {command line}
   size_t InitialHeapSize                          = 104857600                                 {product} {command line}
   size_t MaxHeapSize                              = 2147483648                                {product} {command line}
   size_t MaxNewSize                               = 715653120                                 {product} {ergonomic}
   size_t MinHeapDeltaBytes                        = 524288                                    {product} {ergonomic}
   size_t MinHeapSize                              = 104857600                                 {product} {command line}
   size_t NewSize                                  = 34603008                                  {product} {ergonomic}
    uintx NonNMethodCodeHeapSize                   = 5839372                                {pd product} {ergonomic}
    uintx NonProfiledCodeHeapSize                  = 122909434                              {pd product} {ergonomic}
   size_t OldSize                                  = 70254592                                  {product} {ergonomic}
    uintx ProfiledCodeHeapSize                     = 122909434                              {pd product} {ergonomic}
    uintx ReservedCodeCacheSize                    = 251658240                              {pd product} {ergonomic}
     bool SegmentedCodeCache                       = true                                      {product} {ergonomic}
   size_t SoftMaxHeapSize                          = 2147483648                             {manageable} {ergonomic}
     bool UseCompressedOops                        = true                           {product lp64_product} {ergonomic}
     bool UseLargePagesIndividualAllocation        = false                                  {pd product} {ergonomic}
     bool UseParallelGC                            = true                                      {product} {command line}

Logging:
Log output configuration:
 #0: stdout all=off uptime,level,tags foldmultilines=false
 #1: stderr all=off uptime,level,tags foldmultilines=false

Release file:
JAVA_VERSION="21.0.11" 
MODULES="java.base java.compiler java.datatransfer java.xml java.prefs java.desktop java.instrument java.logging java.management java.security.sasl java.naming java.rmi java.management.rmi java.net.http java.scripting java.security.jgss java.transaction.xa java.sql java.sql.rowset java.xml.crypto java.se java.smartcardio jdk.accessibility jdk.internal.jvmstat jdk.attach jdk.charsets jdk.internal.opt jdk.zipfs jdk.compiler jdk.crypto.ec jdk.crypto.cryptoki jdk.crypto.mscapi jdk.dynalink jdk.internal.ed jdk.editpad jdk.hotspot.agent jdk.httpserver jdk.internal.le jdk.internal.vm.ci jdk.internal.vm.compiler jdk.internal.vm.compiler.management jdk.jartool jdk.javadoc jdk.jcmd jdk.management jdk.management.agent jdk.jconsole jdk.jdeps jdk.jdwp.agent jdk.jdi jdk.jfr jdk.jshell jdk.jsobject jdk.jstatd jdk.localedata jdk.management.jfr jdk.naming.dns jdk.naming.rmi jdk.net jdk.nio.mapmode jdk.random jdk.sctp jdk.security.auth jdk.security.jgss jdk.unsupported jdk.unsupported.desktop jdk.xml.dom" 

Environment Variables:
PATH=C:\oraclexe\app\oracle\product\11.2.0\server\bin;;C:\windows\system32;C:\windows;C:\windows\System32\Wbem;C:\windows\System32\WindowsPowerShell\v1.0\;C:\windows\System32\OpenSSH\;C:\Program Files (x86)\Microsoft SQL Server\160\DTS\Binn\;C:\Program Files\Azure Data Studio\bin;C:\Program Files (x86)\Microsoft SQL Server\150\Tools\Binn\;C:\Program Files\Microsoft SQL Server\150\Tools\Binn\;C:\Program Files (x86)\Microsoft SQL Server\150\DTS\Binn\;C:\Program Files\Microsoft SQL Server\150\DTS\Binn\;C:\Program Files\Microsoft SQL Server\Client SDK\ODBC\170\Tools\Binn\;C:\Program Files\Java\jdk-24\bin;C:\Program Files\Git\cmd;C:\Program Files\nodejs\;C:\windows\system32;C:\windows;C:\windows\System32\Wbem;C:\windows\System32\WindowsPowerShell\v1.0\;C:\windows\System32\OpenSSH\;C:\Program Files (x86)\Microsoft SQL Server\160\DTS\Binn\;C:\Program Files\Azure Data Studio\bin;C:\Program Files (x86)\Microsoft SQL Server\150\Tools\Binn\;C:\Program Files\Microsoft SQL Server\150\Tools\Binn\;C:\Program Files (x86)\Microsoft SQL Server\150\DTS\Binn\;C:\Program Files\Microsoft SQL Server\150\DTS\Binn\;C:\Program Files\Microsoft SQL Server\Client SDK\ODBC\170\Tools\Binn\;C:\Program Files\Java\jdk-24\bin;C:\Program Files\Git\cmd;C:\Program Files\nodejs\;C:\Users\boini\AppData\Local\Programs\Python\Python37\Scripts\;C:\Users\boini\AppData\Local\Programs\Python\Python37\;C:\Program Files\Java;C:\Users\boini\AppData\Local\GitHubDesktop\bin;C:\Users\boini\AppData\Local\Programs\Microsoft VS Code\bin;C:\Users\boini\AppData\Roaming\npm;D:\Users\apache-maven-3.9.16-bin\apache-maven-3.9.16\bin;C:\Users\boini\AppData\Local\Programs\Antigravity IDE\bin
USERNAME=boini
OS=Windows_NT
PROCESSOR_IDENTIFIER=Intel64 Family 6 Model 154 Stepping 4, GenuineIntel
TMP=C:\Users\boini\AppData\Local\Temp
TEMP=C:\Users\boini\AppData\Local\Temp




Periodic native trim disabled

---------------  S Y S T E M  ---------------

OS:
 Windows 11 , 64 bit Build 22621 (10.0.22621.5415)
OS uptime: 0 days 2:27 hours
Hyper-V role detected

CPU: total 12 (initial active 12) (6 cores per cpu, 2 threads per core) family 6 model 154 stepping 4 microcode 0x42c, cx8, cmov, fxsr, ht, mmx, 3dnowpref, sse, sse2, sse3, ssse3, sse4.1, sse4.2, popcnt, lzcnt, tsc, tscinvbit, avx, avx2, aes, erms, clmul, bmi1, bmi2, adx, sha, fma, vzeroupper, clflush, clflushopt, clwb, hv, serialize, rdtscp, rdpid, fsrm, f16c, cet_ibt, cet_ss
Processor Information for processor 0
  Max Mhz: 1300, Current Mhz: 1300, Mhz Limit: 1300
Processor Information for processor 1
  Max Mhz: 1300, Current Mhz: 1300, Mhz Limit: 1300
Processor Information for processor 2
  Max Mhz: 1300, Current Mhz: 1300, Mhz Limit: 1300
Processor Information for processor 3
  Max Mhz: 1300, Current Mhz: 1300, Mhz Limit: 1300
Processor Information for processor 4
  Max Mhz: 1300, Current Mhz: 900, Mhz Limit: 897
Processor Information for processor 5
  Max Mhz: 1300, Current Mhz: 900, Mhz Limit: 897
Processor Information for processor 6
  Max Mhz: 1300, Current Mhz: 900, Mhz Limit: 897
Processor Information for processor 7
  Max Mhz: 1300, Current Mhz: 900, Mhz Limit: 897
Processor Information for processor 8
  Max Mhz: 1300, Current Mhz: 900, Mhz Limit: 897
Processor Information for processor 9
  Max Mhz: 1300, Current Mhz: 900, Mhz Limit: 897
Processor Information for processor 10
  Max Mhz: 1300, Current Mhz: 900, Mhz Limit: 897
Processor Information for processor 11
  Max Mhz: 1300, Current Mhz: 900, Mhz Limit: 897

Memory: 4k page, system-wide physical 7863M (393M free)
TotalPageFile size 16410M (AvailPageFile size 5M)
current process WorkingSet (physical memory assigned to process): 176M, peak: 178M
current process commit charge ("private bytes"): 313M, peak: 315M

vm_info: OpenJDK 64-Bit Server VM (21.0.11+10-LTS) for windows-amd64 JRE (21.0.11+10-LTS), built on 2026-04-21T00:00:00Z by "admin" with MS VC++ 17.12 (VS2022)

END.
