#
# There is insufficient memory for the Java Runtime Environment to continue.
# Native memory allocation (malloc) failed to allocate 1473840 bytes. Error detail: Chunk::new
# Possible reasons:
#   The system is out of physical RAM or swap space
#   This process is running with CompressedOops enabled, and the Java Heap may be blocking the growth of the native heap
# Possible solutions:
#   Reduce memory load on the system
#   Increase physical memory or swap space
#   Check if swap backing store is full
#   Decrease Java heap size (-Xmx/-Xms)
#   Decrease number of Java threads
#   Decrease Java thread stack sizes (-Xss)
#   Set larger code cache with -XX:ReservedCodeCacheSize=
#   JVM is running with Unscaled Compressed Oops mode in which the Java heap is
#     placed in the first 4GB address space. The Java Heap base address is the
#     maximum limit for the native heap growth. Please use -XX:HeapBaseMinAddress
#     to set the Java Heap base and to place the Java Heap above 4GB virtual address.
# This output file may be truncated or incomplete.
#
#  Out of Memory Error (arena.cpp:168), pid=17052, tid=20820
#
# JRE version: OpenJDK Runtime Environment Temurin-21.0.11+10 (21.0.11+10) (build 21.0.11+10-LTS)
# Java VM: OpenJDK 64-Bit Server VM Temurin-21.0.11+10 (21.0.11+10-LTS, mixed mode, sharing, tiered, compressed oops, compressed class ptrs, parallel gc, windows-amd64)
# No core dump will be written. Minidumps are not enabled by default on client versions of Windows
#

---------------  S U M M A R Y ------------

Command Line: --add-modules=ALL-SYSTEM --add-opens=java.base/java.util=ALL-UNNAMED --add-opens=java.base/java.lang=ALL-UNNAMED --add-opens=java.base/sun.nio.fs=ALL-UNNAMED -Declipse.application=org.eclipse.jdt.ls.core.id1 -Dosgi.bundles.defaultStartLevel=4 -Declipse.product=org.eclipse.jdt.ls.core.product -Djava.import.generatesMetadataFilesAtProjectRoot=false -DDetectVMInstallationsJob.disabled=true -Dfile.encoding=utf8 -XX:+UseParallelGC -XX:GCTimeRatio=4 -XX:AdaptiveSizePolicyWeight=90 -Dsun.zip.disableMemoryMapping=true -Xmx2G -Xms100m -Xlog:disable -javaagent:c:\Users\boini\.vscode\extensions\redhat.java-1.55.0-win32-x64\lombok\lombok-1.18.39-4050.jar c:\Users\boini\.vscode\extensions\redhat.java-1.55.0-win32-x64\server\plugins\org.eclipse.equinox.launcher_1.7.200.v20260619-2039.jar -configuration c:\Users\boini\AppData\Roaming\Code\User\globalStorage\redhat.java\1.55.0\config_ss_win -data c:\Users\boini\AppData\Roaming\Code\User\workspaceStorage\e6bb11de103c9e1a934892c7d0c01b98\redhat.java\ss_ws --pipe=\\.\pipe\lsp-8c0929dc547038f4ab927882c4780306-sock

Host: 12th Gen Intel(R) Core(TM) i5-1235U, 12 cores, 7G,  Windows 11 , 64 bit Build 22621 (10.0.22621.5415)
Time: Sat Jul 25 22:17:04 2026 India Standard Time elapsed time: 6.345683 seconds (0d 0h 0m 6s)

---------------  T H R E A D  ---------------

Current thread (0x000001d6f37a3ee0):  JavaThread "C2 CompilerThread0" daemon [_thread_in_native, id=20820, stack(0x0000007991600000,0x0000007991700000) (1024K)]


Current CompileTask:
C2:6345 5607       4       org.eclipse.jdt.internal.compiler.lookup.BinaryTypeBinding::createMethod (1666 bytes)

Stack: [0x0000007991600000,0x0000007991700000]
Native frames: (J=compiled Java code, j=interpreted, Vv=VM code, C=native code)
V  [jvm.dll+0x6d7e19]
V  [jvm.dll+0x8b5096]
V  [jvm.dll+0x8b764e]
V  [jvm.dll+0x8b7d33]
V  [jvm.dll+0x284596]
V  [jvm.dll+0xc685d]
V  [jvm.dll+0xc6da1]
V  [jvm.dll+0x3bed6b]
V  [jvm.dll+0x1e3f42]
V  [jvm.dll+0x24c853]
V  [jvm.dll+0x24bce0]
V  [jvm.dll+0x1cb4ae]
V  [jvm.dll+0x25baad]
V  [jvm.dll+0x25a03a]
V  [jvm.dll+0x3f868e]
V  [jvm.dll+0x85fb0d]
V  [jvm.dll+0x6d664d]
C  [ucrtbase.dll+0x29333]
C  [KERNEL32.DLL+0x1259d]
C  [ntdll.dll+0x5af78]


---------------  P R O C E S S  ---------------

Threads class SMR info:
_java_thread_list=0x000001d6faafec00, length=44, elements={
0x000001d699df1600, 0x000001d6f37744b0, 0x000001d699d9c1f0, 0x000001d6f3776f30,
0x000001d6f37780e0, 0x000001d6f377af70, 0x000001d6f37a2900, 0x000001d6f37a3ee0,
0x000001d6f37a6e00, 0x000001d6f3973e40, 0x000001d6f3b19950, 0x000001d6f8547470,
0x000001d6f8aa2bf0, 0x000001d6f899d630, 0x000001d6f8678080, 0x000001d6f873e8e0,
0x000001d6f3a39260, 0x000001d6f8ce41e0, 0x000001d6f8e09090, 0x000001d6f8e06fc0,
0x000001d6f8e08a00, 0x000001d6f8e09720, 0x000001d6f8e062a0, 0x000001d6f8e06930,
0x000001d6f8e08370, 0x000001d6f8e07650, 0x000001d6f8e07ce0, 0x000001d6f9f4f1c0,
0x000001d6f9f4bd40, 0x000001d6f9f4b020, 0x000001d6f9f4de10, 0x000001d6f9f50570,
0x000001d6f9f4eb30, 0x000001d6f9f51920, 0x000001d6f9f4a990, 0x000001d6f9f51fb0,
0x000001d6f9f4d780, 0x000001d6f9f4c3d0, 0x000001d6f9f4e4a0, 0x000001d6f9f4d0f0,
0x000001d6f9f51290, 0x000001d6f9f4f850, 0x000001d6f9f4fee0, 0x000001d6fab565b0
}

Java Threads: ( => current thread )
  0x000001d699df1600 JavaThread "main"                              [_thread_blocked, id=16600, stack(0x0000007990c00000,0x0000007990d00000) (1024K)]
  0x000001d6f37744b0 JavaThread "Reference Handler"          daemon [_thread_blocked, id=25108, stack(0x0000007991000000,0x0000007991100000) (1024K)]
  0x000001d699d9c1f0 JavaThread "Finalizer"                  daemon [_thread_blocked, id=15572, stack(0x0000007991100000,0x0000007991200000) (1024K)]
  0x000001d6f3776f30 JavaThread "Signal Dispatcher"          daemon [_thread_blocked, id=25088, stack(0x0000007991200000,0x0000007991300000) (1024K)]
  0x000001d6f37780e0 JavaThread "Attach Listener"            daemon [_thread_blocked, id=14640, stack(0x0000007991300000,0x0000007991400000) (1024K)]
  0x000001d6f377af70 JavaThread "Service Thread"             daemon [_thread_blocked, id=14888, stack(0x0000007991400000,0x0000007991500000) (1024K)]
  0x000001d6f37a2900 JavaThread "Monitor Deflation Thread"   daemon [_thread_blocked, id=9928, stack(0x0000007991500000,0x0000007991600000) (1024K)]
=>0x000001d6f37a3ee0 JavaThread "C2 CompilerThread0"         daemon [_thread_in_native, id=20820, stack(0x0000007991600000,0x0000007991700000) (1024K)]
  0x000001d6f37a6e00 JavaThread "C1 CompilerThread0"         daemon [_thread_blocked, id=13756, stack(0x0000007991700000,0x0000007991800000) (1024K)]
  0x000001d6f3973e40 JavaThread "Common-Cleaner"             daemon [_thread_blocked, id=7396, stack(0x0000007991800000,0x0000007991900000) (1024K)]
  0x000001d6f3b19950 JavaThread "Notification Thread"        daemon [_thread_blocked, id=12908, stack(0x0000007991b00000,0x0000007991c00000) (1024K)]
  0x000001d6f8547470 JavaThread "Active Thread: Equinox Container: ff8c737d-cb77-4ac2-94b9-4bf2976174d7"        [_thread_blocked, id=20356, stack(0x0000007992200000,0x0000007992300000) (1024K)]
  0x000001d6f8aa2bf0 JavaThread "Framework Event Dispatcher: Equinox Container: ff8c737d-cb77-4ac2-94b9-4bf2976174d7" daemon [_thread_blocked, id=4160, stack(0x0000007992300000,0x0000007992400000) (1024K)]
  0x000001d6f899d630 JavaThread "Start Level: Equinox Container: ff8c737d-cb77-4ac2-94b9-4bf2976174d7" daemon [_thread_blocked, id=5356, stack(0x0000007992400000,0x0000007992500000) (1024K)]
  0x000001d6f8678080 JavaThread "SCR Component Actor"        daemon [_thread_blocked, id=14832, stack(0x0000007992600000,0x0000007992700000) (1024K)]
  0x000001d6f873e8e0 JavaThread "Worker-JM"                         [_thread_blocked, id=18656, stack(0x0000007992700000,0x0000007992800000) (1024K)]
  0x000001d6f3a39260 JavaThread "JNA Cleaner"                daemon [_thread_blocked, id=11440, stack(0x0000007991900000,0x0000007991a00000) (1024K)]
  0x000001d6f8ce41e0 JavaThread "Worker-0"                          [_thread_blocked, id=14724, stack(0x0000007991a00000,0x0000007991b00000) (1024K)]
  0x000001d6f8e09090 JavaThread "Worker-1"                          [_thread_blocked, id=7672, stack(0x0000007992a00000,0x0000007992b00000) (1024K)]
  0x000001d6f8e06fc0 JavaThread "Thread-1"                   daemon [_thread_in_native, id=3160, stack(0x0000007992c00000,0x0000007992d00000) (1024K)]
  0x000001d6f8e08a00 JavaThread "Thread-2"                   daemon [_thread_in_native, id=23700, stack(0x0000007992d00000,0x0000007992e00000) (1024K)]
  0x000001d6f8e09720 JavaThread "Thread-3"                   daemon [_thread_in_native, id=11968, stack(0x0000007992e00000,0x0000007992f00000) (1024K)]
  0x000001d6f8e062a0 JavaThread "Thread-4"                   daemon [_thread_in_native, id=84, stack(0x0000007992f00000,0x0000007993000000) (1024K)]
  0x000001d6f8e06930 JavaThread "Thread-5"                   daemon [_thread_in_native, id=13768, stack(0x0000007993000000,0x0000007993100000) (1024K)]
  0x000001d6f8e08370 JavaThread "Thread-6"                   daemon [_thread_in_native, id=15604, stack(0x0000007993100000,0x0000007993200000) (1024K)]
  0x000001d6f8e07650 JavaThread "Thread-7"                   daemon [_thread_in_native, id=15888, stack(0x0000007993200000,0x0000007993300000) (1024K)]
  0x000001d6f8e07ce0 JavaThread "Thread-8"                   daemon [_thread_in_native, id=24632, stack(0x0000007993300000,0x0000007993400000) (1024K)]
  0x000001d6f9f4f1c0 JavaThread "Thread-9"                   daemon [_thread_in_native, id=10172, stack(0x0000007993400000,0x0000007993500000) (1024K)]
  0x000001d6f9f4bd40 JavaThread "Thread-10"                  daemon [_thread_in_native, id=22976, stack(0x0000007993500000,0x0000007993600000) (1024K)]
  0x000001d6f9f4b020 JavaThread "Thread-11"                  daemon [_thread_in_native, id=22524, stack(0x0000007993600000,0x0000007993700000) (1024K)]
  0x000001d6f9f4de10 JavaThread "Thread-12"                  daemon [_thread_in_native, id=25512, stack(0x0000007993700000,0x0000007993800000) (1024K)]
  0x000001d6f9f50570 JavaThread "Thread-13"                  daemon [_thread_in_native, id=17872, stack(0x0000007993800000,0x0000007993900000) (1024K)]
  0x000001d6f9f4eb30 JavaThread "pool-2-thread-1"                   [_thread_blocked, id=6952, stack(0x0000007993900000,0x0000007993a00000) (1024K)]
  0x000001d6f9f51920 JavaThread "WorkspaceEventsHandler"            [_thread_blocked, id=2308, stack(0x0000007993a00000,0x0000007993b00000) (1024K)]
  0x000001d6f9f4a990 JavaThread "pool-1-thread-1"                   [_thread_blocked, id=14820, stack(0x0000007993b00000,0x0000007993c00000) (1024K)]
  0x000001d6f9f51fb0 JavaThread "Worker-2"                          [_thread_blocked, id=20896, stack(0x0000007993c00000,0x0000007993d00000) (1024K)]
  0x000001d6f9f4d780 JavaThread "Worker-3"                          [_thread_blocked, id=20484, stack(0x0000007993d00000,0x0000007993e00000) (1024K)]
  0x000001d6f9f4c3d0 JavaThread "ForkJoinPool.commonPool-worker-1" daemon [_thread_blocked, id=20236, stack(0x0000007993e00000,0x0000007993f00000) (1024K)]
  0x000001d6f9f4e4a0 JavaThread "ForkJoinPool.commonPool-worker-2" daemon [_thread_blocked, id=20732, stack(0x0000007993f00000,0x0000007994000000) (1024K)]
  0x000001d6f9f4d0f0 JavaThread "Compiler Source File Reader" daemon [_thread_blocked, id=10272, stack(0x0000007994000000,0x0000007994100000) (1024K)]
  0x000001d6f9f51290 JavaThread "Compiler Source File Reader" daemon [_thread_blocked, id=17204, stack(0x0000007994100000,0x0000007994200000) (1024K)]
  0x000001d6f9f4f850 JavaThread "Compiler Processing Task"   daemon [_thread_blocked, id=25572, stack(0x0000007994200000,0x0000007994300000) (1024K)]
  0x000001d6f9f4fee0 JavaThread "Compiler Source File Reader" daemon [_thread_blocked, id=24092, stack(0x0000007994300000,0x0000007994400000) (1024K)]
  0x000001d6fab565b0 JavaThread "C2 CompilerThread1"         daemon [_thread_in_native, id=25176, stack(0x0000007992b00000,0x0000007992c00000) (1024K)]
Total: 44

Other Threads:
  0x000001d699eae730 VMThread "VM Thread"                           [id=24736, stack(0x0000007990f00000,0x0000007991000000) (1024K)]
  0x000001d699e5ba80 WatcherThread "VM Periodic Task Thread"        [id=14112, stack(0x0000007990e00000,0x0000007990f00000) (1024K)]
  0x000001d699e10bd0 WorkerThread "GC Thread#0"                     [id=24112, stack(0x0000007990d00000,0x0000007990e00000) (1024K)]
  0x000001d6f8798980 WorkerThread "GC Thread#1"                     [id=24708, stack(0x0000007991c00000,0x0000007991d00000) (1024K)]
  0x000001d6f84cbbd0 WorkerThread "GC Thread#2"                     [id=11696, stack(0x0000007991d00000,0x0000007991e00000) (1024K)]
  0x000001d6f84cbf80 WorkerThread "GC Thread#3"                     [id=4672, stack(0x0000007991e00000,0x0000007991f00000) (1024K)]
  0x000001d6f8771650 WorkerThread "GC Thread#4"                     [id=5688, stack(0x0000007991f00000,0x0000007992000000) (1024K)]
  0x000001d6f8650690 WorkerThread "GC Thread#5"                     [id=4144, stack(0x0000007992000000,0x0000007992100000) (1024K)]
  0x000001d6f8650a40 WorkerThread "GC Thread#6"                     [id=7308, stack(0x0000007992100000,0x0000007992200000) (1024K)]
  0x000001d6f8b54700 WorkerThread "GC Thread#7"                     [id=14836, stack(0x0000007992500000,0x0000007992600000) (1024K)]
  0x000001d6f8d7dc30 WorkerThread "GC Thread#8"                     [id=21440, stack(0x0000007992800000,0x0000007992900000) (1024K)]
  0x000001d6f8a521a0 WorkerThread "GC Thread#9"                     [id=10748, stack(0x0000007992900000,0x0000007992a00000) (1024K)]
Total: 12

Threads with active compile tasks:
C2 CompilerThread0  6366 5607       4       org.eclipse.jdt.internal.compiler.lookup.BinaryTypeBinding::createMethod (1666 bytes)
C2 CompilerThread1  6366 5644       4       org.eclipse.jdt.internal.compiler.parser.Parser::consumeRule (7843 bytes)
Total: 2

VM state: not at safepoint (normal execution)

VM Mutex/Monitor currently owned by a thread: None

Heap address: 0x0000000080000000, size: 2048 MB, Compressed Oops mode: 32-bit

CDS archive(s) mapped at: [0x000001d6b1000000-0x000001d6b1ba0000-0x000001d6b1ba0000), size 12189696, SharedBaseAddress: 0x000001d6b1000000, ArchiveRelocationMode: 1.
Compressed class space mapped at: 0x000001d6b2000000-0x000001d6f2000000, reserved size: 1073741824
Narrow klass base: 0x000001d6b1000000, Narrow klass shift: 0, Narrow klass range: 0x100000000

GC Precious Log:
 CardTable entry size: 512
 CPUs: 12 total, 12 available
 Memory: 7863M
 Large Page Support: Disabled
 NUMA Support: Disabled
 Compressed Oops: Enabled (32-bit)
 Alignments: Space 512K, Generation 512K, Heap 2M
 Heap Min Capacity: 100M
 Heap Initial Capacity: 100M
 Heap Max Capacity: 2G
 Pre-touch: Disabled
 Parallel Workers: 10

Heap:
 PSYoungGen      total 22528K, used 14814K [0x00000000d5580000, 0x00000000d6d00000, 0x0000000100000000)
  eden space 20992K, 64% used [0x00000000d5580000,0x00000000d62bf930,0x00000000d6a00000)
  from space 1536K, 81% used [0x00000000d6a00000,0x00000000d6b38020,0x00000000d6b80000)
  to   space 1536K, 0% used [0x00000000d6b80000,0x00000000d6b80000,0x00000000d6d00000)
 ParOldGen       total 68608K, used 30130K [0x0000000080000000, 0x0000000084300000, 0x00000000d5580000)
  object space 68608K, 43% used [0x0000000080000000,0x0000000081d6cb50,0x0000000084300000)
 Metaspace       used 43081K, committed 44096K, reserved 1114112K
  class space    used 4337K, committed 4736K, reserved 1048576K

Card table byte_map: [0x000001d699790000,0x000001d699ba0000] _byte_map_base: 0x000001d699390000

Marking Bits: (ParMarkBitMap*) 0x00007ff9f0224460
 Begin Bits: [0x000001d6ac2a0000, 0x000001d6ae2a0000)
 End Bits:   [0x000001d6ae2a0000, 0x000001d6b02a0000)

Polling page: 0x000001d697c40000

Metaspace:

Usage:
  Non-class:     37.84 MB used.
      Class:      4.24 MB used.
       Both:     42.07 MB used.

Virtual space:
  Non-class space:       64.00 MB reserved,      38.44 MB ( 60%) committed,  1 nodes.
      Class space:        1.00 GB reserved,       4.62 MB ( <1%) committed,  1 nodes.
             Both:        1.06 GB reserved,      43.06 MB (  4%) committed. 

Chunk freelists:
   Non-Class:  9.44 MB
       Class:  11.33 MB
        Both:  20.77 MB

MaxMetaspaceSize: unlimited
CompressedClassSpaceSize: 1.00 GB
Initial GC threshold: 21.00 MB
Current GC threshold: 58.38 MB
CDS: on
 - commit_granule_bytes: 65536.
 - commit_granule_words: 8192.
 - virtual_space_node_default_size: 8388608.
 - enlarge_chunks_in_place: 1.
 - use_allocation_guard: 0.


Internal statistics:

num_allocs_failed_limit: 6.
num_arena_births: 878.
num_arena_deaths: 98.
num_vsnodes_births: 2.
num_vsnodes_deaths: 0.
num_space_committed: 689.
num_space_uncommitted: 0.
num_chunks_returned_to_freelist: 133.
num_chunks_taken_from_freelist: 2799.
num_chunk_merges: 36.
num_chunk_splits: 1714.
num_chunks_enlarged: 1031.
num_inconsistent_stats: 0.

CodeHeap 'non-profiled nmethods': size=120000Kb used=2977Kb max_used=2977Kb free=117022Kb
 bounds [0x000001d6a4ac0000, 0x000001d6a4db0000, 0x000001d6abff0000]
CodeHeap 'profiled nmethods': size=120000Kb used=11501Kb max_used=11501Kb free=108498Kb
 bounds [0x000001d69cff0000, 0x000001d69db30000, 0x000001d6a4520000]
CodeHeap 'non-nmethods': size=5760Kb used=1406Kb max_used=1456Kb free=4353Kb
 bounds [0x000001d6a4520000, 0x000001d6a4790000, 0x000001d6a4ac0000]
CodeCache: size=245760Kb, used=15884Kb, max_used=15934Kb, free=229873Kb
 total_blobs=6067, nmethods=5352, adapters=621, full_count=0
Compilation: enabled, stopped_count=0, restarted_count=0

Compilation events (20 events):
Event: 6.302 Thread 0x000001d6f37a6e00 5751       2       org.eclipse.core.internal.resources.MarkerSet::get (121 bytes)
Event: 6.302 Thread 0x000001d6f37a6e00 nmethod 5751 0x000001d69db29510 code [0x000001d69db29720, 0x000001d69db29ba8]
Event: 6.302 Thread 0x000001d6f37a6e00 5754       2       java.util.concurrent.locks.ReentrantReadWriteLock::readLock (5 bytes)
Event: 6.302 Thread 0x000001d6f37a6e00 nmethod 5754 0x000001d69db29e10 code [0x000001d69db29fa0, 0x000001d69db2a0a8]
Event: 6.302 Thread 0x000001d6f37a6e00 5752       1       com.google.gson.stream.JsonWriter::setHtmlSafe (6 bytes)
Event: 6.302 Thread 0x000001d6f37a6e00 nmethod 5752 0x000001d6a4da0510 code [0x000001d6a4da06a0, 0x000001d6a4da0770]
Event: 6.302 Thread 0x000001d6f37a6e00 5753       1       com.google.gson.stream.JsonWriter::setSerializeNulls (6 bytes)
Event: 6.302 Thread 0x000001d6f37a6e00 nmethod 5753 0x000001d6a4da0810 code [0x000001d6a4da09a0, 0x000001d6a4da0a70]
Event: 6.303 Thread 0x000001d6f37a6e00 5755       2       org.eclipse.core.internal.jobs.JobManager::lifeTimeInMs (19 bytes)
Event: 6.303 Thread 0x000001d6f37a6e00 nmethod 5755 0x000001d69db2a190 code [0x000001d69db2a340, 0x000001d69db2a4b8]
Event: 6.303 Thread 0x000001d6f37a6e00 5756       2       org.eclipse.core.internal.jobs.JobManager::now (16 bytes)
Event: 6.303 Thread 0x000001d6f37a6e00 nmethod 5756 0x000001d69db2a590 code [0x000001d69db2a740, 0x000001d69db2a8e8]
Event: 6.303 Thread 0x000001d6f37a6e00 5757       2       org.eclipse.core.internal.jobs.JobManager$$Lambda/0x000001d6b21988f0::<init> (10 bytes)
Event: 6.303 Thread 0x000001d6f37a6e00 nmethod 5757 0x000001d69db2aa90 code [0x000001d69db2ac20, 0x000001d69db2ad40]
Event: 6.317 Thread 0x000001d6fab565b0 nmethod 5615 0x000001d6a4da0b10 code [0x000001d6a4da0f20, 0x000001d6a4da3bd8]
Event: 6.317 Thread 0x000001d6fab565b0 5614       4       org.eclipse.jdt.internal.core.JavaModelCache::getInfo (156 bytes)
Event: 6.327 Thread 0x000001d6f37a6e00 5758       3       org.eclipse.osgi.internal.serviceregistry.ServiceRegistrationImpl::compareTo (27 bytes)
Event: 6.327 Thread 0x000001d6f37a6e00 nmethod 5758 0x000001d69db2ae10 code [0x000001d69db2b000, 0x000001d69db2b608]
Event: 6.336 Thread 0x000001d6fab565b0 nmethod 5614 0x000001d6a4da4d10 code [0x000001d6a4da50c0, 0x000001d6a4da7700]
Event: 6.336 Thread 0x000001d6fab565b0 5644       4       org.eclipse.jdt.internal.compiler.parser.Parser::consumeRule (7843 bytes)

GC Heap History (20 events):
Event: 4.019 GC heap before
{Heap before GC invocations=16 (full 1):
 PSYoungGen      total 23552K, used 23524K [0x00000000d5580000, 0x00000000d6f80000, 0x0000000100000000)
  eden space 21504K, 100% used [0x00000000d5580000,0x00000000d6a80000,0x00000000d6a80000)
  from space 2048K, 98% used [0x00000000d6d80000,0x00000000d6f79000,0x00000000d6f80000)
  to   space 2560K, 0% used [0x00000000d6a80000,0x00000000d6a80000,0x00000000d6d00000)
 ParOldGen       total 68608K, used 22312K [0x0000000080000000, 0x0000000084300000, 0x00000000d5580000)
  object space 68608K, 32% used [0x0000000080000000,0x00000000815ca3c8,0x0000000084300000)
 Metaspace       used 32631K, committed 33664K, reserved 1114112K
  class space    used 3337K, committed 3776K, reserved 1048576K
}
Event: 4.022 GC heap after
{Heap after GC invocations=16 (full 1):
 PSYoungGen      total 24064K, used 2176K [0x00000000d5580000, 0x00000000d6f80000, 0x0000000100000000)
  eden space 21504K, 0% used [0x00000000d5580000,0x00000000d5580000,0x00000000d6a80000)
  from space 2560K, 85% used [0x00000000d6a80000,0x00000000d6ca0010,0x00000000d6d00000)
  to   space 2560K, 0% used [0x00000000d6d00000,0x00000000d6d00000,0x00000000d6f80000)
 ParOldGen       total 68608K, used 24242K [0x0000000080000000, 0x0000000084300000, 0x00000000d5580000)
  object space 68608K, 35% used [0x0000000080000000,0x00000000817aca10,0x0000000084300000)
 Metaspace       used 32631K, committed 33664K, reserved 1114112K
  class space    used 3337K, committed 3776K, reserved 1048576K
}
Event: 4.061 GC heap before
{Heap before GC invocations=17 (full 1):
 PSYoungGen      total 24064K, used 23680K [0x00000000d5580000, 0x00000000d6f80000, 0x0000000100000000)
  eden space 21504K, 100% used [0x00000000d5580000,0x00000000d6a80000,0x00000000d6a80000)
  from space 2560K, 85% used [0x00000000d6a80000,0x00000000d6ca0010,0x00000000d6d00000)
  to   space 2560K, 0% used [0x00000000d6d00000,0x00000000d6d00000,0x00000000d6f80000)
 ParOldGen       total 68608K, used 24242K [0x0000000080000000, 0x0000000084300000, 0x00000000d5580000)
  object space 68608K, 35% used [0x0000000080000000,0x00000000817aca10,0x0000000084300000)
 Metaspace       used 32724K, committed 33728K, reserved 1114112K
  class space    used 3339K, committed 3776K, reserved 1048576K
}
Event: 4.065 GC heap after
{Heap after GC invocations=17 (full 1):
 PSYoungGen      total 24064K, used 2008K [0x00000000d5580000, 0x00000000d6f80000, 0x0000000100000000)
  eden space 21504K, 0% used [0x00000000d5580000,0x00000000d5580000,0x00000000d6a80000)
  from space 2560K, 78% used [0x00000000d6d00000,0x00000000d6ef6200,0x00000000d6f80000)
  to   space 2560K, 0% used [0x00000000d6a80000,0x00000000d6a80000,0x00000000d6d00000)
 ParOldGen       total 68608K, used 26306K [0x0000000080000000, 0x0000000084300000, 0x00000000d5580000)
  object space 68608K, 38% used [0x0000000080000000,0x00000000819b0a20,0x0000000084300000)
 Metaspace       used 32724K, committed 33728K, reserved 1114112K
  class space    used 3339K, committed 3776K, reserved 1048576K
}
Event: 4.192 GC heap before
{Heap before GC invocations=18 (full 1):
 PSYoungGen      total 24064K, used 23512K [0x00000000d5580000, 0x00000000d6f80000, 0x0000000100000000)
  eden space 21504K, 100% used [0x00000000d5580000,0x00000000d6a80000,0x00000000d6a80000)
  from space 2560K, 78% used [0x00000000d6d00000,0x00000000d6ef6200,0x00000000d6f80000)
  to   space 2560K, 0% used [0x00000000d6a80000,0x00000000d6a80000,0x00000000d6d00000)
 ParOldGen       total 68608K, used 26306K [0x0000000080000000, 0x0000000084300000, 0x00000000d5580000)
  object space 68608K, 38% used [0x0000000080000000,0x00000000819b0a20,0x0000000084300000)
 Metaspace       used 33929K, committed 34944K, reserved 1114112K
  class space    used 3491K, committed 3904K, reserved 1048576K
}
Event: 4.195 GC heap after
{Heap after GC invocations=18 (full 1):
 PSYoungGen      total 23552K, used 1544K [0x00000000d5580000, 0x00000000d6e80000, 0x0000000100000000)
  eden space 21504K, 0% used [0x00000000d5580000,0x00000000d5580000,0x00000000d6a80000)
  from space 2048K, 75% used [0x00000000d6a80000,0x00000000d6c02028,0x00000000d6c80000)
  to   space 2048K, 0% used [0x00000000d6c80000,0x00000000d6c80000,0x00000000d6e80000)
 ParOldGen       total 68608K, used 28195K [0x0000000080000000, 0x0000000084300000, 0x00000000d5580000)
  object space 68608K, 41% used [0x0000000080000000,0x0000000081b88c20,0x0000000084300000)
 Metaspace       used 33929K, committed 34944K, reserved 1114112K
  class space    used 3491K, committed 3904K, reserved 1048576K
}
Event: 4.358 GC heap before
{Heap before GC invocations=19 (full 1):
 PSYoungGen      total 23552K, used 15192K [0x00000000d5580000, 0x00000000d6e80000, 0x0000000100000000)
  eden space 21504K, 63% used [0x00000000d5580000,0x00000000d62d4070,0x00000000d6a80000)
  from space 2048K, 75% used [0x00000000d6a80000,0x00000000d6c02028,0x00000000d6c80000)
  to   space 2048K, 0% used [0x00000000d6c80000,0x00000000d6c80000,0x00000000d6e80000)
 ParOldGen       total 68608K, used 28195K [0x0000000080000000, 0x0000000084300000, 0x00000000d5580000)
  object space 68608K, 41% used [0x0000000080000000,0x0000000081b88c20,0x0000000084300000)
 Metaspace       used 34814K, committed 35840K, reserved 1114112K
  class space    used 3626K, committed 4032K, reserved 1048576K
}
Event: 4.360 GC heap after
{Heap after GC invocations=19 (full 1):
 PSYoungGen      total 22016K, used 498K [0x00000000d5580000, 0x00000000d6d00000, 0x0000000100000000)
  eden space 21504K, 0% used [0x00000000d5580000,0x00000000d5580000,0x00000000d6a80000)
  from space 512K, 97% used [0x00000000d6c80000,0x00000000d6cfcb08,0x00000000d6d00000)
  to   space 1024K, 0% used [0x00000000d6b00000,0x00000000d6b00000,0x00000000d6c00000)
 ParOldGen       total 68608K, used 29596K [0x0000000080000000, 0x0000000084300000, 0x00000000d5580000)
  object space 68608K, 43% used [0x0000000080000000,0x0000000081ce7098,0x0000000084300000)
 Metaspace       used 34814K, committed 35840K, reserved 1114112K
  class space    used 3626K, committed 4032K, reserved 1048576K
}
Event: 4.361 GC heap before
{Heap before GC invocations=20 (full 2):
 PSYoungGen      total 22016K, used 498K [0x00000000d5580000, 0x00000000d6d00000, 0x0000000100000000)
  eden space 21504K, 0% used [0x00000000d5580000,0x00000000d5580000,0x00000000d6a80000)
  from space 512K, 97% used [0x00000000d6c80000,0x00000000d6cfcb08,0x00000000d6d00000)
  to   space 1024K, 0% used [0x00000000d6b00000,0x00000000d6b00000,0x00000000d6c00000)
 ParOldGen       total 68608K, used 29596K [0x0000000080000000, 0x0000000084300000, 0x00000000d5580000)
  object space 68608K, 43% used [0x0000000080000000,0x0000000081ce7098,0x0000000084300000)
 Metaspace       used 34814K, committed 35840K, reserved 1114112K
  class space    used 3626K, committed 4032K, reserved 1048576K
}
Event: 4.397 GC heap after
{Heap after GC invocations=20 (full 2):
 PSYoungGen      total 22016K, used 0K [0x00000000d5580000, 0x00000000d6d00000, 0x0000000100000000)
  eden space 21504K, 0% used [0x00000000d5580000,0x00000000d5580000,0x00000000d6a80000)
  from space 512K, 0% used [0x00000000d6c80000,0x00000000d6c80000,0x00000000d6d00000)
  to   space 1024K, 0% used [0x00000000d6b00000,0x00000000d6b00000,0x00000000d6c00000)
 ParOldGen       total 68608K, used 28190K [0x0000000080000000, 0x0000000084300000, 0x00000000d5580000)
  object space 68608K, 41% used [0x0000000080000000,0x0000000081b87a28,0x0000000084300000)
 Metaspace       used 34740K, committed 35840K, reserved 1114112K
  class space    used 3605K, committed 4032K, reserved 1048576K
}
Event: 4.707 GC heap before
{Heap before GC invocations=21 (full 2):
 PSYoungGen      total 22016K, used 21504K [0x00000000d5580000, 0x00000000d6d00000, 0x0000000100000000)
  eden space 21504K, 100% used [0x00000000d5580000,0x00000000d6a80000,0x00000000d6a80000)
  from space 512K, 0% used [0x00000000d6c80000,0x00000000d6c80000,0x00000000d6d00000)
  to   space 1024K, 0% used [0x00000000d6b00000,0x00000000d6b00000,0x00000000d6c00000)
 ParOldGen       total 68608K, used 28190K [0x0000000080000000, 0x0000000084300000, 0x00000000d5580000)
  object space 68608K, 41% used [0x0000000080000000,0x0000000081b87a28,0x0000000084300000)
 Metaspace       used 36298K, committed 37248K, reserved 1114112K
  class space    used 3775K, committed 4160K, reserved 1048576K
}
Event: 4.708 GC heap after
{Heap after GC invocations=21 (full 2):
 PSYoungGen      total 22528K, used 576K [0x00000000d5580000, 0x00000000d6d00000, 0x0000000100000000)
  eden space 21504K, 0% used [0x00000000d5580000,0x00000000d5580000,0x00000000d6a80000)
  from space 1024K, 56% used [0x00000000d6b00000,0x00000000d6b90000,0x00000000d6c00000)
  to   space 1024K, 0% used [0x00000000d6c00000,0x00000000d6c00000,0x00000000d6d00000)
 ParOldGen       total 68608K, used 28198K [0x0000000080000000, 0x0000000084300000, 0x00000000d5580000)
  object space 68608K, 41% used [0x0000000080000000,0x0000000081b89a28,0x0000000084300000)
 Metaspace       used 36298K, committed 37248K, reserved 1114112K
  class space    used 3775K, committed 4160K, reserved 1048576K
}
Event: 4.886 GC heap before
{Heap before GC invocations=22 (full 2):
 PSYoungGen      total 22528K, used 22059K [0x00000000d5580000, 0x00000000d6d00000, 0x0000000100000000)
  eden space 21504K, 99% used [0x00000000d5580000,0x00000000d6a7af88,0x00000000d6a80000)
  from space 1024K, 56% used [0x00000000d6b00000,0x00000000d6b90000,0x00000000d6c00000)
  to   space 1024K, 0% used [0x00000000d6c00000,0x00000000d6c00000,0x00000000d6d00000)
 ParOldGen       total 68608K, used 28198K [0x0000000080000000, 0x0000000084300000, 0x00000000d5580000)
  object space 68608K, 41% used [0x0000000080000000,0x0000000081b89a28,0x0000000084300000)
 Metaspace       used 37738K, committed 38720K, reserved 1114112K
  class space    used 3863K, committed 4224K, reserved 1048576K
}
Event: 4.887 GC heap after
{Heap after GC invocations=22 (full 2):
 PSYoungGen      total 22016K, used 1008K [0x00000000d5580000, 0x00000000d6e80000, 0x0000000100000000)
  eden space 20992K, 0% used [0x00000000d5580000,0x00000000d5580000,0x00000000d6a00000)
  from space 1024K, 98% used [0x00000000d6c00000,0x00000000d6cfc038,0x00000000d6d00000)
  to   space 2048K, 0% used [0x00000000d6a00000,0x00000000d6a00000,0x00000000d6c00000)
 ParOldGen       total 68608K, used 28630K [0x0000000080000000, 0x0000000084300000, 0x00000000d5580000)
  object space 68608K, 41% used [0x0000000080000000,0x0000000081bf5a28,0x0000000084300000)
 Metaspace       used 37738K, committed 38720K, reserved 1114112K
  class space    used 3863K, committed 4224K, reserved 1048576K
}
Event: 4.925 GC heap before
{Heap before GC invocations=23 (full 2):
 PSYoungGen      total 22016K, used 21938K [0x00000000d5580000, 0x00000000d6e80000, 0x0000000100000000)
  eden space 20992K, 99% used [0x00000000d5580000,0x00000000d69f08d0,0x00000000d6a00000)
  from space 1024K, 98% used [0x00000000d6c00000,0x00000000d6cfc038,0x00000000d6d00000)
  to   space 2048K, 0% used [0x00000000d6a00000,0x00000000d6a00000,0x00000000d6c00000)
 ParOldGen       total 68608K, used 28630K [0x0000000080000000, 0x0000000084300000, 0x00000000d5580000)
  object space 68608K, 41% used [0x0000000080000000,0x0000000081bf5a28,0x0000000084300000)
 Metaspace       used 37795K, committed 38784K, reserved 1114112K
  class space    used 3868K, committed 4224K, reserved 1048576K
}
Event: 4.927 GC heap after
{Heap after GC invocations=23 (full 2):
 PSYoungGen      total 22528K, used 1079K [0x00000000d5580000, 0x00000000d6d00000, 0x0000000100000000)
  eden space 20992K, 0% used [0x00000000d5580000,0x00000000d5580000,0x00000000d6a00000)
  from space 1536K, 70% used [0x00000000d6a00000,0x00000000d6b0dc60,0x00000000d6b80000)
  to   space 1536K, 0% used [0x00000000d6b80000,0x00000000d6b80000,0x00000000d6d00000)
 ParOldGen       total 68608K, used 29265K [0x0000000080000000, 0x0000000084300000, 0x00000000d5580000)
  object space 68608K, 42% used [0x0000000080000000,0x0000000081c94618,0x0000000084300000)
 Metaspace       used 37795K, committed 38784K, reserved 1114112K
  class space    used 3868K, committed 4224K, reserved 1048576K
}
Event: 5.140 GC heap before
{Heap before GC invocations=24 (full 2):
 PSYoungGen      total 22528K, used 22071K [0x00000000d5580000, 0x00000000d6d00000, 0x0000000100000000)
  eden space 20992K, 100% used [0x00000000d5580000,0x00000000d6a00000,0x00000000d6a00000)
  from space 1536K, 70% used [0x00000000d6a00000,0x00000000d6b0dc60,0x00000000d6b80000)
  to   space 1536K, 0% used [0x00000000d6b80000,0x00000000d6b80000,0x00000000d6d00000)
 ParOldGen       total 68608K, used 29265K [0x0000000080000000, 0x0000000084300000, 0x00000000d5580000)
  object space 68608K, 42% used [0x0000000080000000,0x0000000081c94618,0x0000000084300000)
 Metaspace       used 40585K, committed 41600K, reserved 1114112K
  class space    used 4149K, committed 4544K, reserved 1048576K
}
Event: 5.142 GC heap after
{Heap after GC invocations=24 (full 2):
 PSYoungGen      total 22528K, used 1073K [0x00000000d5580000, 0x00000000d6d00000, 0x0000000100000000)
  eden space 20992K, 0% used [0x00000000d5580000,0x00000000d5580000,0x00000000d6a00000)
  from space 1536K, 69% used [0x00000000d6b80000,0x00000000d6c8c408,0x00000000d6d00000)
  to   space 1536K, 0% used [0x00000000d6a00000,0x00000000d6a00000,0x00000000d6b80000)
 ParOldGen       total 68608K, used 29362K [0x0000000080000000, 0x0000000084300000, 0x00000000d5580000)
  object space 68608K, 42% used [0x0000000080000000,0x0000000081caca88,0x0000000084300000)
 Metaspace       used 40585K, committed 41600K, reserved 1114112K
  class space    used 4149K, committed 4544K, reserved 1048576K
}
Event: 6.160 GC heap before
{Heap before GC invocations=25 (full 2):
 PSYoungGen      total 22528K, used 22065K [0x00000000d5580000, 0x00000000d6d00000, 0x0000000100000000)
  eden space 20992K, 100% used [0x00000000d5580000,0x00000000d6a00000,0x00000000d6a00000)
  from space 1536K, 69% used [0x00000000d6b80000,0x00000000d6c8c408,0x00000000d6d00000)
  to   space 1536K, 0% used [0x00000000d6a00000,0x00000000d6a00000,0x00000000d6b80000)
 ParOldGen       total 68608K, used 29362K [0x0000000080000000, 0x0000000084300000, 0x00000000d5580000)
  object space 68608K, 42% used [0x0000000080000000,0x0000000081caca88,0x0000000084300000)
 Metaspace       used 42583K, committed 43584K, reserved 1114112K
  class space    used 4309K, committed 4736K, reserved 1048576K
}
Event: 6.162 GC heap after
{Heap after GC invocations=25 (full 2):
 PSYoungGen      total 22528K, used 1248K [0x00000000d5580000, 0x00000000d6d00000, 0x0000000100000000)
  eden space 20992K, 0% used [0x00000000d5580000,0x00000000d5580000,0x00000000d6a00000)
  from space 1536K, 81% used [0x00000000d6a00000,0x00000000d6b38020,0x00000000d6b80000)
  to   space 1536K, 0% used [0x00000000d6b80000,0x00000000d6b80000,0x00000000d6d00000)
 ParOldGen       total 68608K, used 30130K [0x0000000080000000, 0x0000000084300000, 0x00000000d5580000)
  object space 68608K, 43% used [0x0000000080000000,0x0000000081d6cb50,0x0000000084300000)
 Metaspace       used 42583K, committed 43584K, reserved 1114112K
  class space    used 4309K, committed 4736K, reserved 1048576K
}

Dll operation events (10 events):
Event: 0.011 Loaded shared library c:\Users\boini\.vscode\extensions\redhat.java-1.55.0-win32-x64\jre\21.0.11-win32-x86_64\bin\java.dll
Event: 0.079 Loaded shared library c:\Users\boini\.vscode\extensions\redhat.java-1.55.0-win32-x64\jre\21.0.11-win32-x86_64\bin\zip.dll
Event: 0.104 Loaded shared library C:\Users\boini\.vscode\extensions\redhat.java-1.55.0-win32-x64\jre\21.0.11-win32-x86_64\bin\instrument.dll
Event: 0.108 Loaded shared library C:\Users\boini\.vscode\extensions\redhat.java-1.55.0-win32-x64\jre\21.0.11-win32-x86_64\bin\net.dll
Event: 0.111 Loaded shared library C:\Users\boini\.vscode\extensions\redhat.java-1.55.0-win32-x64\jre\21.0.11-win32-x86_64\bin\nio.dll
Event: 0.116 Loaded shared library C:\Users\boini\.vscode\extensions\redhat.java-1.55.0-win32-x64\jre\21.0.11-win32-x86_64\bin\zip.dll
Event: 0.134 Loaded shared library C:\Users\boini\.vscode\extensions\redhat.java-1.55.0-win32-x64\jre\21.0.11-win32-x86_64\bin\jimage.dll
Event: 0.200 Loaded shared library c:\Users\boini\.vscode\extensions\redhat.java-1.55.0-win32-x64\jre\21.0.11-win32-x86_64\bin\verify.dll
Event: 1.296 Loaded shared library C:\Users\boini\AppData\Roaming\Code\User\globalStorage\redhat.java\1.55.0\config_ss_win\org.eclipse.equinox.launcher\org.eclipse.equinox.launcher.win32.win32.x86_64_1.3.100.v20260613-0559\eclipse_11924.dll
Event: 2.495 Loaded shared library C:\Users\boini\AppData\Local\Temp\jna-93916279\jna12401488835428291341.dll

Deoptimization events (20 events):
Event: 6.171 Thread 0x000001d6f9f51fb0 Uncommon trap: trap_request=0xffffffde fr.pc=0x000001d6a4d5799c relative=0x000000000000065c
Event: 6.171 Thread 0x000001d6f9f51fb0 Uncommon trap: reason=class_check action=maybe_recompile pc=0x000001d6a4d5799c method=org.eclipse.jdt.internal.compiler.parser.Parser.consumeRule(I)V @ 4137 c2
Event: 6.171 Thread 0x000001d6f9f51fb0 DEOPT PACKING pc=0x000001d6a4d5799c sp=0x0000007993cfe460
Event: 6.171 Thread 0x000001d6f9f51fb0 DEOPT UNPACKING pc=0x000001d6a4573aa2 sp=0x0000007993cfe410 mode 2
Event: 6.171 Thread 0x000001d6f9f51fb0 Uncommon trap: trap_request=0xffffffde fr.pc=0x000001d6a4d5799c relative=0x000000000000065c
Event: 6.171 Thread 0x000001d6f9f51fb0 Uncommon trap: reason=class_check action=maybe_recompile pc=0x000001d6a4d5799c method=org.eclipse.jdt.internal.compiler.parser.Parser.consumeRule(I)V @ 4137 c2
Event: 6.171 Thread 0x000001d6f9f51fb0 DEOPT PACKING pc=0x000001d6a4d5799c sp=0x0000007993cfe460
Event: 6.172 Thread 0x000001d6f9f51fb0 DEOPT UNPACKING pc=0x000001d6a4573aa2 sp=0x0000007993cfe410 mode 2
Event: 6.188 Thread 0x000001d6f9f51fb0 DEOPT PACKING pc=0x000001d69d4dfcf1 sp=0x0000007993cfb480
Event: 6.188 Thread 0x000001d6f9f51fb0 DEOPT UNPACKING pc=0x000001d6a4574242 sp=0x0000007993cfaa28 mode 0
Event: 6.219 Thread 0x000001d6f9f51fb0 Uncommon trap: trap_request=0xffffff54 fr.pc=0x000001d6a4d88c64 relative=0x0000000000001264
Event: 6.219 Thread 0x000001d6f9f51fb0 Uncommon trap: reason=speculate_null_assert action=make_not_entrant pc=0x000001d6a4d88c64 method=org.eclipse.jdt.internal.core.JavaModelCache.getInfo(Lorg/eclipse/jdt/core/IJavaElement;)Lorg/eclipse/jdt/internal/compiler/env/IElementInfo; @ 123 c2
Event: 6.219 Thread 0x000001d6f9f51fb0 DEOPT PACKING pc=0x000001d6a4d88c64 sp=0x0000007993cfdac0
Event: 6.219 Thread 0x000001d6f9f51fb0 DEOPT UNPACKING pc=0x000001d6a4573aa2 sp=0x0000007993cfda40 mode 2
Event: 6.219 Thread 0x000001d6f9f51fb0 Uncommon trap: trap_request=0xffffff54 fr.pc=0x000001d6a4d8c9b8 relative=0x0000000000000e98
Event: 6.219 Thread 0x000001d6f9f51fb0 Uncommon trap: reason=speculate_null_assert action=make_not_entrant pc=0x000001d6a4d8c9b8 method=org.eclipse.jdt.internal.core.JavaModelCache.getInfo(Lorg/eclipse/jdt/core/IJavaElement;)Lorg/eclipse/jdt/internal/compiler/env/IElementInfo; @ 123 c2
Event: 6.219 Thread 0x000001d6f9f51fb0 DEOPT PACKING pc=0x000001d6a4d8c9b8 sp=0x0000007993cfda50
Event: 6.219 Thread 0x000001d6f9f51fb0 DEOPT UNPACKING pc=0x000001d6a4573aa2 sp=0x0000007993cfda38 mode 2
Event: 6.229 Thread 0x000001d6f9f51fb0 DEOPT PACKING pc=0x000001d69d7c6530 sp=0x0000007993cfde80
Event: 6.229 Thread 0x000001d6f9f51fb0 DEOPT UNPACKING pc=0x000001d6a4574242 sp=0x0000007993cfd368 mode 0

Classes loaded (20 events):
Event: 4.831 Loading class java/util/stream/Node$Builder$OfInt done
Event: 4.831 Loading class java/util/stream/Nodes$IntArrayNode
Event: 4.831 Loading class java/util/stream/Nodes$IntArrayNode done
Event: 4.831 Loading class java/util/stream/Nodes$IntFixedNodeBuilder done
Event: 4.831 Loading class java/util/stream/ReferencePipeline$4$1
Event: 4.831 Loading class java/util/stream/ReferencePipeline$4$1 done
Event: 4.971 Loading class java/util/zip/CheckedInputStream
Event: 4.972 Loading class java/util/zip/CheckedInputStream done
Event: 5.050 Loading class java/util/stream/ReduceOps$4
Event: 5.050 Loading class java/util/stream/ReduceOps$4 done
Event: 5.050 Loading class java/util/stream/ReduceOps$4ReducingSink
Event: 5.050 Loading class java/util/stream/ReduceOps$4ReducingSink done
Event: 5.051 Loading class java/nio/file/Files$2
Event: 5.051 Loading class java/nio/file/Files$2 done
Event: 5.092 Loading class java/util/concurrent/ArrayBlockingQueue
Event: 5.093 Loading class java/util/concurrent/ArrayBlockingQueue done
Event: 5.693 Loading class java/io/FileReader
Event: 5.693 Loading class java/io/FileReader done
Event: 5.693 Loading class java/lang/UnsupportedClassVersionError
Event: 5.693 Loading class java/lang/UnsupportedClassVersionError done

Classes unloaded (20 events):
Event: 4.370 Thread 0x000001d699eae730 Unloading class 0x000001d6b2396000 'java/lang/invoke/LambdaForm$MH+0x000001d6b2396000'
Event: 4.370 Thread 0x000001d699eae730 Unloading class 0x000001d6b2395c00 'java/lang/invoke/LambdaForm$MH+0x000001d6b2395c00'
Event: 4.370 Thread 0x000001d699eae730 Unloading class 0x000001d6b2392400 'java/lang/invoke/LambdaForm$MH+0x000001d6b2392400'
Event: 4.370 Thread 0x000001d699eae730 Unloading class 0x000001d6b2392000 'java/lang/invoke/LambdaForm$MH+0x000001d6b2392000'
Event: 4.370 Thread 0x000001d699eae730 Unloading class 0x000001d6b2391800 'java/lang/invoke/LambdaForm$MH+0x000001d6b2391800'
Event: 4.370 Thread 0x000001d699eae730 Unloading class 0x000001d6b2391400 'java/lang/invoke/LambdaForm$MH+0x000001d6b2391400'
Event: 4.370 Thread 0x000001d699eae730 Unloading class 0x000001d6b2390c00 'java/lang/invoke/LambdaForm$MH+0x000001d6b2390c00'
Event: 4.370 Thread 0x000001d699eae730 Unloading class 0x000001d6b2390800 'java/lang/invoke/LambdaForm$MH+0x000001d6b2390800'
Event: 4.370 Thread 0x000001d699eae730 Unloading class 0x000001d6b2390400 'java/lang/invoke/LambdaForm$MH+0x000001d6b2390400'
Event: 4.370 Thread 0x000001d699eae730 Unloading class 0x000001d6b238fc00 'java/lang/invoke/LambdaForm$MH+0x000001d6b238fc00'
Event: 4.370 Thread 0x000001d699eae730 Unloading class 0x000001d6b238f800 'java/lang/invoke/LambdaForm$MH+0x000001d6b238f800'
Event: 4.370 Thread 0x000001d699eae730 Unloading class 0x000001d6b238f000 'java/lang/invoke/LambdaForm$MH+0x000001d6b238f000'
Event: 4.370 Thread 0x000001d699eae730 Unloading class 0x000001d6b238e800 'java/lang/invoke/LambdaForm$MH+0x000001d6b238e800'
Event: 4.370 Thread 0x000001d699eae730 Unloading class 0x000001d6b238e400 'java/lang/invoke/LambdaForm$MH+0x000001d6b238e400'
Event: 4.370 Thread 0x000001d699eae730 Unloading class 0x000001d6b238dc00 'java/lang/invoke/LambdaForm$MH+0x000001d6b238dc00'
Event: 4.370 Thread 0x000001d699eae730 Unloading class 0x000001d6b238d800 'java/lang/invoke/LambdaForm$MH+0x000001d6b238d800'
Event: 4.370 Thread 0x000001d699eae730 Unloading class 0x000001d6b238d400 'java/lang/invoke/LambdaForm$MH+0x000001d6b238d400'
Event: 4.370 Thread 0x000001d699eae730 Unloading class 0x000001d6b238cc00 'java/lang/invoke/LambdaForm$MH+0x000001d6b238cc00'
Event: 4.370 Thread 0x000001d699eae730 Unloading class 0x000001d6b238c800 'java/lang/invoke/LambdaForm$DMH+0x000001d6b238c800'
Event: 4.370 Thread 0x000001d699eae730 Unloading class 0x000001d6b238c400 'java/lang/invoke/LambdaForm$DMH+0x000001d6b238c400'

Classes redefined (0 events):
No events

Internal exceptions (20 events):
Event: 3.867 Thread 0x000001d6f9f4a990 Exception <a 'java/lang/NoSuchMethodError'{0x00000000d5f7d718}: 'java.lang.Object java.lang.invoke.DirectMethodHandle$Holder.invokeStatic(java.lang.Object, int, java.lang.Object, java.lang.Object)'> (0x00000000d5f7d718) 
thrown [s\src\hotspot\share\interpreter\linkResolver.cpp, line 773]
Event: 3.867 Thread 0x000001d6f9f4c3d0 Exception <a 'java/lang/NoSuchMethodError'{0x00000000d5faa958}: 'java.lang.Object java.lang.invoke.DelegatingMethodHandle$Holder.delegate(java.lang.Object, int, java.lang.Object, java.lang.Object)'> (0x00000000d5faa958) 
thrown [s\src\hotspot\share\interpreter\linkResolver.cpp, line 773]
Event: 3.867 Thread 0x000001d6f9f4a990 Exception <a 'java/lang/NoSuchMethodError'{0x00000000d5f80d10}: 'java.lang.Object java.lang.invoke.DelegatingMethodHandle$Holder.delegate(java.lang.Object, int, java.lang.Object, java.lang.Object)'> (0x00000000d5f80d10) 
thrown [s\src\hotspot\share\interpreter\linkResolver.cpp, line 773]
Event: 3.868 Thread 0x000001d6f9f4c3d0 Implicit null exception at 0x000001d6a4c7c593 to 0x000001d6a4c7c838
Event: 3.870 Thread 0x000001d6f9f4a990 Exception <a 'java/lang/NoSuchMethodError'{0x00000000d5f8fd80}: 'int java.lang.invoke.Invokers$Holder.linkToTargetMethod(java.lang.Object, java.lang.Object, java.lang.Object)'> (0x00000000d5f8fd80) 
thrown [s\src\hotspot\share\interpreter\linkResolver.cpp, line 773]
Event: 3.870 Thread 0x000001d6f9f4c3d0 Exception <a 'java/lang/NoSuchMethodError'{0x00000000d5fbe658}: 'int java.lang.invoke.Invokers$Holder.linkToTargetMethod(java.lang.Object, java.lang.Object, java.lang.Object)'> (0x00000000d5fbe658) 
thrown [s\src\hotspot\share\interpreter\linkResolver.cpp, line 773]
Event: 4.195 Thread 0x000001d6f9f4a990 Implicit null exception at 0x000001d6a4c39106 to 0x000001d6a4c391fc
Event: 4.782 Thread 0x000001d6f9f4a990 Exception <a 'java/io/FileNotFoundException'{0x00000000d59b0040}> (0x00000000d59b0040) 
thrown [s\src\hotspot\share\prims\jni.cpp, line 520]
Event: 4.782 Thread 0x000001d6f9f4a990 Exception <a 'java/io/FileNotFoundException'{0x00000000d59b12e0}> (0x00000000d59b12e0) 
thrown [s\src\hotspot\share\prims\jni.cpp, line 520]
Event: 4.782 Thread 0x000001d6f9f4a990 Exception <a 'java/io/FileNotFoundException'{0x00000000d59b22f8}> (0x00000000d59b22f8) 
thrown [s\src\hotspot\share\prims\jni.cpp, line 520]
Event: 4.936 Thread 0x000001d6f8e09090 Exception <a 'java/io/FileNotFoundException'{0x00000000d577c0f8}> (0x00000000d577c0f8) 
thrown [s\src\hotspot\share\prims\jni.cpp, line 520]
Event: 4.937 Thread 0x000001d6f8e09090 Exception <a 'java/io/FileNotFoundException'{0x00000000d577d5f8}> (0x00000000d577d5f8) 
thrown [s\src\hotspot\share\prims\jni.cpp, line 520]
Event: 4.937 Thread 0x000001d6f8e09090 Exception <a 'java/io/FileNotFoundException'{0x00000000d577e618}> (0x00000000d577e618) 
thrown [s\src\hotspot\share\prims\jni.cpp, line 520]
Event: 5.038 Thread 0x000001d6f9f4a990 Exception <a 'java/lang/IncompatibleClassChangeError'{0x00000000d6297558}: Found class java.lang.Object, but interface was expected> (0x00000000d6297558) 
thrown [s\src\hotspot\share\interpreter\linkResolver.cpp, line 840]
Event: 5.053 Thread 0x000001d6f8e09090 Exception <a 'java/lang/NoSuchMethodError'{0x00000000d63ec560}: 'int java.lang.invoke.DirectMethodHandle$Holder.invokeSpecialIFC(java.lang.Object, java.lang.Object, java.lang.Object)'> (0x00000000d63ec560) 
thrown [s\src\hotspot\share\interpreter\linkResolver.cpp, line 773]
Event: 5.438 Thread 0x000001d6f9f51fb0 Exception <a 'java/lang/NoSuchMethodError'{0x00000000d5780a18}: 'java.lang.Object java.lang.invoke.DirectMethodHandle$Holder.invokeSpecial(java.lang.Object, java.lang.Object, int, long)'> (0x00000000d5780a18) 
thrown [s\src\hotspot\share\interpreter\linkResolver.cpp, line 773]
Event: 5.615 Thread 0x000001d6f9f4a990 Exception <a 'java/lang/IncompatibleClassChangeError'{0x00000000d5846e58}: Found class java.lang.Object, but interface was expected> (0x00000000d5846e58) 
thrown [s\src\hotspot\share\interpreter\linkResolver.cpp, line 840]
Event: 5.700 Thread 0x000001d6f9f4c3d0 Exception <a 'java/lang/NoSuchMethodError'{0x00000000d5a5cd98}: 'int java.lang.invoke.Invokers$Holder.invokeExact_MT(java.lang.Object, java.lang.Object)'> (0x00000000d5a5cd98) 
thrown [s\src\hotspot\share\interpreter\linkResolver.cpp, line 773]
Event: 5.749 Thread 0x000001d6f9f4c3d0 Exception <a 'java/lang/NoSuchMethodError'{0x00000000d5bf5ed8}: 'int java.lang.invoke.DirectMethodHandle$Holder.invokeInterface(java.lang.Object, java.lang.Object)'> (0x00000000d5bf5ed8) 
thrown [s\src\hotspot\share\interpreter\linkResolver.cpp, line 773]
Event: 5.750 Thread 0x000001d6f9f4c3d0 Exception <a 'java/lang/IncompatibleClassChangeError'{0x00000000d5bf91a8}: Found class java.lang.Object, but interface was expected> (0x00000000d5bf91a8) 
thrown [s\src\hotspot\share\interpreter\linkResolver.cpp, line 840]

ZGC Phase Switch (0 events):
No events

VM Operations (20 events):
Event: 4.773 Executing non-safepoint VM operation: HandshakeAllThreads (Deoptimize)
Event: 4.773 Executing non-safepoint VM operation: HandshakeAllThreads (Deoptimize) done
Event: 4.885 Executing safepoint VM operation: ParallelGCFailedAllocation (Allocation Failure)
Event: 4.887 Executing safepoint VM operation: ParallelGCFailedAllocation (Allocation Failure) done
Event: 4.920 Executing non-safepoint VM operation: HandshakeAllThreads (Deoptimize)
Event: 4.920 Executing non-safepoint VM operation: HandshakeAllThreads (Deoptimize) done
Event: 4.925 Executing safepoint VM operation: ParallelGCFailedAllocation (Allocation Failure)
Event: 4.927 Executing safepoint VM operation: ParallelGCFailedAllocation (Allocation Failure) done
Event: 5.010 Executing non-safepoint VM operation: HandshakeAllThreads (Deoptimize)
Event: 5.010 Executing non-safepoint VM operation: HandshakeAllThreads (Deoptimize) done
Event: 5.140 Executing safepoint VM operation: ParallelGCFailedAllocation (Allocation Failure)
Event: 5.142 Executing safepoint VM operation: ParallelGCFailedAllocation (Allocation Failure) done
Event: 5.697 Executing non-safepoint VM operation: HandshakeAllThreads (Deoptimize)
Event: 5.697 Executing non-safepoint VM operation: HandshakeAllThreads (Deoptimize) done
Event: 5.771 Executing non-safepoint VM operation: HandshakeAllThreads (Deoptimize)
Event: 5.771 Executing non-safepoint VM operation: HandshakeAllThreads (Deoptimize) done
Event: 6.157 Executing safepoint VM operation: ICBufferFull
Event: 6.157 Executing safepoint VM operation: ICBufferFull done
Event: 6.160 Executing safepoint VM operation: ParallelGCFailedAllocation (Allocation Failure)
Event: 6.162 Executing safepoint VM operation: ParallelGCFailedAllocation (Allocation Failure) done

Memory protections (0 events):
No events

Nmethod flushes (20 events):
Event: 4.374 Thread 0x000001d699eae730 flushing  nmethod 0x000001d69d349d90
Event: 4.374 Thread 0x000001d699eae730 flushing  nmethod 0x000001d69d3b6110
Event: 4.374 Thread 0x000001d699eae730 flushing  nmethod 0x000001d69d3fa390
Event: 4.374 Thread 0x000001d699eae730 flushing  nmethod 0x000001d69d411010
Event: 4.374 Thread 0x000001d699eae730 flushing  nmethod 0x000001d69d415f90
Event: 4.374 Thread 0x000001d699eae730 flushing  nmethod 0x000001d69d445c90
Event: 4.374 Thread 0x000001d699eae730 flushing  nmethod 0x000001d69d449390
Event: 4.374 Thread 0x000001d699eae730 flushing  nmethod 0x000001d69d44a910
Event: 4.374 Thread 0x000001d699eae730 flushing  nmethod 0x000001d69d48c890
Event: 4.374 Thread 0x000001d699eae730 flushing  nmethod 0x000001d69d48cd90
Event: 4.374 Thread 0x000001d699eae730 flushing  nmethod 0x000001d69d48d190
Event: 4.374 Thread 0x000001d699eae730 flushing  nmethod 0x000001d69d48d610
Event: 4.374 Thread 0x000001d699eae730 flushing  nmethod 0x000001d69d48de90
Event: 4.374 Thread 0x000001d699eae730 flushing  nmethod 0x000001d69d48ec90
Event: 4.374 Thread 0x000001d699eae730 flushing  nmethod 0x000001d69d48f090
Event: 4.374 Thread 0x000001d699eae730 flushing  nmethod 0x000001d69d49f610
Event: 4.374 Thread 0x000001d699eae730 flushing  nmethod 0x000001d69d4a8890
Event: 4.374 Thread 0x000001d699eae730 flushing  nmethod 0x000001d69d4ac890
Event: 4.374 Thread 0x000001d699eae730 flushing  nmethod 0x000001d69d4bbf90
Event: 4.374 Thread 0x000001d699eae730 flushing  nmethod 0x000001d69d4bde90

Events (20 events):
Event: 3.280 Thread 0x000001d699df1600 Thread added: 0x000001d6f9f4f1c0
Event: 3.280 Thread 0x000001d699df1600 Thread added: 0x000001d6f9f4bd40
Event: 3.280 Thread 0x000001d699df1600 Thread added: 0x000001d6f9f4b020
Event: 3.280 Thread 0x000001d699df1600 Thread added: 0x000001d6f9f4de10
Event: 3.280 Thread 0x000001d699df1600 Thread added: 0x000001d6f9f50570
Event: 3.298 Thread 0x000001d699df1600 Thread added: 0x000001d6f9f4eb30
Event: 3.454 Thread 0x000001d699df1600 Thread added: 0x000001d6f9f51920
Event: 3.454 Thread 0x000001d699df1600 Thread added: 0x000001d6f9f4a990
Event: 3.459 Thread 0x000001d6f8ce41e0 Thread added: 0x000001d6f9f51fb0
Event: 3.460 Thread 0x000001d6f8ce41e0 Thread added: 0x000001d6f9f4d780
Event: 3.635 Thread 0x000001d6f9f4a990 Thread added: 0x000001d6f9f4c3d0
Event: 3.636 Thread 0x000001d6f9f4a990 Thread added: 0x000001d6f9f4e4a0
Event: 5.022 Thread 0x000001d6f8e09090 Thread added: 0x000001d6f9f4d0f0
Event: 5.022 Thread 0x000001d6f8e09090 Thread added: 0x000001d6f9f51290
Event: 5.093 Thread 0x000001d6f8e09090 Thread added: 0x000001d6f9f4f850
Event: 5.138 Thread 0x000001d6f8e09090 Thread added: 0x000001d6f9f4fee0
Event: 5.433 Thread 0x000001d6f8cf9fa0 Thread exited: 0x000001d6f8cf9fa0
Event: 5.708 Thread 0x000001d6f37a3ee0 Thread added: 0x000001d6fa5e1330
Event: 6.043 Thread 0x000001d6fa5e1330 Thread exited: 0x000001d6fa5e1330
Event: 6.130 Thread 0x000001d6f37a6e00 Thread added: 0x000001d6fab565b0


Dynamic libraries:
0x00007ff7dc460000 - 0x00007ff7dc46e000 	c:\Users\boini\.vscode\extensions\redhat.java-1.55.0-win32-x64\jre\21.0.11-win32-x86_64\bin\java.exe
0x00007ffac9190000 - 0x00007ffac93a8000 	C:\windows\SYSTEM32\ntdll.dll
0x00007ffac88f0000 - 0x00007ffac89b4000 	C:\windows\System32\KERNEL32.DLL
0x00007ffac6610000 - 0x00007ffac69e3000 	C:\windows\System32\KERNELBASE.dll
0x00007ffac6a70000 - 0x00007ffac6b81000 	C:\windows\System32\ucrtbase.dll
0x00007ffa87350000 - 0x00007ffa87368000 	c:\Users\boini\.vscode\extensions\redhat.java-1.55.0-win32-x64\jre\21.0.11-win32-x86_64\bin\jli.dll
0x00007ffa87370000 - 0x00007ffa8738e000 	c:\Users\boini\.vscode\extensions\redhat.java-1.55.0-win32-x64\jre\21.0.11-win32-x86_64\bin\VCRUNTIME140.dll
0x00007ffac7de0000 - 0x00007ffac7f92000 	C:\windows\System32\USER32.dll
0x00007ffac6d30000 - 0x00007ffac6d56000 	C:\windows\System32\win32u.dll
0x00007ffac9120000 - 0x00007ffac9149000 	C:\windows\System32\GDI32.dll
0x00007ffaaaea0000 - 0x00007ffaab13c000 	C:\windows\WinSxS\amd64_microsoft.windows.common-controls_6595b64144ccf1df_6.0.22621.6060_none_2712eda17382d24b\COMCTL32.dll
0x00007ffac6b90000 - 0x00007ffac6cab000 	C:\windows\System32\gdi32full.dll
0x00007ffac6d60000 - 0x00007ffac6dfa000 	C:\windows\System32\msvcp_win.dll
0x00007ffac8370000 - 0x00007ffac8417000 	C:\windows\System32\msvcrt.dll
0x00007ffac8e50000 - 0x00007ffac8e81000 	C:\windows\System32\IMM32.DLL
0x00007ffab69e0000 - 0x00007ffab69ec000 	c:\Users\boini\.vscode\extensions\redhat.java-1.55.0-win32-x64\jre\21.0.11-win32-x86_64\bin\vcruntime140_1.dll
0x00007ffa872c0000 - 0x00007ffa8734d000 	c:\Users\boini\.vscode\extensions\redhat.java-1.55.0-win32-x64\jre\21.0.11-win32-x86_64\bin\msvcp140.dll
0x00007ff9ef560000 - 0x00007ff9f0302000 	c:\Users\boini\.vscode\extensions\redhat.java-1.55.0-win32-x64\jre\21.0.11-win32-x86_64\bin\server\jvm.dll
0x00007ffac7d00000 - 0x00007ffac7db1000 	C:\windows\System32\ADVAPI32.dll
0x00007ffac80b0000 - 0x00007ffac8158000 	C:\windows\System32\sechost.dll
0x00007ffac6e00000 - 0x00007ffac6e28000 	C:\windows\System32\bcrypt.dll
0x00007ffac8420000 - 0x00007ffac8538000 	C:\windows\System32\RPCRT4.dll
0x00007ffac8860000 - 0x00007ffac88d1000 	C:\windows\System32\WS2_32.dll
0x00007ffac6170000 - 0x00007ffac61bd000 	C:\windows\SYSTEM32\POWRPROF.dll
0x00007ffabba90000 - 0x00007ffabbac4000 	C:\windows\SYSTEM32\WINMM.dll
0x00007ffabb8d0000 - 0x00007ffabb8da000 	C:\windows\SYSTEM32\VERSION.dll
0x00007ffac6150000 - 0x00007ffac6163000 	C:\windows\SYSTEM32\UMPDC.dll
0x00007ffac5240000 - 0x00007ffac5258000 	C:\windows\SYSTEM32\kernel.appcore.dll
0x00007ffab6650000 - 0x00007ffab665a000 	c:\Users\boini\.vscode\extensions\redhat.java-1.55.0-win32-x64\jre\21.0.11-win32-x86_64\bin\jimage.dll
0x00007ffac3c70000 - 0x00007ffac3ea3000 	C:\windows\SYSTEM32\DBGHELP.DLL
0x00007ffac6ea0000 - 0x00007ffac7231000 	C:\windows\System32\combase.dll
0x00007ffac8290000 - 0x00007ffac8368000 	C:\windows\System32\OLEAUT32.dll
0x00007ffaa1710000 - 0x00007ffaa1742000 	C:\windows\SYSTEM32\dbgcore.DLL
0x00007ffac69f0000 - 0x00007ffac6a6b000 	C:\windows\System32\bcryptPrimitives.dll
0x00007ffab3a80000 - 0x00007ffab3a8f000 	c:\Users\boini\.vscode\extensions\redhat.java-1.55.0-win32-x64\jre\21.0.11-win32-x86_64\bin\instrument.dll
0x00007ffa872a0000 - 0x00007ffa872c0000 	c:\Users\boini\.vscode\extensions\redhat.java-1.55.0-win32-x64\jre\21.0.11-win32-x86_64\bin\java.dll
0x00007ffac73f0000 - 0x00007ffac7c8c000 	C:\windows\System32\SHELL32.dll
0x00007ffac62a0000 - 0x00007ffac63df000 	C:\windows\System32\wintypes.dll
0x00007ffac4150000 - 0x00007ffac4a6a000 	C:\windows\SYSTEM32\windows.storage.dll
0x00007ffac7fa0000 - 0x00007ffac80a4000 	C:\windows\System32\SHCORE.dll
0x00007ffac6e30000 - 0x00007ffac6e99000 	C:\windows\System32\shlwapi.dll
0x00007ffac61d0000 - 0x00007ffac61f5000 	C:\windows\SYSTEM32\profapi.dll
0x00007ffa87280000 - 0x00007ffa87298000 	c:\Users\boini\.vscode\extensions\redhat.java-1.55.0-win32-x64\jre\21.0.11-win32-x86_64\bin\zip.dll
0x00007ffaacdb0000 - 0x00007ffaacdc0000 	C:\Users\boini\.vscode\extensions\redhat.java-1.55.0-win32-x64\jre\21.0.11-win32-x86_64\bin\net.dll
0x00007ffac2c20000 - 0x00007ffac2d4c000 	C:\windows\SYSTEM32\WINHTTP.dll
0x00007ffac5710000 - 0x00007ffac5779000 	C:\windows\system32\mswsock.dll
0x00007ffa87260000 - 0x00007ffa87276000 	C:\Users\boini\.vscode\extensions\redhat.java-1.55.0-win32-x64\jre\21.0.11-win32-x86_64\bin\nio.dll
0x00007ffa87250000 - 0x00007ffa87260000 	c:\Users\boini\.vscode\extensions\redhat.java-1.55.0-win32-x64\jre\21.0.11-win32-x86_64\bin\verify.dll
0x00007ffaa5790000 - 0x00007ffaa57d5000 	C:\Users\boini\AppData\Roaming\Code\User\globalStorage\redhat.java\1.55.0\config_ss_win\org.eclipse.equinox.launcher\org.eclipse.equinox.launcher.win32.win32.x86_64_1.3.100.v20260613-0559\eclipse_11924.dll
0x00007ffac7240000 - 0x00007ffac73e1000 	C:\windows\System32\ole32.dll
0x00007ffac5930000 - 0x00007ffac594b000 	C:\windows\SYSTEM32\CRYPTSP.dll
0x00007ffac51a0000 - 0x00007ffac51d7000 	C:\windows\system32\rsaenh.dll
0x00007ffac57d0000 - 0x00007ffac57f8000 	C:\windows\SYSTEM32\USERENV.dll
0x00007ffac5950000 - 0x00007ffac595c000 	C:\windows\SYSTEM32\CRYPTBASE.dll
0x00007ffac4cd0000 - 0x00007ffac4cfd000 	C:\windows\SYSTEM32\IPHLPAPI.DLL
0x00007ffac88e0000 - 0x00007ffac88e9000 	C:\windows\System32\NSI.dll
0x00007ffa873a0000 - 0x00007ffa873e9000 	C:\Users\boini\AppData\Local\Temp\jna-93916279\jna12401488835428291341.dll
0x00007ffac8e90000 - 0x00007ffac8e98000 	C:\windows\System32\PSAPI.DLL
0x00007ffabd0f0000 - 0x00007ffabd109000 	C:\windows\SYSTEM32\dhcpcsvc6.DLL
0x00007ffabd0d0000 - 0x00007ffabd0ef000 	C:\windows\SYSTEM32\dhcpcsvc.DLL

JVMTI agents:
c:\Users\boini\.vscode\extensions\redhat.java-1.55.0-win32-x64\lombok\lombok-1.18.39-4050.jar path:c:\Users\boini\.vscode\extensions\redhat.java-1.55.0-win32-x64\jre\21.0.11-win32-x86_64\bin\instrument.dll, loaded, initialized, instrumentlib options:none

dbghelp: loaded successfully - version: 4.0.5 - missing functions: none
symbol engine: initialized successfully - sym options: 0x614 - pdb path: .;c:\Users\boini\.vscode\extensions\redhat.java-1.55.0-win32-x64\jre\21.0.11-win32-x86_64\bin;C:\windows\SYSTEM32;C:\windows\WinSxS\amd64_microsoft.windows.common-controls_6595b64144ccf1df_6.0.22621.6060_none_2712eda17382d24b;c:\Users\boini\.vscode\extensions\redhat.java-1.55.0-win32-x64\jre\21.0.11-win32-x86_64\bin\server;C:\Users\boini\AppData\Roaming\Code\User\globalStorage\redhat.java\1.55.0\config_ss_win\org.eclipse.equinox.launcher\org.eclipse.equinox.launcher.win32.win32.x86_64_1.3.100.v20260613-0559;C:\Users\boini\AppData\Local\Temp\jna-93916279

VM Arguments:
jvm_args: --add-modules=ALL-SYSTEM --add-opens=java.base/java.util=ALL-UNNAMED --add-opens=java.base/java.lang=ALL-UNNAMED --add-opens=java.base/sun.nio.fs=ALL-UNNAMED -Declipse.application=org.eclipse.jdt.ls.core.id1 -Dosgi.bundles.defaultStartLevel=4 -Declipse.product=org.eclipse.jdt.ls.core.product -Djava.import.generatesMetadataFilesAtProjectRoot=false -DDetectVMInstallationsJob.disabled=true -Dfile.encoding=utf8 -XX:+UseParallelGC -XX:GCTimeRatio=4 -XX:AdaptiveSizePolicyWeight=90 -Dsun.zip.disableMemoryMapping=true -Xmx2G -Xms100m -Xlog:disable -javaagent:c:\Users\boini\.vscode\extensions\redhat.java-1.55.0-win32-x64\lombok\lombok-1.18.39-4050.jar 
java_command: c:\Users\boini\.vscode\extensions\redhat.java-1.55.0-win32-x64\server\plugins\org.eclipse.equinox.launcher_1.7.200.v20260619-2039.jar -configuration c:\Users\boini\AppData\Roaming\Code\User\globalStorage\redhat.java\1.55.0\config_ss_win -data c:\Users\boini\AppData\Roaming\Code\User\workspaceStorage\e6bb11de103c9e1a934892c7d0c01b98\redhat.java\ss_ws --pipe=\\.\pipe\lsp-8c0929dc547038f4ab927882c4780306-sock
java_class_path (initial): c:\Users\boini\.vscode\extensions\redhat.java-1.55.0-win32-x64\server\plugins\org.eclipse.equinox.launcher_1.7.200.v20260619-2039.jar
Launcher Type: SUN_STANDARD

[Global flags]
    uintx AdaptiveSizePolicyWeight                 = 90                                        {product} {command line}
     intx CICompilerCount                          = 4                                         {product} {ergonomic}
    uintx GCTimeRatio                              = 4                                         {product} {command line}
   size_t InitialHeapSize                          = 104857600                                 {product} {command line}
   size_t MaxHeapSize                              = 2147483648                                {product} {command line}
   size_t MaxNewSize                               = 715653120                                 {product} {ergonomic}
   size_t MinHeapDeltaBytes                        = 524288                                    {product} {ergonomic}
   size_t MinHeapSize                              = 104857600                                 {product} {command line}
   size_t NewSize                                  = 34603008                                  {product} {ergonomic}
    uintx NonNMethodCodeHeapSize                   = 5839372                                {pd product} {ergonomic}
    uintx NonProfiledCodeHeapSize                  = 122909434                              {pd product} {ergonomic}
   size_t OldSize                                  = 70254592                                  {product} {ergonomic}
    uintx ProfiledCodeHeapSize                     = 122909434                              {pd product} {ergonomic}
    uintx ReservedCodeCacheSize                    = 251658240                              {pd product} {ergonomic}
     bool SegmentedCodeCache                       = true                                      {product} {ergonomic}
   size_t SoftMaxHeapSize                          = 2147483648                             {manageable} {ergonomic}
     bool UseCompressedOops                        = true                           {product lp64_product} {ergonomic}
     bool UseLargePagesIndividualAllocation        = false                                  {pd product} {ergonomic}
     bool UseParallelGC                            = true                                      {product} {command line}

Logging:
Log output configuration:
 #0: stdout all=off uptime,level,tags foldmultilines=false
 #1: stderr all=off uptime,level,tags foldmultilines=false

Release file:
JAVA_VERSION="21.0.11" 
MODULES="java.base java.compiler java.datatransfer java.xml java.prefs java.desktop java.instrument java.logging java.management java.security.sasl java.naming java.rmi java.management.rmi java.net.http java.scripting java.security.jgss java.transaction.xa java.sql java.sql.rowset java.xml.crypto java.se java.smartcardio jdk.accessibility jdk.internal.jvmstat jdk.attach jdk.charsets jdk.internal.opt jdk.zipfs jdk.compiler jdk.crypto.ec jdk.crypto.cryptoki jdk.crypto.mscapi jdk.dynalink jdk.internal.ed jdk.editpad jdk.hotspot.agent jdk.httpserver jdk.internal.le jdk.internal.vm.ci jdk.internal.vm.compiler jdk.internal.vm.compiler.management jdk.jartool jdk.javadoc jdk.jcmd jdk.management jdk.management.agent jdk.jconsole jdk.jdeps jdk.jdwp.agent jdk.jdi jdk.jfr jdk.jshell jdk.jsobject jdk.jstatd jdk.localedata jdk.management.jfr jdk.naming.dns jdk.naming.rmi jdk.net jdk.nio.mapmode jdk.random jdk.sctp jdk.security.auth jdk.security.jgss jdk.unsupported jdk.unsupported.desktop jdk.xml.dom" 

Environment Variables:
PATH=C:\oraclexe\app\oracle\product\11.2.0\server\bin;;C:\windows\system32;C:\windows;C:\windows\System32\Wbem;C:\windows\System32\WindowsPowerShell\v1.0\;C:\windows\System32\OpenSSH\;C:\Program Files (x86)\Microsoft SQL Server\160\DTS\Binn\;C:\Program Files\Azure Data Studio\bin;C:\Program Files (x86)\Microsoft SQL Server\150\Tools\Binn\;C:\Program Files\Microsoft SQL Server\150\Tools\Binn\;C:\Program Files (x86)\Microsoft SQL Server\150\DTS\Binn\;C:\Program Files\Microsoft SQL Server\150\DTS\Binn\;C:\Program Files\Microsoft SQL Server\Client SDK\ODBC\170\Tools\Binn\;C:\Program Files\Java\jdk-24\bin;C:\Program Files\Git\cmd;C:\Program Files\nodejs\;C:\Program Files\Git LFS;C:\Users\boini\AppData\Local\Programs\Python\Python310\Scripts\;C:\Users\boini\AppData\Local\Programs\Python\Python310\;C:\windows\system32;C:\windows;C:\windows\System32\Wbem;C:\windows\System32\WindowsPowerShell\v1.0\;C:\windows\System32\OpenSSH\;C:\Program Files (x86)\Microsoft SQL Server\160\DTS\Binn\;C:\Program Files\Azure Data Studio\bin;C:\Program Files (x86)\Microsoft SQL Server\150\Tools\Binn\;C:\Program Files\Microsoft SQL Server\150\Tools\Binn\;C:\Program Files (x86)\Microsoft SQL Server\150\DTS\Binn\;C:\Program Files\Microsoft SQL Server\150\DTS\Binn\;C:\Program Files\Microsoft SQL Server\Client SDK\ODBC\170\Tools\Binn\;C:\Program Files\Java\jdk-24\bin;C:\Program Files\Git\cmd;C:\Program Files\nodejs\;C:\Users\boini\AppData\Local\Programs\Python\Python37\Scripts\;C:\Users\boini\AppData\Local\Programs\Python\Python37\;C:\Program Files\Java;C:\Users\boini\AppData\Local\GitHubDesktop\bin;C:\Users\boini\AppData\Local\Programs\Microsoft VS Code\bin;C:\Users\boini\AppData\Roaming\npm;D:\Users\apache-maven-3.9.16-bin\apache-maven-3.9.16\bin;C:\Users\boini\AppData\Local\Programs\Antigravity IDE\bin
USERNAME=boini
OS=Windows_NT
PROCESSOR_IDENTIFIER=Intel64 Family 6 Model 154 Stepping 4, GenuineIntel
TMP=C:\Users\boini\AppData\Local\Temp
TEMP=C:\Users\boini\AppData\Local\Temp




Periodic native trim disabled

---------------  S Y S T E M  ---------------

OS:
 Windows 11 , 64 bit Build 22621 (10.0.22621.5415)
OS uptime: 1 days 7:32 hours
Hyper-V role detected

CPU: total 12 (initial active 12) (6 cores per cpu, 2 threads per core) family 6 model 154 stepping 4 microcode 0x42c, cx8, cmov, fxsr, ht, mmx, 3dnowpref, sse, sse2, sse3, ssse3, sse4.1, sse4.2, popcnt, lzcnt, tsc, tscinvbit, avx, avx2, aes, erms, clmul, bmi1, bmi2, adx, sha, fma, vzeroupper, clflush, clflushopt, clwb, hv, serialize, rdtscp, rdpid, fsrm, f16c, cet_ibt, cet_ss
Processor Information for processor 0
  Max Mhz: 1300, Current Mhz: 1300, Mhz Limit: 1300
Processor Information for processor 1
  Max Mhz: 1300, Current Mhz: 1300, Mhz Limit: 1300
Processor Information for processor 2
  Max Mhz: 1300, Current Mhz: 1300, Mhz Limit: 1300
Processor Information for processor 3
  Max Mhz: 1300, Current Mhz: 1300, Mhz Limit: 1300
Processor Information for processor 4
  Max Mhz: 1300, Current Mhz: 900, Mhz Limit: 897
Processor Information for processor 5
  Max Mhz: 1300, Current Mhz: 900, Mhz Limit: 897
Processor Information for processor 6
  Max Mhz: 1300, Current Mhz: 900, Mhz Limit: 897
Processor Information for processor 7
  Max Mhz: 1300, Current Mhz: 900, Mhz Limit: 897
Processor Information for processor 8
  Max Mhz: 1300, Current Mhz: 900, Mhz Limit: 897
Processor Information for processor 9
  Max Mhz: 1300, Current Mhz: 900, Mhz Limit: 897
Processor Information for processor 10
  Max Mhz: 1300, Current Mhz: 900, Mhz Limit: 897
Processor Information for processor 11
  Max Mhz: 1300, Current Mhz: 900, Mhz Limit: 897

Memory: 4k page, system-wide physical 7863M (424M free)
TotalPageFile size 14908M (AvailPageFile size 4M)
current process WorkingSet (physical memory assigned to process): 215M, peak: 215M
current process commit charge ("private bytes"): 333M, peak: 334M

vm_info: OpenJDK 64-Bit Server VM (21.0.11+10-LTS) for windows-amd64 JRE (21.0.11+10-LTS), built on 2026-04-21T00:00:00Z by "admin" with MS VC++ 17.12 (VS2022)

END.
