#
# A fatal error has been detected by the Java Runtime Environment:
#
#  EXCEPTION_UNCAUGHT_CXX_EXCEPTION (0xe06d7363) at pc=0x00007ff810da055c, pid=11184, tid=9804
#
# JRE version:  (21.0.11+10) (build )
# Java VM: OpenJDK 64-Bit Server VM (21.0.11+10-LTS, mixed mode, tiered, compressed oops, compressed class ptrs, parallel gc, windows-amd64)
# Problematic frame:
# C  [KERNELBASE.dll+0x6055c]
#
# No core dump will be written. Minidumps are not enabled by default on client versions of Windows
#
#

---------------  S U M M A R Y ------------

Command Line: --add-modules=ALL-SYSTEM --add-opens=java.base/java.util=ALL-UNNAMED --add-opens=java.base/java.lang=ALL-UNNAMED --add-opens=java.base/sun.nio.fs=ALL-UNNAMED -Declipse.application=org.eclipse.jdt.ls.core.id1 -Dosgi.bundles.defaultStartLevel=4 -Declipse.product=org.eclipse.jdt.ls.core.product -Djava.import.generatesMetadataFilesAtProjectRoot=false -DDetectVMInstallationsJob.disabled=true -Dfile.encoding=utf8 -XX:+UseParallelGC -XX:GCTimeRatio=4 -XX:AdaptiveSizePolicyWeight=90 -Dsun.zip.disableMemoryMapping=true -Xmx2G -Xms100m -Xlog:disable -javaagent:c:\Users\boini\.vscode\extensions\redhat.java-1.55.0-win32-x64\lombok\lombok-1.18.39-4050.jar -XX:+HeapDumpOnOutOfMemoryError -XX:HeapDumpPath=c:\Users\boini\AppData\Roaming\Code\User\workspaceStorage\e6bb11de103c9e1a934892c7d0c01b98\redhat.java -Daether.dependencyCollector.impl=bf c:\Users\boini\.vscode\extensions\redhat.java-1.55.0-win32-x64\server\plugins\org.eclipse.equinox.launcher_1.7.200.v20260619-2039.jar -configuration c:\Users\boini\AppData\Roaming\Code\User\globalStorage\redhat.java\1.55.0\config_win -data c:\Users\boini\AppData\Roaming\Code\User\workspaceStorage\e6bb11de103c9e1a934892c7d0c01b98\redhat.java\jdt_ws --pipe=\\.\pipe\lsp-10c0cab6e94965ee4e18841edebbe09f-sock

Host: 12th Gen Intel(R) Core(TM) i5-1235U, 12 cores, 7G,  Windows 11 , 64 bit Build 22621 (10.0.22621.5415)
Time: Thu Jul 30 08:34:42 2026 India Standard Time elapsed time: 0.382584 seconds (0d 0h 0m 0s)

---------------  T H R E A D  ---------------

Current thread (0x000002b4b3abdbf0):  JavaThread "Unknown thread" [_thread_in_vm, id=9804, stack(0x000000b73d200000,0x000000b73d300000) (1024K)]

Stack: [0x000000b73d200000,0x000000b73d300000],  sp=0x000000b73d2fef50,  free space=1019k
Native frames: (J=compiled Java code, j=interpreted, Vv=VM code, C=native code)
C  [KERNELBASE.dll+0x6055c]
C  [VCRUNTIME140.dll+0x5267]
C  [jimage.dll+0x3203]
C  [jimage.dll+0x2985]
C  [jimage.dll+0x1413]
C  [jimage.dll+0x1e13]
C  [jimage.dll+0x1eaa]
C  [jimage.dll+0x25d2]
V  [jvm.dll+0x2228c3]
V  [jvm.dll+0x221776]
V  [jvm.dll+0x82e69d]
V  [jvm.dll+0x82f6cb]
V  [jvm.dll+0x82fc94]
V  [jvm.dll+0x82f928]
V  [jvm.dll+0x8b3048]
V  [jvm.dll+0x8b2d76]
V  [jvm.dll+0x87d647]
V  [jvm.dll+0x87ef6d]
V  [jvm.dll+0x3c4ad9]
V  [jvm.dll+0x8683db]
V  [jvm.dll+0x457c41]
V  [jvm.dll+0x459831]
C  [jli.dll+0x52dc]
C  [ucrtbase.dll+0x29333]
C  [KERNEL32.DLL+0x1259d]
C  [ntdll.dll+0x5af78]


siginfo: EXCEPTION_UNCAUGHT_CXX_EXCEPTION (0xe06d7363), ExceptionInformation=0x0000000019930520 0x000000b73d2ff0b0 0x00007fffcf7f5278 0x00007fffcf7f0000 


Registers:
RAX=0x00007ff8137a0000, RBX=0x00007fffcf7f5278, RCX=0x0000000000000000, RDX=0x00007fff972a9431
RSP=0x000000b73d2fef50, RBP=0x000000b73d2ff1e0, RSI=0x000000b73d2ff0b0, RDI=0x0000000019930520
R8 =0x00007fff96ca1386, R9 =0x0000000000000000, R10=0x0000000000000040, R11=0x000002b4b3abdbf0
R12=0x0000000000008af2, R13=0x000002b4b3abdbf0, R14=0x000002b4b3b2ee90, R15=0x000002b4b3b2ee90
RIP=0x00007ff810da055c, EFLAGS=0x0000000000000202

XMM[0]=0x000002b4b3abdbf0 0x000002b4b17ae0c0
XMM[1]=0x000000b73d2ff2a8 0x000000b73d2ff2b8
XMM[2]=0x000000b73d2fea70 0x00000000000007cf
XMM[3]=0x000000b73d2fefb0 0x0000000000000026
XMM[4]=0x00007ff8111b2de3 0x0000000000000002
XMM[5]=0x00000000000007cf 0x000000b73d2fefc5
XMM[6]=0x0000000000000000 0x0000000000000000
XMM[7]=0x0000000000000000 0x0000000000000000
XMM[8]=0x0000000000000000 0x0000000000000000
XMM[9]=0x0000000000000000 0x0000000000000000
XMM[10]=0x0000000000000000 0x0000000000000000
XMM[11]=0x0000000000000000 0x0000000000000000
XMM[12]=0x0000000000000000 0x0000000000000000
XMM[13]=0x0000000000000000 0x0000000000000000
XMM[14]=0x0000000000000000 0x0000000000000000
XMM[15]=0x0000000000000000 0x0000000000000000
  MXCSR=0x00001fa0


Top of Stack: (sp=0x000000b73d2fef50)
0x000000b73d2fef50:   0000000000000000 00007fffcf7f5278   ........xR......
0x000000b73d2fef60:   000000b73d2ff0b0 0000000000000000   ../=............
0x000000b73d2fef70:   00000081e06d7363 0000000000000000   csm.............
0x000000b73d2fef80:   00007ff810da055c 0000000000000004   \...............
0x000000b73d2fef90:   0000000019930520 000000b73d2ff0b0    ........./=....
0x000000b73d2fefa0:   00007fffcf7f5278 00007fffcf7f0000   xR..............
0x000000b73d2fefb0:   000002b400000000 0000000000000002   ................
0x000000b73d2fefc0:   0000000000000000 00007fffcf7f5278   ........xR......
0x000000b73d2fefd0:   000002b4b3b2ee90 00007ff8137e6c6f   ........ol~.....
0x000000b73d2fefe0:   000000b73d2ff050 00007fffcf7f7000   P./=.....p......
0x000000b73d2feff0:   000000b73d2ff0b0 0000000019930520   ../=.... .......
0x000000b73d2ff000:   00007fffcf7f7000 00007fffcf7f0000   .p..............
0x000000b73d2ff010:   0000d240b7a8b8e4 00007ff810d6931b   ....@...........
0x000000b73d2ff020:   00007fffcf7f5278 00007ffff4f85267   xR......gR......
0x000000b73d2ff030:   0000c54cbe3b5851 0000000000000020   QX;.L... .......
0x000000b73d2ff040:   0000000000000008 00007ff8111c0475   ........u.......
0x000000b73d2ff050:   00007fffcf7f0000 0000000019930520   ........ .......
0x000000b73d2ff060:   000000b73d2ff0b0 00007fffcf7f5278   ../=....xR......
0x000000b73d2ff070:   00007fffcf7f0000 00007ff81121a649   ........I.!.....
0x000000b73d2ff080:   000002b4b3dfda6b 00007fffcf7f3203   k........2......
0x000000b73d2ff090:   0000000000000000 000002b4b3dfda6b   ........k.......
0x000000b73d2ff0a0:   0000000000008af2 000002b4b3dfda6b   ........k.......
0x000000b73d2ff0b0:   00007fffcf7f4478 00007fffcf7f4488   xD.......D......
0x000000b73d2ff0c0:   0000000000000000 000000b73d2f0000   ........../=....
0x000000b73d2ff0d0:   000002b4b3dfda6b 00007fffcf7f2985   k........)......
0x000000b73d2ff0e0:   0000000000008af2 00007ff8137accea   ..........z.....
0x000000b73d2ff0f0:   000002b4b15a0000 0000000000000000   ..Z.............
0x000000b73d2ff100:   000002b4b3dfda6b 00007fffcf7f1413   k...............
0x000000b73d2ff110:   000002b4b15a0cc0 000002b4b3abe348   ..Z.....H.......
0x000000b73d2ff120:   0000000000000002 0000000000000010   ................
0x000000b73d2ff130:   0000000000000000 0000000000000020   ........ .......
0x000000b73d2ff140:   00000000cafefafa 0000000000003f35   ........5?......

Instructions: (pc=0x00007ff810da055c)
0x00007ff810da045c:   ff 4c 8d 05 0c 4c 2f 00 33 d2 b9 00 00 10 00 e8
0x00007ff810da046c:   b0 37 fe ff 4c 8b f0 48 89 44 24 58 48 85 c0 0f
0x00007ff810da047c:   84 0b fe ff ff 4c 8d 05 30 4c 2f 00 33 d2 8d 4a
0x00007ff810da048c:   02 e8 8e 37 fe ff 48 8b f8 48 89 44 24 50 e9 ed
0x00007ff810da049c:   fd ff ff 45 33 c0 49 8b d7 48 83 c9 ff e8 c2 a5
0x00007ff810da04ac:   01 00 e9 08 ff ff ff 48 8b 0d 1e 39 32 00 e8 01
0x00007ff810da04bc:   ba fd ff 48 8b cf e8 99 8e fc ff e9 f8 fe ff ff
0x00007ff810da04cc:   49 8b ce e8 8c 8e fc ff e9 f4 fe ff ff 48 8b ce
0x00007ff810da04dc:   e8 7f 8e fc ff e9 f0 fe ff ff cc cc 71 18 d3 7a
0x00007ff810da04ec:   1a 87 89 f9 48 81 ec d8 00 00 00 48 8b 05 f2 0a
0x00007ff810da04fc:   32 00 48 33 c4 48 89 84 24 c0 00 00 00 48 83 64
0x00007ff810da050c:   24 28 00 48 8d 05 da ff ff ff 83 e2 01 89 4c 24
0x00007ff810da051c:   20 89 54 24 24 48 89 44 24 30 4d 85 c9 74 4f b8
0x00007ff810da052c:   0f 00 00 00 48 8d 4c 24 40 44 3b c0 49 8b d1 41
0x00007ff810da053c:   0f 46 c0 44 8b c0 44 89 44 24 38 49 c1 e0 03 e8
0x00007ff810da054c:   87 2d 09 00 48 8d 4c 24 20 48 ff 15 14 60 22 00
0x00007ff810da055c:   0f 1f 44 00 00 48 8b 8c 24 c0 00 00 00 48 33 cc
0x00007ff810da056c:   e8 6f 18 05 00 48 81 c4 d8 00 00 00 c3 cc 83 64
0x00007ff810da057c:   24 38 00 eb cf cc cc cc cc cc cc cc 48 8b c4 48
0x00007ff810da058c:   89 58 08 48 89 70 10 48 89 78 18 4c 89 68 20 55
0x00007ff810da059c:   41 56 41 57 48 8d 68 a1 48 81 ec e0 00 00 00 48
0x00007ff810da05ac:   8b 05 3e 0a 32 00 48 33 c4 48 89 45 3f 45 33 ff
0x00007ff810da05bc:   66 c7 45 2b 00 05 48 8d 45 c7 44 89 7d 27 48 89
0x00007ff810da05cc:   44 24 50 48 8d 4d 27 44 89 7c 24 48 45 33 c9 44
0x00007ff810da05dc:   89 7c 24 40 45 8d 47 12 44 89 7c 24 38 b2 01 44
0x00007ff810da05ec:   89 7c 24 30 41 8b df 44 89 7c 24 28 41 8b ff 44
0x00007ff810da05fc:   89 7c 24 20 45 8b f7 44 89 7d 2f 66 c7 45 33 00
0x00007ff810da060c:   01 44 89 7d 37 66 c7 45 3b 00 10 4c 89 7d c7 4c
0x00007ff810da061c:   89 7d cf 4c 89 7d d7 4c 89 7d df 48 ff 15 62 60
0x00007ff810da062c:   22 00 0f 1f 44 00 00 85 c0 0f 88 a7 02 00 00 48
0x00007ff810da063c:   8d 45 cf 41 b9 20 02 00 00 48 89 44 24 50 45 8d
0x00007ff810da064c:   6f 02 44 89 7c 24 48 45 8d 47 20 44 89 7c 24 40



---------------  P R O C E S S  ---------------

Threads class SMR info:
_java_thread_list=0x000002b4b3b25e00, length=1, elements={
0x000002b4b3abdbf0
}

Java Threads: ( => current thread )
=>0x000002b4b3abdbf0 JavaThread "Unknown thread"             [_thread_in_vm, id=9804, stack(0x000000b73d200000,0x000000b73d300000) (1024K)]
Total: 1

Other Threads:
  0x000002b4b3b26a30 WatcherThread "VM Periodic Task Thread"        [id=13896, stack(0x000000b73d400000,0x000000b73d500000) (1024K)]
  0x000002b4b3adb080 WorkerThread "GC Thread#0"                     [id=7900, stack(0x000000b73d300000,0x000000b73d400000) (1024K)]
Total: 2

Threads with active compile tasks:
Total: 0

VM state: not at safepoint (not fully initialized)

VM Mutex/Monitor currently owned by a thread: None

Heap address: 0x0000000080000000, size: 2048 MB, Compressed Oops mode: 32-bit

CDS archive(s) not mapped
Compressed class space mapped at: 0x0000000100000000-0x0000000140000000, reserved size: 1073741824
Narrow klass base: 0x0000000000000000, Narrow klass shift: 3, Narrow klass range: 0x140000000

GC Precious Log:
 CardTable entry size: 512
 CPUs: 12 total, 12 available
 Memory: 7863M
 Large Page Support: Disabled
 NUMA Support: Disabled
 Compressed Oops: Enabled (32-bit)
 Alignments: Space 512K, Generation 512K, Heap 2M
 Heap Min Capacity: 100M
 Heap Initial Capacity: 100M
 Heap Max Capacity: 2G
 Pre-touch: Disabled
 Parallel Workers: 10

Heap:
 PSYoungGen      total 29696K, used 0K [0x00000000d5580000, 0x00000000d7680000, 0x0000000100000000)
  eden space 25600K, 0% used [0x00000000d5580000,0x00000000d5580000,0x00000000d6e80000)
  from space 4096K, 0% used [0x00000000d7280000,0x00000000d7280000,0x00000000d7680000)
  to   space 4096K, 0% used [0x00000000d6e80000,0x00000000d6e80000,0x00000000d7280000)
 ParOldGen       total 68608K, used 0K [0x0000000080000000, 0x0000000084300000, 0x00000000d5580000)
  object space 68608K, 0% used [0x0000000080000000,0x0000000080000000,0x0000000084300000)
 Metaspace       used 8K, committed 128K, reserved 1114112K
  class space    used 4K, committed 64K, reserved 1048576K

Card table byte_map: [0x000002b4b3460000,0x000002b4b3870000] _byte_map_base: 0x000002b4b3060000

Marking Bits: (ParMarkBitMap*) 0x00007fff978a4460
 Begin Bits: [0x000002b4c5f70000, 0x000002b4c7f70000)
 End Bits:   [0x000002b4c7f70000, 0x000002b4c9f70000)

GC Heap History (0 events):
No events

Dll operation events (2 events):
Event: 0.257 Loaded shared library c:\Users\boini\.vscode\extensions\redhat.java-1.55.0-win32-x64\jre\21.0.11-win32-x86_64\bin\java.dll
Event: 0.353 Loaded shared library c:\Users\boini\.vscode\extensions\redhat.java-1.55.0-win32-x64\jre\21.0.11-win32-x86_64\bin\zip.dll

Deoptimization events (0 events):
No events

Classes loaded (3 events):
Event: 0.268 Loading class java/lang/Object
Event: 0.354 Loading class java/lang/Object done
Event: 0.354 Loading class java/lang/String

Classes unloaded (0 events):
No events

Classes redefined (0 events):
No events

Internal exceptions (0 events):
No events

ZGC Phase Switch (0 events):
No events

VM Operations (0 events):
No events

Memory protections (0 events):
No events

Nmethod flushes (0 events):
No events

Events (1 events):
Event: 0.266 Thread 0x000002b4b3abdbf0 Thread added: 0x000002b4b3abdbf0


Dynamic libraries:
0x00007ff7b9e30000 - 0x00007ff7b9e3e000 	c:\Users\boini\.vscode\extensions\redhat.java-1.55.0-win32-x64\jre\21.0.11-win32-x86_64\bin\java.exe
0x00007ff813770000 - 0x00007ff813988000 	C:\windows\SYSTEM32\ntdll.dll
0x00007ff811470000 - 0x00007ff811534000 	C:\windows\System32\KERNEL32.DLL
0x00007ff810d40000 - 0x00007ff811113000 	C:\windows\System32\KERNELBASE.dll
0x00007ff8111a0000 - 0x00007ff8112b1000 	C:\windows\System32\ucrtbase.dll
0x00007ffff4f80000 - 0x00007ffff4f9e000 	c:\Users\boini\.vscode\extensions\redhat.java-1.55.0-win32-x64\jre\21.0.11-win32-x86_64\bin\VCRUNTIME140.dll
0x00007fffd4bb0000 - 0x00007fffd4bc8000 	c:\Users\boini\.vscode\extensions\redhat.java-1.55.0-win32-x64\jre\21.0.11-win32-x86_64\bin\jli.dll
0x00007ff812a50000 - 0x00007ff812c02000 	C:\windows\System32\USER32.dll
0x00007ff8112c0000 - 0x00007ff8112e6000 	C:\windows\System32\win32u.dll
0x00007ffff0210000 - 0x00007ffff04ac000 	C:\windows\WinSxS\amd64_microsoft.windows.common-controls_6595b64144ccf1df_6.0.22621.6060_none_2712eda17382d24b\COMCTL32.dll
0x00007ff813680000 - 0x00007ff8136a9000 	C:\windows\System32\GDI32.dll
0x00007ff812800000 - 0x00007ff8128a7000 	C:\windows\System32\msvcrt.dll
0x00007ff810c20000 - 0x00007ff810d3b000 	C:\windows\System32\gdi32full.dll
0x00007ff8112f0000 - 0x00007ff81138a000 	C:\windows\System32\msvcp_win.dll
0x00007ff8117e0000 - 0x00007ff811811000 	C:\windows\System32\IMM32.DLL
0x00007fffcf800000 - 0x00007fffcf80c000 	c:\Users\boini\.vscode\extensions\redhat.java-1.55.0-win32-x64\jre\21.0.11-win32-x86_64\bin\vcruntime140_1.dll
0x00007fff97e00000 - 0x00007fff97e8d000 	c:\Users\boini\.vscode\extensions\redhat.java-1.55.0-win32-x64\jre\21.0.11-win32-x86_64\bin\msvcp140.dll
0x00007fff96be0000 - 0x00007fff97982000 	c:\Users\boini\.vscode\extensions\redhat.java-1.55.0-win32-x64\jre\21.0.11-win32-x86_64\bin\server\jvm.dll
0x00007ff811b60000 - 0x00007ff811c11000 	C:\windows\System32\ADVAPI32.dll
0x00007ff812130000 - 0x00007ff8121d8000 	C:\windows\System32\sechost.dll
0x00007ff8109c0000 - 0x00007ff8109e8000 	C:\windows\System32\bcrypt.dll
0x00007ff812c10000 - 0x00007ff812d28000 	C:\windows\System32\RPCRT4.dll
0x00007ff8121e0000 - 0x00007ff812251000 	C:\windows\System32\WS2_32.dll
0x00007ff8043a0000 - 0x00007ff8043aa000 	C:\windows\SYSTEM32\VERSION.dll
0x00007ff8106a0000 - 0x00007ff8106ed000 	C:\windows\SYSTEM32\POWRPROF.dll
0x00007ff8077f0000 - 0x00007ff807824000 	C:\windows\SYSTEM32\WINMM.dll
0x00007ff810580000 - 0x00007ff810593000 	C:\windows\SYSTEM32\UMPDC.dll
0x00007ff80f820000 - 0x00007ff80f838000 	C:\windows\SYSTEM32\kernel.appcore.dll
0x00007fffcf7f0000 - 0x00007fffcf7fa000 	c:\Users\boini\.vscode\extensions\redhat.java-1.55.0-win32-x64\jre\21.0.11-win32-x86_64\bin\jimage.dll
0x00007ff80e220000 - 0x00007ff80e453000 	C:\windows\SYSTEM32\DBGHELP.DLL
0x00007ff811d90000 - 0x00007ff812121000 	C:\windows\System32\combase.dll
0x00007ff811cb0000 - 0x00007ff811d88000 	C:\windows\System32\OLEAUT32.dll
0x00007fffeeb80000 - 0x00007fffeebb2000 	C:\windows\SYSTEM32\dbgcore.DLL
0x00007ff811120000 - 0x00007ff81119b000 	C:\windows\System32\bcryptPrimitives.dll
0x00007fffcf7e0000 - 0x00007fffcf7ef000 	c:\Users\boini\.vscode\extensions\redhat.java-1.55.0-win32-x64\jre\21.0.11-win32-x86_64\bin\instrument.dll
0x00007fff9b920000 - 0x00007fff9b940000 	c:\Users\boini\.vscode\extensions\redhat.java-1.55.0-win32-x64\jre\21.0.11-win32-x86_64\bin\java.dll
0x00007fff9b900000 - 0x00007fff9b918000 	c:\Users\boini\.vscode\extensions\redhat.java-1.55.0-win32-x64\jre\21.0.11-win32-x86_64\bin\zip.dll

JVMTI agents:
c:\Users\boini\.vscode\extensions\redhat.java-1.55.0-win32-x64\lombok\lombok-1.18.39-4050.jar path:none, loaded, not initialized, instrumentlib options:none

dbghelp: loaded successfully - version: 4.0.5 - missing functions: none
symbol engine: initialized successfully - sym options: 0x614 - pdb path: .;c:\Users\boini\.vscode\extensions\redhat.java-1.55.0-win32-x64\jre\21.0.11-win32-x86_64\bin;C:\windows\SYSTEM32;C:\windows\WinSxS\amd64_microsoft.windows.common-controls_6595b64144ccf1df_6.0.22621.6060_none_2712eda17382d24b;c:\Users\boini\.vscode\extensions\redhat.java-1.55.0-win32-x64\jre\21.0.11-win32-x86_64\bin\server

VM Arguments:
jvm_args: --add-modules=ALL-SYSTEM --add-opens=java.base/java.util=ALL-UNNAMED --add-opens=java.base/java.lang=ALL-UNNAMED --add-opens=java.base/sun.nio.fs=ALL-UNNAMED -Declipse.application=org.eclipse.jdt.ls.core.id1 -Dosgi.bundles.defaultStartLevel=4 -Declipse.product=org.eclipse.jdt.ls.core.product -Djava.import.generatesMetadataFilesAtProjectRoot=false -DDetectVMInstallationsJob.disabled=true -Dfile.encoding=utf8 -XX:+UseParallelGC -XX:GCTimeRatio=4 -XX:AdaptiveSizePolicyWeight=90 -Dsun.zip.disableMemoryMapping=true -Xmx2G -Xms100m -Xlog:disable -javaagent:c:\Users\boini\.vscode\extensions\redhat.java-1.55.0-win32-x64\lombok\lombok-1.18.39-4050.jar -XX:+HeapDumpOnOutOfMemoryError -XX:HeapDumpPath=c:\Users\boini\AppData\Roaming\Code\User\workspaceStorage\e6bb11de103c9e1a934892c7d0c01b98\redhat.java -Daether.dependencyCollector.impl=bf 
java_command: c:\Users\boini\.vscode\extensions\redhat.java-1.55.0-win32-x64\server\plugins\org.eclipse.equinox.launcher_1.7.200.v20260619-2039.jar -configuration c:\Users\boini\AppData\Roaming\Code\User\globalStorage\redhat.java\1.55.0\config_win -data c:\Users\boini\AppData\Roaming\Code\User\workspaceStorage\e6bb11de103c9e1a934892c7d0c01b98\redhat.java\jdt_ws --pipe=\\.\pipe\lsp-10c0cab6e94965ee4e18841edebbe09f-sock
java_class_path (initial): c:\Users\boini\.vscode\extensions\redhat.java-1.55.0-win32-x64\server\plugins\org.eclipse.equinox.launcher_1.7.200.v20260619-2039.jar
Launcher Type: SUN_STANDARD

[Global flags]
    uintx AdaptiveSizePolicyWeight                 = 90                                        {product} {command line}
     intx CICompilerCount                          = 4                                         {product} {ergonomic}
    uintx GCTimeRatio                              = 4                                         {product} {command line}
     bool HeapDumpOnOutOfMemoryError               = true                                   {manageable} {command line}
    ccstr HeapDumpPath                             = c:\Users\boini\AppData\Roaming\Code\User\workspaceStorage\e6bb11de103c9e1a934892c7d0c01b98\redhat.java         {manageable} {command line}
   size_t InitialHeapSize                          = 104857600                                 {product} {command line}
   size_t MaxHeapSize                              = 2147483648                                {product} {command line}
   size_t MaxNewSize                               = 715653120                                 {product} {ergonomic}
   size_t MinHeapDeltaBytes                        = 524288                                    {product} {ergonomic}
   size_t MinHeapSize                              = 104857600                                 {product} {command line}
   size_t NewSize                                  = 34603008                                  {product} {ergonomic}
    uintx NonNMethodCodeHeapSize                   = 5839372                                {pd product} {ergonomic}
    uintx NonProfiledCodeHeapSize                  = 122909434                              {pd product} {ergonomic}
   size_t OldSize                                  = 70254592                                  {product} {ergonomic}
    uintx ProfiledCodeHeapSize                     = 122909434                              {pd product} {ergonomic}
    uintx ReservedCodeCacheSize                    = 251658240                              {pd product} {ergonomic}
     bool SegmentedCodeCache                       = true                                      {product} {ergonomic}
   size_t SoftMaxHeapSize                          = 2147483648                             {manageable} {ergonomic}
     bool UseCompressedOops                        = true                           {product lp64_product} {ergonomic}
     bool UseLargePagesIndividualAllocation        = false                                  {pd product} {ergonomic}
     bool UseParallelGC                            = true                                      {product} {command line}

Logging:
Log output configuration:
 #0: stdout all=off uptime,level,tags foldmultilines=false
 #1: stderr all=off uptime,level,tags foldmultilines=false

Release file:
<release file has not been read>
Environment Variables:
PATH=C:\oraclexe\app\oracle\product\11.2.0\server\bin;;C:\windows\system32;C:\windows;C:\windows\System32\Wbem;C:\windows\System32\WindowsPowerShell\v1.0\;C:\windows\System32\OpenSSH\;C:\Program Files (x86)\Microsoft SQL Server\160\DTS\Binn\;C:\Program Files\Azure Data Studio\bin;C:\Program Files (x86)\Microsoft SQL Server\150\Tools\Binn\;C:\Program Files\Microsoft SQL Server\150\Tools\Binn\;C:\Program Files (x86)\Microsoft SQL Server\150\DTS\Binn\;C:\Program Files\Microsoft SQL Server\150\DTS\Binn\;C:\Program Files\Microsoft SQL Server\Client SDK\ODBC\170\Tools\Binn\;C:\Program Files\Java\jdk-24\bin;C:\Program Files\Git\cmd;C:\Program Files\nodejs\;C:\Program Files\Git LFS;C:\Users\boini\AppData\Local\Programs\Python\Python310\Scripts\;C:\Users\boini\AppData\Local\Programs\Python\Python310\;C:\windows\system32;C:\windows;C:\windows\System32\Wbem;C:\windows\System32\WindowsPowerShell\v1.0\;C:\windows\System32\OpenSSH\;C:\Program Files (x86)\Microsoft SQL Server\160\DTS\Binn\;C:\Program Files\Azure Data Studio\bin;C:\Program Files (x86)\Microsoft SQL Server\150\Tools\Binn\;C:\Program Files\Microsoft SQL Server\150\Tools\Binn\;C:\Program Files (x86)\Microsoft SQL Server\150\DTS\Binn\;C:\Program Files\Microsoft SQL Server\150\DTS\Binn\;C:\Program Files\Microsoft SQL Server\Client SDK\ODBC\170\Tools\Binn\;C:\Program Files\Java\jdk-24\bin;C:\Program Files\Git\cmd;C:\Program Files\nodejs\;C:\Users\boini\AppData\Local\Programs\Python\Python37\Scripts\;C:\Users\boini\AppData\Local\Programs\Python\Python37\;C:\Program Files\Java;C:\Users\boini\AppData\Local\GitHubDesktop\bin;C:\Users\boini\AppData\Local\Programs\Microsoft VS Code\bin;C:\Users\boini\AppData\Roaming\npm;D:\Users\apache-maven-3.9.16-bin\apache-maven-3.9.16\bin;C:\Users\boini\AppData\Local\Programs\Antigravity IDE\bin
USERNAME=boini
OS=Windows_NT
PROCESSOR_IDENTIFIER=Intel64 Family 6 Model 154 Stepping 4, GenuineIntel
TMP=C:\Users\boini\AppData\Local\Temp
TEMP=C:\Users\boini\AppData\Local\Temp




Periodic native trim disabled

---------------  S Y S T E M  ---------------

OS:
 Windows 11 , 64 bit Build 22621 (10.0.22621.5415)
OS uptime: 0 days 10:15 hours
Hyper-V role detected

CPU: total 12 (initial active 12) (6 cores per cpu, 2 threads per core) family 6 model 154 stepping 4 microcode 0x42c, cx8, cmov, fxsr, ht, mmx, 3dnowpref, sse, sse2, sse3, ssse3, sse4.1, sse4.2, popcnt, lzcnt, tsc, tscinvbit, avx, avx2, aes, erms, clmul, bmi1, bmi2, adx, sha, fma, vzeroupper, clflush, clflushopt, clwb, hv, serialize, rdtscp, rdpid, fsrm, f16c, cet_ibt, cet_ss
Processor Information for processor 0
  Max Mhz: 1300, Current Mhz: 1300, Mhz Limit: 1300
Processor Information for processor 1
  Max Mhz: 1300, Current Mhz: 1300, Mhz Limit: 1300
Processor Information for processor 2
  Max Mhz: 1300, Current Mhz: 1300, Mhz Limit: 1300
Processor Information for processor 3
  Max Mhz: 1300, Current Mhz: 1300, Mhz Limit: 1300
Processor Information for processor 4
  Max Mhz: 1300, Current Mhz: 900, Mhz Limit: 897
Processor Information for processor 5
  Max Mhz: 1300, Current Mhz: 900, Mhz Limit: 897
Processor Information for processor 6
  Max Mhz: 1300, Current Mhz: 900, Mhz Limit: 897
Processor Information for processor 7
  Max Mhz: 1300, Current Mhz: 900, Mhz Limit: 897
Processor Information for processor 8
  Max Mhz: 1300, Current Mhz: 900, Mhz Limit: 897
Processor Information for processor 9
  Max Mhz: 1300, Current Mhz: 900, Mhz Limit: 897
Processor Information for processor 10
  Max Mhz: 1300, Current Mhz: 900, Mhz Limit: 897
Processor Information for processor 11
  Max Mhz: 1300, Current Mhz: 900, Mhz Limit: 897

Memory: 4k page, system-wide physical 7863M (513M free)
TotalPageFile size 13637M (AvailPageFile size 5M)
current process WorkingSet (physical memory assigned to process): 13M, peak: 13M
current process commit charge ("private bytes"): 181M, peak: 184M

vm_info: OpenJDK 64-Bit Server VM (21.0.11+10-LTS) for windows-amd64 JRE (21.0.11+10-LTS), built on 2026-04-21T00:00:00Z by "admin" with MS VC++ 17.12 (VS2022)

END.
