#
# There is insufficient memory for the Java Runtime Environment to continue.
# Native memory allocation (malloc) failed to allocate 524816 bytes. Error detail: Chunk::new
# Possible reasons:
#   The system is out of physical RAM or swap space
#   This process is running with CompressedOops enabled, and the Java Heap may be blocking the growth of the native heap
# Possible solutions:
#   Reduce memory load on the system
#   Increase physical memory or swap space
#   Check if swap backing store is full
#   Decrease Java heap size (-Xmx/-Xms)
#   Decrease number of Java threads
#   Decrease Java thread stack sizes (-Xss)
#   Set larger code cache with -XX:ReservedCodeCacheSize=
#   JVM is running with Unscaled Compressed Oops mode in which the Java heap is
#     placed in the first 4GB address space. The Java Heap base address is the
#     maximum limit for the native heap growth. Please use -XX:HeapBaseMinAddress
#     to set the Java Heap base and to place the Java Heap above 4GB virtual address.
# This output file may be truncated or incomplete.
#
#  Out of Memory Error (arena.cpp:168), pid=14908, tid=4328
#
# JRE version: OpenJDK Runtime Environment Temurin-21.0.11+10 (21.0.11+10) (build 21.0.11+10-LTS)
# Java VM: OpenJDK 64-Bit Server VM Temurin-21.0.11+10 (21.0.11+10-LTS, mixed mode, sharing, tiered, compressed oops, compressed class ptrs, parallel gc, windows-amd64)
# No core dump will be written. Minidumps are not enabled by default on client versions of Windows
#

---------------  S U M M A R Y ------------

Command Line: --add-modules=ALL-SYSTEM --add-opens=java.base/java.util=ALL-UNNAMED --add-opens=java.base/java.lang=ALL-UNNAMED --add-opens=java.base/sun.nio.fs=ALL-UNNAMED -Declipse.application=org.eclipse.jdt.ls.core.id1 -Dosgi.bundles.defaultStartLevel=4 -Declipse.product=org.eclipse.jdt.ls.core.product -Djava.import.generatesMetadataFilesAtProjectRoot=false -DDetectVMInstallationsJob.disabled=true -Dfile.encoding=utf8 -XX:+UseParallelGC -XX:GCTimeRatio=4 -XX:AdaptiveSizePolicyWeight=90 -Dsun.zip.disableMemoryMapping=true -Xmx2G -Xms100m -Xlog:disable -javaagent:c:\Users\boini\.vscode\extensions\redhat.java-1.55.0-win32-x64\lombok\lombok-1.18.39-4050.jar c:\Users\boini\.vscode\extensions\redhat.java-1.55.0-win32-x64\server\plugins\org.eclipse.equinox.launcher_1.7.200.v20260619-2039.jar -configuration c:\Users\boini\AppData\Roaming\Code\User\globalStorage\redhat.java\1.55.0\config_ss_win -data c:\Users\boini\AppData\Roaming\Code\User\workspaceStorage\e6bb11de103c9e1a934892c7d0c01b98\redhat.java\ss_ws --pipe=\\.\pipe\lsp-cc10a508b302a8f2161cace7411833ba-sock

Host: 12th Gen Intel(R) Core(TM) i5-1235U, 12 cores, 7G,  Windows 11 , 64 bit Build 22621 (10.0.22621.5415)
Time: Mon Jul 27 10:24:47 2026 India Standard Time elapsed time: 0.822330 seconds (0d 0h 0m 0s)

---------------  T H R E A D  ---------------

Current thread (0x000001e2f5b3d310):  JavaThread "C2 CompilerThread0" daemon [_thread_in_native, id=4328, stack(0x0000003820400000,0x0000003820500000) (1024K)]


Current CompileTask:
C2:822 1039   !   4       java.util.jar.Attributes::read (494 bytes)

Stack: [0x0000003820400000,0x0000003820500000]
Native frames: (J=compiled Java code, j=interpreted, Vv=VM code, C=native code)
V  [jvm.dll+0x6d7e19]
V  [jvm.dll+0x8b5096]
V  [jvm.dll+0x8b764e]
V  [jvm.dll+0x8b7d33]
V  [jvm.dll+0x284596]
V  [jvm.dll+0xc685d]
V  [jvm.dll+0xc6da1]
V  [jvm.dll+0x3bed31]
V  [jvm.dll+0x38b2b2]
V  [jvm.dll+0x38a6fa]
V  [jvm.dll+0x24c700]
V  [jvm.dll+0x24bce0]
V  [jvm.dll+0x1cb4ae]
V  [jvm.dll+0x25baad]
V  [jvm.dll+0x25a03a]
V  [jvm.dll+0x3f868e]
V  [jvm.dll+0x85fb0d]
V  [jvm.dll+0x6d664d]
C  [ucrtbase.dll+0x29333]
C  [KERNEL32.DLL+0x1259d]
C  [ntdll.dll+0x5af78]


---------------  P R O C E S S  ---------------

Threads class SMR info:
_java_thread_list=0x000001e2f5eb0f70, length=12, elements={
0x000001e2dafe7c10, 0x000001e2f5b30080, 0x000001e2f5b32740, 0x000001e2f5b36e00,
0x000001e2f5b37930, 0x000001e2f5b39700, 0x000001e2f5b3c4d0, 0x000001e2f5b3d310,
0x000001e2f5b3e6a0, 0x000001e2f5d6d180, 0x000001e2f5d64cf0, 0x000001e2f5e4e1f0
}

Java Threads: ( => current thread )
  0x000001e2dafe7c10 JavaThread "main"                              [_thread_in_native, id=12732, stack(0x000000381fa00000,0x000000381fb00000) (1024K)]
  0x000001e2f5b30080 JavaThread "Reference Handler"          daemon [_thread_blocked, id=7232, stack(0x000000381fe00000,0x000000381ff00000) (1024K)]
  0x000001e2f5b32740 JavaThread "Finalizer"                  daemon [_thread_blocked, id=20924, stack(0x000000381ff00000,0x0000003820000000) (1024K)]
  0x000001e2f5b36e00 JavaThread "Signal Dispatcher"          daemon [_thread_blocked, id=20888, stack(0x0000003820000000,0x0000003820100000) (1024K)]
  0x000001e2f5b37930 JavaThread "Attach Listener"            daemon [_thread_blocked, id=23060, stack(0x0000003820100000,0x0000003820200000) (1024K)]
  0x000001e2f5b39700 JavaThread "Service Thread"             daemon [_thread_blocked, id=12788, stack(0x0000003820200000,0x0000003820300000) (1024K)]
  0x000001e2f5b3c4d0 JavaThread "Monitor Deflation Thread"   daemon [_thread_blocked, id=12480, stack(0x0000003820300000,0x0000003820400000) (1024K)]
=>0x000001e2f5b3d310 JavaThread "C2 CompilerThread0"         daemon [_thread_in_native, id=4328, stack(0x0000003820400000,0x0000003820500000) (1024K)]
  0x000001e2f5b3e6a0 JavaThread "C1 CompilerThread0"         daemon [_thread_in_native, id=20732, stack(0x0000003820500000,0x0000003820600000) (1024K)]
  0x000001e2f5d6d180 JavaThread "C2 CompilerThread1"         daemon [_thread_in_native, id=6284, stack(0x0000003820600000,0x0000003820700000) (1024K)]
  0x000001e2f5d64cf0 JavaThread "Common-Cleaner"             daemon [_thread_blocked, id=19500, stack(0x0000003820700000,0x0000003820800000) (1024K)]
  0x000001e2f5e4e1f0 JavaThread "Notification Thread"        daemon [_thread_blocked, id=12184, stack(0x0000003820800000,0x0000003820900000) (1024K)]
Total: 12

Other Threads:
  0x000001e2dd34ebc0 VMThread "VM Thread"                           [id=10124, stack(0x000000381fd00000,0x000000381fe00000) (1024K)]
  0x000001e2dd2f7480 WatcherThread "VM Periodic Task Thread"        [id=19684, stack(0x000000381fc00000,0x000000381fd00000) (1024K)]
  0x000001e2dd2aa840 WorkerThread "GC Thread#0"                     [id=9532, stack(0x000000381fb00000,0x000000381fc00000) (1024K)]
  0x000001e2fa2894b0 WorkerThread "GC Thread#1"                     [id=19080, stack(0x0000003820900000,0x0000003820a00000) (1024K)]
  0x000001e2fa4a01f0 WorkerThread "GC Thread#2"                     [id=19508, stack(0x0000003820a00000,0x0000003820b00000) (1024K)]
  0x000001e2fa965450 WorkerThread "GC Thread#3"                     [id=19664, stack(0x0000003820b00000,0x0000003820c00000) (1024K)]
  0x000001e2fa965800 WorkerThread "GC Thread#4"                     [id=17064, stack(0x0000003820c00000,0x0000003820d00000) (1024K)]
  0x000001e2fa965bb0 WorkerThread "GC Thread#5"                     [id=16004, stack(0x0000003820d00000,0x0000003820e00000) (1024K)]
  0x000001e2fa293970 WorkerThread "GC Thread#6"                     [id=2484, stack(0x0000003820e00000,0x0000003820f00000) (1024K)]
Total: 9

Threads with active compile tasks:
C2 CompilerThread0  853 1039   !   4       java.util.jar.Attributes::read (494 bytes)
C2 CompilerThread1  853 1042   !   4       java.lang.String::<init> (880 bytes)
Total: 2

VM state: not at safepoint (normal execution)

VM Mutex/Monitor currently owned by a thread:  ([mutex/lock_event])
[0x00007ffa5067e0f0] CompileStatistics_lock - owner thread: 0x0000000000000000

Heap address: 0x0000000080000000, size: 2048 MB, Compressed Oops mode: 32-bit

CDS archive(s) mapped at: [0x000001e280000000-0x000001e280ba0000-0x000001e280ba0000), size 12189696, SharedBaseAddress: 0x000001e280000000, ArchiveRelocationMode: 1.
Compressed class space mapped at: 0x000001e281000000-0x000001e2c1000000, reserved size: 1073741824
Narrow klass base: 0x000001e280000000, Narrow klass shift: 0, Narrow klass range: 0x100000000

GC Precious Log:
 CardTable entry size: 512
 CPUs: 12 total, 12 available
 Memory: 7863M
 Large Page Support: Disabled
 NUMA Support: Disabled
 Compressed Oops: Enabled (32-bit)
 Alignments: Space 512K, Generation 512K, Heap 2M
 Heap Min Capacity: 100M
 Heap Initial Capacity: 100M
 Heap Max Capacity: 2G
 Pre-touch: Disabled
 Parallel Workers: 10

Heap:
 PSYoungGen      total 29696K, used 3781K [0x00000000d5580000, 0x00000000d7680000, 0x0000000100000000)
  eden space 25600K, 1% used [0x00000000d5580000,0x00000000d55fd338,0x00000000d6e80000)
  from space 4096K, 80% used [0x00000000d6e80000,0x00000000d71b4148,0x00000000d7280000)
  to   space 4096K, 0% used [0x00000000d7280000,0x00000000d7280000,0x00000000d7680000)
 ParOldGen       total 68608K, used 16K [0x0000000080000000, 0x0000000084300000, 0x00000000d5580000)
  object space 68608K, 0% used [0x0000000080000000,0x0000000080004000,0x0000000084300000)
 Metaspace       used 4440K, committed 4736K, reserved 1114112K
  class space    used 481K, committed 640K, reserved 1048576K

Card table byte_map: [0x000001e2dcc30000,0x000001e2dd040000] _byte_map_base: 0x000001e2dc830000

Marking Bits: (ParMarkBitMap*) 0x00007ffa50684460
 Begin Bits: [0x000001e2ef740000, 0x000001e2f1740000)
 End Bits:   [0x000001e2f1740000, 0x000001e2f3740000)

Polling page: 0x000001e2dafa0000

Metaspace:

Usage:
  Non-class:      3.87 MB used.
      Class:    481.38 KB used.
       Both:      4.34 MB used.

Virtual space:
  Non-class space:       64.00 MB reserved,       4.00 MB (  6%) committed,  1 nodes.
      Class space:        1.00 GB reserved,     640.00 KB ( <1%) committed,  1 nodes.
             Both:        1.06 GB reserved,       4.62 MB ( <1%) committed. 

Chunk freelists:
   Non-Class:  11.08 MB
       Class:  15.42 MB
        Both:  26.50 MB

MaxMetaspaceSize: unlimited
CompressedClassSpaceSize: 1.00 GB
Initial GC threshold: 21.00 MB
Current GC threshold: 21.00 MB
CDS: on
 - commit_granule_bytes: 65536.
 - commit_granule_words: 8192.
 - virtual_space_node_default_size: 8388608.
 - enlarge_chunks_in_place: 1.
 - use_allocation_guard: 0.


Internal statistics:

num_allocs_failed_limit: 0.
num_arena_births: 184.
num_arena_deaths: 0.
num_vsnodes_births: 2.
num_vsnodes_deaths: 0.
num_space_committed: 74.
num_space_uncommitted: 0.
num_chunks_returned_to_freelist: 0.
num_chunks_taken_from_freelist: 255.
num_chunk_merges: 0.
num_chunk_splits: 163.
num_chunks_enlarged: 93.
num_inconsistent_stats: 0.

CodeHeap 'non-profiled nmethods': size=120000Kb used=415Kb max_used=415Kb free=119584Kb
 bounds [0x000001e2e7f60000, 0x000001e2e81d0000, 0x000001e2ef490000]
CodeHeap 'profiled nmethods': size=120000Kb used=1721Kb max_used=1721Kb free=118278Kb
 bounds [0x000001e2e0490000, 0x000001e2e0700000, 0x000001e2e79c0000]
CodeHeap 'non-nmethods': size=5760Kb used=1195Kb max_used=1218Kb free=4564Kb
 bounds [0x000001e2e79c0000, 0x000001e2e7c30000, 0x000001e2e7f60000]
CodeCache: size=245760Kb, used=3331Kb, max_used=3354Kb, free=242426Kb
 total_blobs=1546, nmethods=1091, adapters=362, full_count=0
Compilation: enabled, stopped_count=0, restarted_count=0

Compilation events (20 events):
Event: 0.810 Thread 0x000001e2f5b3e6a0 1076       3       java.util.ArrayList::<init> (61 bytes)
Event: 0.811 Thread 0x000001e2f5b3e6a0 nmethod 1076 0x000001e2e0635e10 code [0x000001e2e0636060, 0x000001e2e06368a8]
Event: 0.811 Thread 0x000001e2f5b3e6a0 1077       3       org.eclipse.osgi.internal.util.Tokenizer::skipWhiteSpace (58 bytes)
Event: 0.811 Thread 0x000001e2f5b3e6a0 nmethod 1077 0x000001e2e0636b90 code [0x000001e2e0636d40, 0x000001e2e0636ff0]
Event: 0.811 Thread 0x000001e2f5b3e6a0 1078       1       java.util.concurrent.locks.AbstractOwnableSynchronizer::setExclusiveOwnerThread (6 bytes)
Event: 0.811 Thread 0x000001e2f5b3e6a0 nmethod 1078 0x000001e2e7fc3890 code [0x000001e2e7fc3a20, 0x000001e2e7fc3b00]
Event: 0.811 Thread 0x000001e2f5b3e6a0 1079       3       java.util.AbstractCollection::addAll (42 bytes)
Event: 0.812 Thread 0x000001e2f5b3e6a0 nmethod 1079 0x000001e2e0637110 code [0x000001e2e0637300, 0x000001e2e0637820]
Event: 0.812 Thread 0x000001e2f5b3e6a0 1081       3       java.lang.StringLatin1::inflate (34 bytes)
Event: 0.812 Thread 0x000001e2f5d6d180 nmethod 1063 0x000001e2e7fc3b90 code [0x000001e2e7fc3d60, 0x000001e2e7fc44a8]
Event: 0.813 Thread 0x000001e2f5b3e6a0 nmethod 1081 0x000001e2e0637990 code [0x000001e2e0637b40, 0x000001e2e0637d40]
Event: 0.813 Thread 0x000001e2f5d6d180 1070 %     4       java.math.BigInteger::implMultiplyToLen @ 135 (216 bytes)
Event: 0.815 Thread 0x000001e2f5b3e6a0 1082   !   3       jdk.internal.loader.BuiltinClassLoader::loadClassOrNull (143 bytes)
Event: 0.816 Thread 0x000001e2f5b3e6a0 nmethod 1082 0x000001e2e0637e90 code [0x000001e2e0638160, 0x000001e2e0639080]
Event: 0.816 Thread 0x000001e2f5b3e6a0 1083       3       java.lang.Object::toString (36 bytes)
Event: 0.817 Thread 0x000001e2f5b3e6a0 nmethod 1083 0x000001e2e0639710 code [0x000001e2e0639980, 0x000001e2e063a168]
Event: 0.817 Thread 0x000001e2f5b3e6a0 1084       3       java.util.ArrayDeque::elementAt (4 bytes)
Event: 0.817 Thread 0x000001e2f5b3e6a0 nmethod 1084 0x000001e2e063a490 code [0x000001e2e063a620, 0x000001e2e063a738]
Event: 0.818 Thread 0x000001e2f5b3e6a0 1085       3       jdk.internal.loader.BuiltinClassLoader::loadClass (22 bytes)
Event: 0.819 Thread 0x000001e2f5b3e6a0 nmethod 1085 0x000001e2e063a810 code [0x000001e2e063a9e0, 0x000001e2e063ac98]

GC Heap History (0 events):
No events

Dll operation events (8 events):
Event: 0.012 Loaded shared library c:\Users\boini\.vscode\extensions\redhat.java-1.55.0-win32-x64\jre\21.0.11-win32-x86_64\bin\java.dll
Event: 0.109 Loaded shared library c:\Users\boini\.vscode\extensions\redhat.java-1.55.0-win32-x64\jre\21.0.11-win32-x86_64\bin\zip.dll
Event: 0.133 Loaded shared library C:\Users\boini\.vscode\extensions\redhat.java-1.55.0-win32-x64\jre\21.0.11-win32-x86_64\bin\instrument.dll
Event: 0.138 Loaded shared library C:\Users\boini\.vscode\extensions\redhat.java-1.55.0-win32-x64\jre\21.0.11-win32-x86_64\bin\net.dll
Event: 0.142 Loaded shared library C:\Users\boini\.vscode\extensions\redhat.java-1.55.0-win32-x64\jre\21.0.11-win32-x86_64\bin\nio.dll
Event: 0.146 Loaded shared library C:\Users\boini\.vscode\extensions\redhat.java-1.55.0-win32-x64\jre\21.0.11-win32-x86_64\bin\zip.dll
Event: 0.172 Loaded shared library C:\Users\boini\.vscode\extensions\redhat.java-1.55.0-win32-x64\jre\21.0.11-win32-x86_64\bin\jimage.dll
Event: 0.261 Loaded shared library c:\Users\boini\.vscode\extensions\redhat.java-1.55.0-win32-x64\jre\21.0.11-win32-x86_64\bin\verify.dll

Deoptimization events (20 events):
Event: 0.779 Thread 0x000001e2dafe7c10 DEOPT PACKING pc=0x000001e2e05fa031 sp=0x000000381fafdbd0
Event: 0.779 Thread 0x000001e2dafe7c10 DEOPT UNPACKING pc=0x000001e2e7a14242 sp=0x000000381fafd048 mode 0
Event: 0.779 Thread 0x000001e2dafe7c10 DEOPT PACKING pc=0x000001e2e05fa031 sp=0x000000381fafdbd0
Event: 0.779 Thread 0x000001e2dafe7c10 DEOPT UNPACKING pc=0x000001e2e7a14242 sp=0x000000381fafd048 mode 0
Event: 0.780 Thread 0x000001e2dafe7c10 DEOPT PACKING pc=0x000001e2e05fa031 sp=0x000000381fafdbd0
Event: 0.780 Thread 0x000001e2dafe7c10 DEOPT UNPACKING pc=0x000001e2e7a14242 sp=0x000000381fafd048 mode 0
Event: 0.780 Thread 0x000001e2dafe7c10 DEOPT PACKING pc=0x000001e2e05fa031 sp=0x000000381fafdbd0
Event: 0.780 Thread 0x000001e2dafe7c10 DEOPT UNPACKING pc=0x000001e2e7a14242 sp=0x000000381fafd048 mode 0
Event: 0.780 Thread 0x000001e2dafe7c10 DEOPT PACKING pc=0x000001e2e05fa031 sp=0x000000381fafdbd0
Event: 0.780 Thread 0x000001e2dafe7c10 DEOPT UNPACKING pc=0x000001e2e7a14242 sp=0x000000381fafd048 mode 0
Event: 0.780 Thread 0x000001e2dafe7c10 DEOPT PACKING pc=0x000001e2e05fa031 sp=0x000000381fafdbd0
Event: 0.780 Thread 0x000001e2dafe7c10 DEOPT UNPACKING pc=0x000001e2e7a14242 sp=0x000000381fafd048 mode 0
Event: 0.780 Thread 0x000001e2dafe7c10 DEOPT PACKING pc=0x000001e2e05fa031 sp=0x000000381fafdbd0
Event: 0.780 Thread 0x000001e2dafe7c10 DEOPT UNPACKING pc=0x000001e2e7a14242 sp=0x000000381fafd048 mode 0
Event: 0.781 Thread 0x000001e2dafe7c10 DEOPT PACKING pc=0x000001e2e05fa031 sp=0x000000381fafdbd0
Event: 0.781 Thread 0x000001e2dafe7c10 DEOPT UNPACKING pc=0x000001e2e7a14242 sp=0x000000381fafd048 mode 0
Event: 0.781 Thread 0x000001e2dafe7c10 DEOPT PACKING pc=0x000001e2e05fa031 sp=0x000000381fafdbd0
Event: 0.781 Thread 0x000001e2dafe7c10 DEOPT UNPACKING pc=0x000001e2e7a14242 sp=0x000000381fafd048 mode 0
Event: 0.781 Thread 0x000001e2dafe7c10 DEOPT PACKING pc=0x000001e2e05fa031 sp=0x000000381fafdbd0
Event: 0.781 Thread 0x000001e2dafe7c10 DEOPT UNPACKING pc=0x000001e2e7a14242 sp=0x000000381fafd048 mode 0

Classes loaded (20 events):
Event: 0.786 Loading class jdk/internal/logger/LazyLoggers$LazyLoggerAccessor
Event: 0.786 Loading class jdk/internal/logger/LazyLoggers$LoggerAccessor
Event: 0.786 Loading class jdk/internal/logger/LazyLoggers$LoggerAccessor done
Event: 0.786 Loading class jdk/internal/logger/LazyLoggers$LazyLoggerAccessor done
Event: 0.786 Loading class jdk/internal/logger/SurrogateLogger
Event: 0.786 Loading class jdk/internal/logger/SimpleConsoleLogger
Event: 0.787 Loading class sun/util/logging/PlatformLogger$ConfigurableBridge$LoggerConfiguration
Event: 0.787 Loading class sun/util/logging/PlatformLogger$ConfigurableBridge$LoggerConfiguration done
Event: 0.787 Loading class jdk/internal/logger/SimpleConsoleLogger done
Event: 0.787 Loading class jdk/internal/logger/SurrogateLogger done
Event: 0.787 Loading class sun/util/logging/PlatformLogger
Event: 0.788 Loading class sun/util/logging/PlatformLogger done
Event: 0.788 Loading class sun/util/logging/PlatformLogger$Level
Event: 0.788 Loading class sun/util/logging/PlatformLogger$Level done
Event: 0.806 Loading class java/io/BufferedReader
Event: 0.806 Loading class java/io/BufferedReader done
Event: 0.807 Loading class sun/nio/cs/StreamDecoder
Event: 0.807 Loading class sun/nio/cs/StreamDecoder done
Event: 0.807 Loading class sun/nio/cs/UTF_8$Decoder
Event: 0.807 Loading class sun/nio/cs/UTF_8$Decoder done

Classes unloaded (0 events):
No events

Classes redefined (0 events):
No events

Internal exceptions (20 events):
Event: 0.221 Thread 0x000001e2dafe7c10 Exception <a 'java/lang/NoSuchMethodError'{0x00000000d59fa738}: 'int java.lang.invoke.DirectMethodHandle$Holder.invokeSpecial(java.lang.Object, java.lang.Object, java.lang.Object)'> (0x00000000d59fa738) 
thrown [s\src\hotspot\share\interpreter\linkResolver.cpp, line 773]
Event: 0.224 Thread 0x000001e2dafe7c10 Exception <a 'java/lang/NoSuchMethodError'{0x00000000d5a063f8}: 'java.lang.Object java.lang.invoke.DirectMethodHandle$Holder.invokeStatic(java.lang.Object, java.lang.Object, int)'> (0x00000000d5a063f8) 
thrown [s\src\hotspot\share\interpreter\linkResolver.cpp, line 773]
Event: 0.225 Thread 0x000001e2dafe7c10 Exception <a 'java/lang/NoSuchMethodError'{0x00000000d5a0ad48}: 'void java.lang.invoke.DirectMethodHandle$Holder.invokeStatic(java.lang.Object, java.lang.Object, int, java.lang.Object)'> (0x00000000d5a0ad48) 
thrown [s\src\hotspot\share\interpreter\linkResolver.cpp, line 773]
Event: 0.226 Thread 0x000001e2dafe7c10 Exception <a 'java/lang/NoSuchMethodError'{0x00000000d5a0e8d8}: 'void java.lang.invoke.DirectMethodHandle$Holder.invokeSpecial(java.lang.Object, java.lang.Object, java.lang.Object, int, java.lang.Object)'> (0x00000000d5a0e8d8) 
thrown [s\src\hotspot\share\interpreter\linkResolver.cpp, line 773]
Event: 0.226 Thread 0x000001e2dafe7c10 Exception <a 'java/lang/NoSuchMethodError'{0x00000000d5a11d48}: 'void java.lang.invoke.DelegatingMethodHandle$Holder.delegate(java.lang.Object, java.lang.Object, int, java.lang.Object)'> (0x00000000d5a11d48) 
thrown [s\src\hotspot\share\interpreter\linkResolver.cpp, line 773]
Event: 0.281 Thread 0x000001e2dafe7c10 Exception <a 'java/lang/NoSuchMethodError'{0x00000000d5bd30b0}: 'void java.lang.invoke.DelegatingMethodHandle$Holder.reinvoke_L(java.lang.Object, java.lang.Object, java.lang.Object, int)'> (0x00000000d5bd30b0) 
thrown [s\src\hotspot\share\interpreter\linkResolver.cpp, line 773]
Event: 0.399 Thread 0x000001e2dafe7c10 Exception <a 'java/lang/NoSuchMethodError'{0x00000000d6060968}: 'void java.lang.invoke.DirectMethodHandle$Holder.invokeVirtual(java.lang.Object, java.lang.Object)'> (0x00000000d6060968) 
thrown [s\src\hotspot\share\interpreter\linkResolver.cpp, line 773]
Event: 0.515 Thread 0x000001e2dafe7c10 Exception <a 'java/lang/NoSuchMethodError'{0x00000000d6449800}: 'void java.lang.invoke.DirectMethodHandle$Holder.invokeStatic(java.lang.Object, java.lang.Object)'> (0x00000000d6449800) 
thrown [s\src\hotspot\share\interpreter\linkResolver.cpp, line 773]
Event: 0.519 Thread 0x000001e2dafe7c10 Exception <a 'java/lang/ClassNotFoundException'{0x00000000d64718f8}: sun/net/www/protocol/c/Handler> (0x00000000d64718f8) 
thrown [s\src\hotspot\share\classfile\systemDictionary.cpp, line 313]
Event: 0.539 Thread 0x000001e2dafe7c10 Exception <a 'java/io/FileNotFoundException'{0x00000000d64ce9d8}> (0x00000000d64ce9d8) 
thrown [s\src\hotspot\share\prims\jni.cpp, line 520]
Event: 0.541 Thread 0x000001e2dafe7c10 Exception <a 'java/io/FileNotFoundException'{0x00000000d64cfd00}> (0x00000000d64cfd00) 
thrown [s\src\hotspot\share\prims\jni.cpp, line 520]
Event: 0.541 Thread 0x000001e2dafe7c10 Exception <a 'java/io/FileNotFoundException'{0x00000000d64d0978}> (0x00000000d64d0978) 
thrown [s\src\hotspot\share\prims\jni.cpp, line 520]
Event: 0.541 Thread 0x000001e2dafe7c10 Exception <a 'java/io/FileNotFoundException'{0x00000000d64d14b8}> (0x00000000d64d14b8) 
thrown [s\src\hotspot\share\prims\jni.cpp, line 520]
Event: 0.546 Thread 0x000001e2dafe7c10 Implicit null exception at 0x000001e2e7f8e7a4 to 0x000001e2e7f8ed48
Event: 0.550 Thread 0x000001e2dafe7c10 Exception <a 'java/io/FileNotFoundException'{0x00000000d650b648}> (0x00000000d650b648) 
thrown [s\src\hotspot\share\prims\jni.cpp, line 520]
Event: 0.565 Thread 0x000001e2dafe7c10 Exception <a 'java/lang/NoSuchMethodError'{0x00000000d65475f8}: 'java.lang.Object java.lang.invoke.DirectMethodHandle$Holder.invokeInterface(java.lang.Object, java.lang.Object)'> (0x00000000d65475f8) 
thrown [s\src\hotspot\share\interpreter\linkResolver.cpp, line 773]
Event: 0.570 Thread 0x000001e2dafe7c10 Exception <a 'java/lang/NoSuchMethodError'{0x00000000d655b118}: 'java.lang.Object java.lang.invoke.Invokers$Holder.invokeExact_MT(java.lang.Object, java.lang.Object, java.lang.Object, java.lang.Object, java.lang.Object, java.lang.Object)'> (0x00000000d655b118) 
thrown [s\src\hotspot\share\interpreter\linkResolver.cpp, line 773]
Event: 0.574 Thread 0x000001e2dafe7c10 Exception <a 'java/lang/NoSuchMethodError'{0x00000000d65721f0}: 'int java.lang.invoke.DirectMethodHandle$Holder.invokeStatic(java.lang.Object, java.lang.Object, java.lang.Object, java.lang.Object, java.lang.Object)'> (0x00000000d65721f0) 
thrown [s\src\hotspot\share\interpreter\linkResolver.cpp, line 773]
Event: 0.603 Thread 0x000001e2dafe7c10 Exception <a 'java/lang/NoSuchMethodError'{0x00000000d6607b70}: 'java.lang.Object java.lang.invoke.DirectMethodHandle$Holder.invokeInterface(java.lang.Object, java.lang.Object, int)'> (0x00000000d6607b70) 
thrown [s\src\hotspot\share\interpreter\linkResolver.cpp, line 773]
Event: 0.736 Thread 0x000001e2dafe7c10 Exception <a 'java/lang/NoSuchMethodError'{0x00000000d6a75a60}: 'java.lang.ClassLoader java.lang.ClassLoader.getPlatformClassLoader(java.lang.Class)'> (0x00000000d6a75a60) 
thrown [s\src\hotspot\share\interpreter\linkResolver.cpp, line 773]

ZGC Phase Switch (0 events):
No events

VM Operations (10 events):
Event: 0.106 Executing non-safepoint VM operation: HandshakeAllThreads (Deoptimize)
Event: 0.106 Executing non-safepoint VM operation: HandshakeAllThreads (Deoptimize) done
Event: 0.190 Executing non-safepoint VM operation: HandshakeAllThreads (Deoptimize)
Event: 0.190 Executing non-safepoint VM operation: HandshakeAllThreads (Deoptimize) done
Event: 0.493 Executing non-safepoint VM operation: HandshakeAllThreads (Deoptimize)
Event: 0.493 Executing non-safepoint VM operation: HandshakeAllThreads (Deoptimize) done
Event: 0.510 Executing non-safepoint VM operation: HandshakeAllThreads (Deoptimize)
Event: 0.510 Executing non-safepoint VM operation: HandshakeAllThreads (Deoptimize) done
Event: 0.801 Executing safepoint VM operation: ICBufferFull
Event: 0.801 Executing safepoint VM operation: ICBufferFull done

Memory protections (0 events):
No events

Nmethod flushes (0 events):
No events

Events (12 events):
Event: 0.032 Thread 0x000001e2dafe7c10 Thread added: 0x000001e2dafe7c10
Event: 0.057 Thread 0x000001e2dafe7c10 Thread added: 0x000001e2f5b30080
Event: 0.057 Thread 0x000001e2dafe7c10 Thread added: 0x000001e2f5b32740
Event: 0.057 Thread 0x000001e2dafe7c10 Thread added: 0x000001e2f5b36e00
Event: 0.057 Thread 0x000001e2dafe7c10 Thread added: 0x000001e2f5b37930
Event: 0.057 Thread 0x000001e2dafe7c10 Thread added: 0x000001e2f5b39700
Event: 0.057 Thread 0x000001e2dafe7c10 Thread added: 0x000001e2f5b3c4d0
Event: 0.058 Thread 0x000001e2dafe7c10 Thread added: 0x000001e2f5b3d310
Event: 0.058 Thread 0x000001e2dafe7c10 Thread added: 0x000001e2f5b3e6a0
Event: 0.123 Thread 0x000001e2f5b3e6a0 Thread added: 0x000001e2f5d6d180
Event: 0.135 Thread 0x000001e2dafe7c10 Thread added: 0x000001e2f5d64cf0
Event: 0.349 Thread 0x000001e2dafe7c10 Thread added: 0x000001e2f5e4e1f0


Dynamic libraries:
0x00007ff777cd0000 - 0x00007ff777cde000 	c:\Users\boini\.vscode\extensions\redhat.java-1.55.0-win32-x64\jre\21.0.11-win32-x86_64\bin\java.exe
0x00007ffac9190000 - 0x00007ffac93a8000 	C:\windows\SYSTEM32\ntdll.dll
0x00007ffac88f0000 - 0x00007ffac89b4000 	C:\windows\System32\KERNEL32.DLL
0x00007ffac6610000 - 0x00007ffac69e3000 	C:\windows\System32\KERNELBASE.dll
0x00007ffac6a70000 - 0x00007ffac6b81000 	C:\windows\System32\ucrtbase.dll
0x00007ffac2570000 - 0x00007ffac258e000 	c:\Users\boini\.vscode\extensions\redhat.java-1.55.0-win32-x64\jre\21.0.11-win32-x86_64\bin\VCRUNTIME140.dll
0x00007ffac2370000 - 0x00007ffac2388000 	c:\Users\boini\.vscode\extensions\redhat.java-1.55.0-win32-x64\jre\21.0.11-win32-x86_64\bin\jli.dll
0x00007ffac7de0000 - 0x00007ffac7f92000 	C:\windows\System32\USER32.dll
0x00007ffac6d30000 - 0x00007ffac6d56000 	C:\windows\System32\win32u.dll
0x00007ffaaaea0000 - 0x00007ffaab13c000 	C:\windows\WinSxS\amd64_microsoft.windows.common-controls_6595b64144ccf1df_6.0.22621.6060_none_2712eda17382d24b\COMCTL32.dll
0x00007ffac8370000 - 0x00007ffac8417000 	C:\windows\System32\msvcrt.dll
0x00007ffac9120000 - 0x00007ffac9149000 	C:\windows\System32\GDI32.dll
0x00007ffac6b90000 - 0x00007ffac6cab000 	C:\windows\System32\gdi32full.dll
0x00007ffac6d60000 - 0x00007ffac6dfa000 	C:\windows\System32\msvcp_win.dll
0x00007ffac8e50000 - 0x00007ffac8e81000 	C:\windows\System32\IMM32.DLL
0x00007ffac2560000 - 0x00007ffac256c000 	c:\Users\boini\.vscode\extensions\redhat.java-1.55.0-win32-x64\jre\21.0.11-win32-x86_64\bin\vcruntime140_1.dll
0x00007ffab5d20000 - 0x00007ffab5dad000 	c:\Users\boini\.vscode\extensions\redhat.java-1.55.0-win32-x64\jre\21.0.11-win32-x86_64\bin\msvcp140.dll
0x00007ffa4f9c0000 - 0x00007ffa50762000 	c:\Users\boini\.vscode\extensions\redhat.java-1.55.0-win32-x64\jre\21.0.11-win32-x86_64\bin\server\jvm.dll
0x00007ffac7d00000 - 0x00007ffac7db1000 	C:\windows\System32\ADVAPI32.dll
0x00007ffac80b0000 - 0x00007ffac8158000 	C:\windows\System32\sechost.dll
0x00007ffac6e00000 - 0x00007ffac6e28000 	C:\windows\System32\bcrypt.dll
0x00007ffac8420000 - 0x00007ffac8538000 	C:\windows\System32\RPCRT4.dll
0x00007ffac8860000 - 0x00007ffac88d1000 	C:\windows\System32\WS2_32.dll
0x00007ffac6170000 - 0x00007ffac61bd000 	C:\windows\SYSTEM32\POWRPROF.dll
0x00007ffabb8d0000 - 0x00007ffabb8da000 	C:\windows\SYSTEM32\VERSION.dll
0x00007ffabba90000 - 0x00007ffabbac4000 	C:\windows\SYSTEM32\WINMM.dll
0x00007ffac6150000 - 0x00007ffac6163000 	C:\windows\SYSTEM32\UMPDC.dll
0x00007ffac5240000 - 0x00007ffac5258000 	C:\windows\SYSTEM32\kernel.appcore.dll
0x00007ffac03c0000 - 0x00007ffac03ca000 	c:\Users\boini\.vscode\extensions\redhat.java-1.55.0-win32-x64\jre\21.0.11-win32-x86_64\bin\jimage.dll
0x00007ffac3c70000 - 0x00007ffac3ea3000 	C:\windows\SYSTEM32\DBGHELP.DLL
0x00007ffac6ea0000 - 0x00007ffac7231000 	C:\windows\System32\combase.dll
0x00007ffac8290000 - 0x00007ffac8368000 	C:\windows\System32\OLEAUT32.dll
0x00007ffaa1710000 - 0x00007ffaa1742000 	C:\windows\SYSTEM32\dbgcore.DLL
0x00007ffac69f0000 - 0x00007ffac6a6b000 	C:\windows\System32\bcryptPrimitives.dll
0x00007ffabffa0000 - 0x00007ffabffaf000 	c:\Users\boini\.vscode\extensions\redhat.java-1.55.0-win32-x64\jre\21.0.11-win32-x86_64\bin\instrument.dll
0x00007ffabfe00000 - 0x00007ffabfe20000 	c:\Users\boini\.vscode\extensions\redhat.java-1.55.0-win32-x64\jre\21.0.11-win32-x86_64\bin\java.dll
0x00007ffac73f0000 - 0x00007ffac7c8c000 	C:\windows\System32\SHELL32.dll
0x00007ffac62a0000 - 0x00007ffac63df000 	C:\windows\System32\wintypes.dll
0x00007ffac4150000 - 0x00007ffac4a6a000 	C:\windows\SYSTEM32\windows.storage.dll
0x00007ffac7fa0000 - 0x00007ffac80a4000 	C:\windows\System32\SHCORE.dll
0x00007ffac6e30000 - 0x00007ffac6e99000 	C:\windows\System32\shlwapi.dll
0x00007ffac61d0000 - 0x00007ffac61f5000 	C:\windows\SYSTEM32\profapi.dll
0x00007ffabfde0000 - 0x00007ffabfdf8000 	c:\Users\boini\.vscode\extensions\redhat.java-1.55.0-win32-x64\jre\21.0.11-win32-x86_64\bin\zip.dll
0x00007ffabfe30000 - 0x00007ffabfe40000 	C:\Users\boini\.vscode\extensions\redhat.java-1.55.0-win32-x64\jre\21.0.11-win32-x86_64\bin\net.dll
0x00007ffac2c20000 - 0x00007ffac2d4c000 	C:\windows\SYSTEM32\WINHTTP.dll
0x00007ffac5710000 - 0x00007ffac5779000 	C:\windows\system32\mswsock.dll
0x00007ffabb2d0000 - 0x00007ffabb2e6000 	C:\Users\boini\.vscode\extensions\redhat.java-1.55.0-win32-x64\jre\21.0.11-win32-x86_64\bin\nio.dll
0x00007ffabcbd0000 - 0x00007ffabcbe0000 	c:\Users\boini\.vscode\extensions\redhat.java-1.55.0-win32-x64\jre\21.0.11-win32-x86_64\bin\verify.dll

JVMTI agents:
c:\Users\boini\.vscode\extensions\redhat.java-1.55.0-win32-x64\lombok\lombok-1.18.39-4050.jar path:c:\Users\boini\.vscode\extensions\redhat.java-1.55.0-win32-x64\jre\21.0.11-win32-x86_64\bin\instrument.dll, loaded, initialized, instrumentlib options:none

dbghelp: loaded successfully - version: 4.0.5 - missing functions: none
symbol engine: initialized successfully - sym options: 0x614 - pdb path: .;c:\Users\boini\.vscode\extensions\redhat.java-1.55.0-win32-x64\jre\21.0.11-win32-x86_64\bin;C:\windows\SYSTEM32;C:\windows\WinSxS\amd64_microsoft.windows.common-controls_6595b64144ccf1df_6.0.22621.6060_none_2712eda17382d24b;c:\Users\boini\.vscode\extensions\redhat.java-1.55.0-win32-x64\jre\21.0.11-win32-x86_64\bin\server

VM Arguments:
jvm_args: --add-modules=ALL-SYSTEM --add-opens=java.base/java.util=ALL-UNNAMED --add-opens=java.base/java.lang=ALL-UNNAMED --add-opens=java.base/sun.nio.fs=ALL-UNNAMED -Declipse.application=org.eclipse.jdt.ls.core.id1 -Dosgi.bundles.defaultStartLevel=4 -Declipse.product=org.eclipse.jdt.ls.core.product -Djava.import.generatesMetadataFilesAtProjectRoot=false -DDetectVMInstallationsJob.disabled=true -Dfile.encoding=utf8 -XX:+UseParallelGC -XX:GCTimeRatio=4 -XX:AdaptiveSizePolicyWeight=90 -Dsun.zip.disableMemoryMapping=true -Xmx2G -Xms100m -Xlog:disable -javaagent:c:\Users\boini\.vscode\extensions\redhat.java-1.55.0-win32-x64\lombok\lombok-1.18.39-4050.jar 
java_command: c:\Users\boini\.vscode\extensions\redhat.java-1.55.0-win32-x64\server\plugins\org.eclipse.equinox.launcher_1.7.200.v20260619-2039.jar -configuration c:\Users\boini\AppData\Roaming\Code\User\globalStorage\redhat.java\1.55.0\config_ss_win -data c:\Users\boini\AppData\Roaming\Code\User\workspaceStorage\e6bb11de103c9e1a934892c7d0c01b98\redhat.java\ss_ws --pipe=\\.\pipe\lsp-cc10a508b302a8f2161cace7411833ba-sock
java_class_path (initial): c:\Users\boini\.vscode\extensions\redhat.java-1.55.0-win32-x64\server\plugins\org.eclipse.equinox.launcher_1.7.200.v20260619-2039.jar
Launcher Type: SUN_STANDARD

[Global flags]
    uintx AdaptiveSizePolicyWeight                 = 90                                        {product} {command line}
     intx CICompilerCount                          = 4                                         {product} {ergonomic}
    uintx GCTimeRatio                              = 4                                         {product} {command line}
   size_t InitialHeapSize                          = 104857600                                 {product} {command line}
   size_t MaxHeapSize                              = 2147483648                                {product} {command line}
   size_t MaxNewSize                               = 715653120                                 {product} {ergonomic}
   size_t MinHeapDeltaBytes                        = 524288                                    {product} {ergonomic}
   size_t MinHeapSize                              = 104857600                                 {product} {command line}
   size_t NewSize                                  = 34603008                                  {product} {ergonomic}
    uintx NonNMethodCodeHeapSize                   = 5839372                                {pd product} {ergonomic}
    uintx NonProfiledCodeHeapSize                  = 122909434                              {pd product} {ergonomic}
   size_t OldSize                                  = 70254592                                  {product} {ergonomic}
    uintx ProfiledCodeHeapSize                     = 122909434                              {pd product} {ergonomic}
    uintx ReservedCodeCacheSize                    = 251658240                              {pd product} {ergonomic}
     bool SegmentedCodeCache                       = true                                      {product} {ergonomic}
   size_t SoftMaxHeapSize                          = 2147483648                             {manageable} {ergonomic}
     bool UseCompressedOops                        = true                           {product lp64_product} {ergonomic}
     bool UseLargePagesIndividualAllocation        = false                                  {pd product} {ergonomic}
     bool UseParallelGC                            = true                                      {product} {command line}

Logging:
Log output configuration:
 #0: stdout all=off uptime,level,tags foldmultilines=false
 #1: stderr all=off uptime,level,tags foldmultilines=false

Release file:
JAVA_VERSION="21.0.11" 
MODULES="java.base java.compiler java.datatransfer java.xml java.prefs java.desktop java.instrument java.logging java.management java.security.sasl java.naming java.rmi java.management.rmi java.net.http java.scripting java.security.jgss java.transaction.xa java.sql java.sql.rowset java.xml.crypto java.se java.smartcardio jdk.accessibility jdk.internal.jvmstat jdk.attach jdk.charsets jdk.internal.opt jdk.zipfs jdk.compiler jdk.crypto.ec jdk.crypto.cryptoki jdk.crypto.mscapi jdk.dynalink jdk.internal.ed jdk.editpad jdk.hotspot.agent jdk.httpserver jdk.internal.le jdk.internal.vm.ci jdk.internal.vm.compiler jdk.internal.vm.compiler.management jdk.jartool jdk.javadoc jdk.jcmd jdk.management jdk.management.agent jdk.jconsole jdk.jdeps jdk.jdwp.agent jdk.jdi jdk.jfr jdk.jshell jdk.jsobject jdk.jstatd jdk.localedata jdk.management.jfr jdk.naming.dns jdk.naming.rmi jdk.net jdk.nio.mapmode jdk.random jdk.sctp jdk.security.auth jdk.security.jgss jdk.unsupported jdk.unsupported.desktop jdk.xml.dom" 

Environment Variables:
PATH=C:\oraclexe\app\oracle\product\11.2.0\server\bin;;C:\windows\system32;C:\windows;C:\windows\System32\Wbem;C:\windows\System32\WindowsPowerShell\v1.0\;C:\windows\System32\OpenSSH\;C:\Program Files (x86)\Microsoft SQL Server\160\DTS\Binn\;C:\Program Files\Azure Data Studio\bin;C:\Program Files (x86)\Microsoft SQL Server\150\Tools\Binn\;C:\Program Files\Microsoft SQL Server\150\Tools\Binn\;C:\Program Files (x86)\Microsoft SQL Server\150\DTS\Binn\;C:\Program Files\Microsoft SQL Server\150\DTS\Binn\;C:\Program Files\Microsoft SQL Server\Client SDK\ODBC\170\Tools\Binn\;C:\Program Files\Java\jdk-24\bin;C:\Program Files\Git\cmd;C:\Program Files\nodejs\;C:\Program Files\Git LFS;C:\Users\boini\AppData\Local\Programs\Python\Python310\Scripts\;C:\Users\boini\AppData\Local\Programs\Python\Python310\;C:\windows\system32;C:\windows;C:\windows\System32\Wbem;C:\windows\System32\WindowsPowerShell\v1.0\;C:\windows\System32\OpenSSH\;C:\Program Files (x86)\Microsoft SQL Server\160\DTS\Binn\;C:\Program Files\Azure Data Studio\bin;C:\Program Files (x86)\Microsoft SQL Server\150\Tools\Binn\;C:\Program Files\Microsoft SQL Server\150\Tools\Binn\;C:\Program Files (x86)\Microsoft SQL Server\150\DTS\Binn\;C:\Program Files\Microsoft SQL Server\150\DTS\Binn\;C:\Program Files\Microsoft SQL Server\Client SDK\ODBC\170\Tools\Binn\;C:\Program Files\Java\jdk-24\bin;C:\Program Files\Git\cmd;C:\Program Files\nodejs\;C:\Users\boini\AppData\Local\Programs\Python\Python37\Scripts\;C:\Users\boini\AppData\Local\Programs\Python\Python37\;C:\Program Files\Java;C:\Users\boini\AppData\Local\GitHubDesktop\bin;C:\Users\boini\AppData\Local\Programs\Microsoft VS Code\bin;C:\Users\boini\AppData\Roaming\npm;D:\Users\apache-maven-3.9.16-bin\apache-maven-3.9.16\bin;C:\Users\boini\AppData\Local\Programs\Antigravity IDE\bin
USERNAME=boini
OS=Windows_NT
PROCESSOR_IDENTIFIER=Intel64 Family 6 Model 154 Stepping 4, GenuineIntel
TMP=C:\Users\boini\AppData\Local\Temp
TEMP=C:\Users\boini\AppData\Local\Temp




Periodic native trim disabled

---------------  S Y S T E M  ---------------

OS:
 Windows 11 , 64 bit Build 22621 (10.0.22621.5415)
OS uptime: 2 days 19:40 hours
Hyper-V role detected

CPU: total 12 (initial active 12) (6 cores per cpu, 2 threads per core) family 6 model 154 stepping 4 microcode 0x42c, cx8, cmov, fxsr, ht, mmx, 3dnowpref, sse, sse2, sse3, ssse3, sse4.1, sse4.2, popcnt, lzcnt, tsc, tscinvbit, avx, avx2, aes, erms, clmul, bmi1, bmi2, adx, sha, fma, vzeroupper, clflush, clflushopt, clwb, hv, serialize, rdtscp, rdpid, fsrm, f16c, cet_ibt, cet_ss
Processor Information for processor 0
  Max Mhz: 1300, Current Mhz: 1300, Mhz Limit: 1300
Processor Information for processor 1
  Max Mhz: 1300, Current Mhz: 1300, Mhz Limit: 1300
Processor Information for processor 2
  Max Mhz: 1300, Current Mhz: 1300, Mhz Limit: 1300
Processor Information for processor 3
  Max Mhz: 1300, Current Mhz: 1300, Mhz Limit: 1300
Processor Information for processor 4
  Max Mhz: 1300, Current Mhz: 900, Mhz Limit: 897
Processor Information for processor 5
  Max Mhz: 1300, Current Mhz: 900, Mhz Limit: 897
Processor Information for processor 6
  Max Mhz: 1300, Current Mhz: 900, Mhz Limit: 897
Processor Information for processor 7
  Max Mhz: 1300, Current Mhz: 900, Mhz Limit: 897
Processor Information for processor 8
  Max Mhz: 1300, Current Mhz: 900, Mhz Limit: 897
Processor Information for processor 9
  Max Mhz: 1300, Current Mhz: 900, Mhz Limit: 897
Processor Information for processor 10
  Max Mhz: 1300, Current Mhz: 900, Mhz Limit: 897
Processor Information for processor 11
  Max Mhz: 1300, Current Mhz: 900, Mhz Limit: 897

Memory: 4k page, system-wide physical 7863M (395M free)
TotalPageFile size 13878M (AvailPageFile size 15M)
current process WorkingSet (physical memory assigned to process): 81M, peak: 81M
current process commit charge ("private bytes"): 243M, peak: 243M

vm_info: OpenJDK 64-Bit Server VM (21.0.11+10-LTS) for windows-amd64 JRE (21.0.11+10-LTS), built on 2026-04-21T00:00:00Z by "admin" with MS VC++ 17.12 (VS2022)

END.
