#
# There is insufficient memory for the Java Runtime Environment to continue.
# Native memory allocation (mmap) failed to map 50331648 bytes. Error detail: G1 virtual space
# Possible reasons:
#   The system is out of physical RAM or swap space
#   This process is running with CompressedOops enabled, and the Java Heap may be blocking the growth of the native heap
# Possible solutions:
#   Reduce memory load on the system
#   Increase physical memory or swap space
#   Check if swap backing store is full
#   Decrease Java heap size (-Xmx/-Xms)
#   Decrease number of Java threads
#   Decrease Java thread stack sizes (-Xss)
#   Set larger code cache with -XX:ReservedCodeCacheSize=
#   JVM is running with Unscaled Compressed Oops mode in which the Java heap is
#     placed in the first 4GB address space. The Java Heap base address is the
#     maximum limit for the native heap growth. Please use -XX:HeapBaseMinAddress
#     to set the Java Heap base and to place the Java Heap above 4GB virtual address.
# This output file may be truncated or incomplete.
#
#  Out of Memory Error (os_windows.cpp:3564), pid=22200, tid=12172
#
# JRE version: Java(TM) SE Runtime Environment (24.0.1+9) (build 24.0.1+9-30)
# Java VM: Java HotSpot(TM) 64-Bit Server VM (24.0.1+9-30, mixed mode, sharing, tiered, compressed oops, compressed class ptrs, g1 gc, windows-amd64)
# No core dump will be written. Minidumps are not enabled by default on client versions of Windows
#

---------------  S U M M A R Y ------------

Command Line: --enable-native-access=ALL-UNNAMED -Dclassworlds.conf=D:\Users\apache-maven-3.9.16-bin\apache-maven-3.9.16\bin\m2.conf -Dmaven.home=D:\Users\apache-maven-3.9.16-bin\apache-maven-3.9.16 -Dlibrary.jansi.path=D:\Users\apache-maven-3.9.16-bin\apache-maven-3.9.16\lib\jansi-native -Dmaven.multiModuleProjectDirectory=D:\KisaanSakthiBackend org.codehaus.plexus.classworlds.launcher.Launcher spring-boot:run

Host: 12th Gen Intel(R) Core(TM) i5-1235U, 12 cores, 7G,  Windows 11 , 64 bit Build 22621 (10.0.22621.5415)
Time: Mon Jul 27 21:59:38 2026 India Standard Time elapsed time: 6.190184 seconds (0d 0h 0m 6s)

---------------  T H R E A D  ---------------

Current thread (0x000001ca5df94cc0):  VMThread "VM Thread"          [id=12172, stack(0x00000064d9400000,0x00000064d9500000) (1024K)]

Stack: [0x00000064d9400000,0x00000064d9500000]
Native frames: (J=compiled Java code, j=interpreted, Vv=VM code, C=native code)
V  [jvm.dll+0x730739]  (no source info available)
V  [jvm.dll+0x8d9b23]  (no source info available)
V  [jvm.dll+0x8dc00d]  (no source info available)
V  [jvm.dll+0x8dc683]  (no source info available)
V  [jvm.dll+0x2aa086]  (no source info available)
V  [jvm.dll+0x72cc65]  (no source info available)
V  [jvm.dll+0x72059a]  (no source info available)
V  [jvm.dll+0x390cea]  (no source info available)
V  [jvm.dll+0x3989f6]  (no source info available)
V  [jvm.dll+0x38523e]  (no source info available)
V  [jvm.dll+0x3854f8]  (no source info available)
V  [jvm.dll+0x35d0cc]  (no source info available)
V  [jvm.dll+0x35d15a]  (no source info available)
V  [jvm.dll+0x3aa702]  (no source info available)
V  [jvm.dll+0x3a8d82]  (no source info available)
V  [jvm.dll+0x35c897]  (no source info available)
V  [jvm.dll+0x3a8534]  (no source info available)
V  [jvm.dll+0x8e2742]  (no source info available)
V  [jvm.dll+0x8e3a8c]  (no source info available)
V  [jvm.dll+0x8e3ff8]  (no source info available)
V  [jvm.dll+0x8e4293]  (no source info available)
V  [jvm.dll+0x87d76b]  (no source info available)
V  [jvm.dll+0x72ee55]  (no source info available)
C  [ucrtbase.dll+0x29333]  (no source info available)
C  [KERNEL32.DLL+0x1259d]  (no source info available)
C  [ntdll.dll+0x5af78]  (no source info available)

VM_Operation (0x00000064d8dfbf10): G1CollectForAllocation, mode: safepoint, requested by thread 0x000001ca3ec12f40


---------------  P R O C E S S  ---------------

Threads class SMR info:
_java_thread_list=0x000001caa5620610, length=13, elements={
0x000001ca3ec12f40, 0x000001ca5dfa4db0, 0x000001ca5dfa5850, 0x000001ca5dfa7f80,
0x000001ca5dfa9ac0, 0x000001ca5dfaba10, 0x000001ca5dfac540, 0x000001ca5dfad3a0,
0x000001ca5dfaff30, 0x000001caa3119900, 0x000001caa311f080, 0x000001caa40c7a00,
0x000001caa5bb8b60
}

Java Threads: ( => current thread )
  0x000001ca3ec12f40 JavaThread "main"                              [_thread_blocked, id=24440, stack(0x00000064d8d00000,0x00000064d8e00000) (1024K)]
  0x000001ca5dfa4db0 JavaThread "Reference Handler"          daemon [_thread_blocked, id=14512, stack(0x00000064d9500000,0x00000064d9600000) (1024K)]
  0x000001ca5dfa5850 JavaThread "Finalizer"                  daemon [_thread_blocked, id=8648, stack(0x00000064d9600000,0x00000064d9700000) (1024K)]
  0x000001ca5dfa7f80 JavaThread "Signal Dispatcher"          daemon [_thread_blocked, id=12384, stack(0x00000064d9700000,0x00000064d9800000) (1024K)]
  0x000001ca5dfa9ac0 JavaThread "Attach Listener"            daemon [_thread_blocked, id=19540, stack(0x00000064d9800000,0x00000064d9900000) (1024K)]
  0x000001ca5dfaba10 JavaThread "Service Thread"             daemon [_thread_blocked, id=17200, stack(0x00000064d9900000,0x00000064d9a00000) (1024K)]
  0x000001ca5dfac540 JavaThread "Monitor Deflation Thread"   daemon [_thread_blocked, id=12888, stack(0x00000064d9a00000,0x00000064d9b00000) (1024K)]
  0x000001ca5dfad3a0 JavaThread "C2 CompilerThread0"         daemon [_thread_blocked, id=20744, stack(0x00000064d9b00000,0x00000064d9c00000) (1024K)]
  0x000001ca5dfaff30 JavaThread "C1 CompilerThread0"         daemon [_thread_blocked, id=24548, stack(0x00000064d9c00000,0x00000064d9d00000) (1024K)]
  0x000001caa3119900 JavaThread "Notification Thread"        daemon [_thread_blocked, id=23340, stack(0x00000064d9d00000,0x00000064d9e00000) (1024K)]
  0x000001caa311f080 JavaThread "Common-Cleaner"             daemon [_thread_blocked, id=19492, stack(0x00000064d9e00000,0x00000064d9f00000) (1024K)]
  0x000001caa40c7a00 JavaThread "Thread-1"                   daemon [_thread_blocked, id=24284, stack(0x00000064da400000,0x00000064da500000) (1024K)]
  0x000001caa5bb8b60 JavaThread "C2 CompilerThread1"         daemon [_thread_blocked, id=24352, stack(0x00000064d9f00000,0x00000064da000000) (1024K)]
Total: 13

Other Threads:
=>0x000001ca5df94cc0 VMThread "VM Thread"                           [id=12172, stack(0x00000064d9400000,0x00000064d9500000) (1024K)]
  0x000001ca5df87fe0 WatcherThread "VM Periodic Task Thread"        [id=17464, stack(0x00000064d9300000,0x00000064d9400000) (1024K)]
  0x000001ca40f35db0 WorkerThread "GC Thread#0"                     [id=18220, stack(0x00000064d8e00000,0x00000064d8f00000) (1024K)]
  0x000001caa3f88480 WorkerThread "GC Thread#1"                     [id=4636, stack(0x00000064da000000,0x00000064da100000) (1024K)]
  0x000001caa3f88830 WorkerThread "GC Thread#2"                     [id=11988, stack(0x00000064da100000,0x00000064da200000) (1024K)]
  0x000001caa3fc5360 WorkerThread "GC Thread#3"                     [id=13020, stack(0x00000064da200000,0x00000064da300000) (1024K)]
  0x000001caa3fc5710 WorkerThread "GC Thread#4"                     [id=14424, stack(0x00000064da300000,0x00000064da400000) (1024K)]
  0x000001caa40f4370 WorkerThread "GC Thread#5"                     [id=23484, stack(0x00000064da500000,0x00000064da600000) (1024K)]
  0x000001caa40f4e80 WorkerThread "GC Thread#6"                     [id=6328, stack(0x00000064da600000,0x00000064da700000) (1024K)]
  0x000001caa40f3fc0 WorkerThread "GC Thread#7"                     [id=2788, stack(0x00000064da700000,0x00000064da800000) (1024K)]
  0x000001caa40f5230 WorkerThread "GC Thread#8"                     [id=20052, stack(0x00000064da800000,0x00000064da900000) (1024K)]
  0x000001caa40f55e0 WorkerThread "GC Thread#9"                     [id=18744, stack(0x00000064da900000,0x00000064daa00000) (1024K)]
  0x000001ca40f4a130 ConcurrentGCThread "G1 Main Marker"            [id=22556, stack(0x00000064d8f00000,0x00000064d9000000) (1024K)]
  0x000001ca40f4adc0 WorkerThread "G1 Conc#0"                       [id=11032, stack(0x00000064d9000000,0x00000064d9100000) (1024K)]
  0x000001caa4476a20 WorkerThread "G1 Conc#1"                       [id=17620, stack(0x00000064daa00000,0x00000064dab00000) (1024K)]
  0x000001caa4473de0 WorkerThread "G1 Conc#2"                       [id=9672, stack(0x00000064dab00000,0x00000064dac00000) (1024K)]
  0x000001ca40f9e970 ConcurrentGCThread "G1 Refine#0"               [id=22188, stack(0x00000064d9100000,0x00000064d9200000) (1024K)]
  0x000001ca5de542f0 ConcurrentGCThread "G1 Service"                [id=14776, stack(0x00000064d9200000,0x00000064d9300000) (1024K)]
Total: 18

Threads with active compile tasks:
Total: 0

VM state: at safepoint (normal execution)

VM Mutex/Monitor currently owned by a thread:  ([mutex/lock_event])
[0x00007ffa15ca44b0] Threads_lock - owner thread: 0x000001ca5df94cc0
[0x00007ffa15ca45b0] Heap_lock - owner thread: 0x000001ca3ec12f40

Heap address: 0x0000000085200000, size: 1966 MB, Compressed Oops mode: 32-bit

CDS archive(s) mapped at: [0x000001ca5e000000-0x000001ca5ed40000-0x000001ca5ed40000), size 13893632, SharedBaseAddress: 0x000001ca5e000000, ArchiveRelocationMode: 1.
Compressed class space mapped at: 0x000001ca5f000000-0x000001ca9f000000, reserved size: 1073741824
UseCompressedClassPointers 1, UseCompactObjectHeaders 0
Narrow klass pointer bits 32, Max shift 3
Narrow klass base: 0x000001ca5e000000, Narrow klass shift: 0
Encoding Range: [0x000001ca5e000000 - 0x000001cb5e000000), (4294967296 bytes)
Klass Range:    [0x000001ca5e000000 - 0x000001ca9f000000), (1090519040 bytes)
Klass ID Range:  [8 - 1090519033) (1090519025)

GC Precious Log:
 CardTable entry size: 512
 Card Set container configuration: InlinePtr #cards 5 size 8 Array Of Cards #cards 10 size 36 Howl #buckets 4 coarsen threshold 1843 Howl Bitmap #cards 512 size 80 coarsen threshold 460 Card regions per heap region 1 cards per card region 2048
 CPUs: 12 total, 12 available
 Memory: 7863M
 Large Page Support: Disabled
 NUMA Support: Disabled
 Compressed Oops: Enabled (32-bit)
 Heap Region Size: 1M
 Heap Min Capacity: 8M
 Heap Initial Capacity: 124M
 Heap Max Capacity: 1966M
 Pre-touch: Disabled
 Parallel Workers: 10
 Concurrent Workers: 3
 Concurrent Refinement Workers: 10
 Periodic GC: Disabled

Heap:
 garbage-first heap   total reserved 2013184K, committed 135168K, used 35328K [0x0000000085200000, 0x0000000100000000)
  region size 1024K, 4 young (4096K), 4 survivors (4096K)
 Metaspace       used 28151K, committed 28480K, reserved 1114112K
  class space    used 2763K, committed 2880K, reserved 1048576K

Heap Regions: E=young(eden), S=young(survivor), O=old, HS=humongous(starts), HC=humongous(continues), CS=collection set, F=free, TAMS=top-at-mark-start, PB=parsable bottom
|   0|0x0000000085200000, 0x0000000085300000, 0x0000000085300000|100%| O|  |TAMS 0x0000000085200000| PB 0x0000000085200000| Untracked |  0
|   1|0x0000000085300000, 0x0000000085400000, 0x0000000085400000|100%| O|  |TAMS 0x0000000085300000| PB 0x0000000085300000| Untracked |  0
|   2|0x0000000085400000, 0x0000000085500000, 0x0000000085500000|100%| O|  |TAMS 0x0000000085400000| PB 0x0000000085400000| Untracked |  0
|   3|0x0000000085500000, 0x0000000085600000, 0x0000000085600000|100%| O|  |TAMS 0x0000000085500000| PB 0x0000000085500000| Untracked |  0
|   4|0x0000000085600000, 0x0000000085700000, 0x0000000085700000|100%| O|  |TAMS 0x0000000085600000| PB 0x0000000085600000| Untracked |  0
|   5|0x0000000085700000, 0x0000000085800000, 0x0000000085800000|100%| O|  |TAMS 0x0000000085700000| PB 0x0000000085700000| Untracked |  0
|   6|0x0000000085800000, 0x0000000085900000, 0x0000000085900000|100%| O|  |TAMS 0x0000000085800000| PB 0x0000000085800000| Untracked |  0
|   7|0x0000000085900000, 0x0000000085a00000, 0x0000000085a00000|100%| O|  |TAMS 0x0000000085900000| PB 0x0000000085900000| Untracked |  0
|   8|0x0000000085a00000, 0x0000000085b00000, 0x0000000085b00000|100%| O|  |TAMS 0x0000000085a00000| PB 0x0000000085a00000| Untracked |  0
|   9|0x0000000085b00000, 0x0000000085c00000, 0x0000000085c00000|100%| O|  |TAMS 0x0000000085b00000| PB 0x0000000085b00000| Untracked |  0
|  10|0x0000000085c00000, 0x0000000085c00000, 0x0000000085d00000|  0%| F|  |TAMS 0x0000000085c00000| PB 0x0000000085c00000| Untracked |  0
|  11|0x0000000085d00000, 0x0000000085e00000, 0x0000000085e00000|100%|HS|  |TAMS 0x0000000085d00000| PB 0x0000000085d00000| Complete |  0
|  12|0x0000000085e00000, 0x0000000085f00000, 0x0000000085f00000|100%| O|  |TAMS 0x0000000085e00000| PB 0x0000000085e00000| Untracked |  0
|  13|0x0000000085f00000, 0x0000000086000000, 0x0000000086000000|100%| O|  |TAMS 0x0000000085f00000| PB 0x0000000085f00000| Untracked |  0
|  14|0x0000000086000000, 0x0000000086100000, 0x0000000086100000|100%| O|  |TAMS 0x0000000086000000| PB 0x0000000086000000| Untracked |  0
|  15|0x0000000086100000, 0x0000000086200000, 0x0000000086200000|100%| O|  |TAMS 0x0000000086100000| PB 0x0000000086100000| Untracked |  0
|  16|0x0000000086200000, 0x0000000086300000, 0x0000000086300000|100%| O|  |TAMS 0x0000000086200000| PB 0x0000000086200000| Untracked |  0
|  17|0x0000000086300000, 0x0000000086400000, 0x0000000086400000|100%| O|  |TAMS 0x0000000086300000| PB 0x0000000086300000| Untracked |  0
|  18|0x0000000086400000, 0x0000000086500000, 0x0000000086500000|100%| O|  |TAMS 0x0000000086400000| PB 0x0000000086400000| Untracked |  0
|  19|0x0000000086500000, 0x0000000086600000, 0x0000000086600000|100%| O|  |TAMS 0x0000000086500000| PB 0x0000000086500000| Untracked |  0
|  20|0x0000000086600000, 0x0000000086700000, 0x0000000086700000|100%| O|  |TAMS 0x0000000086600000| PB 0x0000000086600000| Untracked |  0
|  21|0x0000000086700000, 0x0000000086700000, 0x0000000086800000|  0%| F|  |TAMS 0x0000000086700000| PB 0x0000000086700000| Untracked |  0
|  22|0x0000000086800000, 0x0000000086800000, 0x0000000086900000|  0%| F|  |TAMS 0x0000000086800000| PB 0x0000000086800000| Untracked |  0
|  23|0x0000000086900000, 0x0000000086900000, 0x0000000086a00000|  0%| F|  |TAMS 0x0000000086900000| PB 0x0000000086900000| Untracked |  0
|  24|0x0000000086a00000, 0x0000000086a00000, 0x0000000086b00000|  0%| F|  |TAMS 0x0000000086a00000| PB 0x0000000086a00000| Untracked |  0
|  25|0x0000000086b00000, 0x0000000086b00000, 0x0000000086c00000|  0%| F|  |TAMS 0x0000000086b00000| PB 0x0000000086b00000| Untracked |  0
|  26|0x0000000086c00000, 0x0000000086c00000, 0x0000000086d00000|  0%| F|  |TAMS 0x0000000086c00000| PB 0x0000000086c00000| Untracked |  0
|  27|0x0000000086d00000, 0x0000000086d00000, 0x0000000086e00000|  0%| F|  |TAMS 0x0000000086d00000| PB 0x0000000086d00000| Untracked |  0
|  28|0x0000000086e00000, 0x0000000086f00000, 0x0000000086f00000|100%| O|  |TAMS 0x0000000086e00000| PB 0x0000000086e00000| Untracked |  0
|  29|0x0000000086f00000, 0x0000000087000000, 0x0000000087000000|100%| O|  |TAMS 0x0000000086f00000| PB 0x0000000086f00000| Untracked |  0
|  30|0x0000000087000000, 0x0000000087000000, 0x0000000087100000|  0%| F|  |TAMS 0x0000000087000000| PB 0x0000000087000000| Untracked |  0
|  31|0x0000000087100000, 0x0000000087100000, 0x0000000087200000|  0%| F|  |TAMS 0x0000000087100000| PB 0x0000000087100000| Untracked |  0
|  32|0x0000000087200000, 0x0000000087200000, 0x0000000087300000|  0%| F|  |TAMS 0x0000000087200000| PB 0x0000000087200000| Untracked |  0
|  33|0x0000000087300000, 0x0000000087300000, 0x0000000087400000|  0%| F|  |TAMS 0x0000000087300000| PB 0x0000000087300000| Untracked |  0
|  34|0x0000000087400000, 0x0000000087400000, 0x0000000087500000|  0%| F|  |TAMS 0x0000000087400000| PB 0x0000000087400000| Untracked |  0
|  35|0x0000000087500000, 0x0000000087500000, 0x0000000087600000|  0%| F|  |TAMS 0x0000000087500000| PB 0x0000000087500000| Untracked |  0
|  36|0x0000000087600000, 0x0000000087600000, 0x0000000087700000|  0%| F|  |TAMS 0x0000000087600000| PB 0x0000000087600000| Untracked |  0
|  37|0x0000000087700000, 0x0000000087700000, 0x0000000087800000|  0%| F|  |TAMS 0x0000000087700000| PB 0x0000000087700000| Untracked |  0
|  38|0x0000000087800000, 0x0000000087800000, 0x0000000087900000|  0%| F|  |TAMS 0x0000000087800000| PB 0x0000000087800000| Untracked |  0
|  39|0x0000000087900000, 0x0000000087900000, 0x0000000087a00000|  0%| F|  |TAMS 0x0000000087900000| PB 0x0000000087900000| Untracked |  0
|  40|0x0000000087a00000, 0x0000000087a00000, 0x0000000087b00000|  0%| F|  |TAMS 0x0000000087a00000| PB 0x0000000087a00000| Untracked |  0
|  41|0x0000000087b00000, 0x0000000087b00000, 0x0000000087c00000|  0%| F|  |TAMS 0x0000000087b00000| PB 0x0000000087b00000| Untracked |  0
|  42|0x0000000087c00000, 0x0000000087c00000, 0x0000000087d00000|  0%| F|  |TAMS 0x0000000087c00000| PB 0x0000000087c00000| Untracked |  0
|  43|0x0000000087d00000, 0x0000000087d80000, 0x0000000087e00000| 50%| S|CS|TAMS 0x0000000087d00000| PB 0x0000000087d00000| Complete |  0
|  44|0x0000000087e00000, 0x0000000087f00000, 0x0000000087f00000|100%| S|CS|TAMS 0x0000000087e00000| PB 0x0000000087e00000| Complete |  0
|  45|0x0000000087f00000, 0x0000000088000000, 0x0000000088000000|100%|HS|  |TAMS 0x0000000087f00000| PB 0x0000000087f00000| Complete |  0
|  46|0x0000000088000000, 0x0000000088100000, 0x0000000088100000|100%|HC|  |TAMS 0x0000000088000000| PB 0x0000000088000000| Complete |  0
|  47|0x0000000088100000, 0x0000000088200000, 0x0000000088200000|100%| S|CS|TAMS 0x0000000088100000| PB 0x0000000088100000| Complete |  0
|  48|0x0000000088200000, 0x0000000088300000, 0x0000000088300000|100%| S|CS|TAMS 0x0000000088200000| PB 0x0000000088200000| Complete |  0
|  49|0x0000000088300000, 0x0000000088300000, 0x0000000088400000|  0%| F|  |TAMS 0x0000000088300000| PB 0x0000000088300000| Untracked |  0
|  50|0x0000000088400000, 0x0000000088400000, 0x0000000088500000|  0%| F|  |TAMS 0x0000000088400000| PB 0x0000000088400000| Untracked |  0
|  51|0x0000000088500000, 0x0000000088500000, 0x0000000088600000|  0%| F|  |TAMS 0x0000000088500000| PB 0x0000000088500000| Untracked |  0
|  52|0x0000000088600000, 0x0000000088600000, 0x0000000088700000|  0%| F|  |TAMS 0x0000000088600000| PB 0x0000000088600000| Untracked |  0
|  53|0x0000000088700000, 0x0000000088700000, 0x0000000088800000|  0%| F|  |TAMS 0x0000000088700000| PB 0x0000000088700000| Untracked |  0
|  54|0x0000000088800000, 0x0000000088800000, 0x0000000088900000|  0%| F|  |TAMS 0x0000000088800000| PB 0x0000000088800000| Untracked |  0
|  55|0x0000000088900000, 0x0000000088900000, 0x0000000088a00000|  0%| F|  |TAMS 0x0000000088900000| PB 0x0000000088900000| Untracked |  0
|  56|0x0000000088a00000, 0x0000000088a00000, 0x0000000088b00000|  0%| F|  |TAMS 0x0000000088a00000| PB 0x0000000088a00000| Untracked |  0
|  57|0x0000000088b00000, 0x0000000088b00000, 0x0000000088c00000|  0%| F|  |TAMS 0x0000000088b00000| PB 0x0000000088b00000| Untracked |  0
|  58|0x0000000088c00000, 0x0000000088c00000, 0x0000000088d00000|  0%| F|  |TAMS 0x0000000088c00000| PB 0x0000000088c00000| Untracked |  0
|  59|0x0000000088d00000, 0x0000000088d00000, 0x0000000088e00000|  0%| F|  |TAMS 0x0000000088d00000| PB 0x0000000088d00000| Untracked |  0
|  60|0x0000000088e00000, 0x0000000088e00000, 0x0000000088f00000|  0%| F|  |TAMS 0x0000000088e00000| PB 0x0000000088e00000| Untracked |  0
|  61|0x0000000088f00000, 0x0000000088f00000, 0x0000000089000000|  0%| F|  |TAMS 0x0000000088f00000| PB 0x0000000088f00000| Untracked |  0
|  62|0x0000000089000000, 0x0000000089000000, 0x0000000089100000|  0%| F|  |TAMS 0x0000000089000000| PB 0x0000000089000000| Untracked |  0
|  63|0x0000000089100000, 0x0000000089100000, 0x0000000089200000|  0%| F|  |TAMS 0x0000000089100000| PB 0x0000000089100000| Untracked |  0
|  64|0x0000000089200000, 0x0000000089200000, 0x0000000089300000|  0%| F|  |TAMS 0x0000000089200000| PB 0x0000000089200000| Untracked |  0
|  65|0x0000000089300000, 0x0000000089300000, 0x0000000089400000|  0%| F|  |TAMS 0x0000000089300000| PB 0x0000000089300000| Untracked |  0
|  66|0x0000000089400000, 0x0000000089400000, 0x0000000089500000|  0%| F|  |TAMS 0x0000000089400000| PB 0x0000000089400000| Untracked |  0
|  67|0x0000000089500000, 0x0000000089500000, 0x0000000089600000|  0%| F|  |TAMS 0x0000000089500000| PB 0x0000000089500000| Untracked |  0
|  68|0x0000000089600000, 0x0000000089600000, 0x0000000089700000|  0%| F|  |TAMS 0x0000000089600000| PB 0x0000000089600000| Untracked |  0
|  69|0x0000000089700000, 0x0000000089700000, 0x0000000089800000|  0%| F|  |TAMS 0x0000000089700000| PB 0x0000000089700000| Untracked |  0
|  70|0x0000000089800000, 0x0000000089800000, 0x0000000089900000|  0%| F|  |TAMS 0x0000000089800000| PB 0x0000000089800000| Untracked |  0
|  71|0x0000000089900000, 0x0000000089900000, 0x0000000089a00000|  0%| F|  |TAMS 0x0000000089900000| PB 0x0000000089900000| Untracked |  0
|  72|0x0000000089a00000, 0x0000000089a00000, 0x0000000089b00000|  0%| F|  |TAMS 0x0000000089a00000| PB 0x0000000089a00000| Untracked |  0
|  73|0x0000000089b00000, 0x0000000089b00000, 0x0000000089c00000|  0%| F|  |TAMS 0x0000000089b00000| PB 0x0000000089b00000| Untracked |  0
|  74|0x0000000089c00000, 0x0000000089c00000, 0x0000000089d00000|  0%| F|  |TAMS 0x0000000089c00000| PB 0x0000000089c00000| Untracked |  0
|  75|0x0000000089d00000, 0x0000000089d00000, 0x0000000089e00000|  0%| F|  |TAMS 0x0000000089d00000| PB 0x0000000089d00000| Untracked |  0
|  76|0x0000000089e00000, 0x0000000089e00000, 0x0000000089f00000|  0%| F|  |TAMS 0x0000000089e00000| PB 0x0000000089e00000| Untracked |  0
|  77|0x0000000089f00000, 0x0000000089f00000, 0x000000008a000000|  0%| F|  |TAMS 0x0000000089f00000| PB 0x0000000089f00000| Untracked |  0
|  78|0x000000008a000000, 0x000000008a000000, 0x000000008a100000|  0%| F|  |TAMS 0x000000008a000000| PB 0x000000008a000000| Untracked |  0
|  79|0x000000008a100000, 0x000000008a100000, 0x000000008a200000|  0%| F|  |TAMS 0x000000008a100000| PB 0x000000008a100000| Untracked |  0
|  80|0x000000008a200000, 0x000000008a200000, 0x000000008a300000|  0%| F|  |TAMS 0x000000008a200000| PB 0x000000008a200000| Untracked |  0
|  81|0x000000008a300000, 0x000000008a300000, 0x000000008a400000|  0%| F|  |TAMS 0x000000008a300000| PB 0x000000008a300000| Untracked |  0
|  82|0x000000008a400000, 0x000000008a400000, 0x000000008a500000|  0%| F|  |TAMS 0x000000008a400000| PB 0x000000008a400000| Untracked |  0
|  83|0x000000008a500000, 0x000000008a500000, 0x000000008a600000|  0%| F|  |TAMS 0x000000008a500000| PB 0x000000008a500000| Untracked |  0
|  84|0x000000008a600000, 0x000000008a600000, 0x000000008a700000|  0%| F|  |TAMS 0x000000008a600000| PB 0x000000008a600000| Untracked |  0
|  85|0x000000008a700000, 0x000000008a700000, 0x000000008a800000|  0%| F|  |TAMS 0x000000008a700000| PB 0x000000008a700000| Untracked |  0
|  86|0x000000008a800000, 0x000000008a800000, 0x000000008a900000|  0%| F|  |TAMS 0x000000008a800000| PB 0x000000008a800000| Untracked |  0
|  87|0x000000008a900000, 0x000000008a900000, 0x000000008aa00000|  0%| F|  |TAMS 0x000000008a900000| PB 0x000000008a900000| Untracked |  0
|  88|0x000000008aa00000, 0x000000008aa00000, 0x000000008ab00000|  0%| F|  |TAMS 0x000000008aa00000| PB 0x000000008aa00000| Untracked |  0
|  89|0x000000008ab00000, 0x000000008ab00000, 0x000000008ac00000|  0%| F|  |TAMS 0x000000008ab00000| PB 0x000000008ab00000| Untracked |  0
|  90|0x000000008ac00000, 0x000000008ac00000, 0x000000008ad00000|  0%| F|  |TAMS 0x000000008ac00000| PB 0x000000008ac00000| Untracked |  0
|  91|0x000000008ad00000, 0x000000008ad00000, 0x000000008ae00000|  0%| F|  |TAMS 0x000000008ad00000| PB 0x000000008ad00000| Untracked |  0
|  92|0x000000008ae00000, 0x000000008ae00000, 0x000000008af00000|  0%| F|  |TAMS 0x000000008ae00000| PB 0x000000008ae00000| Untracked |  0
|  93|0x000000008af00000, 0x000000008af00000, 0x000000008b000000|  0%| F|  |TAMS 0x000000008af00000| PB 0x000000008af00000| Untracked |  0
|  94|0x000000008b000000, 0x000000008b000000, 0x000000008b100000|  0%| F|  |TAMS 0x000000008b000000| PB 0x000000008b000000| Untracked |  0
|  95|0x000000008b100000, 0x000000008b100000, 0x000000008b200000|  0%| F|  |TAMS 0x000000008b100000| PB 0x000000008b100000| Untracked |  0
|  96|0x000000008b200000, 0x000000008b200000, 0x000000008b300000|  0%| F|  |TAMS 0x000000008b200000| PB 0x000000008b200000| Untracked |  0
|  97|0x000000008b300000, 0x000000008b300000, 0x000000008b400000|  0%| F|  |TAMS 0x000000008b300000| PB 0x000000008b300000| Untracked |  0
|  98|0x000000008b400000, 0x000000008b400000, 0x000000008b500000|  0%| F|  |TAMS 0x000000008b400000| PB 0x000000008b400000| Untracked |  0
|  99|0x000000008b500000, 0x000000008b500000, 0x000000008b600000|  0%| F|  |TAMS 0x000000008b500000| PB 0x000000008b500000| Untracked |  0
| 100|0x000000008b600000, 0x000000008b600000, 0x000000008b700000|  0%| F|  |TAMS 0x000000008b600000| PB 0x000000008b600000| Untracked |  0
| 101|0x000000008b700000, 0x000000008b700000, 0x000000008b800000|  0%| F|  |TAMS 0x000000008b700000| PB 0x000000008b700000| Untracked |  0
| 102|0x000000008b800000, 0x000000008b800000, 0x000000008b900000|  0%| F|  |TAMS 0x000000008b800000| PB 0x000000008b800000| Untracked |  0
| 103|0x000000008b900000, 0x000000008b900000, 0x000000008ba00000|  0%| F|  |TAMS 0x000000008b900000| PB 0x000000008b900000| Untracked |  0
| 104|0x000000008ba00000, 0x000000008ba00000, 0x000000008bb00000|  0%| F|  |TAMS 0x000000008ba00000| PB 0x000000008ba00000| Untracked |  0
| 105|0x000000008bb00000, 0x000000008bb00000, 0x000000008bc00000|  0%| F|  |TAMS 0x000000008bb00000| PB 0x000000008bb00000| Untracked |  0
| 106|0x000000008bc00000, 0x000000008bc00000, 0x000000008bd00000|  0%| F|  |TAMS 0x000000008bc00000| PB 0x000000008bc00000| Untracked |  0
| 107|0x000000008bd00000, 0x000000008bd00000, 0x000000008be00000|  0%| F|  |TAMS 0x000000008bd00000| PB 0x000000008bd00000| Untracked |  0
| 108|0x000000008be00000, 0x000000008be00000, 0x000000008bf00000|  0%| F|  |TAMS 0x000000008be00000| PB 0x000000008be00000| Untracked |  0
| 109|0x000000008bf00000, 0x000000008bf00000, 0x000000008c000000|  0%| F|  |TAMS 0x000000008bf00000| PB 0x000000008bf00000| Untracked |  0
| 110|0x000000008c000000, 0x000000008c000000, 0x000000008c100000|  0%| F|  |TAMS 0x000000008c000000| PB 0x000000008c000000| Untracked |  0
| 111|0x000000008c100000, 0x000000008c100000, 0x000000008c200000|  0%| F|  |TAMS 0x000000008c100000| PB 0x000000008c100000| Untracked |  0
| 112|0x000000008c200000, 0x000000008c200000, 0x000000008c300000|  0%| F|  |TAMS 0x000000008c200000| PB 0x000000008c200000| Untracked |  0
| 113|0x000000008c300000, 0x000000008c300000, 0x000000008c400000|  0%| F|  |TAMS 0x000000008c300000| PB 0x000000008c300000| Untracked |  0
| 114|0x000000008c400000, 0x000000008c400000, 0x000000008c500000|  0%| F|  |TAMS 0x000000008c400000| PB 0x000000008c400000| Untracked |  0
| 115|0x000000008c500000, 0x000000008c500000, 0x000000008c600000|  0%| F|  |TAMS 0x000000008c500000| PB 0x000000008c500000| Untracked |  0
| 116|0x000000008c600000, 0x000000008c600000, 0x000000008c700000|  0%| F|  |TAMS 0x000000008c600000| PB 0x000000008c600000| Untracked |  0
| 117|0x000000008c700000, 0x000000008c700000, 0x000000008c800000|  0%| F|  |TAMS 0x000000008c700000| PB 0x000000008c700000| Untracked |  0
| 118|0x000000008c800000, 0x000000008c800000, 0x000000008c900000|  0%| F|  |TAMS 0x000000008c800000| PB 0x000000008c800000| Untracked |  0
| 119|0x000000008c900000, 0x000000008c900000, 0x000000008ca00000|  0%| F|  |TAMS 0x000000008c900000| PB 0x000000008c900000| Untracked |  0
| 120|0x000000008ca00000, 0x000000008ca00000, 0x000000008cb00000|  0%| F|  |TAMS 0x000000008ca00000| PB 0x000000008ca00000| Untracked |  0
| 121|0x000000008cb00000, 0x000000008cb00000, 0x000000008cc00000|  0%| F|  |TAMS 0x000000008cb00000| PB 0x000000008cb00000| Untracked |  0
| 122|0x000000008cc00000, 0x000000008cc00000, 0x000000008cd00000|  0%| F|  |TAMS 0x000000008cc00000| PB 0x000000008cc00000| Untracked |  0
| 123|0x000000008cd00000, 0x000000008cd00000, 0x000000008ce00000|  0%| F|  |TAMS 0x000000008cd00000| PB 0x000000008cd00000| Untracked |  0
|1958|0x00000000ff800000, 0x00000000ff900000, 0x00000000ff900000|100%| O|  |TAMS 0x00000000ff800000| PB 0x00000000ff800000| Untracked |  0
|1959|0x00000000ff900000, 0x00000000ffa00000, 0x00000000ffa00000|100%| O|  |TAMS 0x00000000ff900000| PB 0x00000000ff900000| Untracked |  0
|1960|0x00000000ffa00000, 0x00000000ffb00000, 0x00000000ffb00000|100%| O|  |TAMS 0x00000000ffa00000| PB 0x00000000ffa00000| Untracked |  0
|1961|0x00000000ffb00000, 0x00000000ffc00000, 0x00000000ffc00000|100%| O|  |TAMS 0x00000000ffb00000| PB 0x00000000ffb00000| Untracked |  0
|1962|0x00000000ffc00000, 0x00000000ffd00000, 0x00000000ffd00000|100%| O|  |TAMS 0x00000000ffc00000| PB 0x00000000ffc00000| Untracked |  0
|1963|0x00000000ffd00000, 0x00000000ffe00000, 0x00000000ffe00000|100%| O|  |TAMS 0x00000000ffd00000| PB 0x00000000ffd00000| Untracked |  0
|1964|0x00000000ffe00000, 0x00000000fff00000, 0x00000000fff00000|100%| O|  |TAMS 0x00000000ffe00000| PB 0x00000000ffe00000| Untracked |  0
|1965|0x00000000fff00000, 0x00000000fff00000, 0x0000000100000000|  0%| F|  |TAMS 0x00000000fff00000| PB 0x00000000fff00000| Untracked |  0

Card table byte_map: [0x000001ca590c0000,0x000001ca594a0000] _byte_map_base: 0x000001ca58c97000

Marking Bits: (CMBitMap*) 0x000001ca40f364c0
 Bits: [0x000001ca594a0000, 0x000001ca5b358000)

Polling page: 0x000001ca406a0000

Metaspace:

Usage:
  Non-class:     24.79 MB used.
      Class:      2.70 MB used.
       Both:     27.49 MB used.

Virtual space:
  Non-class space:       64.00 MB reserved,      25.00 MB ( 39%) committed,  1 nodes.
      Class space:        1.00 GB reserved,       2.81 MB ( <1%) committed,  1 nodes.
             Both:        1.06 GB reserved,      27.81 MB (  3%) committed. 

Chunk freelists:
   Non-Class:  6.92 MB
       Class:  13.12 MB
        Both:  20.04 MB

MaxMetaspaceSize: unlimited
CompressedClassSpaceSize: 1.00 GB
Initial GC threshold: 21.00 MB
Current GC threshold: 35.25 MB
CDS: on
 - commit_granule_bytes: 65536.
 - commit_granule_words: 8192.
 - virtual_space_node_default_size: 8388608.
 - enlarge_chunks_in_place: 1.
UseCompressedClassPointers 1, UseCompactObjectHeaders 0
Narrow klass pointer bits 32, Max shift 3
Narrow klass base: 0x000001ca5e000000, Narrow klass shift: 0
Encoding Range: [0x000001ca5e000000 - 0x000001cb5e000000), (4294967296 bytes)
Klass Range:    [0x000001ca5e000000 - 0x000001ca9f000000), (1090519040 bytes)
Klass ID Range:  [8 - 1090519033) (1090519025)


Internal statistics:

num_allocs_failed_limit: 3.
num_arena_births: 254.
num_arena_deaths: 0.
num_vsnodes_births: 2.
num_vsnodes_deaths: 0.
num_space_committed: 445.
num_space_uncommitted: 0.
num_chunks_returned_to_freelist: 3.
num_chunks_taken_from_freelist: 1282.
num_chunk_merges: 3.
num_chunk_splits: 889.
num_chunks_enlarged: 711.
num_inconsistent_stats: 0.

CodeHeap 'non-profiled nmethods': size=120064Kb used=3186Kb max_used=3186Kb free=116877Kb
 bounds [0x000001ca51240000, 0x000001ca51560000, 0x000001ca58780000]
CodeHeap 'profiled nmethods': size=120000Kb used=13894Kb max_used=13894Kb free=106105Kb
 bounds [0x000001ca49780000, 0x000001ca4a520000, 0x000001ca50cb0000]
CodeHeap 'non-nmethods': size=5696Kb used=1380Kb max_used=1529Kb free=4315Kb
 bounds [0x000001ca50cb0000, 0x000001ca50f20000, 0x000001ca51240000]
CodeCache: size=245760Kb, used=18460Kb, max_used=18609Kb, free=227297Kb
 total_blobs=7813, nmethods=7264, adapters=453, full_count=0
Compilation: enabled, stopped_count=0, restarted_count=0

Compilation events (20 events):
Event: 6.132 Thread 0x000001ca5dfaff30 7259   !   3       java.lang.String::replace (258 bytes)
Event: 6.134 Thread 0x000001ca5dfaff30 nmethod 7259 0x000001ca4a50c308 code [0x000001ca4a50c740, 0x000001ca4a50f428]
Event: 6.134 Thread 0x000001ca5dfaff30 7258       1       org.apache.maven.model.profile.DefaultProfileActivationContext::getProjectDirectory (5 bytes)
Event: 6.134 Thread 0x000001ca5dfaff30 nmethod 7258 0x000001ca5155a208 code [0x000001ca5155a300, 0x000001ca5155a3c8]
Event: 6.134 Thread 0x000001ca5dfaff30 7260       3       java.util.ArrayList::subList (20 bytes)
Event: 6.135 Thread 0x000001ca5dfaff30 nmethod 7260 0x000001ca4a50f508 code [0x000001ca4a50f640, 0x000001ca4a50fa00]
Event: 6.135 Thread 0x000001ca5dfaff30 7257       1       org.apache.maven.model.ActivationFile::getMissing (5 bytes)
Event: 6.135 Thread 0x000001ca5dfaff30 nmethod 7257 0x000001ca5155a508 code [0x000001ca5155a600, 0x000001ca5155a6c8]
Event: 6.139 Thread 0x000001ca5dfad3a0 nmethod 7254 0x000001ca5155a808 code [0x000001ca5155a9a0, 0x000001ca5155b708]
Event: 6.139 Thread 0x000001caa5bb8b60 nmethod 7253 0x000001ca5155b808 code [0x000001ca5155b9a0, 0x000001ca5155c788]
Event: 6.160 Thread 0x000001ca5dfaff30 7261       3       org.apache.maven.model.DeploymentRepository::<init> (10 bytes)
Event: 6.160 Thread 0x000001ca5dfaff30 nmethod 7261 0x000001ca4a50fa88 code [0x000001ca4a50fbc0, 0x000001ca4a50fe50]
Event: 6.162 Thread 0x000001caa5bb8b60 7262       4       org.apache.maven.model.merge.ModelMerger$DependencyKeyComputer::<init> (6 bytes)
Event: 6.162 Thread 0x000001caa5bb8b60 nmethod 7262 0x000001ca5155c888 code [0x000001ca5155c980, 0x000001ca5155caf0]
Event: 6.162 Thread 0x000001ca5dfaff30 7263       3       org.apache.maven.model.Scm::getLocation (304 bytes)
Event: 6.163 Thread 0x000001ca5dfaff30 nmethod 7263 0x000001ca4a50fe88 code [0x000001ca4a5100e0, 0x000001ca4a5114d0]
Event: 6.174 Thread 0x000001ca5dfaff30 7264       3       java.lang.StringBuilder::subSequence (7 bytes)
Event: 6.175 Thread 0x000001ca5dfaff30 nmethod 7264 0x000001ca4a511508 code [0x000001ca4a511640, 0x000001ca4a511850]
Event: 6.175 Thread 0x000001ca5dfaff30 7265       3       java.lang.AbstractStringBuilder::subSequence (7 bytes)
Event: 6.175 Thread 0x000001ca5dfaff30 nmethod 7265 0x000001ca4a511888 code [0x000001ca4a5119a0, 0x000001ca4a511b68]

GC Heap History (15 events):
Event: 1.162 GC heap before
{Heap before GC invocations=0 (full 0):
 garbage-first heap   total reserved 2013184K, committed 129024K, used 49268K [0x0000000085200000, 0x0000000100000000)
  region size 1024K, 47 young (48128K), 0 survivors (0K)
 Metaspace       used 8752K, committed 8960K, reserved 1114112K
  class space    used 789K, committed 896K, reserved 1048576K
}
Event: 1.167 GC heap after
{Heap after GC invocations=1 (full 0):
 garbage-first heap   total reserved 2013184K, committed 129024K, used 5449K [0x0000000085200000, 0x0000000100000000)
  region size 1024K, 5 young (5120K), 5 survivors (5120K)
 Metaspace       used 8752K, committed 8960K, reserved 1114112K
  class space    used 789K, committed 896K, reserved 1048576K
}
Event: 2.130 GC heap before
{Heap before GC invocations=1 (full 0):
 garbage-first heap   total reserved 2013184K, committed 129024K, used 60745K [0x0000000085200000, 0x0000000100000000)
  region size 1024K, 59 young (60416K), 5 survivors (5120K)
 Metaspace       used 15291K, committed 15616K, reserved 1114112K
  class space    used 1510K, committed 1664K, reserved 1048576K
}
Event: 2.139 GC heap after
{Heap after GC invocations=2 (full 0):
 garbage-first heap   total reserved 2013184K, committed 129024K, used 11050K [0x0000000085200000, 0x0000000100000000)
  region size 1024K, 8 young (8192K), 8 survivors (8192K)
 Metaspace       used 15291K, committed 15616K, reserved 1114112K
  class space    used 1510K, committed 1664K, reserved 1048576K
}
Event: 2.912 GC heap before
{Heap before GC invocations=2 (full 0):
 garbage-first heap   total reserved 2013184K, committed 129024K, used 72490K [0x0000000085200000, 0x0000000100000000)
  region size 1024K, 68 young (69632K), 8 survivors (8192K)
 Metaspace       used 16424K, committed 16768K, reserved 1114112K
  class space    used 1582K, committed 1728K, reserved 1048576K
}
Event: 2.926 GC heap after
{Heap after GC invocations=3 (full 0):
 garbage-first heap   total reserved 2013184K, committed 129024K, used 14910K [0x0000000085200000, 0x0000000100000000)
  region size 1024K, 4 young (4096K), 4 survivors (4096K)
 Metaspace       used 16424K, committed 16768K, reserved 1114112K
  class space    used 1582K, committed 1728K, reserved 1048576K
}
Event: 3.014 GC heap before
{Heap before GC invocations=3 (full 0):
 garbage-first heap   total reserved 2013184K, committed 129024K, used 59966K [0x0000000085200000, 0x0000000100000000)
  region size 1024K, 9 young (9216K), 4 survivors (4096K)
 Metaspace       used 17100K, committed 17344K, reserved 1114112K
  class space    used 1658K, committed 1792K, reserved 1048576K
}
Event: 3.017 GC heap after
{Heap after GC invocations=4 (full 0):
 garbage-first heap   total reserved 2013184K, committed 129024K, used 23668K [0x0000000085200000, 0x0000000100000000)
  region size 1024K, 4 young (4096K), 4 survivors (4096K)
 Metaspace       used 17100K, committed 17344K, reserved 1114112K
  class space    used 1658K, committed 1792K, reserved 1048576K
}
Event: 3.024 GC heap before
{Heap before GC invocations=4 (full 0):
 garbage-first heap   total reserved 2013184K, committed 129024K, used 56436K [0x0000000085200000, 0x0000000100000000)
  region size 1024K, 5 young (5120K), 4 survivors (4096K)
 Metaspace       used 17100K, committed 17344K, reserved 1114112K
  class space    used 1658K, committed 1792K, reserved 1048576K
}
Event: 3.027 GC heap after
{Heap after GC invocations=5 (full 0):
 garbage-first heap   total reserved 2013184K, committed 129024K, used 23627K [0x0000000085200000, 0x0000000100000000)
  region size 1024K, 4 young (4096K), 4 survivors (4096K)
 Metaspace       used 17100K, committed 17344K, reserved 1114112K
  class space    used 1658K, committed 1792K, reserved 1048576K
}
Event: 3.983 GC heap before
{Heap before GC invocations=5 (full 0):
 garbage-first heap   total reserved 2013184K, committed 129024K, used 84043K [0x0000000085200000, 0x0000000100000000)
  region size 1024K, 35 young (35840K), 4 survivors (4096K)
 Metaspace       used 21170K, committed 21504K, reserved 1114112K
  class space    used 2056K, committed 2240K, reserved 1048576K
}
Event: 3.994 GC heap after
{Heap after GC invocations=6 (full 0):
 garbage-first heap   total reserved 2013184K, committed 129024K, used 24632K [0x0000000085200000, 0x0000000100000000)
  region size 1024K, 9 young (9216K), 9 survivors (9216K)
 Metaspace       used 21170K, committed 21504K, reserved 1114112K
  class space    used 2056K, committed 2240K, reserved 1048576K
}
Event: 5.063 GC heap before
{Heap before GC invocations=7 (full 0):
 garbage-first heap   total reserved 2013184K, committed 86016K, used 68664K [0x0000000085200000, 0x0000000100000000)
  region size 1024K, 50 young (51200K), 9 survivors (9216K)
 Metaspace       used 25992K, committed 26368K, reserved 1114112K
  class space    used 2564K, committed 2752K, reserved 1048576K
}
Event: 5.078 GC heap after
{Heap after GC invocations=8 (full 0):
 garbage-first heap   total reserved 2013184K, committed 92160K, used 37492K [0x0000000085200000, 0x0000000100000000)
  region size 1024K, 7 young (7168K), 7 survivors (7168K)
 Metaspace       used 25992K, committed 26368K, reserved 1114112K
  class space    used 2564K, committed 2752K, reserved 1048576K
}
Event: 6.175 GC heap before
{Heap before GC invocations=8 (full 0):
 garbage-first heap   total reserved 2013184K, committed 92160K, used 71284K [0x0000000085200000, 0x0000000100000000)
  region size 1024K, 40 young (40960K), 7 survivors (7168K)
 Metaspace       used 28151K, committed 28480K, reserved 1114112K
  class space    used 2763K, committed 2880K, reserved 1048576K
}

Dll operation events (8 events):
Event: 0.007 Loaded shared library C:\Program Files\Java\jdk-24\bin\java.dll
Event: 0.033 Loaded shared library C:\Program Files\Java\jdk-24\bin\jsvml.dll
Event: 0.045 Loaded shared library C:\Program Files\Java\jdk-24\bin\net.dll
Event: 0.049 Loaded shared library C:\Program Files\Java\jdk-24\bin\nio.dll
Event: 0.057 Loaded shared library C:\Program Files\Java\jdk-24\bin\zip.dll
Event: 0.249 Loaded shared library C:\Program Files\Java\jdk-24\bin\jimage.dll
Event: 0.251 Loaded shared library D:\Users\apache-maven-3.9.16-bin\apache-maven-3.9.16\lib\jansi-native\Windows\x86_64\jansi.dll
Event: 0.275 Loaded shared library C:\Program Files\Java\jdk-24\bin\verify.dll

Deoptimization events (20 events):
Event: 6.057 Thread 0x000001ca3ec12f40 Uncommon trap: trap_request=0xffffffd6 fr.pc=0x000001ca515510f8 relative=0x00000000000002d8
Event: 6.057 Thread 0x000001ca3ec12f40 Uncommon trap: reason=array_check action=maybe_recompile pc=0x000001ca515510f8 method=java.util.HashMap.keysToArray([Ljava/lang/Object;)[Ljava/lang/Object; @ 62 c2
Event: 6.057 Thread 0x000001ca3ec12f40 DEOPT PACKING pc=0x000001ca515510f8 sp=0x00000064d8dfc750
Event: 6.057 Thread 0x000001ca3ec12f40 DEOPT UNPACKING pc=0x000001ca50dc8202 sp=0x00000064d8dfc6c8 mode 2
Event: 6.057 Thread 0x000001ca3ec12f40 Uncommon trap: trap_request=0xffffffd6 fr.pc=0x000001ca515510f8 relative=0x00000000000002d8
Event: 6.057 Thread 0x000001ca3ec12f40 Uncommon trap: reason=array_check action=maybe_recompile pc=0x000001ca515510f8 method=java.util.HashMap.keysToArray([Ljava/lang/Object;)[Ljava/lang/Object; @ 62 c2
Event: 6.057 Thread 0x000001ca3ec12f40 DEOPT PACKING pc=0x000001ca515510f8 sp=0x00000064d8dfc760
Event: 6.057 Thread 0x000001ca3ec12f40 DEOPT UNPACKING pc=0x000001ca50dc8202 sp=0x00000064d8dfc6d8 mode 2
Event: 6.057 Thread 0x000001ca3ec12f40 Uncommon trap: trap_request=0xffffffd6 fr.pc=0x000001ca515510f8 relative=0x00000000000002d8
Event: 6.057 Thread 0x000001ca3ec12f40 Uncommon trap: reason=array_check action=maybe_recompile pc=0x000001ca515510f8 method=java.util.HashMap.keysToArray([Ljava/lang/Object;)[Ljava/lang/Object; @ 62 c2
Event: 6.057 Thread 0x000001ca3ec12f40 DEOPT PACKING pc=0x000001ca515510f8 sp=0x00000064d8dfc670
Event: 6.057 Thread 0x000001ca3ec12f40 DEOPT UNPACKING pc=0x000001ca50dc8202 sp=0x00000064d8dfc5e8 mode 2
Event: 6.065 Thread 0x000001ca3ec12f40 Uncommon trap: trap_request=0xffffffd6 fr.pc=0x000001ca515510f8 relative=0x00000000000002d8
Event: 6.065 Thread 0x000001ca3ec12f40 Uncommon trap: reason=array_check action=maybe_recompile pc=0x000001ca515510f8 method=java.util.HashMap.keysToArray([Ljava/lang/Object;)[Ljava/lang/Object; @ 62 c2
Event: 6.065 Thread 0x000001ca3ec12f40 DEOPT PACKING pc=0x000001ca515510f8 sp=0x00000064d8dfc5c0
Event: 6.066 Thread 0x000001ca3ec12f40 DEOPT UNPACKING pc=0x000001ca50dc8202 sp=0x00000064d8dfc538 mode 2
Event: 6.081 Thread 0x000001ca3ec12f40 Uncommon trap: trap_request=0xffffff6e fr.pc=0x000001ca51557ae0 relative=0x0000000000000140
Event: 6.081 Thread 0x000001ca3ec12f40 Uncommon trap: reason=loop_limit_check action=maybe_recompile pc=0x000001ca51557ae0 method=java.util.regex.Pattern$Start.match(Ljava/util/regex/Matcher;ILjava/lang/CharSequence;)Z @ 34 c2
Event: 6.081 Thread 0x000001ca3ec12f40 DEOPT PACKING pc=0x000001ca51557ae0 sp=0x00000064d8dfc290
Event: 6.081 Thread 0x000001ca3ec12f40 DEOPT UNPACKING pc=0x000001ca50dc8202 sp=0x00000064d8dfc220 mode 2

Classes loaded (20 events):
Event: 5.587 Loading class java/util/EnumMap$EntryIterator
Event: 5.589 Loading class java/util/EnumMap$EnumMapIterator
Event: 5.590 Loading class java/util/EnumMap$EnumMapIterator done
Event: 5.590 Loading class java/util/EnumMap$EntryIterator done
Event: 5.590 Loading class java/util/EnumMap$EntryIterator$Entry
Event: 5.590 Loading class java/util/EnumMap$EntryIterator$Entry done
Event: 5.808 Loading class java/lang/MatchException
Event: 5.809 Loading class java/lang/MatchException done
Event: 5.902 Loading class java/io/DataOutputStream
Event: 5.903 Loading class java/io/DataOutputStream done
Event: 5.908 Loading class java/util/EnumMap$Values
Event: 5.908 Loading class java/util/EnumMap$Values done
Event: 5.908 Loading class java/util/EnumMap$ValueIterator
Event: 5.908 Loading class java/util/EnumMap$ValueIterator done
Event: 5.911 Loading class java/util/WeakHashMap$KeyIterator
Event: 5.912 Loading class java/util/WeakHashMap$HashIterator
Event: 5.912 Loading class java/util/WeakHashMap$HashIterator done
Event: 5.912 Loading class java/util/WeakHashMap$KeyIterator done
Event: 5.919 Loading class java/text/MessageFormat$Field
Event: 5.920 Loading class java/text/MessageFormat$Field done

Classes unloaded (0 events):
No events

Classes redefined (0 events):
No events

Internal exceptions (20 events):
Event: 5.598 Thread 0x000001ca3ec12f40 Exception <a 'sun/nio/fs/WindowsException'{0x00000000894f29f0}> (0x00000000894f29f0) 
thrown [s\open\src\hotspot\share\prims\jni.cpp, line 518]
Event: 5.605 Thread 0x000001ca3ec12f40 Exception <a 'sun/nio/fs/WindowsException'{0x0000000089309da8}> (0x0000000089309da8) 
thrown [s\open\src\hotspot\share\prims\jni.cpp, line 518]
Event: 5.618 Thread 0x000001ca3ec12f40 Exception <a 'sun/nio/fs/WindowsException'{0x000000008937f7d0}> (0x000000008937f7d0) 
thrown [s\open\src\hotspot\share\prims\jni.cpp, line 518]
Event: 5.629 Thread 0x000001ca3ec12f40 Exception <a 'sun/nio/fs/WindowsException'{0x00000000893f3548}> (0x00000000893f3548) 
thrown [s\open\src\hotspot\share\prims\jni.cpp, line 518]
Event: 5.689 Thread 0x000001ca3ec12f40 Exception <a 'sun/nio/fs/WindowsException'{0x000000008913db58}> (0x000000008913db58) 
thrown [s\open\src\hotspot\share\prims\jni.cpp, line 518]
Event: 5.694 Thread 0x000001ca3ec12f40 Exception <a 'sun/nio/fs/WindowsException'{0x000000008914a9e8}> (0x000000008914a9e8) 
thrown [s\open\src\hotspot\share\prims\jni.cpp, line 518]
Event: 5.719 Thread 0x000001ca3ec12f40 Exception <a 'sun/nio/fs/WindowsException'{0x000000008919f100}> (0x000000008919f100) 
thrown [s\open\src\hotspot\share\prims\jni.cpp, line 518]
Event: 5.723 Thread 0x000001ca3ec12f40 Exception <a 'sun/nio/fs/WindowsException'{0x00000000891a7f70}> (0x00000000891a7f70) 
thrown [s\open\src\hotspot\share\prims\jni.cpp, line 518]
Event: 5.726 Thread 0x000001ca3ec12f40 Exception <a 'sun/nio/fs/WindowsException'{0x00000000891af360}> (0x00000000891af360) 
thrown [s\open\src\hotspot\share\prims\jni.cpp, line 518]
Event: 5.754 Thread 0x000001ca3ec12f40 Exception <a 'sun/nio/fs/WindowsException'{0x000000008904f3e0}> (0x000000008904f3e0) 
thrown [s\open\src\hotspot\share\prims\jni.cpp, line 518]
Event: 5.758 Thread 0x000001ca3ec12f40 Exception <a 'sun/nio/fs/WindowsException'{0x00000000890625b8}> (0x00000000890625b8) 
thrown [s\open\src\hotspot\share\prims\jni.cpp, line 518]
Event: 5.783 Thread 0x000001ca3ec12f40 Exception <a 'java/lang/NoSuchMethodError'{0x00000000890fa5c0}: 'java.lang.Object java.lang.invoke.DirectMethodHandle$Holder.newInvokeSpecial(java.lang.Object, java.lang.Object, java.lang.Object, java.lang.Object, java.lang.Object, java.lang.Object, java.lang.Object, java.lang.Object)'> (0x00000000890fa5c0) 
thrown [s\open\src\hotspot\share\interpreter\linkResolver.cpp, line 805]
Event: 5.828 Thread 0x000001ca3ec12f40 Exception <a 'sun/nio/fs/WindowsException'{0x0000000088e37b10}> (0x0000000088e37b10) 
thrown [s\open\src\hotspot\share\prims\jni.cpp, line 518]
Event: 5.845 Thread 0x000001ca3ec12f40 Exception <a 'sun/nio/fs/WindowsException'{0x0000000088e97c10}> (0x0000000088e97c10) 
thrown [s\open\src\hotspot\share\prims\jni.cpp, line 518]
Event: 5.853 Thread 0x000001ca3ec12f40 Exception <a 'sun/nio/fs/WindowsException'{0x0000000088ebceb0}> (0x0000000088ebceb0) 
thrown [s\open\src\hotspot\share\prims\jni.cpp, line 518]
Event: 5.862 Thread 0x000001ca3ec12f40 Exception <a 'sun/nio/fs/WindowsException'{0x0000000088d0e738}> (0x0000000088d0e738) 
thrown [s\open\src\hotspot\share\prims\jni.cpp, line 518]
Event: 5.862 Thread 0x000001ca3ec12f40 Exception <a 'sun/nio/fs/WindowsException'{0x0000000088d10fe0}> (0x0000000088d10fe0) 
thrown [s\open\src\hotspot\share\prims\jni.cpp, line 518]
Event: 5.862 Thread 0x000001ca3ec12f40 Exception <a 'sun/nio/fs/WindowsException'{0x0000000088d15cc8}> (0x0000000088d15cc8) 
thrown [s\open\src\hotspot\share\prims\jni.cpp, line 518]
Event: 5.862 Thread 0x000001ca3ec12f40 Exception <a 'sun/nio/fs/WindowsException'{0x0000000088d16be8}> (0x0000000088d16be8) 
thrown [s\open\src\hotspot\share\prims\jni.cpp, line 518]
Event: 5.905 Thread 0x000001ca3ec12f40 Exception <a 'sun/nio/fs/WindowsException'{0x0000000088c1adf0}> (0x0000000088c1adf0) 
thrown [s\open\src\hotspot\share\prims\jni.cpp, line 518]

VM Operations (20 events):
Event: 5.254 Executing VM operation: HandshakeAllThreads (Deoptimize) done
Event: 5.291 Executing VM operation: HandshakeAllThreads (Deoptimize)
Event: 5.291 Executing VM operation: HandshakeAllThreads (Deoptimize) done
Event: 5.295 Executing VM operation: HandshakeAllThreads (Deoptimize)
Event: 5.295 Executing VM operation: HandshakeAllThreads (Deoptimize) done
Event: 5.455 Executing VM operation: HandshakeAllThreads (Deoptimize)
Event: 5.455 Executing VM operation: HandshakeAllThreads (Deoptimize) done
Event: 5.593 Executing VM operation: HandshakeAllThreads (Deoptimize)
Event: 5.593 Executing VM operation: HandshakeAllThreads (Deoptimize) done
Event: 5.669 Executing VM operation: HandshakeAllThreads (Deoptimize)
Event: 5.669 Executing VM operation: HandshakeAllThreads (Deoptimize) done
Event: 5.774 Executing VM operation: HandshakeAllThreads (Deoptimize)
Event: 5.774 Executing VM operation: HandshakeAllThreads (Deoptimize) done
Event: 5.775 Executing VM operation: HandshakeAllThreads (Deoptimize)
Event: 5.775 Executing VM operation: HandshakeAllThreads (Deoptimize) done
Event: 5.821 Executing VM operation: HandshakeAllThreads (Deoptimize)
Event: 5.822 Executing VM operation: HandshakeAllThreads (Deoptimize) done
Event: 5.892 Executing VM operation: HandshakeAllThreads (Deoptimize)
Event: 5.892 Executing VM operation: HandshakeAllThreads (Deoptimize) done
Event: 6.175 Executing VM operation: G1CollectForAllocation (G1 Evacuation Pause)

Memory protections (0 events):
No events

Nmethod flushes (0 events):
No events

Events (17 events):
Event: 0.021 Thread 0x000001ca3ec12f40 Thread added: 0x000001ca3ec12f40
Event: 0.030 Thread 0x000001ca3ec12f40 Thread added: 0x000001ca5dfa4db0
Event: 0.030 Thread 0x000001ca3ec12f40 Thread added: 0x000001ca5dfa5850
Event: 0.030 Thread 0x000001ca3ec12f40 Thread added: 0x000001ca5dfa7f80
Event: 0.030 Thread 0x000001ca3ec12f40 Thread added: 0x000001ca5dfa9ac0
Event: 0.030 Thread 0x000001ca3ec12f40 Thread added: 0x000001ca5dfaba10
Event: 0.030 Thread 0x000001ca3ec12f40 Thread added: 0x000001ca5dfac540
Event: 0.030 Thread 0x000001ca3ec12f40 Thread added: 0x000001ca5dfad3a0
Event: 0.030 Thread 0x000001ca3ec12f40 Thread added: 0x000001ca5dfaff30
Event: 0.039 Thread 0x000001ca3ec12f40 Thread added: 0x000001caa3119900
Event: 0.042 Thread 0x000001ca3ec12f40 Thread added: 0x000001caa311f080
Event: 0.247 Thread 0x000001ca3ec12f40 Thread added: 0x000001caa32dc4a0
Event: 0.458 Thread 0x000001caa32dc4a0 Thread exited: 0x000001caa32dc4a0
Event: 0.758 Thread 0x000001ca5dfaff30 Thread added: 0x000001caa3dd0a50
Event: 1.687 Thread 0x000001ca3ec12f40 Thread added: 0x000001caa40c7a00
Event: 4.311 Thread 0x000001caa3dd0a50 Thread exited: 0x000001caa3dd0a50
Event: 4.481 Thread 0x000001ca5dfaff30 Thread added: 0x000001caa5bb8b60


Dynamic libraries:
0x00007ff685c40000 - 0x00007ff685c50000 	C:\Program Files\Java\jdk-24\bin\java.exe
0x00007ffac9190000 - 0x00007ffac93a8000 	C:\windows\SYSTEM32\ntdll.dll
0x00007ffac88f0000 - 0x00007ffac89b4000 	C:\windows\System32\KERNEL32.DLL
0x00007ffac6610000 - 0x00007ffac69e3000 	C:\windows\System32\KERNELBASE.dll
0x00007ffac6a70000 - 0x00007ffac6b81000 	C:\windows\System32\ucrtbase.dll
0x00007ffab6270000 - 0x00007ffab628b000 	C:\Program Files\Java\jdk-24\bin\VCRUNTIME140.dll
0x00007ffab6250000 - 0x00007ffab6266000 	C:\Program Files\Java\jdk-24\bin\jli.dll
0x00007ffac7de0000 - 0x00007ffac7f92000 	C:\windows\System32\USER32.dll
0x00007ffac6d30000 - 0x00007ffac6d56000 	C:\windows\System32\win32u.dll
0x00007ffaaaea0000 - 0x00007ffaab13c000 	C:\windows\WinSxS\amd64_microsoft.windows.common-controls_6595b64144ccf1df_6.0.22621.6060_none_2712eda17382d24b\COMCTL32.dll
0x00007ffac9120000 - 0x00007ffac9149000 	C:\windows\System32\GDI32.dll
0x00007ffac8370000 - 0x00007ffac8417000 	C:\windows\System32\msvcrt.dll
0x00007ffac6b90000 - 0x00007ffac6cab000 	C:\windows\System32\gdi32full.dll
0x00007ffac6d60000 - 0x00007ffac6dfa000 	C:\windows\System32\msvcp_win.dll
0x00007ffac8e50000 - 0x00007ffac8e81000 	C:\windows\System32\IMM32.DLL
0x00007ffac1dc0000 - 0x00007ffac1dcc000 	C:\Program Files\Java\jdk-24\bin\vcruntime140_1.dll
0x00007ffa62910000 - 0x00007ffa6299e000 	C:\Program Files\Java\jdk-24\bin\msvcp140.dll
0x00007ffa14fe0000 - 0x00007ffa15d82000 	C:\Program Files\Java\jdk-24\bin\server\jvm.dll
0x00007ffac7d00000 - 0x00007ffac7db1000 	C:\windows\System32\ADVAPI32.dll
0x00007ffac80b0000 - 0x00007ffac8158000 	C:\windows\System32\sechost.dll
0x00007ffac6e00000 - 0x00007ffac6e28000 	C:\windows\System32\bcrypt.dll
0x00007ffac8420000 - 0x00007ffac8538000 	C:\windows\System32\RPCRT4.dll
0x00007ffac8860000 - 0x00007ffac88d1000 	C:\windows\System32\WS2_32.dll
0x00007ffac6170000 - 0x00007ffac61bd000 	C:\windows\SYSTEM32\POWRPROF.dll
0x00007ffabb8d0000 - 0x00007ffabb8da000 	C:\windows\SYSTEM32\VERSION.dll
0x00007ffabba90000 - 0x00007ffabbac4000 	C:\windows\SYSTEM32\WINMM.dll
0x00007ffac6150000 - 0x00007ffac6163000 	C:\windows\SYSTEM32\UMPDC.dll
0x00007ffac5240000 - 0x00007ffac5258000 	C:\windows\SYSTEM32\kernel.appcore.dll
0x00007ffabfef0000 - 0x00007ffabfefa000 	C:\Program Files\Java\jdk-24\bin\jimage.dll
0x00007ffac3c70000 - 0x00007ffac3ea3000 	C:\windows\SYSTEM32\DBGHELP.DLL
0x00007ffac6ea0000 - 0x00007ffac7231000 	C:\windows\System32\combase.dll
0x00007ffac8290000 - 0x00007ffac8368000 	C:\windows\System32\OLEAUT32.dll
0x00007ffaa1710000 - 0x00007ffaa1742000 	C:\windows\SYSTEM32\dbgcore.DLL
0x00007ffac69f0000 - 0x00007ffac6a6b000 	C:\windows\System32\bcryptPrimitives.dll
0x00007ffab5c20000 - 0x00007ffab5c3e000 	C:\Program Files\Java\jdk-24\bin\java.dll
0x00007ffac7240000 - 0x00007ffac73e1000 	C:\windows\System32\ole32.dll
0x00007ffac73f0000 - 0x00007ffac7c8c000 	C:\windows\System32\SHELL32.dll
0x00007ffac62a0000 - 0x00007ffac63df000 	C:\windows\System32\wintypes.dll
0x00007ffac4150000 - 0x00007ffac4a6a000 	C:\windows\SYSTEM32\windows.storage.dll
0x00007ffac7fa0000 - 0x00007ffac80a4000 	C:\windows\System32\SHCORE.dll
0x00007ffac6e30000 - 0x00007ffac6e99000 	C:\windows\System32\shlwapi.dll
0x00007ffac61d0000 - 0x00007ffac61f5000 	C:\windows\SYSTEM32\profapi.dll
0x00007ffa59820000 - 0x00007ffa598f7000 	C:\Program Files\Java\jdk-24\bin\jsvml.dll
0x00007ffab5cf0000 - 0x00007ffab5d00000 	C:\Program Files\Java\jdk-24\bin\net.dll
0x00007ffac5710000 - 0x00007ffac5779000 	C:\windows\system32\mswsock.dll
0x00007ffab5890000 - 0x00007ffab58a6000 	C:\Program Files\Java\jdk-24\bin\nio.dll
0x00007ffab3b50000 - 0x00007ffab3b67000 	C:\Program Files\Java\jdk-24\bin\zip.dll
0x00007ffaad510000 - 0x00007ffaad534000 	D:\Users\apache-maven-3.9.16-bin\apache-maven-3.9.16\lib\jansi-native\Windows\x86_64\jansi.dll
0x00007ffab6240000 - 0x00007ffab6250000 	C:\Program Files\Java\jdk-24\bin\verify.dll

JVMTI agents: none

dbghelp: loaded successfully - version: 4.0.5 - missing functions: none
symbol engine: initialized successfully - sym options: 0x614 - pdb path: .;C:\Program Files\Java\jdk-24\bin;C:\windows\SYSTEM32;C:\windows\WinSxS\amd64_microsoft.windows.common-controls_6595b64144ccf1df_6.0.22621.6060_none_2712eda17382d24b;C:\Program Files\Java\jdk-24\bin\server;D:\Users\apache-maven-3.9.16-bin\apache-maven-3.9.16\lib\jansi-native\Windows\x86_64

VM Arguments:
jvm_args: --enable-native-access=ALL-UNNAMED -Dclassworlds.conf=D:\Users\apache-maven-3.9.16-bin\apache-maven-3.9.16\bin\m2.conf -Dmaven.home=D:\Users\apache-maven-3.9.16-bin\apache-maven-3.9.16 -Dlibrary.jansi.path=D:\Users\apache-maven-3.9.16-bin\apache-maven-3.9.16\lib\jansi-native -Dmaven.multiModuleProjectDirectory=D:\KisaanSakthiBackend 
java_command: org.codehaus.plexus.classworlds.launcher.Launcher spring-boot:run
java_class_path (initial): D:\Users\apache-maven-3.9.16-bin\apache-maven-3.9.16\boot\plexus-classworlds-2.11.0.jar
Launcher Type: SUN_STANDARD

[Global flags]
     intx CICompilerCount                          = 4                                         {product} {ergonomic}
     uint ConcGCThreads                            = 3                                         {product} {ergonomic}
     uint G1ConcRefinementThreads                  = 10                                        {product} {ergonomic}
   size_t G1HeapRegionSize                         = 1048576                                   {product} {ergonomic}
   size_t InitialHeapSize                          = 130023424                                 {product} {ergonomic}
   size_t MarkStackSize                            = 4194304                                   {product} {ergonomic}
   size_t MarkStackSizeMax                         = 536870912                                 {product} {ergonomic}
   size_t MaxHeapSize                              = 2061500416                                {product} {ergonomic}
   size_t MaxNewSize                               = 1236271104                                {product} {ergonomic}
   size_t MinHeapDeltaBytes                        = 1048576                                   {product} {ergonomic}
   size_t MinHeapSize                              = 8388608                                   {product} {ergonomic}
    uintx NonNMethodCodeHeapSize                   = 5832704                                {pd product} {ergonomic}
    uintx NonProfiledCodeHeapSize                  = 122945536                              {pd product} {ergonomic}
    uintx ProfiledCodeHeapSize                     = 122880000                              {pd product} {ergonomic}
    uintx ReservedCodeCacheSize                    = 251658240                              {pd product} {ergonomic}
     bool SegmentedCodeCache                       = true                                      {product} {ergonomic}
   size_t SoftMaxHeapSize                          = 2061500416                             {manageable} {ergonomic}
     bool UseCompressedOops                        = true                           {product lp64_product} {ergonomic}
     bool UseG1GC                                  = true                                      {product} {ergonomic}
     bool UseLargePagesIndividualAllocation        = false                                  {pd product} {ergonomic}

Logging:
Log output configuration:
 #0: stdout all=warning uptime,level,tags foldmultilines=false
 #1: stderr all=off uptime,level,tags foldmultilines=false

Environment Variables:
PATH=C:\oraclexe\app\oracle\product\11.2.0\server\bin;;C:\windows\system32;C:\windows;C:\windows\System32\Wbem;C:\windows\System32\WindowsPowerShell\v1.0\;C:\windows\System32\OpenSSH\;C:\Program Files (x86)\Microsoft SQL Server\160\DTS\Binn\;C:\Program Files\Azure Data Studio\bin;C:\Program Files (x86)\Microsoft SQL Server\150\Tools\Binn\;C:\Program Files\Microsoft SQL Server\150\Tools\Binn\;C:\Program Files (x86)\Microsoft SQL Server\150\DTS\Binn\;C:\Program Files\Microsoft SQL Server\150\DTS\Binn\;C:\Program Files\Microsoft SQL Server\Client SDK\ODBC\170\Tools\Binn\;C:\Program Files\Java\jdk-24\bin;C:\Program Files\Git\cmd;C:\Program Files\nodejs\;C:\Program Files\Git LFS;C:\Users\boini\AppData\Local\Programs\Python\Python310\Scripts\;C:\Users\boini\AppData\Local\Programs\Python\Python310\;C:\windows\system32;C:\windows;C:\windows\System32\Wbem;C:\windows\System32\WindowsPowerShell\v1.0\;C:\windows\System32\OpenSSH\;C:\Program Files (x86)\Microsoft SQL Server\160\DTS\Binn\;C:\Program Files\Azure Data Studio\bin;C:\Program Files (x86)\Microsoft SQL Server\150\Tools\Binn\;C:\Program Files\Microsoft SQL Server\150\Tools\Binn\;C:\Program Files (x86)\Microsoft SQL Server\150\DTS\Binn\;C:\Program Files\Microsoft SQL Server\150\DTS\Binn\;C:\Program Files\Microsoft SQL Server\Client SDK\ODBC\170\Tools\Binn\;C:\Program Files\Java\jdk-24\bin;C:\Program Files\Git\cmd;C:\Program Files\nodejs\;C:\Users\boini\AppData\Local\Programs\Python\Python37\Scripts\;C:\Users\boini\AppData\Local\Programs\Python\Python37\;C:\Program Files\Java;C:\Users\boini\AppData\Local\GitHubDesktop\bin;C:\Users\boini\AppData\Local\Programs\Microsoft VS Code\bin;C:\Users\boini\AppData\Roaming\npm;D:\Users\apache-maven-3.9.16-bin\apache-maven-3.9.16\bin;C:\Users\boini\AppData\Local\Programs\Antigravity IDE\bin
USERNAME=boini
OS=Windows_NT
PROCESSOR_IDENTIFIER=Intel64 Family 6 Model 154 Stepping 4, GenuineIntel
TMP=C:\Users\boini\AppData\Local\Temp
TEMP=C:\Users\boini\AppData\Local\Temp




Periodic native trim disabled

---------------  S Y S T E M  ---------------

OS:
 Windows 11 , 64 bit Build 22621 (10.0.22621.5415)
OS uptime: 3 days 7:15 hours
Hyper-V role detected

CPU: total 12 (initial active 12) (6 cores per cpu, 2 threads per core) family 6 model 154 stepping 4 microcode 0x42c, cx8, cmov, fxsr, ht, mmx, 3dnowpref, sse, sse2, sse3, ssse3, sse4.1, sse4.2, popcnt, lzcnt, tsc, tscinvbit, avx, avx2, aes, erms, clmul, bmi1, bmi2, adx, sha, fma, vzeroupper, clflush, clflushopt, clwb, hv, serialize, rdtscp, rdpid, fsrm, gfni, f16c, cet_ibt, cet_ss
Processor Information for processor 0
  Max Mhz: 1300, Current Mhz: 1300, Mhz Limit: 1300
Processor Information for processor 1
  Max Mhz: 1300, Current Mhz: 1300, Mhz Limit: 1300
Processor Information for processor 2
  Max Mhz: 1300, Current Mhz: 1300, Mhz Limit: 1300
Processor Information for processor 3
  Max Mhz: 1300, Current Mhz: 1300, Mhz Limit: 1300
Processor Information for processor 4
  Max Mhz: 1300, Current Mhz: 900, Mhz Limit: 897
Processor Information for processor 5
  Max Mhz: 1300, Current Mhz: 900, Mhz Limit: 897
Processor Information for processor 6
  Max Mhz: 1300, Current Mhz: 900, Mhz Limit: 897
Processor Information for processor 7
  Max Mhz: 1300, Current Mhz: 900, Mhz Limit: 897
Processor Information for processor 8
  Max Mhz: 1300, Current Mhz: 900, Mhz Limit: 897
Processor Information for processor 9
  Max Mhz: 1300, Current Mhz: 900, Mhz Limit: 897
Processor Information for processor 10
  Max Mhz: 1300, Current Mhz: 900, Mhz Limit: 897
Processor Information for processor 11
  Max Mhz: 1300, Current Mhz: 900, Mhz Limit: 897

Memory: 4k page, system-wide physical 7863M (327M free)
TotalPageFile size 13760M (AvailPageFile size 81M)
current process WorkingSet (physical memory assigned to process): 226M, peak: 237M
current process commit charge ("private bytes"): 305M, peak: 353M

vm_info: Java HotSpot(TM) 64-Bit Server VM (24.0.1+9-30) for windows-amd64 JRE (24.0.1+9-30), built on 2025-03-05T07:23:45Z with MS VC++ 17.6 (VS2022)

END.
