#
# There is insufficient memory for the Java Runtime Environment to continue.
# Native memory allocation (malloc) failed to allocate 140016 bytes. Error detail: Chunk::new
# Possible reasons:
#   The system is out of physical RAM or swap space
#   This process is running with CompressedOops enabled, and the Java Heap may be blocking the growth of the native heap
# Possible solutions:
#   Reduce memory load on the system
#   Increase physical memory or swap space
#   Check if swap backing store is full
#   Decrease Java heap size (-Xmx/-Xms)
#   Decrease number of Java threads
#   Decrease Java thread stack sizes (-Xss)
#   Set larger code cache with -XX:ReservedCodeCacheSize=
#   JVM is running with Unscaled Compressed Oops mode in which the Java heap is
#     placed in the first 4GB address space. The Java Heap base address is the
#     maximum limit for the native heap growth. Please use -XX:HeapBaseMinAddress
#     to set the Java Heap base and to place the Java Heap above 4GB virtual address.
# This output file may be truncated or incomplete.
#
#  Out of Memory Error (arena.cpp:168), pid=11376, tid=22744
#
# JRE version: OpenJDK Runtime Environment Temurin-21.0.11+10 (21.0.11+10) (build 21.0.11+10-LTS)
# Java VM: OpenJDK 64-Bit Server VM Temurin-21.0.11+10 (21.0.11+10-LTS, mixed mode, sharing, tiered, compressed oops, compressed class ptrs, parallel gc, windows-amd64)
# No core dump will be written. Minidumps are not enabled by default on client versions of Windows
#

---------------  S U M M A R Y ------------

Command Line: --add-modules=ALL-SYSTEM --add-opens=java.base/java.util=ALL-UNNAMED --add-opens=java.base/java.lang=ALL-UNNAMED --add-opens=java.base/sun.nio.fs=ALL-UNNAMED -Declipse.application=org.eclipse.jdt.ls.core.id1 -Dosgi.bundles.defaultStartLevel=4 -Declipse.product=org.eclipse.jdt.ls.core.product -Djava.import.generatesMetadataFilesAtProjectRoot=false -DDetectVMInstallationsJob.disabled=true -Dfile.encoding=utf8 -XX:+UseParallelGC -XX:GCTimeRatio=4 -XX:AdaptiveSizePolicyWeight=90 -Dsun.zip.disableMemoryMapping=true -Xmx2G -Xms100m -Xlog:disable -javaagent:c:\Users\boini\.vscode\extensions\redhat.java-1.55.0-win32-x64\lombok\lombok-1.18.39-4050.jar -XX:+HeapDumpOnOutOfMemoryError -XX:HeapDumpPath=c:\Users\boini\AppData\Roaming\Code\User\workspaceStorage\e6bb11de103c9e1a934892c7d0c01b98\redhat.java -Daether.dependencyCollector.impl=bf c:\Users\boini\.vscode\extensions\redhat.java-1.55.0-win32-x64\server\plugins\org.eclipse.equinox.launcher_1.7.200.v20260619-2039.jar -configuration c:\Users\boini\AppData\Roaming\Code\User\globalStorage\redhat.java\1.55.0\config_win -data c:\Users\boini\AppData\Roaming\Code\User\workspaceStorage\e6bb11de103c9e1a934892c7d0c01b98\redhat.java\jdt_ws --pipe=\\.\pipe\lsp-532bc4fbb03dc62e5e16169f0104bf64-sock

Host: 12th Gen Intel(R) Core(TM) i5-1235U, 12 cores, 7G,  Windows 11 , 64 bit Build 22621 (10.0.22621.5415)
Time: Mon Jul 27 22:49:13 2026 India Standard Time elapsed time: 0.388010 seconds (0d 0h 0m 0s)

---------------  T H R E A D  ---------------

Current thread (0x000001af5ad8ec40):  JavaThread "C2 CompilerThread1" daemon [_thread_in_native, id=22744, stack(0x0000009a3d900000,0x0000009a3da00000) (1024K)]


Current CompileTask:
C2:388  622   !   4       java.lang.String::replace (258 bytes)

Stack: [0x0000009a3d900000,0x0000009a3da00000]
Native frames: (J=compiled Java code, j=interpreted, Vv=VM code, C=native code)
V  [jvm.dll+0x6d7e19]
V  [jvm.dll+0x8b5096]
V  [jvm.dll+0x8b764e]
V  [jvm.dll+0x8b7d33]
V  [jvm.dll+0x284596]
V  [jvm.dll+0xc685d]
V  [jvm.dll+0xc6da1]
V  [jvm.dll+0x3bed31]
V  [jvm.dll+0x38b2b2]
V  [jvm.dll+0x38a6fa]
V  [jvm.dll+0x24c700]
V  [jvm.dll+0x24bce0]
V  [jvm.dll+0x1cb4ae]
V  [jvm.dll+0x25baad]
V  [jvm.dll+0x25a03a]
V  [jvm.dll+0x3f868e]
V  [jvm.dll+0x85fb0d]
V  [jvm.dll+0x6d664d]
C  [ucrtbase.dll+0x29333]
C  [KERNEL32.DLL+0x1259d]
C  [ntdll.dll+0x5af78]


---------------  P R O C E S S  ---------------

Threads class SMR info:
_java_thread_list=0x000001af5aee4660, length=13, elements={
0x000001af7eb67dc0, 0x000001af17b4e000, 0x000001af5aba59f0, 0x000001af5aba7920,
0x000001af5aba94b0, 0x000001af5abaa500, 0x000001af5abb0230, 0x000001af5abb8f10,
0x000001af5abbb7a0, 0x000001af5ad8ec40, 0x000001af5ad9e170, 0x000001af5ad9ba10,
0x000001af5f0b9d50
}

Java Threads: ( => current thread )
  0x000001af7eb67dc0 JavaThread "main"                              [_thread_in_vm, id=16604, stack(0x0000009a3cd00000,0x0000009a3ce00000) (1024K)]
  0x000001af17b4e000 JavaThread "Reference Handler"          daemon [_thread_blocked, id=22276, stack(0x0000009a3d100000,0x0000009a3d200000) (1024K)]
  0x000001af5aba59f0 JavaThread "Finalizer"                  daemon [_thread_blocked, id=20656, stack(0x0000009a3d200000,0x0000009a3d300000) (1024K)]
  0x000001af5aba7920 JavaThread "Signal Dispatcher"          daemon [_thread_blocked, id=22544, stack(0x0000009a3d300000,0x0000009a3d400000) (1024K)]
  0x000001af5aba94b0 JavaThread "Attach Listener"            daemon [_thread_blocked, id=20988, stack(0x0000009a3d400000,0x0000009a3d500000) (1024K)]
  0x000001af5abaa500 JavaThread "Service Thread"             daemon [_thread_blocked, id=3324, stack(0x0000009a3d500000,0x0000009a3d600000) (1024K)]
  0x000001af5abb0230 JavaThread "Monitor Deflation Thread"   daemon [_thread_blocked, id=19060, stack(0x0000009a3d600000,0x0000009a3d700000) (1024K)]
  0x000001af5abb8f10 JavaThread "C2 CompilerThread0"         daemon [_thread_in_native, id=21224, stack(0x0000009a3d700000,0x0000009a3d800000) (1024K)]
  0x000001af5abbb7a0 JavaThread "C1 CompilerThread0"         daemon [_thread_blocked, id=2436, stack(0x0000009a3d800000,0x0000009a3d900000) (1024K)]
=>0x000001af5ad8ec40 JavaThread "C2 CompilerThread1"         daemon [_thread_in_native, id=22744, stack(0x0000009a3d900000,0x0000009a3da00000) (1024K)]
  0x000001af5ad9e170 JavaThread "Common-Cleaner"             daemon [_thread_blocked, id=1640, stack(0x0000009a3da00000,0x0000009a3db00000) (1024K)]
  0x000001af5ad9ba10 JavaThread "Notification Thread"        daemon [_thread_blocked, id=24072, stack(0x0000009a3db00000,0x0000009a3dc00000) (1024K)]
  0x000001af5f0b9d50 JavaThread "C2 CompilerThread2"         daemon [_thread_blocked, id=2788, stack(0x0000009a3dc00000,0x0000009a3dd00000) (1024K)]
Total: 13

Other Threads:
  0x000001af17b36dd0 VMThread "VM Thread"                           [id=18176, stack(0x0000009a3d000000,0x0000009a3d100000) (1024K)]
  0x000001af7fb1a660 WatcherThread "VM Periodic Task Thread"        [id=16104, stack(0x0000009a3cf00000,0x0000009a3d000000) (1024K)]
  0x000001af7facd9d0 WorkerThread "GC Thread#0"                     [id=10652, stack(0x0000009a3ce00000,0x0000009a3cf00000) (1024K)]
Total: 3

Threads with active compile tasks:
C2 CompilerThread0  423  646       4       java.util.Collections$UnmodifiableCollection::iterator (9 bytes)
C2 CompilerThread1  423  622   !   4       java.lang.String::replace (258 bytes)
Total: 2

VM state: not at safepoint (normal execution)

VM Mutex/Monitor currently owned by a thread:  ([mutex/lock_event])
[0x00007ffa0262d4f0] Metaspace_lock - owner thread: 0x000001af7eb67dc0

Heap address: 0x0000000080000000, size: 2048 MB, Compressed Oops mode: 32-bit

CDS archive(s) mapped at: [0x000001af18000000-0x000001af18ba0000-0x000001af18ba0000), size 12189696, SharedBaseAddress: 0x000001af18000000, ArchiveRelocationMode: 1.
Compressed class space mapped at: 0x000001af19000000-0x000001af59000000, reserved size: 1073741824
Narrow klass base: 0x000001af18000000, Narrow klass shift: 0, Narrow klass range: 0x100000000

GC Precious Log:
 CardTable entry size: 512
 CPUs: 12 total, 12 available
 Memory: 7863M
 Large Page Support: Disabled
 NUMA Support: Disabled
 Compressed Oops: Enabled (32-bit)
 Alignments: Space 512K, Generation 512K, Heap 2M
 Heap Min Capacity: 100M
 Heap Initial Capacity: 100M
 Heap Max Capacity: 2G
 Pre-touch: Disabled
 Parallel Workers: 10

Heap:
 PSYoungGen      total 29696K, used 12822K [0x00000000d5580000, 0x00000000d7680000, 0x0000000100000000)
  eden space 25600K, 50% used [0x00000000d5580000,0x00000000d6205aa0,0x00000000d6e80000)
  from space 4096K, 0% used [0x00000000d7280000,0x00000000d7280000,0x00000000d7680000)
  to   space 4096K, 0% used [0x00000000d6e80000,0x00000000d6e80000,0x00000000d7280000)
 ParOldGen       total 68608K, used 0K [0x0000000080000000, 0x0000000084300000, 0x00000000d5580000)
  object space 68608K, 0% used [0x0000000080000000,0x0000000080000000,0x0000000084300000)
 Metaspace       used 2260K, committed 2432K, reserved 1114112K
  class space    used 224K, committed 320K, reserved 1048576K

Card table byte_map: [0x000001af7f450000,0x000001af7f860000] _byte_map_base: 0x000001af7f050000

Marking Bits: (ParMarkBitMap*) 0x00007ffa02634460
 Begin Bits: [0x000001af13550000, 0x000001af15550000)
 End Bits:   [0x000001af15550000, 0x000001af17550000)

Polling page: 0x000001af7eb20000

Metaspace:

Usage:
  Non-class:      1.99 MB used.
      Class:    224.84 KB used.
       Both:      2.21 MB used.

Virtual space:
  Non-class space:       64.00 MB reserved,       2.06 MB (  3%) committed,  1 nodes.
      Class space:        1.00 GB reserved,     320.00 KB ( <1%) committed,  1 nodes.
             Both:        1.06 GB reserved,       2.38 MB ( <1%) committed. 

Chunk freelists:
   Non-Class:  11.65 MB
       Class:  15.67 MB
        Both:  27.32 MB

MaxMetaspaceSize: unlimited
CompressedClassSpaceSize: 1.00 GB
Initial GC threshold: 21.00 MB
Current GC threshold: 21.00 MB
CDS: on
 - commit_granule_bytes: 65536.
 - commit_granule_words: 8192.
 - virtual_space_node_default_size: 8388608.
 - enlarge_chunks_in_place: 1.
 - use_allocation_guard: 0.


Internal statistics:

num_allocs_failed_limit: 0.
num_arena_births: 80.
num_arena_deaths: 0.
num_vsnodes_births: 2.
num_vsnodes_deaths: 0.
num_space_committed: 38.
num_space_uncommitted: 0.
num_chunks_returned_to_freelist: 0.
num_chunks_taken_from_freelist: 102.
num_chunk_merges: 0.
num_chunk_splits: 72.
num_chunks_enlarged: 46.
num_inconsistent_stats: 0.

CodeHeap 'non-profiled nmethods': size=120000Kb used=232Kb max_used=232Kb free=119767Kb
 bounds [0x000001af0c020000, 0x000001af0c290000, 0x000001af13550000]
CodeHeap 'profiled nmethods': size=120000Kb used=980Kb max_used=980Kb free=119020Kb
 bounds [0x000001af04550000, 0x000001af047c0000, 0x000001af0ba80000]
CodeHeap 'non-nmethods': size=5760Kb used=1173Kb max_used=1188Kb free=4586Kb
 bounds [0x000001af0ba80000, 0x000001af0bcf0000, 0x000001af0c020000]
CodeCache: size=245760Kb, used=2385Kb, max_used=2400Kb, free=243373Kb
 total_blobs=1086, nmethods=659, adapters=334, full_count=0
Compilation: enabled, stopped_count=0, restarted_count=0

Compilation events (20 events):
Event: 0.373 Thread 0x000001af5abbb7a0 nmethod 620 0x000001af0c055010 code [0x000001af0c0551a0, 0x000001af0c055268]
Event: 0.374 Thread 0x000001af5ad8ec40  622   !   4       java.lang.String::replace (258 bytes)
Event: 0.376 Thread 0x000001af5abb8f10 nmethod 612 0x000001af0c055310 code [0x000001af0c0554c0, 0x000001af0c055a58]
Event: 0.380 Thread 0x000001af5abbb7a0  624       3       sun.security.util.ObjectIdentifier::pack7Oid (83 bytes)
Event: 0.380 Thread 0x000001af5abbb7a0 nmethod 624 0x000001af04634010 code [0x000001af046341e0, 0x000001af04634510]
Event: 0.380 Thread 0x000001af5abbb7a0  625       3       sun.security.util.ObjectIdentifier::pack (222 bytes)
Event: 0.381 Thread 0x000001af5abbb7a0 nmethod 625 0x000001af04634690 code [0x000001af04634880, 0x000001af04634ea8]
Event: 0.381 Thread 0x000001af5abbb7a0  623       3       sun.security.util.ObjectIdentifier::pack7Oid (42 bytes)
Event: 0.381 Thread 0x000001af5abbb7a0 nmethod 623 0x000001af04635110 code [0x000001af046352c0, 0x000001af046354a8]
Event: 0.382 Thread 0x000001af5abbb7a0  626       3       java.lang.invoke.MethodHandle::<init> (37 bytes)
Event: 0.382 Thread 0x000001af5abbb7a0 nmethod 626 0x000001af04635590 code [0x000001af046357a0, 0x000001af04635c98]
Event: 0.382 Thread 0x000001af5abbb7a0  629       3       java.lang.invoke.MemberName::isStatic (8 bytes)
Event: 0.382 Thread 0x000001af5abbb7a0 nmethod 629 0x000001af04635f10 code [0x000001af046360c0, 0x000001af04636280]
Event: 0.382 Thread 0x000001af5abbb7a0  627       3       java.lang.invoke.LambdaForm::prepare (108 bytes)
Event: 0.383 Thread 0x000001af5abbb7a0 nmethod 627 0x000001af04636310 code [0x000001af04636560, 0x000001af04636ca8]
Event: 0.383 Thread 0x000001af5abbb7a0  628       3       java.lang.ref.SoftReference::get (29 bytes)
Event: 0.383 Thread 0x000001af5abbb7a0 nmethod 628 0x000001af04636f90 code [0x000001af04637140, 0x000001af046372d8]
Event: 0.383 Thread 0x000001af5abbb7a0  630       3       java.lang.reflect.Modifier::isPublic (12 bytes)
Event: 0.383 Thread 0x000001af5abbb7a0 nmethod 630 0x000001af04637390 code [0x000001af04637520, 0x000001af04637660]
Event: 0.384 Thread 0x000001af5abb8f10  631       4       java.util.HashMap$KeyIterator::next (8 bytes)

GC Heap History (0 events):
No events

Dll operation events (8 events):
Event: 0.013 Loaded shared library c:\Users\boini\.vscode\extensions\redhat.java-1.55.0-win32-x64\jre\21.0.11-win32-x86_64\bin\java.dll
Event: 0.082 Loaded shared library c:\Users\boini\.vscode\extensions\redhat.java-1.55.0-win32-x64\jre\21.0.11-win32-x86_64\bin\zip.dll
Event: 0.104 Loaded shared library C:\Users\boini\.vscode\extensions\redhat.java-1.55.0-win32-x64\jre\21.0.11-win32-x86_64\bin\instrument.dll
Event: 0.108 Loaded shared library C:\Users\boini\.vscode\extensions\redhat.java-1.55.0-win32-x64\jre\21.0.11-win32-x86_64\bin\net.dll
Event: 0.110 Loaded shared library C:\Users\boini\.vscode\extensions\redhat.java-1.55.0-win32-x64\jre\21.0.11-win32-x86_64\bin\nio.dll
Event: 0.113 Loaded shared library C:\Users\boini\.vscode\extensions\redhat.java-1.55.0-win32-x64\jre\21.0.11-win32-x86_64\bin\zip.dll
Event: 0.132 Loaded shared library C:\Users\boini\.vscode\extensions\redhat.java-1.55.0-win32-x64\jre\21.0.11-win32-x86_64\bin\jimage.dll
Event: 0.210 Loaded shared library c:\Users\boini\.vscode\extensions\redhat.java-1.55.0-win32-x64\jre\21.0.11-win32-x86_64\bin\verify.dll

Deoptimization events (20 events):
Event: 0.311 Thread 0x000001af7eb67dc0 DEOPT PACKING pc=0x000001af0c0316e0 sp=0x0000009a3cdff390
Event: 0.311 Thread 0x000001af7eb67dc0 DEOPT UNPACKING pc=0x000001af0bad3aa2 sp=0x0000009a3cdff2d0 mode 2
Event: 0.315 Thread 0x000001af7eb67dc0 DEOPT PACKING pc=0x000001af04594f98 sp=0x0000009a3cdfcf40
Event: 0.315 Thread 0x000001af7eb67dc0 DEOPT UNPACKING pc=0x000001af0bad4242 sp=0x0000009a3cdfc400 mode 0
Event: 0.320 Thread 0x000001af7eb67dc0 DEOPT PACKING pc=0x000001af04594f98 sp=0x0000009a3cdfae90
Event: 0.320 Thread 0x000001af7eb67dc0 DEOPT UNPACKING pc=0x000001af0bad4242 sp=0x0000009a3cdfa350 mode 0
Event: 0.321 Thread 0x000001af7eb67dc0 DEOPT PACKING pc=0x000001af04594f98 sp=0x0000009a3cdfae20
Event: 0.321 Thread 0x000001af7eb67dc0 DEOPT UNPACKING pc=0x000001af0bad4242 sp=0x0000009a3cdfa2e0 mode 0
Event: 0.323 Thread 0x000001af7eb67dc0 DEOPT PACKING pc=0x000001af04594f98 sp=0x0000009a3cdfaaf0
Event: 0.323 Thread 0x000001af7eb67dc0 DEOPT UNPACKING pc=0x000001af0bad4242 sp=0x0000009a3cdf9fb0 mode 0
Event: 0.324 Thread 0x000001af7eb67dc0 DEOPT PACKING pc=0x000001af04594f98 sp=0x0000009a3cdfb410
Event: 0.324 Thread 0x000001af7eb67dc0 DEOPT UNPACKING pc=0x000001af0bad4242 sp=0x0000009a3cdfa8d0 mode 0
Event: 0.327 Thread 0x000001af7eb67dc0 DEOPT PACKING pc=0x000001af04594f98 sp=0x0000009a3cdfb410
Event: 0.327 Thread 0x000001af7eb67dc0 DEOPT UNPACKING pc=0x000001af0bad4242 sp=0x0000009a3cdfa8d0 mode 0
Event: 0.328 Thread 0x000001af7eb67dc0 DEOPT PACKING pc=0x000001af04594f98 sp=0x0000009a3cdfca30
Event: 0.328 Thread 0x000001af7eb67dc0 DEOPT UNPACKING pc=0x000001af0bad4242 sp=0x0000009a3cdfbef0 mode 0
Event: 0.380 Thread 0x000001af7eb67dc0 Uncommon trap: trap_request=0xffffff45 fr.pc=0x000001af0c04f66c relative=0x000000000000014c
Event: 0.380 Thread 0x000001af7eb67dc0 Uncommon trap: reason=unstable_if action=reinterpret pc=0x000001af0c04f66c method=jdk.internal.util.ArraysSupport.vectorizedHashCode(Ljava/lang/Object;IIII)I @ 2 c2
Event: 0.381 Thread 0x000001af7eb67dc0 DEOPT PACKING pc=0x000001af0c04f66c sp=0x0000009a3cdfd190
Event: 0.381 Thread 0x000001af7eb67dc0 DEOPT UNPACKING pc=0x000001af0bad3aa2 sp=0x0000009a3cdfd140 mode 2

Classes loaded (20 events):
Event: 0.380 Loading class sun/security/x509/OIDMap$OIDInfo done
Event: 0.381 Loading class sun/security/x509/BasicConstraintsExtension
Event: 0.381 Loading class sun/security/x509/BasicConstraintsExtension done
Event: 0.383 Loading class sun/security/x509/KeyUsageExtension
Event: 0.383 Loading class sun/security/x509/KeyUsageExtension done
Event: 0.384 Loading class sun/security/x509/SubjectKeyIdentifierExtension
Event: 0.384 Loading class sun/security/x509/SubjectKeyIdentifierExtension done
Event: 0.384 Loading class sun/security/x509/KeyIdentifier
Event: 0.384 Loading class sun/security/x509/KeyIdentifier done
Event: 0.384 Loading class sun/security/util/MemoryCache$SoftCacheEntry
Event: 0.384 Loading class sun/security/util/MemoryCache$CacheEntry
Event: 0.384 Loading class sun/security/util/MemoryCache$CacheEntry done
Event: 0.384 Loading class sun/security/util/MemoryCache$SoftCacheEntry done
Event: 0.384 Loading class sun/security/jca/JCAUtil
Event: 0.385 Loading class sun/security/jca/JCAUtil done
Event: 0.385 Loading class jdk/internal/event/X509CertificateEvent
Event: 0.385 Loading class jdk/internal/event/X509CertificateEvent done
Event: 0.385 Loading class jdk/internal/event/EventHelper
Event: 0.385 Loading class jdk/internal/event/EventHelper done
Event: 0.386 Loading class java/lang/invoke/VarHandleReferences$FieldStaticReadWrite

Classes unloaded (0 events):
No events

Classes redefined (0 events):
No events

Internal exceptions (12 events):
Event: 0.076 Thread 0x000001af7eb67dc0 Exception <a 'java/lang/NoSuchMethodError'{0x00000000d57a9550}: 'void java.lang.invoke.DirectMethodHandle$Holder.invokeStatic(java.lang.Object, java.lang.Object, java.lang.Object)'> (0x00000000d57a9550) 
thrown [s\src\hotspot\share\interpreter\linkResolver.cpp, line 773]
Event: 0.126 Thread 0x000001af7eb67dc0 Exception <a 'java/lang/NoSuchMethodError'{0x00000000d5912b90}: 'java.lang.Object java.lang.invoke.Invokers$Holder.invokeExact_MT(java.lang.Object, java.lang.Object, java.lang.Object, java.lang.Object, java.lang.Object)'> (0x00000000d5912b90) 
thrown [s\src\hotspot\share\interpreter\linkResolver.cpp, line 773]
Event: 0.165 Thread 0x000001af7eb67dc0 Exception <a 'java/lang/NoSuchMethodError'{0x00000000d59cbe28}: 'int java.lang.invoke.DirectMethodHandle$Holder.invokeSpecial(java.lang.Object, java.lang.Object, java.lang.Object, int)'> (0x00000000d59cbe28) 
thrown [s\src\hotspot\share\interpreter\linkResolver.cpp, line 773]
Event: 0.169 Thread 0x000001af7eb67dc0 Exception <a 'java/lang/NoSuchMethodError'{0x00000000d59de810}: 'java.lang.Object java.lang.invoke.DirectMethodHandle$Holder.invokeStatic(java.lang.Object, java.lang.Object, java.lang.Object, java.lang.Object, int)'> (0x00000000d59de810) 
thrown [s\src\hotspot\share\interpreter\linkResolver.cpp, line 773]
Event: 0.171 Thread 0x000001af7eb67dc0 Exception <a 'java/lang/NoSuchMethodError'{0x00000000d59e9cb8}: 'void java.lang.invoke.DelegatingMethodHandle$Holder.reinvoke_L(java.lang.Object, java.lang.Object, java.lang.Object, int, java.lang.Object)'> (0x00000000d59e9cb8) 
thrown [s\src\hotspot\share\interpreter\linkResolver.cpp, line 773]
Event: 0.175 Thread 0x000001af7eb67dc0 Exception <a 'java/lang/NoSuchMethodError'{0x00000000d59fa608}: 'int java.lang.invoke.DirectMethodHandle$Holder.invokeSpecial(java.lang.Object, java.lang.Object, java.lang.Object)'> (0x00000000d59fa608) 
thrown [s\src\hotspot\share\interpreter\linkResolver.cpp, line 773]
Event: 0.177 Thread 0x000001af7eb67dc0 Exception <a 'java/lang/NoSuchMethodError'{0x00000000d5a062c8}: 'java.lang.Object java.lang.invoke.DirectMethodHandle$Holder.invokeStatic(java.lang.Object, java.lang.Object, int)'> (0x00000000d5a062c8) 
thrown [s\src\hotspot\share\interpreter\linkResolver.cpp, line 773]
Event: 0.178 Thread 0x000001af7eb67dc0 Exception <a 'java/lang/NoSuchMethodError'{0x00000000d5a0ac18}: 'void java.lang.invoke.DirectMethodHandle$Holder.invokeStatic(java.lang.Object, java.lang.Object, int, java.lang.Object)'> (0x00000000d5a0ac18) 
thrown [s\src\hotspot\share\interpreter\linkResolver.cpp, line 773]
Event: 0.179 Thread 0x000001af7eb67dc0 Exception <a 'java/lang/NoSuchMethodError'{0x00000000d5a0e7a8}: 'void java.lang.invoke.DirectMethodHandle$Holder.invokeSpecial(java.lang.Object, java.lang.Object, java.lang.Object, int, java.lang.Object)'> (0x00000000d5a0e7a8) 
thrown [s\src\hotspot\share\interpreter\linkResolver.cpp, line 773]
Event: 0.179 Thread 0x000001af7eb67dc0 Exception <a 'java/lang/NoSuchMethodError'{0x00000000d5a11c18}: 'void java.lang.invoke.DelegatingMethodHandle$Holder.delegate(java.lang.Object, java.lang.Object, int, java.lang.Object)'> (0x00000000d5a11c18) 
thrown [s\src\hotspot\share\interpreter\linkResolver.cpp, line 773]
Event: 0.232 Thread 0x000001af7eb67dc0 Exception <a 'java/lang/NoSuchMethodError'{0x00000000d5bd2ec0}: 'void java.lang.invoke.DelegatingMethodHandle$Holder.reinvoke_L(java.lang.Object, java.lang.Object, java.lang.Object, int)'> (0x00000000d5bd2ec0) 
thrown [s\src\hotspot\share\interpreter\linkResolver.cpp, line 773]
Event: 0.369 Thread 0x000001af7eb67dc0 Exception <a 'java/lang/NoSuchMethodError'{0x00000000d6060778}: 'void java.lang.invoke.DirectMethodHandle$Holder.invokeVirtual(java.lang.Object, java.lang.Object)'> (0x00000000d6060778) 
thrown [s\src\hotspot\share\interpreter\linkResolver.cpp, line 773]

ZGC Phase Switch (0 events):
No events

VM Operations (4 events):
Event: 0.080 Executing non-safepoint VM operation: HandshakeAllThreads (Deoptimize)
Event: 0.080 Executing non-safepoint VM operation: HandshakeAllThreads (Deoptimize) done
Event: 0.146 Executing non-safepoint VM operation: HandshakeAllThreads (Deoptimize)
Event: 0.146 Executing non-safepoint VM operation: HandshakeAllThreads (Deoptimize) done

Memory protections (0 events):
No events

Nmethod flushes (0 events):
No events

Events (12 events):
Event: 0.030 Thread 0x000001af7eb67dc0 Thread added: 0x000001af7eb67dc0
Event: 0.049 Thread 0x000001af7eb67dc0 Thread added: 0x000001af17b4e000
Event: 0.049 Thread 0x000001af7eb67dc0 Thread added: 0x000001af5aba59f0
Event: 0.049 Thread 0x000001af7eb67dc0 Thread added: 0x000001af5aba7920
Event: 0.049 Thread 0x000001af7eb67dc0 Thread added: 0x000001af5aba94b0
Event: 0.049 Thread 0x000001af7eb67dc0 Thread added: 0x000001af5abaa500
Event: 0.050 Thread 0x000001af7eb67dc0 Thread added: 0x000001af5abb0230
Event: 0.050 Thread 0x000001af7eb67dc0 Thread added: 0x000001af5abb8f10
Event: 0.050 Thread 0x000001af7eb67dc0 Thread added: 0x000001af5abbb7a0
Event: 0.095 Thread 0x000001af5abbb7a0 Thread added: 0x000001af5ad8ec40
Event: 0.106 Thread 0x000001af7eb67dc0 Thread added: 0x000001af5ad9e170
Event: 0.309 Thread 0x000001af7eb67dc0 Thread added: 0x000001af5ad9ba10


Dynamic libraries:
0x00007ff762290000 - 0x00007ff76229e000 	c:\Users\boini\.vscode\extensions\redhat.java-1.55.0-win32-x64\jre\21.0.11-win32-x86_64\bin\java.exe
0x00007ffac9190000 - 0x00007ffac93a8000 	C:\windows\SYSTEM32\ntdll.dll
0x00007ffac88f0000 - 0x00007ffac89b4000 	C:\windows\System32\KERNEL32.DLL
0x00007ffac6610000 - 0x00007ffac69e3000 	C:\windows\System32\KERNELBASE.dll
0x00007ffac6a70000 - 0x00007ffac6b81000 	C:\windows\System32\ucrtbase.dll
0x00007ffab5b20000 - 0x00007ffab5b38000 	c:\Users\boini\.vscode\extensions\redhat.java-1.55.0-win32-x64\jre\21.0.11-win32-x86_64\bin\jli.dll
0x00007ffab6330000 - 0x00007ffab634e000 	c:\Users\boini\.vscode\extensions\redhat.java-1.55.0-win32-x64\jre\21.0.11-win32-x86_64\bin\VCRUNTIME140.dll
0x00007ffac7de0000 - 0x00007ffac7f92000 	C:\windows\System32\USER32.dll
0x00007ffac6d30000 - 0x00007ffac6d56000 	C:\windows\System32\win32u.dll
0x00007ffac9120000 - 0x00007ffac9149000 	C:\windows\System32\GDI32.dll
0x00007ffac6b90000 - 0x00007ffac6cab000 	C:\windows\System32\gdi32full.dll
0x00007ffac6d60000 - 0x00007ffac6dfa000 	C:\windows\System32\msvcp_win.dll
0x00007ffaaaea0000 - 0x00007ffaab13c000 	C:\windows\WinSxS\amd64_microsoft.windows.common-controls_6595b64144ccf1df_6.0.22621.6060_none_2712eda17382d24b\COMCTL32.dll
0x00007ffac8370000 - 0x00007ffac8417000 	C:\windows\System32\msvcrt.dll
0x00007ffac8e50000 - 0x00007ffac8e81000 	C:\windows\System32\IMM32.DLL
0x00007ffac2590000 - 0x00007ffac259c000 	c:\Users\boini\.vscode\extensions\redhat.java-1.55.0-win32-x64\jre\21.0.11-win32-x86_64\bin\vcruntime140_1.dll
0x00007ffa66430000 - 0x00007ffa664bd000 	c:\Users\boini\.vscode\extensions\redhat.java-1.55.0-win32-x64\jre\21.0.11-win32-x86_64\bin\msvcp140.dll
0x00007ffa01970000 - 0x00007ffa02712000 	c:\Users\boini\.vscode\extensions\redhat.java-1.55.0-win32-x64\jre\21.0.11-win32-x86_64\bin\server\jvm.dll
0x00007ffac7d00000 - 0x00007ffac7db1000 	C:\windows\System32\ADVAPI32.dll
0x00007ffac80b0000 - 0x00007ffac8158000 	C:\windows\System32\sechost.dll
0x00007ffac6e00000 - 0x00007ffac6e28000 	C:\windows\System32\bcrypt.dll
0x00007ffac8420000 - 0x00007ffac8538000 	C:\windows\System32\RPCRT4.dll
0x00007ffac8860000 - 0x00007ffac88d1000 	C:\windows\System32\WS2_32.dll
0x00007ffac6170000 - 0x00007ffac61bd000 	C:\windows\SYSTEM32\POWRPROF.dll
0x00007ffabba90000 - 0x00007ffabbac4000 	C:\windows\SYSTEM32\WINMM.dll
0x00007ffabb8d0000 - 0x00007ffabb8da000 	C:\windows\SYSTEM32\VERSION.dll
0x00007ffac6150000 - 0x00007ffac6163000 	C:\windows\SYSTEM32\UMPDC.dll
0x00007ffac5240000 - 0x00007ffac5258000 	C:\windows\SYSTEM32\kernel.appcore.dll
0x00007ffab5b00000 - 0x00007ffab5b0a000 	c:\Users\boini\.vscode\extensions\redhat.java-1.55.0-win32-x64\jre\21.0.11-win32-x86_64\bin\jimage.dll
0x00007ffac3c70000 - 0x00007ffac3ea3000 	C:\windows\SYSTEM32\DBGHELP.DLL
0x00007ffac6ea0000 - 0x00007ffac7231000 	C:\windows\System32\combase.dll
0x00007ffac8290000 - 0x00007ffac8368000 	C:\windows\System32\OLEAUT32.dll
0x00007ffaa1710000 - 0x00007ffaa1742000 	C:\windows\SYSTEM32\dbgcore.DLL
0x00007ffac69f0000 - 0x00007ffac6a6b000 	C:\windows\System32\bcryptPrimitives.dll
0x00007ffaad4a0000 - 0x00007ffaad4af000 	c:\Users\boini\.vscode\extensions\redhat.java-1.55.0-win32-x64\jre\21.0.11-win32-x86_64\bin\instrument.dll
0x00007ffa6fe90000 - 0x00007ffa6feb0000 	c:\Users\boini\.vscode\extensions\redhat.java-1.55.0-win32-x64\jre\21.0.11-win32-x86_64\bin\java.dll
0x00007ffac73f0000 - 0x00007ffac7c8c000 	C:\windows\System32\SHELL32.dll
0x00007ffac62a0000 - 0x00007ffac63df000 	C:\windows\System32\wintypes.dll
0x00007ffac4150000 - 0x00007ffac4a6a000 	C:\windows\SYSTEM32\windows.storage.dll
0x00007ffac7fa0000 - 0x00007ffac80a4000 	C:\windows\System32\SHCORE.dll
0x00007ffac6e30000 - 0x00007ffac6e99000 	C:\windows\System32\shlwapi.dll
0x00007ffac61d0000 - 0x00007ffac61f5000 	C:\windows\SYSTEM32\profapi.dll
0x00007ffa6fe70000 - 0x00007ffa6fe88000 	c:\Users\boini\.vscode\extensions\redhat.java-1.55.0-win32-x64\jre\21.0.11-win32-x86_64\bin\zip.dll
0x00007ffaad490000 - 0x00007ffaad4a0000 	C:\Users\boini\.vscode\extensions\redhat.java-1.55.0-win32-x64\jre\21.0.11-win32-x86_64\bin\net.dll
0x00007ffac2c20000 - 0x00007ffac2d4c000 	C:\windows\SYSTEM32\WINHTTP.dll
0x00007ffac5710000 - 0x00007ffac5779000 	C:\windows\system32\mswsock.dll
0x00007ffa6f440000 - 0x00007ffa6f456000 	C:\Users\boini\.vscode\extensions\redhat.java-1.55.0-win32-x64\jre\21.0.11-win32-x86_64\bin\nio.dll
0x00007ffaabd10000 - 0x00007ffaabd20000 	c:\Users\boini\.vscode\extensions\redhat.java-1.55.0-win32-x64\jre\21.0.11-win32-x86_64\bin\verify.dll

JVMTI agents:
c:\Users\boini\.vscode\extensions\redhat.java-1.55.0-win32-x64\lombok\lombok-1.18.39-4050.jar path:c:\Users\boini\.vscode\extensions\redhat.java-1.55.0-win32-x64\jre\21.0.11-win32-x86_64\bin\instrument.dll, loaded, initialized, instrumentlib options:none

dbghelp: loaded successfully - version: 4.0.5 - missing functions: none
symbol engine: initialized successfully - sym options: 0x614 - pdb path: .;c:\Users\boini\.vscode\extensions\redhat.java-1.55.0-win32-x64\jre\21.0.11-win32-x86_64\bin;C:\windows\SYSTEM32;C:\windows\WinSxS\amd64_microsoft.windows.common-controls_6595b64144ccf1df_6.0.22621.6060_none_2712eda17382d24b;c:\Users\boini\.vscode\extensions\redhat.java-1.55.0-win32-x64\jre\21.0.11-win32-x86_64\bin\server

VM Arguments:
jvm_args: --add-modules=ALL-SYSTEM --add-opens=java.base/java.util=ALL-UNNAMED --add-opens=java.base/java.lang=ALL-UNNAMED --add-opens=java.base/sun.nio.fs=ALL-UNNAMED -Declipse.application=org.eclipse.jdt.ls.core.id1 -Dosgi.bundles.defaultStartLevel=4 -Declipse.product=org.eclipse.jdt.ls.core.product -Djava.import.generatesMetadataFilesAtProjectRoot=false -DDetectVMInstallationsJob.disabled=true -Dfile.encoding=utf8 -XX:+UseParallelGC -XX:GCTimeRatio=4 -XX:AdaptiveSizePolicyWeight=90 -Dsun.zip.disableMemoryMapping=true -Xmx2G -Xms100m -Xlog:disable -javaagent:c:\Users\boini\.vscode\extensions\redhat.java-1.55.0-win32-x64\lombok\lombok-1.18.39-4050.jar -XX:+HeapDumpOnOutOfMemoryError -XX:HeapDumpPath=c:\Users\boini\AppData\Roaming\Code\User\workspaceStorage\e6bb11de103c9e1a934892c7d0c01b98\redhat.java -Daether.dependencyCollector.impl=bf 
java_command: c:\Users\boini\.vscode\extensions\redhat.java-1.55.0-win32-x64\server\plugins\org.eclipse.equinox.launcher_1.7.200.v20260619-2039.jar -configuration c:\Users\boini\AppData\Roaming\Code\User\globalStorage\redhat.java\1.55.0\config_win -data c:\Users\boini\AppData\Roaming\Code\User\workspaceStorage\e6bb11de103c9e1a934892c7d0c01b98\redhat.java\jdt_ws --pipe=\\.\pipe\lsp-532bc4fbb03dc62e5e16169f0104bf64-sock
java_class_path (initial): c:\Users\boini\.vscode\extensions\redhat.java-1.55.0-win32-x64\server\plugins\org.eclipse.equinox.launcher_1.7.200.v20260619-2039.jar
Launcher Type: SUN_STANDARD

[Global flags]
    uintx AdaptiveSizePolicyWeight                 = 90                                        {product} {command line}
     intx CICompilerCount                          = 4                                         {product} {ergonomic}
    uintx GCTimeRatio                              = 4                                         {product} {command line}
     bool HeapDumpOnOutOfMemoryError               = true                                   {manageable} {command line}
    ccstr HeapDumpPath                             = c:\Users\boini\AppData\Roaming\Code\User\workspaceStorage\e6bb11de103c9e1a934892c7d0c01b98\redhat.java         {manageable} {command line}
   size_t InitialHeapSize                          = 104857600                                 {product} {command line}
   size_t MaxHeapSize                              = 2147483648                                {product} {command line}
   size_t MaxNewSize                               = 715653120                                 {product} {ergonomic}
   size_t MinHeapDeltaBytes                        = 524288                                    {product} {ergonomic}
   size_t MinHeapSize                              = 104857600                                 {product} {command line}
   size_t NewSize                                  = 34603008                                  {product} {ergonomic}
    uintx NonNMethodCodeHeapSize                   = 5839372                                {pd product} {ergonomic}
    uintx NonProfiledCodeHeapSize                  = 122909434                              {pd product} {ergonomic}
   size_t OldSize                                  = 70254592                                  {product} {ergonomic}
    uintx ProfiledCodeHeapSize                     = 122909434                              {pd product} {ergonomic}
    uintx ReservedCodeCacheSize                    = 251658240                              {pd product} {ergonomic}
     bool SegmentedCodeCache                       = true                                      {product} {ergonomic}
   size_t SoftMaxHeapSize                          = 2147483648                             {manageable} {ergonomic}
     bool UseCompressedOops                        = true                           {product lp64_product} {ergonomic}
     bool UseLargePagesIndividualAllocation        = false                                  {pd product} {ergonomic}
     bool UseParallelGC                            = true                                      {product} {command line}

Logging:
Log output configuration:
 #0: stdout all=off uptime,level,tags foldmultilines=false
 #1: stderr all=off uptime,level,tags foldmultilines=false

Release file:
<release file has not been read>
Environment Variables:
PATH=C:\oraclexe\app\oracle\product\11.2.0\server\bin;;C:\windows\system32;C:\windows;C:\windows\System32\Wbem;C:\windows\System32\WindowsPowerShell\v1.0\;C:\windows\System32\OpenSSH\;C:\Program Files (x86)\Microsoft SQL Server\160\DTS\Binn\;C:\Program Files\Azure Data Studio\bin;C:\Program Files (x86)\Microsoft SQL Server\150\Tools\Binn\;C:\Program Files\Microsoft SQL Server\150\Tools\Binn\;C:\Program Files (x86)\Microsoft SQL Server\150\DTS\Binn\;C:\Program Files\Microsoft SQL Server\150\DTS\Binn\;C:\Program Files\Microsoft SQL Server\Client SDK\ODBC\170\Tools\Binn\;C:\Program Files\Java\jdk-24\bin;C:\Program Files\Git\cmd;C:\Program Files\nodejs\;C:\Program Files\Git LFS;C:\Users\boini\AppData\Local\Programs\Python\Python310\Scripts\;C:\Users\boini\AppData\Local\Programs\Python\Python310\;C:\windows\system32;C:\windows;C:\windows\System32\Wbem;C:\windows\System32\WindowsPowerShell\v1.0\;C:\windows\System32\OpenSSH\;C:\Program Files (x86)\Microsoft SQL Server\160\DTS\Binn\;C:\Program Files\Azure Data Studio\bin;C:\Program Files (x86)\Microsoft SQL Server\150\Tools\Binn\;C:\Program Files\Microsoft SQL Server\150\Tools\Binn\;C:\Program Files (x86)\Microsoft SQL Server\150\DTS\Binn\;C:\Program Files\Microsoft SQL Server\150\DTS\Binn\;C:\Program Files\Microsoft SQL Server\Client SDK\ODBC\170\Tools\Binn\;C:\Program Files\Java\jdk-24\bin;C:\Program Files\Git\cmd;C:\Program Files\nodejs\;C:\Users\boini\AppData\Local\Programs\Python\Python37\Scripts\;C:\Users\boini\AppData\Local\Programs\Python\Python37\;C:\Program Files\Java;C:\Users\boini\AppData\Local\GitHubDesktop\bin;C:\Users\boini\AppData\Local\Programs\Microsoft VS Code\bin;C:\Users\boini\AppData\Roaming\npm;D:\Users\apache-maven-3.9.16-bin\apache-maven-3.9.16\bin;C:\Users\boini\AppData\Local\Programs\Antigravity IDE\bin
USERNAME=boini
OS=Windows_NT
PROCESSOR_IDENTIFIER=Intel64 Family 6 Model 154 Stepping 4, GenuineIntel
TMP=C:\Users\boini\AppData\Local\Temp
TEMP=C:\Users\boini\AppData\Local\Temp




Periodic native trim disabled

---------------  S Y S T E M  ---------------

OS:
 Windows 11 , 64 bit Build 22621 (10.0.22621.5415)
OS uptime: 3 days 8:04 hours
Hyper-V role detected

CPU: total 12 (initial active 12) (6 cores per cpu, 2 threads per core) family 6 model 154 stepping 4 microcode 0x42c, cx8, cmov, fxsr, ht, mmx, 3dnowpref, sse, sse2, sse3, ssse3, sse4.1, sse4.2, popcnt, lzcnt, tsc, tscinvbit, avx, avx2, aes, erms, clmul, bmi1, bmi2, adx, sha, fma, vzeroupper, clflush, clflushopt, clwb, hv, serialize, rdtscp, rdpid, fsrm, f16c, cet_ibt, cet_ss
Processor Information for processor 0
  Max Mhz: 1300, Current Mhz: 1300, Mhz Limit: 1300
Processor Information for processor 1
  Max Mhz: 1300, Current Mhz: 1300, Mhz Limit: 1300
Processor Information for processor 2
  Max Mhz: 1300, Current Mhz: 1300, Mhz Limit: 1300
Processor Information for processor 3
  Max Mhz: 1300, Current Mhz: 1300, Mhz Limit: 1300
Processor Information for processor 4
  Max Mhz: 1300, Current Mhz: 900, Mhz Limit: 897
Processor Information for processor 5
  Max Mhz: 1300, Current Mhz: 900, Mhz Limit: 897
Processor Information for processor 6
  Max Mhz: 1300, Current Mhz: 900, Mhz Limit: 897
Processor Information for processor 7
  Max Mhz: 1300, Current Mhz: 900, Mhz Limit: 897
Processor Information for processor 8
  Max Mhz: 1300, Current Mhz: 900, Mhz Limit: 897
Processor Information for processor 9
  Max Mhz: 1300, Current Mhz: 900, Mhz Limit: 897
Processor Information for processor 10
  Max Mhz: 1300, Current Mhz: 900, Mhz Limit: 897
Processor Information for processor 11
  Max Mhz: 1300, Current Mhz: 900, Mhz Limit: 897

Memory: 4k page, system-wide physical 7863M (719M free)
TotalPageFile size 14098M (AvailPageFile size 4M)
current process WorkingSet (physical memory assigned to process): 53M, peak: 53M
current process commit charge ("private bytes"): 233M, peak: 233M

vm_info: OpenJDK 64-Bit Server VM (21.0.11+10-LTS) for windows-amd64 JRE (21.0.11+10-LTS), built on 2026-04-21T00:00:00Z by "admin" with MS VC++ 17.12 (VS2022)

END.
